ARM GAS  C:\Users\91819\AppData\Local\Temp\ccGyZse9.s 			page 1


   1              		.syntax unified
   2              		.cpu cortex-m3
   3              		.fpu softvfp
   4              		.eabi_attribute 20, 1
   5              		.eabi_attribute 21, 1
   6              		.eabi_attribute 23, 3
   7              		.eabi_attribute 24, 1
   8              		.eabi_attribute 25, 1
   9              		.eabi_attribute 26, 1
  10              		.eabi_attribute 30, 1
  11              		.eabi_attribute 34, 1
  12              		.eabi_attribute 18, 4
  13              		.thumb
  14              		.syntax unified
  15              		.file	"button.c"
  16              		.text
  17              	.Ltext0:
  18              		.cfi_sections	.debug_frame
  19              		.section	.text.BUTTON_Init,"ax",%progbits
  20              		.align	2
  21              		.global	BUTTON_Init
  22              		.thumb
  23              		.thumb_func
  24              		.type	BUTTON_Init, %function
  25              	BUTTON_Init:
  26              	.LFB110:
  27              		.file 1 "bsw\\LabBoard\\button.c"
   1:bsw\LabBoard/button.c **** /**
   2:bsw\LabBoard/button.c **** * \file button.c
   3:bsw\LabBoard/button.c **** * \author P. Fromm
   4:bsw\LabBoard/button.c **** * \date 29.7.17
   5:bsw\LabBoard/button.c **** *
   6:bsw\LabBoard/button.c **** * \brief Simple button driver
   7:bsw\LabBoard/button.c **** *
   8:bsw\LabBoard/button.c **** * \copyright Copyright ©2016
   9:bsw\LabBoard/button.c **** * Department of electrical engineering and information technology, Hochschule Darmstadt - Universit
  10:bsw\LabBoard/button.c **** * Permission to use, copy, modify, and distribute this software and its documentation for education
  11:bsw\LabBoard/button.c **** * (unless permitted by h_da) and official h_da projects, is hereby granted for enrolled students of
  12:bsw\LabBoard/button.c **** * this paragraph and the following paragraph appear in all copies, modifications, and distributions
  13:bsw\LabBoard/button.c **** * Contact Prof.Dr.-Ing. Peter Fromm, peter.fromm@h-da.de, Birkenweg 8 64295 Darmstadt - GERMANY for
  14:bsw\LabBoard/button.c **** *
  15:bsw\LabBoard/button.c **** * \warning This software is a PROTOTYPE version and is not designed or intended for use in producti
  16:bsw\LabBoard/button.c **** * The user represents and warrants that it will NOT use or redistribute the Software for such purpo
  17:bsw\LabBoard/button.c **** * This prototype is for research purposes only. This software is provided "AS IS," without a warran
  18:bsw\LabBoard/button.c **** */
  19:bsw\LabBoard/button.c **** 
  20:bsw\LabBoard/button.c **** /*****************************************************************************/
  21:bsw\LabBoard/button.c **** /* Include files                                                             */
  22:bsw\LabBoard/button.c **** /*****************************************************************************/
  23:bsw\LabBoard/button.c **** #include "project.h"
  24:bsw\LabBoard/button.c **** #include "button.h"
  25:bsw\LabBoard/button.c **** 
  26:bsw\LabBoard/button.c **** #include "button_1.h"
  27:bsw\LabBoard/button.c **** #include "button_2.h"
  28:bsw\LabBoard/button.c **** 
  29:bsw\LabBoard/button.c **** 
  30:bsw\LabBoard/button.c **** 
ARM GAS  C:\Users\91819\AppData\Local\Temp\ccGyZse9.s 			page 2


  31:bsw\LabBoard/button.c **** /*****************************************************************************/
  32:bsw\LabBoard/button.c **** /* Local pre-processor symbols/macros ('#define')                            */
  33:bsw\LabBoard/button.c **** /*****************************************************************************/
  34:bsw\LabBoard/button.c **** 
  35:bsw\LabBoard/button.c **** /*****************************************************************************/
  36:bsw\LabBoard/button.c **** /* Global variable definitions (declared in header file with 'extern')       */
  37:bsw\LabBoard/button.c **** /*****************************************************************************/
  38:bsw\LabBoard/button.c **** 
  39:bsw\LabBoard/button.c **** /*****************************************************************************/
  40:bsw\LabBoard/button.c **** /* Local type definitions ('typedef')                                        */
  41:bsw\LabBoard/button.c **** /*****************************************************************************/
  42:bsw\LabBoard/button.c **** 
  43:bsw\LabBoard/button.c **** /*****************************************************************************/
  44:bsw\LabBoard/button.c **** /* Local variable definitions ('static')                                     */
  45:bsw\LabBoard/button.c **** /*****************************************************************************/
  46:bsw\LabBoard/button.c **** 
  47:bsw\LabBoard/button.c **** 
  48:bsw\LabBoard/button.c **** 
  49:bsw\LabBoard/button.c **** /*****************************************************************************/
  50:bsw\LabBoard/button.c **** /* Local function prototypes ('static')                                      */
  51:bsw\LabBoard/button.c **** /*****************************************************************************/
  52:bsw\LabBoard/button.c **** 
  53:bsw\LabBoard/button.c **** 
  54:bsw\LabBoard/button.c **** /*****************************************************************************/
  55:bsw\LabBoard/button.c **** /* Function implementation - global ('extern') and local ('static')          */
  56:bsw\LabBoard/button.c **** /*****************************************************************************/
  57:bsw\LabBoard/button.c **** 
  58:bsw\LabBoard/button.c **** /**
  59:bsw\LabBoard/button.c ****  * Initialize Button
  60:bsw\LabBoard/button.c ****  * @return RC_SUCCESS if ok
  61:bsw\LabBoard/button.c ****  */
  62:bsw\LabBoard/button.c **** RC_t BUTTON_Init(cyisraddress address)
  63:bsw\LabBoard/button.c **** {
  28              		.loc 1 63 0
  29              		.cfi_startproc
  30              		@ args = 0, pretend = 0, frame = 0
  31              		@ frame_needed = 0, uses_anonymous_args = 0
  32              	.LVL0:
  64:bsw\LabBoard/button.c ****  
  65:bsw\LabBoard/button.c ****     if (address != 0)
  33              		.loc 1 65 0
  34 0000 20B1     		cbz	r0, .L4
  63:bsw\LabBoard/button.c ****  
  35              		.loc 1 63 0
  36 0002 08B5     		push	{r3, lr}
  37              		.cfi_def_cfa_offset 8
  38              		.cfi_offset 3, -8
  39              		.cfi_offset 14, -4
  66:bsw\LabBoard/button.c ****     {
  67:bsw\LabBoard/button.c ****         isr_Button_StartEx(address);
  40              		.loc 1 67 0
  41 0004 FFF7FEFF 		bl	isr_Button_StartEx
  42              	.LVL1:
  68:bsw\LabBoard/button.c ****     }
  69:bsw\LabBoard/button.c ****     
  70:bsw\LabBoard/button.c ****     return RC_SUCCESS;
  71:bsw\LabBoard/button.c **** }
ARM GAS  C:\Users\91819\AppData\Local\Temp\ccGyZse9.s 			page 3


  43              		.loc 1 71 0
  44 0008 0020     		movs	r0, #0
  45 000a 08BD     		pop	{r3, pc}
  46              	.LVL2:
  47              	.L4:
  48              		.cfi_def_cfa_offset 0
  49              		.cfi_restore 3
  50              		.cfi_restore 14
  51 000c 0020     		movs	r0, #0
  52              	.LVL3:
  53 000e 7047     		bx	lr
  54              		.cfi_endproc
  55              	.LFE110:
  56              		.size	BUTTON_Init, .-BUTTON_Init
  57              		.section	.text.BUTTON_IsPressed,"ax",%progbits
  58              		.align	2
  59              		.global	BUTTON_IsPressed
  60              		.thumb
  61              		.thumb_func
  62              		.type	BUTTON_IsPressed, %function
  63              	BUTTON_IsPressed:
  64              	.LFB111:
  72:bsw\LabBoard/button.c **** 
  73:bsw\LabBoard/button.c **** /**
  74:bsw\LabBoard/button.c ****  * Initialize Button
  75:bsw\LabBoard/button.c ****  * @param BUTTON_id_t button - check if the corresponding button is pressed
  76:bsw\LabBoard/button.c ****  * @return TRUE if button is pressed
  77:bsw\LabBoard/button.c ****  */
  78:bsw\LabBoard/button.c **** boolean_t BUTTON_IsPressed(BUTTON_id_t button)
  79:bsw\LabBoard/button.c **** {
  65              		.loc 1 79 0
  66              		.cfi_startproc
  67              		@ args = 0, pretend = 0, frame = 0
  68              		@ frame_needed = 0, uses_anonymous_args = 0
  69              	.LVL4:
  70 0000 08B5     		push	{r3, lr}
  71              		.cfi_def_cfa_offset 8
  72              		.cfi_offset 3, -8
  73              		.cfi_offset 14, -4
  74              	.LVL5:
  80:bsw\LabBoard/button.c ****     boolean_t result = FALSE;
  81:bsw\LabBoard/button.c ****     
  82:bsw\LabBoard/button.c ****     switch (button)
  75              		.loc 1 82 0
  76 0002 10B1     		cbz	r0, .L7
  77 0004 0128     		cmp	r0, #1
  78 0006 06D0     		beq	.L8
  79 0008 0BE0     		b	.L12
  80              	.L7:
  83:bsw\LabBoard/button.c ****     {
  84:bsw\LabBoard/button.c ****         case BUTTON_1 : if (BUTTON_1_Read() == 1) result = TRUE; break;
  81              		.loc 1 84 0
  82 000a FFF7FEFF 		bl	BUTTON_1_Read
  83              	.LVL6:
  84 000e 0128     		cmp	r0, #1
  85 0010 09D0     		beq	.L10
  80:bsw\LabBoard/button.c ****     boolean_t result = FALSE;
ARM GAS  C:\Users\91819\AppData\Local\Temp\ccGyZse9.s 			page 4


  86              		.loc 1 80 0
  87 0012 0020     		movs	r0, #0
  88 0014 08BD     		pop	{r3, pc}
  89              	.LVL7:
  90              	.L8:
  85:bsw\LabBoard/button.c ****         case BUTTON_2 : if (BUTTON_2_Read() == 1) result = TRUE; break;
  91              		.loc 1 85 0
  92 0016 FFF7FEFF 		bl	BUTTON_2_Read
  93              	.LVL8:
  94 001a 0128     		cmp	r0, #1
  95 001c 05D0     		beq	.L11
  80:bsw\LabBoard/button.c ****     boolean_t result = FALSE;
  96              		.loc 1 80 0
  97 001e 0020     		movs	r0, #0
  98 0020 08BD     		pop	{r3, pc}
  99              	.LVL9:
 100              	.L12:
 101 0022 0020     		movs	r0, #0
 102              	.LVL10:
 103 0024 08BD     		pop	{r3, pc}
 104              	.L10:
  84:bsw\LabBoard/button.c ****         case BUTTON_2 : if (BUTTON_2_Read() == 1) result = TRUE; break;
 105              		.loc 1 84 0
 106 0026 0120     		movs	r0, #1
 107 0028 08BD     		pop	{r3, pc}
 108              	.L11:
 109              		.loc 1 85 0
 110 002a 0120     		movs	r0, #1
 111              	.LVL11:
  86:bsw\LabBoard/button.c ****     }
  87:bsw\LabBoard/button.c ****     
  88:bsw\LabBoard/button.c ****     return result;
  89:bsw\LabBoard/button.c **** }
 112              		.loc 1 89 0
 113 002c 08BD     		pop	{r3, pc}
 114              		.cfi_endproc
 115              	.LFE111:
 116              		.size	BUTTON_IsPressed, .-BUTTON_IsPressed
 117 002e 00BF     		.text
 118              	.Letext0:
 119              		.file 2 "c:\\program files (x86)\\cypress\\psoc creator\\4.4\\psoc creator\\import\\gnu\\arm\\5.4.
 120              		.file 3 "c:\\program files (x86)\\cypress\\psoc creator\\4.4\\psoc creator\\import\\gnu\\arm\\5.4.
 121              		.file 4 "Generated_Source\\PSoC5/cytypes.h"
 122              		.file 5 "Generated_Source\\PSoC5/ErikaOS_1_common_ee_types.inc"
 123              		.file 6 "Generated_Source\\PSoC5/ErikaOS_1_cortex_mx_ee_cpu.inc"
 124              		.file 7 ".\\bsw/global.h"
 125              		.file 8 "bsw\\LabBoard\\button.h"
 126              		.file 9 "Generated_Source\\PSoC5/ErikaOS_1_ee_oo_intfunc.inc"
 127              		.file 10 "Generated_Source\\PSoC5/ErikaOS_1_cortex_mx_ee_context.inc"
 128              		.file 11 "Generated_Source\\PSoC5/ErikaOS_1_common_ee_primitives.inc"
 129              		.file 12 "Generated_Source\\PSoC5/core_cm3.h"
 130              		.file 13 "Generated_Source\\PSoC5/isr_Button.h"
 131              		.file 14 "Generated_Source\\PSoC5/BUTTON_1.h"
 132              		.file 15 "Generated_Source\\PSoC5/BUTTON_2.h"
 133              		.section	.debug_info,"",%progbits
 134              	.Ldebug_info0:
 135 0000 BF020000 		.4byte	0x2bf
ARM GAS  C:\Users\91819\AppData\Local\Temp\ccGyZse9.s 			page 5


 136 0004 0400     		.2byte	0x4
 137 0006 00000000 		.4byte	.Ldebug_abbrev0
 138 000a 04       		.byte	0x4
 139 000b 01       		.uleb128 0x1
 140 000c 32030000 		.4byte	.LASF66
 141 0010 0C       		.byte	0xc
 142 0011 5F040000 		.4byte	.LASF67
 143 0015 9C000000 		.4byte	.LASF68
 144 0019 00000000 		.4byte	.Ldebug_ranges0+0
 145 001d 00000000 		.4byte	0
 146 0021 00000000 		.4byte	.Ldebug_line0
 147 0025 02       		.uleb128 0x2
 148 0026 01       		.byte	0x1
 149 0027 06       		.byte	0x6
 150 0028 AC020000 		.4byte	.LASF0
 151 002c 02       		.uleb128 0x2
 152 002d 01       		.byte	0x1
 153 002e 08       		.byte	0x8
 154 002f 85020000 		.4byte	.LASF1
 155 0033 02       		.uleb128 0x2
 156 0034 02       		.byte	0x2
 157 0035 05       		.byte	0x5
 158 0036 39000000 		.4byte	.LASF2
 159 003a 02       		.uleb128 0x2
 160 003b 02       		.byte	0x2
 161 003c 07       		.byte	0x7
 162 003d 1F030000 		.4byte	.LASF3
 163 0041 03       		.uleb128 0x3
 164 0042 55040000 		.4byte	.LASF9
 165 0046 02       		.byte	0x2
 166 0047 3F       		.byte	0x3f
 167 0048 4C000000 		.4byte	0x4c
 168 004c 02       		.uleb128 0x2
 169 004d 04       		.byte	0x4
 170 004e 05       		.byte	0x5
 171 004f 14020000 		.4byte	.LASF4
 172 0053 02       		.uleb128 0x2
 173 0054 04       		.byte	0x4
 174 0055 07       		.byte	0x7
 175 0056 14040000 		.4byte	.LASF5
 176 005a 02       		.uleb128 0x2
 177 005b 08       		.byte	0x8
 178 005c 05       		.byte	0x5
 179 005d C9010000 		.4byte	.LASF6
 180 0061 02       		.uleb128 0x2
 181 0062 08       		.byte	0x8
 182 0063 07       		.byte	0x7
 183 0064 B8020000 		.4byte	.LASF7
 184 0068 04       		.uleb128 0x4
 185 0069 04       		.byte	0x4
 186 006a 05       		.byte	0x5
 187 006b 696E7400 		.ascii	"int\000"
 188 006f 02       		.uleb128 0x2
 189 0070 04       		.byte	0x4
 190 0071 07       		.byte	0x7
 191 0072 CF020000 		.4byte	.LASF8
 192 0076 03       		.uleb128 0x3
ARM GAS  C:\Users\91819\AppData\Local\Temp\ccGyZse9.s 			page 6


 193 0077 E6030000 		.4byte	.LASF10
 194 007b 03       		.byte	0x3
 195 007c 2C       		.byte	0x2c
 196 007d 41000000 		.4byte	0x41
 197 0081 02       		.uleb128 0x2
 198 0082 04       		.byte	0x4
 199 0083 04       		.byte	0x4
 200 0084 B5010000 		.4byte	.LASF11
 201 0088 02       		.uleb128 0x2
 202 0089 08       		.byte	0x8
 203 008a 04       		.byte	0x4
 204 008b 26040000 		.4byte	.LASF12
 205 008f 02       		.uleb128 0x2
 206 0090 01       		.byte	0x1
 207 0091 08       		.byte	0x8
 208 0092 CC030000 		.4byte	.LASF13
 209 0096 05       		.uleb128 0x5
 210 0097 9F020000 		.4byte	.LASF14
 211 009b 04       		.byte	0x4
 212 009c A002     		.2byte	0x2a0
 213 009e A2000000 		.4byte	0xa2
 214 00a2 06       		.uleb128 0x6
 215 00a3 04       		.byte	0x4
 216 00a4 A8000000 		.4byte	0xa8
 217 00a8 07       		.uleb128 0x7
 218 00a9 02       		.uleb128 0x2
 219 00aa 08       		.byte	0x8
 220 00ab 04       		.byte	0x4
 221 00ac 93020000 		.4byte	.LASF15
 222 00b0 03       		.uleb128 0x3
 223 00b1 0E030000 		.4byte	.LASF16
 224 00b5 05       		.byte	0x5
 225 00b6 53       		.byte	0x53
 226 00b7 68000000 		.4byte	0x68
 227 00bb 03       		.uleb128 0x3
 228 00bc 26010000 		.4byte	.LASF17
 229 00c0 05       		.byte	0x5
 230 00c1 54       		.byte	0x54
 231 00c2 6F000000 		.4byte	0x6f
 232 00c6 03       		.uleb128 0x3
 233 00c7 3F040000 		.4byte	.LASF18
 234 00cb 06       		.byte	0x6
 235 00cc 4D       		.byte	0x4d
 236 00cd BB000000 		.4byte	0xbb
 237 00d1 03       		.uleb128 0x3
 238 00d2 80000000 		.4byte	.LASF19
 239 00d6 06       		.byte	0x6
 240 00d7 4F       		.byte	0x4f
 241 00d8 BB000000 		.4byte	0xbb
 242 00dc 03       		.uleb128 0x3
 243 00dd 49010000 		.4byte	.LASF20
 244 00e1 06       		.byte	0x6
 245 00e2 78       		.byte	0x78
 246 00e3 B0000000 		.4byte	0xb0
 247 00e7 02       		.uleb128 0x2
 248 00e8 04       		.byte	0x4
 249 00e9 07       		.byte	0x7
ARM GAS  C:\Users\91819\AppData\Local\Temp\ccGyZse9.s 			page 7


 250 00ea 69000000 		.4byte	.LASF21
 251 00ee 03       		.uleb128 0x3
 252 00ef 7B020000 		.4byte	.LASF22
 253 00f3 07       		.byte	0x7
 254 00f4 9C       		.byte	0x9c
 255 00f5 2C000000 		.4byte	0x2c
 256 00f9 08       		.uleb128 0x8
 257 00fa 01       		.byte	0x1
 258 00fb 25000000 		.4byte	0x25
 259 00ff 07       		.byte	0x7
 260 0100 CF       		.byte	0xcf
 261 0101 A2010000 		.4byte	0x1a2
 262 0105 09       		.uleb128 0x9
 263 0106 1A000000 		.4byte	.LASF23
 264 010a 00       		.byte	0
 265 010b 0A       		.uleb128 0xa
 266 010c B9040000 		.4byte	.LASF24
 267 0110 7F       		.sleb128 -1
 268 0111 0A       		.uleb128 0xa
 269 0112 EA020000 		.4byte	.LASF25
 270 0116 7E       		.sleb128 -2
 271 0117 0A       		.uleb128 0xa
 272 0118 72000000 		.4byte	.LASF26
 273 011c 7D       		.sleb128 -3
 274 011d 0A       		.uleb128 0xa
 275 011e C2040000 		.4byte	.LASF27
 276 0122 7C       		.sleb128 -4
 277 0123 0A       		.uleb128 0xa
 278 0124 A6010000 		.4byte	.LASF28
 279 0128 7B       		.sleb128 -5
 280 0129 0A       		.uleb128 0xa
 281 012a 43000000 		.4byte	.LASF29
 282 012e 7A       		.sleb128 -6
 283 012f 0A       		.uleb128 0xa
 284 0130 1D020000 		.4byte	.LASF30
 285 0134 79       		.sleb128 -7
 286 0135 0A       		.uleb128 0xa
 287 0136 D1030000 		.4byte	.LASF31
 288 013a 78       		.sleb128 -8
 289 013b 0A       		.uleb128 0xa
 290 013c F8020000 		.4byte	.LASF32
 291 0140 77       		.sleb128 -9
 292 0141 0A       		.uleb128 0xa
 293 0142 3E020000 		.4byte	.LASF33
 294 0146 76       		.sleb128 -10
 295 0147 0A       		.uleb128 0xa
 296 0148 EF040000 		.4byte	.LASF34
 297 014c 75       		.sleb128 -11
 298 014d 0A       		.uleb128 0xa
 299 014e DC020000 		.4byte	.LASF35
 300 0152 74       		.sleb128 -12
 301 0153 0A       		.uleb128 0xa
 302 0154 2D040000 		.4byte	.LASF36
 303 0158 73       		.sleb128 -13
 304 0159 0A       		.uleb128 0xa
 305 015a 07000000 		.4byte	.LASF37
 306 015e 72       		.sleb128 -14
ARM GAS  C:\Users\91819\AppData\Local\Temp\ccGyZse9.s 			page 8


 307 015f 0A       		.uleb128 0xa
 308 0160 25000000 		.4byte	.LASF38
 309 0164 71       		.sleb128 -15
 310 0165 0A       		.uleb128 0xa
 311 0166 58020000 		.4byte	.LASF39
 312 016a 70       		.sleb128 -16
 313 016b 0A       		.uleb128 0xa
 314 016c 88000000 		.4byte	.LASF40
 315 0170 6F       		.sleb128 -17
 316 0171 0A       		.uleb128 0xa
 317 0172 54000000 		.4byte	.LASF41
 318 0176 6E       		.sleb128 -18
 319 0177 0A       		.uleb128 0xa
 320 0178 F0010000 		.4byte	.LASF42
 321 017c 6D       		.sleb128 -19
 322 017d 0A       		.uleb128 0xa
 323 017e EE030000 		.4byte	.LASF43
 324 0182 6C       		.sleb128 -20
 325 0183 0A       		.uleb128 0xa
 326 0184 69020000 		.4byte	.LASF44
 327 0188 6B       		.sleb128 -21
 328 0189 0A       		.uleb128 0xa
 329 018a 87040000 		.4byte	.LASF45
 330 018e 6A       		.sleb128 -22
 331 018f 0A       		.uleb128 0xa
 332 0190 50010000 		.4byte	.LASF46
 333 0194 69       		.sleb128 -23
 334 0195 0A       		.uleb128 0xa
 335 0196 03020000 		.4byte	.LASF47
 336 019a 68       		.sleb128 -24
 337 019b 0A       		.uleb128 0xa
 338 019c 30010000 		.4byte	.LASF48
 339 01a0 67       		.sleb128 -25
 340 01a1 00       		.byte	0
 341 01a2 03       		.uleb128 0x3
 342 01a3 EA040000 		.4byte	.LASF49
 343 01a7 07       		.byte	0x7
 344 01a8 EA       		.byte	0xea
 345 01a9 F9000000 		.4byte	0xf9
 346 01ad 0B       		.uleb128 0xb
 347 01ae 17030000 		.4byte	.LASF69
 348 01b2 01       		.byte	0x1
 349 01b3 2C000000 		.4byte	0x2c
 350 01b7 08       		.byte	0x8
 351 01b8 59       		.byte	0x59
 352 01b9 CA010000 		.4byte	0x1ca
 353 01bd 09       		.uleb128 0x9
 354 01be 75040000 		.4byte	.LASF50
 355 01c2 00       		.byte	0
 356 01c3 09       		.uleb128 0x9
 357 01c4 7E040000 		.4byte	.LASF51
 358 01c8 01       		.byte	0x1
 359 01c9 00       		.byte	0
 360 01ca 03       		.uleb128 0x3
 361 01cb 4C020000 		.4byte	.LASF52
 362 01cf 08       		.byte	0x8
 363 01d0 5D       		.byte	0x5d
ARM GAS  C:\Users\91819\AppData\Local\Temp\ccGyZse9.s 			page 9


 364 01d1 AD010000 		.4byte	0x1ad
 365 01d5 0C       		.uleb128 0xc
 366 01d6 C0030000 		.4byte	.LASF53
 367 01da 01       		.byte	0x1
 368 01db 3E       		.byte	0x3e
 369 01dc A2010000 		.4byte	0x1a2
 370 01e0 00000000 		.4byte	.LFB110
 371 01e4 10000000 		.4byte	.LFE110-.LFB110
 372 01e8 01       		.uleb128 0x1
 373 01e9 9C       		.byte	0x9c
 374 01ea 0F020000 		.4byte	0x20f
 375 01ee 0D       		.uleb128 0xd
 376 01ef 2F020000 		.4byte	.LASF55
 377 01f3 01       		.byte	0x1
 378 01f4 3E       		.byte	0x3e
 379 01f5 96000000 		.4byte	0x96
 380 01f9 00000000 		.4byte	.LLST0
 381 01fd 0E       		.uleb128 0xe
 382 01fe 08000000 		.4byte	.LVL1
 383 0202 A1020000 		.4byte	0x2a1
 384 0206 0F       		.uleb128 0xf
 385 0207 01       		.uleb128 0x1
 386 0208 50       		.byte	0x50
 387 0209 03       		.uleb128 0x3
 388 020a F3       		.byte	0xf3
 389 020b 01       		.uleb128 0x1
 390 020c 50       		.byte	0x50
 391 020d 00       		.byte	0
 392 020e 00       		.byte	0
 393 020f 0C       		.uleb128 0xc
 394 0210 7C010000 		.4byte	.LASF54
 395 0214 01       		.byte	0x1
 396 0215 4E       		.byte	0x4e
 397 0216 EE000000 		.4byte	0xee
 398 021a 00000000 		.4byte	.LFB111
 399 021e 2E000000 		.4byte	.LFE111-.LFB111
 400 0222 01       		.uleb128 0x1
 401 0223 9C       		.byte	0x9c
 402 0224 59020000 		.4byte	0x259
 403 0228 0D       		.uleb128 0xd
 404 0229 37020000 		.4byte	.LASF56
 405 022d 01       		.byte	0x1
 406 022e 4E       		.byte	0x4e
 407 022f CA010000 		.4byte	0x1ca
 408 0233 3A000000 		.4byte	.LLST1
 409 0237 10       		.uleb128 0x10
 410 0238 00000000 		.4byte	.LASF70
 411 023c 01       		.byte	0x1
 412 023d 50       		.byte	0x50
 413 023e EE000000 		.4byte	0xee
 414 0242 8D000000 		.4byte	.LLST2
 415 0246 11       		.uleb128 0x11
 416 0247 0E000000 		.4byte	.LVL6
 417 024b AC020000 		.4byte	0x2ac
 418 024f 11       		.uleb128 0x11
 419 0250 1A000000 		.4byte	.LVL8
 420 0254 B7020000 		.4byte	0x2b7
ARM GAS  C:\Users\91819\AppData\Local\Temp\ccGyZse9.s 			page 10


 421 0258 00       		.byte	0
 422 0259 12       		.uleb128 0x12
 423 025a D2040000 		.4byte	.LASF57
 424 025e 09       		.byte	0x9
 425 025f 40       		.byte	0x40
 426 0260 C6000000 		.4byte	0xc6
 427 0264 12       		.uleb128 0x12
 428 0265 D7010000 		.4byte	.LASF58
 429 0269 09       		.byte	0x9
 430 026a 47       		.byte	0x47
 431 026b D1000000 		.4byte	0xd1
 432 026f 12       		.uleb128 0x12
 433 0270 01040000 		.4byte	.LASF59
 434 0274 09       		.byte	0x9
 435 0275 4A       		.byte	0x4a
 436 0276 C6000000 		.4byte	0xc6
 437 027a 12       		.uleb128 0x12
 438 027b 8D010000 		.4byte	.LASF60
 439 027f 0A       		.byte	0xa
 440 0280 48       		.byte	0x48
 441 0281 DC000000 		.4byte	0xdc
 442 0285 12       		.uleb128 0x12
 443 0286 67010000 		.4byte	.LASF61
 444 028a 0B       		.byte	0xb
 445 028b 44       		.byte	0x44
 446 028c C6000000 		.4byte	0xc6
 447 0290 13       		.uleb128 0x13
 448 0291 AC040000 		.4byte	.LASF62
 449 0295 0C       		.byte	0xc
 450 0296 1207     		.2byte	0x712
 451 0298 9C020000 		.4byte	0x29c
 452 029c 14       		.uleb128 0x14
 453 029d 76000000 		.4byte	0x76
 454 02a1 15       		.uleb128 0x15
 455 02a2 99040000 		.4byte	.LASF63
 456 02a6 99040000 		.4byte	.LASF63
 457 02aa 0D       		.byte	0xd
 458 02ab 18       		.byte	0x18
 459 02ac 15       		.uleb128 0x15
 460 02ad BB010000 		.4byte	.LASF64
 461 02b1 BB010000 		.4byte	.LASF64
 462 02b5 0E       		.byte	0xe
 463 02b6 29       		.byte	0x29
 464 02b7 15       		.uleb128 0x15
 465 02b8 47040000 		.4byte	.LASF65
 466 02bc 47040000 		.4byte	.LASF65
 467 02c0 0F       		.byte	0xf
 468 02c1 29       		.byte	0x29
 469 02c2 00       		.byte	0
 470              		.section	.debug_abbrev,"",%progbits
 471              	.Ldebug_abbrev0:
 472 0000 01       		.uleb128 0x1
 473 0001 11       		.uleb128 0x11
 474 0002 01       		.byte	0x1
 475 0003 25       		.uleb128 0x25
 476 0004 0E       		.uleb128 0xe
 477 0005 13       		.uleb128 0x13
ARM GAS  C:\Users\91819\AppData\Local\Temp\ccGyZse9.s 			page 11


 478 0006 0B       		.uleb128 0xb
 479 0007 03       		.uleb128 0x3
 480 0008 0E       		.uleb128 0xe
 481 0009 1B       		.uleb128 0x1b
 482 000a 0E       		.uleb128 0xe
 483 000b 55       		.uleb128 0x55
 484 000c 17       		.uleb128 0x17
 485 000d 11       		.uleb128 0x11
 486 000e 01       		.uleb128 0x1
 487 000f 10       		.uleb128 0x10
 488 0010 17       		.uleb128 0x17
 489 0011 00       		.byte	0
 490 0012 00       		.byte	0
 491 0013 02       		.uleb128 0x2
 492 0014 24       		.uleb128 0x24
 493 0015 00       		.byte	0
 494 0016 0B       		.uleb128 0xb
 495 0017 0B       		.uleb128 0xb
 496 0018 3E       		.uleb128 0x3e
 497 0019 0B       		.uleb128 0xb
 498 001a 03       		.uleb128 0x3
 499 001b 0E       		.uleb128 0xe
 500 001c 00       		.byte	0
 501 001d 00       		.byte	0
 502 001e 03       		.uleb128 0x3
 503 001f 16       		.uleb128 0x16
 504 0020 00       		.byte	0
 505 0021 03       		.uleb128 0x3
 506 0022 0E       		.uleb128 0xe
 507 0023 3A       		.uleb128 0x3a
 508 0024 0B       		.uleb128 0xb
 509 0025 3B       		.uleb128 0x3b
 510 0026 0B       		.uleb128 0xb
 511 0027 49       		.uleb128 0x49
 512 0028 13       		.uleb128 0x13
 513 0029 00       		.byte	0
 514 002a 00       		.byte	0
 515 002b 04       		.uleb128 0x4
 516 002c 24       		.uleb128 0x24
 517 002d 00       		.byte	0
 518 002e 0B       		.uleb128 0xb
 519 002f 0B       		.uleb128 0xb
 520 0030 3E       		.uleb128 0x3e
 521 0031 0B       		.uleb128 0xb
 522 0032 03       		.uleb128 0x3
 523 0033 08       		.uleb128 0x8
 524 0034 00       		.byte	0
 525 0035 00       		.byte	0
 526 0036 05       		.uleb128 0x5
 527 0037 16       		.uleb128 0x16
 528 0038 00       		.byte	0
 529 0039 03       		.uleb128 0x3
 530 003a 0E       		.uleb128 0xe
 531 003b 3A       		.uleb128 0x3a
 532 003c 0B       		.uleb128 0xb
 533 003d 3B       		.uleb128 0x3b
 534 003e 05       		.uleb128 0x5
ARM GAS  C:\Users\91819\AppData\Local\Temp\ccGyZse9.s 			page 12


 535 003f 49       		.uleb128 0x49
 536 0040 13       		.uleb128 0x13
 537 0041 00       		.byte	0
 538 0042 00       		.byte	0
 539 0043 06       		.uleb128 0x6
 540 0044 0F       		.uleb128 0xf
 541 0045 00       		.byte	0
 542 0046 0B       		.uleb128 0xb
 543 0047 0B       		.uleb128 0xb
 544 0048 49       		.uleb128 0x49
 545 0049 13       		.uleb128 0x13
 546 004a 00       		.byte	0
 547 004b 00       		.byte	0
 548 004c 07       		.uleb128 0x7
 549 004d 15       		.uleb128 0x15
 550 004e 00       		.byte	0
 551 004f 27       		.uleb128 0x27
 552 0050 19       		.uleb128 0x19
 553 0051 00       		.byte	0
 554 0052 00       		.byte	0
 555 0053 08       		.uleb128 0x8
 556 0054 04       		.uleb128 0x4
 557 0055 01       		.byte	0x1
 558 0056 0B       		.uleb128 0xb
 559 0057 0B       		.uleb128 0xb
 560 0058 49       		.uleb128 0x49
 561 0059 13       		.uleb128 0x13
 562 005a 3A       		.uleb128 0x3a
 563 005b 0B       		.uleb128 0xb
 564 005c 3B       		.uleb128 0x3b
 565 005d 0B       		.uleb128 0xb
 566 005e 01       		.uleb128 0x1
 567 005f 13       		.uleb128 0x13
 568 0060 00       		.byte	0
 569 0061 00       		.byte	0
 570 0062 09       		.uleb128 0x9
 571 0063 28       		.uleb128 0x28
 572 0064 00       		.byte	0
 573 0065 03       		.uleb128 0x3
 574 0066 0E       		.uleb128 0xe
 575 0067 1C       		.uleb128 0x1c
 576 0068 0B       		.uleb128 0xb
 577 0069 00       		.byte	0
 578 006a 00       		.byte	0
 579 006b 0A       		.uleb128 0xa
 580 006c 28       		.uleb128 0x28
 581 006d 00       		.byte	0
 582 006e 03       		.uleb128 0x3
 583 006f 0E       		.uleb128 0xe
 584 0070 1C       		.uleb128 0x1c
 585 0071 0D       		.uleb128 0xd
 586 0072 00       		.byte	0
 587 0073 00       		.byte	0
 588 0074 0B       		.uleb128 0xb
 589 0075 04       		.uleb128 0x4
 590 0076 01       		.byte	0x1
 591 0077 03       		.uleb128 0x3
ARM GAS  C:\Users\91819\AppData\Local\Temp\ccGyZse9.s 			page 13


 592 0078 0E       		.uleb128 0xe
 593 0079 0B       		.uleb128 0xb
 594 007a 0B       		.uleb128 0xb
 595 007b 49       		.uleb128 0x49
 596 007c 13       		.uleb128 0x13
 597 007d 3A       		.uleb128 0x3a
 598 007e 0B       		.uleb128 0xb
 599 007f 3B       		.uleb128 0x3b
 600 0080 0B       		.uleb128 0xb
 601 0081 01       		.uleb128 0x1
 602 0082 13       		.uleb128 0x13
 603 0083 00       		.byte	0
 604 0084 00       		.byte	0
 605 0085 0C       		.uleb128 0xc
 606 0086 2E       		.uleb128 0x2e
 607 0087 01       		.byte	0x1
 608 0088 3F       		.uleb128 0x3f
 609 0089 19       		.uleb128 0x19
 610 008a 03       		.uleb128 0x3
 611 008b 0E       		.uleb128 0xe
 612 008c 3A       		.uleb128 0x3a
 613 008d 0B       		.uleb128 0xb
 614 008e 3B       		.uleb128 0x3b
 615 008f 0B       		.uleb128 0xb
 616 0090 27       		.uleb128 0x27
 617 0091 19       		.uleb128 0x19
 618 0092 49       		.uleb128 0x49
 619 0093 13       		.uleb128 0x13
 620 0094 11       		.uleb128 0x11
 621 0095 01       		.uleb128 0x1
 622 0096 12       		.uleb128 0x12
 623 0097 06       		.uleb128 0x6
 624 0098 40       		.uleb128 0x40
 625 0099 18       		.uleb128 0x18
 626 009a 9742     		.uleb128 0x2117
 627 009c 19       		.uleb128 0x19
 628 009d 01       		.uleb128 0x1
 629 009e 13       		.uleb128 0x13
 630 009f 00       		.byte	0
 631 00a0 00       		.byte	0
 632 00a1 0D       		.uleb128 0xd
 633 00a2 05       		.uleb128 0x5
 634 00a3 00       		.byte	0
 635 00a4 03       		.uleb128 0x3
 636 00a5 0E       		.uleb128 0xe
 637 00a6 3A       		.uleb128 0x3a
 638 00a7 0B       		.uleb128 0xb
 639 00a8 3B       		.uleb128 0x3b
 640 00a9 0B       		.uleb128 0xb
 641 00aa 49       		.uleb128 0x49
 642 00ab 13       		.uleb128 0x13
 643 00ac 02       		.uleb128 0x2
 644 00ad 17       		.uleb128 0x17
 645 00ae 00       		.byte	0
 646 00af 00       		.byte	0
 647 00b0 0E       		.uleb128 0xe
 648 00b1 898201   		.uleb128 0x4109
ARM GAS  C:\Users\91819\AppData\Local\Temp\ccGyZse9.s 			page 14


 649 00b4 01       		.byte	0x1
 650 00b5 11       		.uleb128 0x11
 651 00b6 01       		.uleb128 0x1
 652 00b7 31       		.uleb128 0x31
 653 00b8 13       		.uleb128 0x13
 654 00b9 00       		.byte	0
 655 00ba 00       		.byte	0
 656 00bb 0F       		.uleb128 0xf
 657 00bc 8A8201   		.uleb128 0x410a
 658 00bf 00       		.byte	0
 659 00c0 02       		.uleb128 0x2
 660 00c1 18       		.uleb128 0x18
 661 00c2 9142     		.uleb128 0x2111
 662 00c4 18       		.uleb128 0x18
 663 00c5 00       		.byte	0
 664 00c6 00       		.byte	0
 665 00c7 10       		.uleb128 0x10
 666 00c8 34       		.uleb128 0x34
 667 00c9 00       		.byte	0
 668 00ca 03       		.uleb128 0x3
 669 00cb 0E       		.uleb128 0xe
 670 00cc 3A       		.uleb128 0x3a
 671 00cd 0B       		.uleb128 0xb
 672 00ce 3B       		.uleb128 0x3b
 673 00cf 0B       		.uleb128 0xb
 674 00d0 49       		.uleb128 0x49
 675 00d1 13       		.uleb128 0x13
 676 00d2 02       		.uleb128 0x2
 677 00d3 17       		.uleb128 0x17
 678 00d4 00       		.byte	0
 679 00d5 00       		.byte	0
 680 00d6 11       		.uleb128 0x11
 681 00d7 898201   		.uleb128 0x4109
 682 00da 00       		.byte	0
 683 00db 11       		.uleb128 0x11
 684 00dc 01       		.uleb128 0x1
 685 00dd 31       		.uleb128 0x31
 686 00de 13       		.uleb128 0x13
 687 00df 00       		.byte	0
 688 00e0 00       		.byte	0
 689 00e1 12       		.uleb128 0x12
 690 00e2 34       		.uleb128 0x34
 691 00e3 00       		.byte	0
 692 00e4 03       		.uleb128 0x3
 693 00e5 0E       		.uleb128 0xe
 694 00e6 3A       		.uleb128 0x3a
 695 00e7 0B       		.uleb128 0xb
 696 00e8 3B       		.uleb128 0x3b
 697 00e9 0B       		.uleb128 0xb
 698 00ea 49       		.uleb128 0x49
 699 00eb 13       		.uleb128 0x13
 700 00ec 3F       		.uleb128 0x3f
 701 00ed 19       		.uleb128 0x19
 702 00ee 3C       		.uleb128 0x3c
 703 00ef 19       		.uleb128 0x19
 704 00f0 00       		.byte	0
 705 00f1 00       		.byte	0
ARM GAS  C:\Users\91819\AppData\Local\Temp\ccGyZse9.s 			page 15


 706 00f2 13       		.uleb128 0x13
 707 00f3 34       		.uleb128 0x34
 708 00f4 00       		.byte	0
 709 00f5 03       		.uleb128 0x3
 710 00f6 0E       		.uleb128 0xe
 711 00f7 3A       		.uleb128 0x3a
 712 00f8 0B       		.uleb128 0xb
 713 00f9 3B       		.uleb128 0x3b
 714 00fa 05       		.uleb128 0x5
 715 00fb 49       		.uleb128 0x49
 716 00fc 13       		.uleb128 0x13
 717 00fd 3F       		.uleb128 0x3f
 718 00fe 19       		.uleb128 0x19
 719 00ff 3C       		.uleb128 0x3c
 720 0100 19       		.uleb128 0x19
 721 0101 00       		.byte	0
 722 0102 00       		.byte	0
 723 0103 14       		.uleb128 0x14
 724 0104 35       		.uleb128 0x35
 725 0105 00       		.byte	0
 726 0106 49       		.uleb128 0x49
 727 0107 13       		.uleb128 0x13
 728 0108 00       		.byte	0
 729 0109 00       		.byte	0
 730 010a 15       		.uleb128 0x15
 731 010b 2E       		.uleb128 0x2e
 732 010c 00       		.byte	0
 733 010d 3F       		.uleb128 0x3f
 734 010e 19       		.uleb128 0x19
 735 010f 3C       		.uleb128 0x3c
 736 0110 19       		.uleb128 0x19
 737 0111 6E       		.uleb128 0x6e
 738 0112 0E       		.uleb128 0xe
 739 0113 03       		.uleb128 0x3
 740 0114 0E       		.uleb128 0xe
 741 0115 3A       		.uleb128 0x3a
 742 0116 0B       		.uleb128 0xb
 743 0117 3B       		.uleb128 0x3b
 744 0118 0B       		.uleb128 0xb
 745 0119 00       		.byte	0
 746 011a 00       		.byte	0
 747 011b 00       		.byte	0
 748              		.section	.debug_loc,"",%progbits
 749              	.Ldebug_loc0:
 750              	.LLST0:
 751 0000 00000000 		.4byte	.LVL0
 752 0004 07000000 		.4byte	.LVL1-1
 753 0008 0100     		.2byte	0x1
 754 000a 50       		.byte	0x50
 755 000b 07000000 		.4byte	.LVL1-1
 756 000f 0C000000 		.4byte	.LVL2
 757 0013 0400     		.2byte	0x4
 758 0015 F3       		.byte	0xf3
 759 0016 01       		.uleb128 0x1
 760 0017 50       		.byte	0x50
 761 0018 9F       		.byte	0x9f
 762 0019 0C000000 		.4byte	.LVL2
ARM GAS  C:\Users\91819\AppData\Local\Temp\ccGyZse9.s 			page 16


 763 001d 0E000000 		.4byte	.LVL3
 764 0021 0100     		.2byte	0x1
 765 0023 50       		.byte	0x50
 766 0024 0E000000 		.4byte	.LVL3
 767 0028 10000000 		.4byte	.LFE110
 768 002c 0400     		.2byte	0x4
 769 002e F3       		.byte	0xf3
 770 002f 01       		.uleb128 0x1
 771 0030 50       		.byte	0x50
 772 0031 9F       		.byte	0x9f
 773 0032 00000000 		.4byte	0
 774 0036 00000000 		.4byte	0
 775              	.LLST1:
 776 003a 00000000 		.4byte	.LVL4
 777 003e 0D000000 		.4byte	.LVL6-1
 778 0042 0100     		.2byte	0x1
 779 0044 50       		.byte	0x50
 780 0045 0D000000 		.4byte	.LVL6-1
 781 0049 16000000 		.4byte	.LVL7
 782 004d 0400     		.2byte	0x4
 783 004f F3       		.byte	0xf3
 784 0050 01       		.uleb128 0x1
 785 0051 50       		.byte	0x50
 786 0052 9F       		.byte	0x9f
 787 0053 16000000 		.4byte	.LVL7
 788 0057 19000000 		.4byte	.LVL8-1
 789 005b 0100     		.2byte	0x1
 790 005d 50       		.byte	0x50
 791 005e 19000000 		.4byte	.LVL8-1
 792 0062 22000000 		.4byte	.LVL9
 793 0066 0400     		.2byte	0x4
 794 0068 F3       		.byte	0xf3
 795 0069 01       		.uleb128 0x1
 796 006a 50       		.byte	0x50
 797 006b 9F       		.byte	0x9f
 798 006c 22000000 		.4byte	.LVL9
 799 0070 24000000 		.4byte	.LVL10
 800 0074 0100     		.2byte	0x1
 801 0076 50       		.byte	0x50
 802 0077 24000000 		.4byte	.LVL10
 803 007b 2E000000 		.4byte	.LFE111
 804 007f 0400     		.2byte	0x4
 805 0081 F3       		.byte	0xf3
 806 0082 01       		.uleb128 0x1
 807 0083 50       		.byte	0x50
 808 0084 9F       		.byte	0x9f
 809 0085 00000000 		.4byte	0
 810 0089 00000000 		.4byte	0
 811              	.LLST2:
 812 008d 02000000 		.4byte	.LVL5
 813 0091 2C000000 		.4byte	.LVL11
 814 0095 0200     		.2byte	0x2
 815 0097 30       		.byte	0x30
 816 0098 9F       		.byte	0x9f
 817 0099 2C000000 		.4byte	.LVL11
 818 009d 2E000000 		.4byte	.LFE111
 819 00a1 0100     		.2byte	0x1
ARM GAS  C:\Users\91819\AppData\Local\Temp\ccGyZse9.s 			page 17


 820 00a3 50       		.byte	0x50
 821 00a4 00000000 		.4byte	0
 822 00a8 00000000 		.4byte	0
 823              		.section	.debug_aranges,"",%progbits
 824 0000 24000000 		.4byte	0x24
 825 0004 0200     		.2byte	0x2
 826 0006 00000000 		.4byte	.Ldebug_info0
 827 000a 04       		.byte	0x4
 828 000b 00       		.byte	0
 829 000c 0000     		.2byte	0
 830 000e 0000     		.2byte	0
 831 0010 00000000 		.4byte	.LFB110
 832 0014 10000000 		.4byte	.LFE110-.LFB110
 833 0018 00000000 		.4byte	.LFB111
 834 001c 2E000000 		.4byte	.LFE111-.LFB111
 835 0020 00000000 		.4byte	0
 836 0024 00000000 		.4byte	0
 837              		.section	.debug_ranges,"",%progbits
 838              	.Ldebug_ranges0:
 839 0000 00000000 		.4byte	.LFB110
 840 0004 10000000 		.4byte	.LFE110
 841 0008 00000000 		.4byte	.LFB111
 842 000c 2E000000 		.4byte	.LFE111
 843 0010 00000000 		.4byte	0
 844 0014 00000000 		.4byte	0
 845              		.section	.debug_line,"",%progbits
 846              	.Ldebug_line0:
 847 0000 84020000 		.section	.debug_str,"MS",%progbits,1
 847      02005302 
 847      00000201 
 847      FB0E0D00 
 847      01010101 
 848              	.LASF70:
 849 0000 72657375 		.ascii	"result\000"
 849      6C7400
 850              	.LASF37:
 851 0007 52435F45 		.ascii	"RC_ERROR_READ_ONLY\000"
 851      52524F52 
 851      5F524541 
 851      445F4F4E 
 851      4C5900
 852              	.LASF23:
 853 001a 52435F53 		.ascii	"RC_SUCCESS\000"
 853      55434345 
 853      535300
 854              	.LASF38:
 855 0025 52435F45 		.ascii	"RC_ERROR_WRITE_ONLY\000"
 855      52524F52 
 855      5F575249 
 855      54455F4F 
 855      4E4C5900 
 856              	.LASF2:
 857 0039 73686F72 		.ascii	"short int\000"
 857      7420696E 
 857      7400
 858              	.LASF29:
 859 0043 52435F45 		.ascii	"RC_ERROR_OVERRUN\000"
ARM GAS  C:\Users\91819\AppData\Local\Temp\ccGyZse9.s 			page 18


 859      52524F52 
 859      5F4F5645 
 859      5252554E 
 859      00
 860              	.LASF41:
 861 0054 52435F45 		.ascii	"RC_ERROR_WRITE_FAILS\000"
 861      52524F52 
 861      5F575249 
 861      54455F46 
 861      41494C53 
 862              	.LASF21:
 863 0069 73697A65 		.ascii	"sizetype\000"
 863      74797065 
 863      00
 864              	.LASF26:
 865 0072 52435F45 		.ascii	"RC_ERROR_ZERO\000"
 865      52524F52 
 865      5F5A4552 
 865      4F00
 866              	.LASF19:
 867 0080 45455F46 		.ascii	"EE_FREG\000"
 867      52454700 
 868              	.LASF40:
 869 0088 52435F45 		.ascii	"RC_ERROR_READ_FAILS\000"
 869      52524F52 
 869      5F524541 
 869      445F4641 
 869      494C5300 
 870              	.LASF68:
 871 009c 433A5C55 		.ascii	"C:\\Users\\91819\\Documents\\HDA_Sem2\\EAA\\Lab\\Wo"
 871      73657273 
 871      5C393138 
 871      31395C44 
 871      6F63756D 
 872 00c8 726B7370 		.ascii	"rkspace01\\Workspace03\\electronicClock_v3.cydsn\\e"
 872      61636530 
 872      315C576F 
 872      726B7370 
 872      61636530 
 873 00f8 6C656374 		.ascii	"lectronicClock_v3.cydsn\\electronicClock.cydsn\000"
 873      726F6E69 
 873      63436C6F 
 873      636B5F76 
 873      332E6379 
 874              	.LASF17:
 875 0126 45455F55 		.ascii	"EE_UINT32\000"
 875      494E5433 
 875      3200
 876              	.LASF48:
 877 0130 52435F45 		.ascii	"RC_ERROR_NOT_IMPLEMENTED\000"
 877      52524F52 
 877      5F4E4F54 
 877      5F494D50 
 877      4C454D45 
 878              	.LASF20:
 879 0149 45455F54 		.ascii	"EE_TID\000"
 879      494400
ARM GAS  C:\Users\91819\AppData\Local\Temp\ccGyZse9.s 			page 19


 880              	.LASF46:
 881 0150 52435F45 		.ascii	"RC_ERROR_INVALID_STATE\000"
 881      52524F52 
 881      5F494E56 
 881      414C4944 
 881      5F535441 
 882              	.LASF61:
 883 0167 45455F49 		.ascii	"EE_IRQ_nesting_level\000"
 883      52515F6E 
 883      65737469 
 883      6E675F6C 
 883      6576656C 
 884              	.LASF54:
 885 017c 42555454 		.ascii	"BUTTON_IsPressed\000"
 885      4F4E5F49 
 885      73507265 
 885      73736564 
 885      00
 886              	.LASF60:
 887 018d 45455F73 		.ascii	"EE_std_endcycle_next_tid\000"
 887      74645F65 
 887      6E646379 
 887      636C655F 
 887      6E657874 
 888              	.LASF28:
 889 01a6 52435F45 		.ascii	"RC_ERROR_RANGE\000"
 889      52524F52 
 889      5F52414E 
 889      474500
 890              	.LASF11:
 891 01b5 666C6F61 		.ascii	"float\000"
 891      7400
 892              	.LASF64:
 893 01bb 42555454 		.ascii	"BUTTON_1_Read\000"
 893      4F4E5F31 
 893      5F526561 
 893      6400
 894              	.LASF6:
 895 01c9 6C6F6E67 		.ascii	"long long int\000"
 895      206C6F6E 
 895      6720696E 
 895      7400
 896              	.LASF58:
 897 01d7 45455F6F 		.ascii	"EE_oo_IRQ_suspend_status\000"
 897      6F5F4952 
 897      515F7375 
 897      7370656E 
 897      645F7374 
 898              	.LASF42:
 899 01f0 52435F45 		.ascii	"RC_ERROR_NOT_MATCH\000"
 899      52524F52 
 899      5F4E4F54 
 899      5F4D4154 
 899      434800
 900              	.LASF47:
 901 0203 52435F45 		.ascii	"RC_ERROR_UNKNOWN\000"
 901      52524F52 
ARM GAS  C:\Users\91819\AppData\Local\Temp\ccGyZse9.s 			page 20


 901      5F554E4B 
 901      4E4F574E 
 901      00
 902              	.LASF4:
 903 0214 6C6F6E67 		.ascii	"long int\000"
 903      20696E74 
 903      00
 904              	.LASF30:
 905 021d 52435F45 		.ascii	"RC_ERROR_UNDERRUN\000"
 905      52524F52 
 905      5F554E44 
 905      45525255 
 905      4E00
 906              	.LASF55:
 907 022f 61646472 		.ascii	"address\000"
 907      65737300 
 908              	.LASF56:
 909 0237 62757474 		.ascii	"button\000"
 909      6F6E00
 910              	.LASF33:
 911 023e 52435F45 		.ascii	"RC_ERROR_BUSY\000"
 911      52524F52 
 911      5F425553 
 911      5900
 912              	.LASF52:
 913 024c 42555454 		.ascii	"BUTTON_id_t\000"
 913      4F4E5F69 
 913      645F7400 
 914              	.LASF39:
 915 0258 52435F45 		.ascii	"RC_ERROR_INVALID\000"
 915      52524F52 
 915      5F494E56 
 915      414C4944 
 915      00
 916              	.LASF44:
 917 0269 52435F45 		.ascii	"RC_ERROR_BAD_DATA\000"
 917      52524F52 
 917      5F424144 
 917      5F444154 
 917      4100
 918              	.LASF22:
 919 027b 626F6F6C 		.ascii	"boolean_t\000"
 919      65616E5F 
 919      7400
 920              	.LASF1:
 921 0285 756E7369 		.ascii	"unsigned char\000"
 921      676E6564 
 921      20636861 
 921      7200
 922              	.LASF15:
 923 0293 6C6F6E67 		.ascii	"long double\000"
 923      20646F75 
 923      626C6500 
 924              	.LASF14:
 925 029f 63796973 		.ascii	"cyisraddress\000"
 925      72616464 
 925      72657373 
ARM GAS  C:\Users\91819\AppData\Local\Temp\ccGyZse9.s 			page 21


 925      00
 926              	.LASF0:
 927 02ac 7369676E 		.ascii	"signed char\000"
 927      65642063 
 927      68617200 
 928              	.LASF7:
 929 02b8 6C6F6E67 		.ascii	"long long unsigned int\000"
 929      206C6F6E 
 929      6720756E 
 929      7369676E 
 929      65642069 
 930              	.LASF8:
 931 02cf 756E7369 		.ascii	"unsigned int\000"
 931      676E6564 
 931      20696E74 
 931      00
 932              	.LASF35:
 933 02dc 52435F45 		.ascii	"RC_ERROR_OPEN\000"
 933      52524F52 
 933      5F4F5045 
 933      4E00
 934              	.LASF25:
 935 02ea 52435F45 		.ascii	"RC_ERROR_NULL\000"
 935      52524F52 
 935      5F4E554C 
 935      4C00
 936              	.LASF32:
 937 02f8 52435F45 		.ascii	"RC_ERROR_BUFFER_EMTPY\000"
 937      52524F52 
 937      5F425546 
 937      4645525F 
 937      454D5450 
 938              	.LASF16:
 939 030e 45455F49 		.ascii	"EE_INT32\000"
 939      4E543332 
 939      00
 940              	.LASF69:
 941 0317 65427574 		.ascii	"eButton\000"
 941      746F6E00 
 942              	.LASF3:
 943 031f 73686F72 		.ascii	"short unsigned int\000"
 943      7420756E 
 943      7369676E 
 943      65642069 
 943      6E7400
 944              	.LASF66:
 945 0332 474E5520 		.ascii	"GNU C11 5.4.1 20160609 (release) [ARM/embedded-5-br"
 945      43313120 
 945      352E342E 
 945      31203230 
 945      31363036 
 946 0365 616E6368 		.ascii	"anch revision 237715] -mcpu=cortex-m3 -mthumb -g -O"
 946      20726576 
 946      6973696F 
 946      6E203233 
 946      37373135 
 947 0398 67202D66 		.ascii	"g -ffunction-sections -ffat-lto-objects\000"
ARM GAS  C:\Users\91819\AppData\Local\Temp\ccGyZse9.s 			page 22


 947      66756E63 
 947      74696F6E 
 947      2D736563 
 947      74696F6E 
 948              	.LASF53:
 949 03c0 42555454 		.ascii	"BUTTON_Init\000"
 949      4F4E5F49 
 949      6E697400 
 950              	.LASF13:
 951 03cc 63686172 		.ascii	"char\000"
 951      00
 952              	.LASF31:
 953 03d1 52435F45 		.ascii	"RC_ERROR_BUFFER_FULL\000"
 953      52524F52 
 953      5F425546 
 953      4645525F 
 953      46554C4C 
 954              	.LASF10:
 955 03e6 696E7433 		.ascii	"int32_t\000"
 955      325F7400 
 956              	.LASF43:
 957 03ee 52435F45 		.ascii	"RC_ERROR_BAD_PARAM\000"
 957      52524F52 
 957      5F424144 
 957      5F504152 
 957      414D00
 958              	.LASF59:
 959 0401 45455F41 		.ascii	"EE_ApplicationMode\000"
 959      70706C69 
 959      63617469 
 959      6F6E4D6F 
 959      646500
 960              	.LASF5:
 961 0414 6C6F6E67 		.ascii	"long unsigned int\000"
 961      20756E73 
 961      69676E65 
 961      6420696E 
 961      7400
 962              	.LASF12:
 963 0426 646F7562 		.ascii	"double\000"
 963      6C6500
 964              	.LASF36:
 965 042d 52435F45 		.ascii	"RC_ERROR_CHECKSUM\000"
 965      52524F52 
 965      5F434845 
 965      434B5355 
 965      4D00
 966              	.LASF18:
 967 043f 45455F55 		.ascii	"EE_UREG\000"
 967      52454700 
 968              	.LASF65:
 969 0447 42555454 		.ascii	"BUTTON_2_Read\000"
 969      4F4E5F32 
 969      5F526561 
 969      6400
 970              	.LASF9:
 971 0455 5F5F696E 		.ascii	"__int32_t\000"
ARM GAS  C:\Users\91819\AppData\Local\Temp\ccGyZse9.s 			page 23


 971      7433325F 
 971      7400
 972              	.LASF67:
 973 045f 6273775C 		.ascii	"bsw\\LabBoard\\button.c\000"
 973      4C616242 
 973      6F617264 
 973      5C627574 
 973      746F6E2E 
 974              	.LASF50:
 975 0475 42555454 		.ascii	"BUTTON_1\000"
 975      4F4E5F31 
 975      00
 976              	.LASF51:
 977 047e 42555454 		.ascii	"BUTTON_2\000"
 977      4F4E5F32 
 977      00
 978              	.LASF45:
 979 0487 52435F45 		.ascii	"RC_ERROR_CANCELED\000"
 979      52524F52 
 979      5F43414E 
 979      43454C45 
 979      4400
 980              	.LASF63:
 981 0499 6973725F 		.ascii	"isr_Button_StartEx\000"
 981      42757474 
 981      6F6E5F53 
 981      74617274 
 981      457800
 982              	.LASF62:
 983 04ac 49544D5F 		.ascii	"ITM_RxBuffer\000"
 983      52784275 
 983      66666572 
 983      00
 984              	.LASF24:
 985 04b9 52435F45 		.ascii	"RC_ERROR\000"
 985      52524F52 
 985      00
 986              	.LASF27:
 987 04c2 52435F45 		.ascii	"RC_ERROR_MEMORY\000"
 987      52524F52 
 987      5F4D454D 
 987      4F525900 
 988              	.LASF57:
 989 04d2 45455F6F 		.ascii	"EE_oo_IRQ_disable_count\000"
 989      6F5F4952 
 989      515F6469 
 989      7361626C 
 989      655F636F 
 990              	.LASF49:
 991 04ea 52435F74 		.ascii	"RC_t\000"
 991      00
 992              	.LASF34:
 993 04ef 52435F45 		.ascii	"RC_ERROR_TIME_OUT\000"
 993      52524F52 
 993      5F54494D 
 993      455F4F55 
 993      5400
ARM GAS  C:\Users\91819\AppData\Local\Temp\ccGyZse9.s 			page 24


 994              		.ident	"GCC: (GNU Tools for ARM Embedded Processors) 5.4.1 20160609 (release) [ARM/embedded-5-bran
