Archive member included to satisfy reference by file (symbol)

.\CortexM3\ARM_GCC_541\Debug\electronicClock.a(ErikaOS_1_ee_activate.o)
                              .\CortexM3\ARM_GCC_541\Debug\main.o (EE_oo_ActivateTask)
.\CortexM3\ARM_GCC_541\Debug\electronicClock.a(ErikaOS_1_ee_alcancel.o)
                              .\CortexM3\ARM_GCC_541\Debug\main.o (EE_oo_CancelAlarm)
.\CortexM3\ARM_GCC_541\Debug\electronicClock.a(ErikaOS_1_ee_alsetrel.o)
                              .\CortexM3\ARM_GCC_541\Debug\swc_clock.o (EE_oo_SetRelAlarm)
.\CortexM3\ARM_GCC_541\Debug\electronicClock.a(ErikaOS_1_ee_altick.o)
                              .\CortexM3\ARM_GCC_541\Debug\electronicClock.a(ErikaOS_1_ee_alsetrel.o) (EE_oo_counter_object_insert)
.\CortexM3\ARM_GCC_541\Debug\electronicClock.a(ErikaOS_1_ee_evclear.o)
                              .\CortexM3\ARM_GCC_541\Debug\tsk_control.o (EE_oo_ClearEvent)
.\CortexM3\ARM_GCC_541\Debug\electronicClock.a(ErikaOS_1_ee_evget.o)
                              .\CortexM3\ARM_GCC_541\Debug\tsk_control.o (EE_oo_GetEvent)
.\CortexM3\ARM_GCC_541\Debug\electronicClock.a(ErikaOS_1_ee_evset.o)
                              .\CortexM3\ARM_GCC_541\Debug\swc_clock.o (EE_oo_SetEvent)
.\CortexM3\ARM_GCC_541\Debug\electronicClock.a(ErikaOS_1_ee_evwait.o)
                              .\CortexM3\ARM_GCC_541\Debug\tsk_control.o (EE_oo_WaitEvent)
.\CortexM3\ARM_GCC_541\Debug\electronicClock.a(ErikaOS_1_ee_gettaskid.o)
                              .\CortexM3\ARM_GCC_541\Debug\trcKernelPort.o (EE_oo_GetTaskID)
.\CortexM3\ARM_GCC_541\Debug\electronicClock.a(ErikaOS_1_ee_irqendin.o)
                              .\CortexM3\ARM_GCC_541\Debug\main.o (EE_IRQ_end_post_stub)
.\CortexM3\ARM_GCC_541\Debug\electronicClock.a(ErikaOS_1_ee_lockres.o)
                              .\CortexM3\ARM_GCC_541\Debug\swc_clock.o (EE_oo_GetResource)
.\CortexM3\ARM_GCC_541\Debug\electronicClock.a(ErikaOS_1_ee_lookup.o)
                              .\CortexM3\ARM_GCC_541\Debug\electronicClock.a(ErikaOS_1_ee_irqendin.o) (EE_oo_IRQ_disable_count)
.\CortexM3\ARM_GCC_541\Debug\electronicClock.a(ErikaOS_1_ee_rq_exchg.o)
                              .\CortexM3\ARM_GCC_541\Debug\electronicClock.a(ErikaOS_1_ee_activate.o) (EE_rq2stk_exchange)
.\CortexM3\ARM_GCC_541\Debug\electronicClock.a(ErikaOS_1_ee_rq_first.o)
                              .\CortexM3\ARM_GCC_541\Debug\electronicClock.a(ErikaOS_1_ee_activate.o) (EE_rq_queryfirst)
.\CortexM3\ARM_GCC_541\Debug\electronicClock.a(ErikaOS_1_ee_rq_inser.o)
                              .\CortexM3\ARM_GCC_541\Debug\electronicClock.a(ErikaOS_1_ee_activate.o) (EE_rq_insert)
.\CortexM3\ARM_GCC_541\Debug\electronicClock.a(ErikaOS_1_ee_startos.o)
                              .\CortexM3\ARM_GCC_541\Debug\main.o (EE_oo_StartOS)
.\CortexM3\ARM_GCC_541\Debug\electronicClock.a(ErikaOS_1_ee_terminat.o)
                              .\CortexM3\ARM_GCC_541\Debug\main.o (EE_oo_TerminateTask)
.\CortexM3\ARM_GCC_541\Debug\electronicClock.a(ErikaOS_1_ee_ulockres.o)
                              .\CortexM3\ARM_GCC_541\Debug\swc_clock.o (EE_oo_ReleaseResource)
.\CortexM3\ARM_GCC_541\Debug\electronicClock.a(ErikaOS_1_cortex_mx_ee_utils.o)
                              .\CortexM3\ARM_GCC_541\Debug\main.o (EE_system_init)
.\CortexM3\ARM_GCC_541\Debug\electronicClock.a(ErikaOS_1_common_ee_hal_structs.o)
                              .\CortexM3\ARM_GCC_541\Debug\electronicClock.a(ErikaOS_1_ee_irqendin.o) (EE_std_endcycle_next_tid)
.\CortexM3\ARM_GCC_541\Debug\electronicClock.a(ErikaOS_1_eecfg.o)
                              .\CortexM3\ARM_GCC_541\Debug\electronicClock.a(ErikaOS_1_ee_startos.o) (EE_oo_autostart_task_data)
.\CortexM3\ARM_GCC_541\Debug\electronicClock.a(SEVEN_DP.o)
                              .\CortexM3\ARM_GCC_541\Debug\seven.o (SEVEN_DP_Write)
.\CortexM3\ARM_GCC_541\Debug\electronicClock.a(SEVEN_SELECT.o)
                              .\CortexM3\ARM_GCC_541\Debug\seven.o (SEVEN_SELECT_Write)
.\CortexM3\ARM_GCC_541\Debug\electronicClock.a(SEVEN_reg.o)
                              .\CortexM3\ARM_GCC_541\Debug\seven.o (SEVEN_reg_Write)
.\CortexM3\ARM_GCC_541\Debug\electronicClock.a(BUTTON_1.o)
                              .\CortexM3\ARM_GCC_541\Debug\main.o (BUTTON_1_Read)
.\CortexM3\ARM_GCC_541\Debug\electronicClock.a(isr_Button.o)
                              .\CortexM3\ARM_GCC_541\Debug\button.o (isr_Button_StartEx)
.\CortexM3\ARM_GCC_541\Debug\electronicClock.a(BUTTON_2.o)
                              .\CortexM3\ARM_GCC_541\Debug\swc_clock.o (BUTTON_2_Read)
.\CortexM3\ARM_GCC_541\Debug\electronicClock.a(LED_red.o)
                              .\CortexM3\ARM_GCC_541\Debug\led.o (LED_red_Write)
.\CortexM3\ARM_GCC_541\Debug\electronicClock.a(LED_yellow.o)
                              .\CortexM3\ARM_GCC_541\Debug\led.o (LED_yellow_Write)
.\CortexM3\ARM_GCC_541\Debug\electronicClock.a(LED_green.o)
                              .\CortexM3\ARM_GCC_541\Debug\led.o (LED_green_Write)
[...]
Memory Configuration

Name             Origin             Length             Attributes
rom              0x00000000         0x00040000         xr
ram              0x1fff8000         0x00010000         xrw
*default*        0x00000000         0xffffffff

Linker script and memory map

LOAD c:/program files (x86)/cypress/psoc creator/4.4/psoc creator/import/gnu/arm/5.4.1/bin/../lib/gcc/arm-none-eabi/5.4.1/armv7-m/crti.o
LOAD c:/program files (x86)/cypress/psoc creator/4.4/psoc creator/import/gnu/arm/5.4.1/bin/../lib/gcc/arm-none-eabi/5.4.1/armv7-m/crtbegin.o
LOAD c:/program files (x86)/cypress/psoc creator/4.4/psoc creator/import/gnu/arm/5.4.1/bin/../lib/gcc/arm-none-eabi/5.4.1/../../../../arm-none-eabi/lib/armv7-m/crt0.o
START GROUP
LOAD .\CortexM3\ARM_GCC_541\Debug\swc_clock.o
LOAD .\CortexM3\ARM_GCC_541\Debug\tsk_control.o
LOAD .\CortexM3\ARM_GCC_541\Debug\tsk_io.o
LOAD .\CortexM3\ARM_GCC_541\Debug\main.o
LOAD .\CortexM3\ARM_GCC_541\Debug\statemachine.o
LOAD .\CortexM3\ARM_GCC_541\Debug\tsk_tft.o
LOAD .\CortexM3\ARM_GCC_541\Debug\logging.o
LOAD .\CortexM3\ARM_GCC_541\Debug\tft.o
LOAD .\CortexM3\ARM_GCC_541\Debug\trcKernelPort.o
LOAD .\CortexM3\ARM_GCC_541\Debug\trcSnapshotRecorder.o
LOAD .\CortexM3\ARM_GCC_541\Debug\trcStreamingRecorder.o
LOAD .\CortexM3\ARM_GCC_541\Debug\button.o
LOAD .\CortexM3\ARM_GCC_541\Debug\joystick.o
LOAD .\CortexM3\ARM_GCC_541\Debug\led.o
LOAD .\CortexM3\ARM_GCC_541\Debug\seven.o
LOAD .\CortexM3\ARM_GCC_541\Debug\rte.o
LOAD .\CortexM3\ARM_GCC_541\Debug\sc_clock.o
LOAD .\CortexM3\ARM_GCC_541\Debug\sc_clock_type.o
LOAD .\CortexM3\ARM_GCC_541\Debug\sc_event.o
LOAD .\CortexM3\ARM_GCC_541\Debug\sc_event_type.o
LOAD .\CortexM3\ARM_GCC_541\Debug\sp_common.o
LOAD .\CortexM3\ARM_GCC_541\Debug\cyfitter_cfg.o
LOAD .\CortexM3\ARM_GCC_541\Debug\cymetadata.o
LOAD .\CortexM3\ARM_GCC_541\Debug\Cm3Start.o
LOAD .\CortexM3\ARM_GCC_541\Debug\electronicClock.a
LOAD C:\Program Files (x86)\Cypress\PSoC Creator\4.4\PSoC Creator\psoc\content\cycomponentlibrary\CyComponentLibrary.cylib\CortexM3\ARM_GCC_541\Debug\CyComponentLibrary.a
END GROUP
START GROUP
LOAD c:/program files (x86)/cypress/psoc creator/4.4/psoc creator/import/gnu/arm/5.4.1/bin/../lib/gcc/arm-none-eabi/5.4.1/armv7-m\libgcc.a
LOAD c:/program files (x86)/cypress/psoc creator/4.4/psoc creator/import/gnu/arm/5.4.1/bin/../lib/gcc/arm-none-eabi/5.4.1/../../../../arm-none-eabi/lib/armv7-m\libg_nano.a
LOAD c:/program files (x86)/cypress/psoc creator/4.4/psoc creator/import/gnu/arm/5.4.1/bin/../lib/gcc/arm-none-eabi/5.4.1/../../../../arm-none-eabi/lib/armv7-m\libc_nano.a
END GROUP
START GROUP
LOAD c:/program files (x86)/cypress/psoc creator/4.4/psoc creator/import/gnu/arm/5.4.1/bin/../lib/gcc/arm-none-eabi/5.4.1/armv7-m\libgcc.a
LOAD c:/program files (x86)/cypress/psoc creator/4.4/psoc creator/import/gnu/arm/5.4.1/bin/../lib/gcc/arm-none-eabi/5.4.1/../../../../arm-none-eabi/lib/armv7-m\libc_nano.a
END GROUP
LOAD c:/program files (x86)/cypress/psoc creator/4.4/psoc creator/import/gnu/arm/5.4.1/bin/../lib/gcc/arm-none-eabi/5.4.1/armv7-m/crtend.o
LOAD c:/program files (x86)/cypress/psoc creator/4.4/psoc creator/import/gnu/arm/5.4.1/bin/../lib/gcc/arm-none-eabi/5.4.1/armv7-m/crtn.o
START GROUP
LOAD c:/program files (x86)/cypress/psoc creator/4.4/psoc creator/import/gnu/arm/5.4.1/bin/../lib/gcc/arm-none-eabi/5.4.1/armv7-m\libgcc.a
LOAD c:/program files (x86)/cypress/psoc creator/4.4/psoc creator/import/gnu/arm/5.4.1/bin/../lib/gcc/arm-none-eabi/5.4.1/../../../../arm-none-eabi/lib/armv7-m\libc.a
LOAD c:/program files (x86)/cypress/psoc creator/4.4/psoc creator/import/gnu/arm/5.4.1/bin/../lib/gcc/arm-none-eabi/5.4.1/../../../../arm-none-eabi/lib/armv7-m\libnosys.a
END GROUP
                0x00000000                CY_APPL_ORIGIN = 0x0
                0x00000100                CY_FLASH_ROW_SIZE = 0x100
                0x00000020                CY_ECC_ROW_SIZE = 0x20
                0x00000000                CY_EE_IN_BTLDR = 0x0
                0x00000000                CY_APPL_LOADABLE = 0x0
                0x00000800                CY_EE_SIZE = 0x800
                0x00000001                CY_APPL_NUM = 0x1
                0x00000001                CY_APPL_MAX = 0x1
                0x00000040                CY_METADATA_SIZE = 0x40
                0x00000000                CY_APPL_LOADABLE = 0x0
                0x00000000                CY_CHECKSUM_EXCLUDE_SIZE = ALIGN (0x0, CY_FLASH_ROW_SIZE)
                [!provide]                PROVIDE (__cy_heap_start, _end)
                0x00000001                PROVIDE (__cy_region_num, ((__cy_regions_end - __cy_regions) / 0x10))
                0x20008000                PROVIDE (__cy_stack, (ORIGIN (ram) + LENGTH (ram)))
                [!provide]                PROVIDE (__cy_heap_end, (__cy_stack - 0x800))

.cybootloader   0x00000000        0x0
 *(.cybootloader)
                0x00000000                appl1_start = CY_APPL_ORIGIN?CY_APPL_ORIGIN:ALIGN (CY_FLASH_ROW_SIZE)
                0x0001ff00                appl2_start = (appl1_start + ALIGN ((((LENGTH (rom) - appl1_start) - (0x2 * CY_FLASH_ROW_SIZE)) / 0x2), CY_FLASH_ROW_SIZE))
                0x00000000                appl_start = (CY_APPL_NUM == 0x1)?appl1_start:appl2_start
                0x00000000                ecc_offset = ((appl_start / CY_FLASH_ROW_SIZE) * CY_ECC_ROW_SIZE)
                0x00000000                ee_offset = (CY_APPL_LOADABLE && ! (CY_EE_IN_BTLDR))?((CY_EE_SIZE / CY_APPL_MAX) * (CY_APPL_NUM - 0x1)):0x0
                0x00000800                ee_size = (CY_APPL_LOADABLE && ! (CY_EE_IN_BTLDR))?(CY_EE_SIZE / CY_APPL_MAX):CY_EE_SIZE
                [!provide]                PROVIDE (CY_ECC_OFFSET, ecc_offset)

.text           0x00000000     0x33c0
 CREATE_OBJECT_SYMBOLS
                0x00000000                PROVIDE (__cy_interrupt_vector, RomVectors)
 *(.romvectors)
 .romvectors    0x00000000       0x10 .\CortexM3\ARM_GCC_541\Debug\Cm3Start.o
                0x00000000                RomVectors
                0x00000001                ASSERT ((. != __cy_interrupt_vector), No interrupt vector)
                0x00000001                ASSERT (CY_APPL_ORIGIN?(SIZEOF (.cybootloader) <= CY_APPL_ORIGIN):0x1, Wrong image location)
                0x00000010                PROVIDE (__cy_reset, Reset)
 *(.text.Reset)
 .text.Reset    0x00000010       0x18 .\CortexM3\ARM_GCC_541\Debug\Cm3Start.o
                0x00000010                Reset
                0x00000001                ASSERT ((. != __cy_reset), No reset code)
 *(.dma_init)
                0x00000001                ASSERT ((((appl_start + .) <= 0x10000) || 0x1), DMA Init must be within the first 64k of flash)
 *(.text .text.* .gnu.linkonce.t.*)
 .text          0x00000028       0x5c c:/program files (x86)/cypress/psoc creator/4.4/psoc creator/import/gnu/arm/5.4.1/bin/../lib/gcc/arm-none-eabi/5.4.1/armv7-m/crtbegin.o
 .text.CLOCK_setEditFonts
                0x00000084       0x34 .\CortexM3\ARM_GCC_541\Debug\swc_clock.o
 .text.CLOCK_setDisplayFonts
                0x000000b8       0x18 .\CortexM3\ARM_GCC_541\Debug\swc_clock.o
 .text.CLOCK__dispatchWrapper
                0x000000d0       0x18 .\CortexM3\ARM_GCC_541\Debug\swc_clock.o
 .text.CLOCK__increment1Minute
                0x000000e8        0xc .\CortexM3\ARM_GCC_541\Debug\swc_clock.o
 .text.CLOCK__dispatch_KL_Hours
                0x000000f4        0xc .\CortexM3\ARM_GCC_541\Debug\swc_clock.o
 .text.CLOCK__dispatch_250MS_Hours
                0x00000100        0xc .\CortexM3\ARM_GCC_541\Debug\swc_clock.o
 .text.CLOCK__dispatch_KRLP_Hours
                0x0000010c        0xc .\CortexM3\ARM_GCC_541\Debug\swc_clock.o
 .text.CLOCK__dispatch_KR_Hours
                0x00000118        0xc .\CortexM3\ARM_GCC_541\Debug\swc_clock.o
 .text.CLOCK__dispatch_KL_HoursMin
                0x00000124       0x14 .\CortexM3\ARM_GCC_541\Debug\swc_clock.o
 .text.CLOCK__dispatch_250MS_Min
                0x00000138        0xc .\CortexM3\ARM_GCC_541\Debug\swc_clock.o
 .text.CLOCK__dispatch_KRLP_Min
                0x00000144        0xc .\CortexM3\ARM_GCC_541\Debug\swc_clock.o
 .text.CLOCK__dispatch_KR_Min
                0x00000150        0xc .\CortexM3\ARM_GCC_541\Debug\swc_clock.o
 .text.CLOCK__dispatch_KL_Min
                0x0000015c        0xc .\CortexM3\ARM_GCC_541\Debug\swc_clock.o
 .text.CLOCK_incrementWidget
                0x00000168      0x100 .\CortexM3\ARM_GCC_541\Debug\swc_clock.o
 .text.CLOCK_input_run
                0x00000268       0x94 .\CortexM3\ARM_GCC_541\Debug\swc_clock.o
                0x00000268                CLOCK_input_run
 .text.CLOCK_control_run
                0x000002fc       0x50 .\CortexM3\ARM_GCC_541\Debug\swc_clock.o
                0x000002fc                CLOCK_control_run
 .text.CLOCK_display_run
                0x0000034c       0xb4 .\CortexM3\ARM_GCC_541\Debug\swc_clock.o
                0x0000034c                CLOCK_display_run
 .text.tftDisplay
                0x00000400       0x48 .\CortexM3\ARM_GCC_541\Debug\swc_clock.o
                0x00000400                tftDisplay
 .text.CLOCK__action_initClock
                0x00000448      0x118 .\CortexM3\ARM_GCC_541\Debug\swc_clock.o
                0x00000448                CLOCK__action_initClock
 .text.Functsk_control
                0x00000560       0x2c .\CortexM3\ARM_GCC_541\Debug\tsk_control.o
                0x00000560                Functsk_control
 .text.Functsk_io
                0x0000058c       0x28 .\CortexM3\ARM_GCC_541\Debug\tsk_io.o
                0x0000058c                Functsk_io
 .text.ISR2_systick_handler
                0x000005b4        0xc .\CortexM3\ARM_GCC_541\Debug\main.o
                0x000005b4                ISR2_systick_handler
 .text.systick_handler
                0x000005c0       0x98 .\CortexM3\ARM_GCC_541\Debug\main.o
                0x000005c0                systick_handler
 .text.main     0x00000658       0x28 .\CortexM3\ARM_GCC_541\Debug\main.o
                0x00000658                main
 .text.Functsk_init
                0x00000680       0x6c .\CortexM3\ARM_GCC_541\Debug\main.o
                0x00000680                Functsk_init
 .text.Functsk_background
                0x000006ec        0x4 .\CortexM3\ARM_GCC_541\Debug\main.o
                0x000006ec                Functsk_background
 .text.ISR2_isr_Button
                0x000006f0       0x88 .\CortexM3\ARM_GCC_541\Debug\main.o
                0x000006f0                ISR2_isr_Button
 .text.isr_Button
                0x00000778       0x98 .\CortexM3\ARM_GCC_541\Debug\main.o
                0x00000778                isr_Button
 .text.STATE__getIndexCurrentState
                0x00000810       0x2c .\CortexM3\ARM_GCC_541\Debug\statemachine.o
                0x00000810                STATE__getIndexCurrentState
 .text.STATE_processEvent
                0x0000083c      0x110 .\CortexM3\ARM_GCC_541\Debug\statemachine.o
                0x0000083c                STATE_processEvent
 .text.Functsk_tft
                0x0000094c       0x28 .\CortexM3\ARM_GCC_541\Debug\tsk_tft.o
                0x0000094c                Functsk_tft
 .text.LOG_send
                0x00000974       0x2c .\CortexM3\ARM_GCC_541\Debug\logging.o
                0x00000974                LOG_send
 .text.__TFT_SPI_TX_ISR
                0x000009a0       0x58 .\CortexM3\ARM_GCC_541\Debug\tft.o
                0x000009a0                __TFT_SPI_TX_ISR
 .text.TFT_send
                0x000009f8       0x84 .\CortexM3\ARM_GCC_541\Debug\tft.o
 .text.setAddrWindow
                0x00000a7c       0x88 .\CortexM3\ARM_GCC_541\Debug\tft.o
 .text.TFT_setBacklight
                0x00000b04       0x10 .\CortexM3\ARM_GCC_541\Debug\tft.o
                0x00000b04                TFT_setBacklight
 .text.TFT_setRotation
                0x00000b14       0xc0 .\CortexM3\ARM_GCC_541\Debug\tft.o
                0x00000b14                TFT_setRotation
 .text.TFT_setCursor
                0x00000bd4       0x10 .\CortexM3\ARM_GCC_541\Debug\tft.o
                0x00000bd4                TFT_setCursor
 .text.TFT_setColors
                0x00000be4       0x10 .\CortexM3\ARM_GCC_541\Debug\tft.o
                0x00000be4                TFT_setColors
 .text.TFT_setTextSize
                0x00000bf4       0x10 .\CortexM3\ARM_GCC_541\Debug\tft.o
                0x00000bf4                TFT_setTextSize
 .text.TFT_fillRect
                0x00000c04       0x8c .\CortexM3\ARM_GCC_541\Debug\tft.o
                0x00000c04                TFT_fillRect
 .text.TFT_fillScreen
                0x00000c90       0x24 .\CortexM3\ARM_GCC_541\Debug\tft.o
                0x00000c90                TFT_fillScreen
 .text.TFT_init
                0x00000cb4       0xe4 .\CortexM3\ARM_GCC_541\Debug\tft.o
                0x00000cb4                TFT_init
 .text.TFT_drawPixel
                0x00000d98       0x50 .\CortexM3\ARM_GCC_541\Debug\tft.o
                0x00000d98                TFT_drawPixel
 .text.TFT_fastVLine
                0x00000de8       0x64 .\CortexM3\ARM_GCC_541\Debug\tft.o
                0x00000de8                TFT_fastVLine
 .text.TFT_drawChar
                0x00000e4c      0x21c .\CortexM3\ARM_GCC_541\Debug\tft.o
                0x00000e4c                TFT_drawChar
 .text.TFT_write
                0x00001068      0x144 .\CortexM3\ARM_GCC_541\Debug\tft.o
                0x00001068                TFT_write
 .text.TFT_print
                0x000011ac       0x14 .\CortexM3\ARM_GCC_541\Debug\tft.o
                0x000011ac                TFT_print
 .text.RTE_ProcessCyclicTable
                0x000011c0       0x30 .\CortexM3\ARM_GCC_541\Debug\rte.o
                0x000011c0                RTE_ProcessCyclicTable
 .text.RTE_ProcessEventTable
                0x000011f0       0x28 .\CortexM3\ARM_GCC_541\Debug\rte.o
                0x000011f0                RTE_ProcessEventTable
 .text.SC_CLOCK_driverOut
                0x00001218       0x44 .\CortexM3\ARM_GCC_541\Debug\sc_clock_type.o
                0x00001218                SC_CLOCK_driverOut
 .text.SC_EVENT_driverIn
                0x0000125c        0x4 .\CortexM3\ARM_GCC_541\Debug\sc_event_type.o
                0x0000125c                SC_EVENT_driverIn
 .text.CyClockStartupError
                0x00001260        0x4 .\CortexM3\ARM_GCC_541\Debug\cyfitter_cfg.o
 .text.cfg_write_bytes32
                0x00001264       0x34 .\CortexM3\ARM_GCC_541\Debug\cyfitter_cfg.o
 .text.ClockSetup
                0x00001298       0xec .\CortexM3\ARM_GCC_541\Debug\cyfitter_cfg.o
 .text.CYMEMZERO
                0x00001384        0xc .\CortexM3\ARM_GCC_541\Debug\cyfitter_cfg.o
 .text.AnalogSetDefault
                0x00001390       0x7c .\CortexM3\ARM_GCC_541\Debug\cyfitter_cfg.o
 .text.CYCONFIGCPY
                0x0000140c        0x8 .\CortexM3\ARM_GCC_541\Debug\cyfitter_cfg.o
 .text.cyfitter_cfg
                0x00001414      0x128 .\CortexM3\ARM_GCC_541\Debug\cyfitter_cfg.o
                0x00001414                cyfitter_cfg
 .text.IntDefaultHandler
                0x0000153c       0x10 .\CortexM3\ARM_GCC_541\Debug\Cm3Start.o
                0x0000153c                IntDefaultHandler
 .text._sbrk    0x0000154c       0x30 .\CortexM3\ARM_GCC_541\Debug\Cm3Start.o
                0x0000154c                _sbrk
 .text.Start_c  0x0000157c       0x4c .\CortexM3\ARM_GCC_541\Debug\Cm3Start.o
                0x0000157c                Start_c
 .text.initialize_psoc
                0x000015c8       0x6c .\CortexM3\ARM_GCC_541\Debug\Cm3Start.o
                0x000015c8                initialize_psoc
 .text.EE_oo_ActivateTask
                0x00001634       0xe8 .\CortexM3\ARM_GCC_541\Debug\electronicClock.a(ErikaOS_1_ee_activate.o)
                0x00001634                EE_oo_ActivateTask
 .text.EE_oo_CancelAlarm
                0x0000171c       0xa4 .\CortexM3\ARM_GCC_541\Debug\electronicClock.a(ErikaOS_1_ee_alcancel.o)
                0x0000171c                EE_oo_CancelAlarm
 .text.EE_oo_SetRelAlarm
                0x000017c0       0x80 .\CortexM3\ARM_GCC_541\Debug\electronicClock.a(ErikaOS_1_ee_alsetrel.o)
                0x000017c0                EE_oo_SetRelAlarm
 .text.EE_oo_handle_action_callback
                0x00001840        0xc .\CortexM3\ARM_GCC_541\Debug\electronicClock.a(ErikaOS_1_ee_altick.o)
 .text.EE_oo_handle_action_task
                0x0000184c       0x4c .\CortexM3\ARM_GCC_541\Debug\electronicClock.a(ErikaOS_1_ee_altick.o)
 .text.EE_oo_handle_action_event
                0x00001898       0x60 .\CortexM3\ARM_GCC_541\Debug\electronicClock.a(ErikaOS_1_ee_altick.o)
 .text.EE_oo_handle_action
                0x000018f8       0x28 .\CortexM3\ARM_GCC_541\Debug\electronicClock.a(ErikaOS_1_ee_altick.o)
 .text.EE_oo_counter_object_insert
                0x00001920       0x9c .\CortexM3\ARM_GCC_541\Debug\electronicClock.a(ErikaOS_1_ee_altick.o)
                0x00001920                EE_oo_counter_object_insert
 .text.EE_oo_IncrementCounterImplementation
                0x000019bc      0x100 .\CortexM3\ARM_GCC_541\Debug\electronicClock.a(ErikaOS_1_ee_altick.o)
                0x000019bc                EE_oo_IncrementCounterImplementation
 .text.EE_oo_IncrementCounter
                0x00001abc       0xb0 .\CortexM3\ARM_GCC_541\Debug\electronicClock.a(ErikaOS_1_ee_altick.o)
                0x00001abc                EE_oo_IncrementCounter
 .text.EE_oo_ClearEvent
                0x00001b6c       0x5c .\CortexM3\ARM_GCC_541\Debug\electronicClock.a(ErikaOS_1_ee_evclear.o)
                0x00001b6c                EE_oo_ClearEvent
 .text.EE_oo_GetEvent
                0x00001bc8       0x40 .\CortexM3\ARM_GCC_541\Debug\electronicClock.a(ErikaOS_1_ee_evget.o)
                0x00001bc8                EE_oo_GetEvent
 .text.EE_oo_SetEvent
                0x00001c08      0x100 .\CortexM3\ARM_GCC_541\Debug\electronicClock.a(ErikaOS_1_ee_evset.o)
                0x00001c08                EE_oo_SetEvent
 .text.EE_oo_WaitEvent
                0x00001d08      0x124 .\CortexM3\ARM_GCC_541\Debug\electronicClock.a(ErikaOS_1_ee_evwait.o)
                0x00001d08                EE_oo_WaitEvent
 .text.EE_IRQ_run_next_task
                0x00001e2c       0x30 .\CortexM3\ARM_GCC_541\Debug\electronicClock.a(ErikaOS_1_ee_irqendin.o)
 .text.EE_IRQ_end_instance
                0x00001e5c       0x68 .\CortexM3\ARM_GCC_541\Debug\electronicClock.a(ErikaOS_1_ee_irqendin.o)
                0x00001e5c                EE_IRQ_end_instance
 .text.EE_IRQ_end_post_stub
                0x00001ec4       0x14 .\CortexM3\ARM_GCC_541\Debug\electronicClock.a(ErikaOS_1_ee_irqendin.o)
                0x00001ec4                EE_IRQ_end_post_stub
 .text.EE_oo_GetResource
                0x00001ed8       0xa8 .\CortexM3\ARM_GCC_541\Debug\electronicClock.a(ErikaOS_1_ee_lockres.o)
                0x00001ed8                EE_oo_GetResource
 .text.EE_rq2stk_exchange
                0x00001f80       0x88 .\CortexM3\ARM_GCC_541\Debug\electronicClock.a(ErikaOS_1_ee_rq_exchg.o)
                0x00001f80                EE_rq2stk_exchange
 .text.EE_rq_queryfirst
                0x00002008       0x44 .\CortexM3\ARM_GCC_541\Debug\electronicClock.a(ErikaOS_1_ee_rq_first.o)
                0x00002008                EE_rq_queryfirst
 .text.EE_rq_insert
                0x0000204c       0x74 .\CortexM3\ARM_GCC_541\Debug\electronicClock.a(ErikaOS_1_ee_rq_inser.o)
                0x0000204c                EE_rq_insert
 .text.compute_task_tid
                0x000020c0       0x10 .\CortexM3\ARM_GCC_541\Debug\electronicClock.a(ErikaOS_1_ee_startos.o)
 .text.EE_oo_start_os
                0x000020d0        0xc .\CortexM3\ARM_GCC_541\Debug\electronicClock.a(ErikaOS_1_ee_startos.o)
 .text.EE_oo_autostart_tasks
                0x000020dc       0x60 .\CortexM3\ARM_GCC_541\Debug\electronicClock.a(ErikaOS_1_ee_startos.o)
 .text.EE_oo_autostart_os
                0x0000213c        0xc .\CortexM3\ARM_GCC_541\Debug\electronicClock.a(ErikaOS_1_ee_startos.o)
 .text.EE_oo_StartOS
                0x00002148       0x8c .\CortexM3\ARM_GCC_541\Debug\electronicClock.a(ErikaOS_1_ee_startos.o)
                0x00002148                EE_oo_StartOS
 .text.EE_oo_TerminateTask
                0x000021d4       0x50 .\CortexM3\ARM_GCC_541\Debug\electronicClock.a(ErikaOS_1_ee_terminat.o)
                0x000021d4                EE_oo_TerminateTask
 .text.EE_oo_ReleaseResource
                0x00002224      0x124 .\CortexM3\ARM_GCC_541\Debug\electronicClock.a(ErikaOS_1_ee_ulockres.o)
                0x00002224                EE_oo_ReleaseResource
 .text.EE_system_init
                0x00002348       0x48 .\CortexM3\ARM_GCC_541\Debug\electronicClock.a(ErikaOS_1_cortex_mx_ee_utils.o)
                0x00002348                EE_system_init
 .text.BUTTON_1_Read
                0x00002390       0x10 .\CortexM3\ARM_GCC_541\Debug\electronicClock.a(BUTTON_1.o)
                0x00002390                BUTTON_1_Read
 .text.BUTTON_2_Read
                0x000023a0       0x10 .\CortexM3\ARM_GCC_541\Debug\electronicClock.a(BUTTON_2.o)
                0x000023a0                BUTTON_2_Read
 .text.UART_LOG_Init
                0x000023b0       0x24 .\CortexM3\ARM_GCC_541\Debug\electronicClock.a(UART_LOG.o)
                0x000023b0                UART_LOG_Init
 .text.UART_LOG_Enable
                0x000023d4       0x38 .\CortexM3\ARM_GCC_541\Debug\electronicClock.a(UART_LOG.o)
                0x000023d4                UART_LOG_Enable
 .text.UART_LOG_Start
                0x0000240c       0x1c .\CortexM3\ARM_GCC_541\Debug\electronicClock.a(UART_LOG.o)
                0x0000240c                UART_LOG_Start
 .text.UART_LOG_PutChar
                0x00002428       0x18 .\CortexM3\ARM_GCC_541\Debug\electronicClock.a(UART_LOG.o)
                0x00002428                UART_LOG_PutChar
 .text.UART_LOG_PutString
                0x00002440       0x24 .\CortexM3\ARM_GCC_541\Debug\electronicClock.a(UART_LOG.o)
                0x00002440                UART_LOG_PutString
 .text.TFT_SPI_Enable
                0x00002464       0x34 .\CortexM3\ARM_GCC_541\Debug\electronicClock.a(TFT_SPI.o)
                0x00002464                TFT_SPI_Enable
 .text.TFT_SPI_ReadTxStatus
                0x00002498        0xc .\CortexM3\ARM_GCC_541\Debug\electronicClock.a(TFT_SPI.o)
                0x00002498                TFT_SPI_ReadTxStatus
 .text.TFT_SPI_ReadRxStatus
                0x000024a4        0xc .\CortexM3\ARM_GCC_541\Debug\electronicClock.a(TFT_SPI.o)
                0x000024a4                TFT_SPI_ReadRxStatus
 .text.TFT_SPI_WriteTxData
                0x000024b0       0x18 .\CortexM3\ARM_GCC_541\Debug\electronicClock.a(TFT_SPI.o)
                0x000024b0                TFT_SPI_WriteTxData
 .text.TFT_SPI_ClearFIFO
                0x000024c8       0x3c .\CortexM3\ARM_GCC_541\Debug\electronicClock.a(TFT_SPI.o)
                0x000024c8                TFT_SPI_ClearFIFO
 .text.TFT_SPI_Init
                0x00002504       0x28 .\CortexM3\ARM_GCC_541\Debug\electronicClock.a(TFT_SPI.o)
                0x00002504                TFT_SPI_Init
 .text.TFT_SPI_Start
                0x0000252c       0x1c .\CortexM3\ARM_GCC_541\Debug\electronicClock.a(TFT_SPI.o)
                0x0000252c                TFT_SPI_Start
 .text.TFT_DC_Write
                0x00002548       0x18 .\CortexM3\ARM_GCC_541\Debug\electronicClock.a(TFT_DC.o)
                0x00002548                TFT_DC_Write
 .text.TFT_RES_Write
                0x00002560       0x18 .\CortexM3\ARM_GCC_541\Debug\electronicClock.a(TFT_RES.o)
                0x00002560                TFT_RES_Write
 .text.TFT_BackLight_Enable
                0x00002578       0x28 .\CortexM3\ARM_GCC_541\Debug\electronicClock.a(TFT_BackLight.o)
                0x00002578                TFT_BackLight_Enable
 .text.TFT_BackLight_WritePeriod
                0x000025a0        0xc .\CortexM3\ARM_GCC_541\Debug\electronicClock.a(TFT_BackLight.o)
                0x000025a0                TFT_BackLight_WritePeriod
 .text.TFT_BackLight_WriteCompare
                0x000025ac        0xc .\CortexM3\ARM_GCC_541\Debug\electronicClock.a(TFT_BackLight.o)
                0x000025ac                TFT_BackLight_WriteCompare
 .text.TFT_BackLight_SetInterruptMode
                0x000025b8        0xc .\CortexM3\ARM_GCC_541\Debug\electronicClock.a(TFT_BackLight.o)
                0x000025b8                TFT_BackLight_SetInterruptMode
 .text.TFT_BackLight_Init
                0x000025c4       0x74 .\CortexM3\ARM_GCC_541\Debug\electronicClock.a(TFT_BackLight.o)
                0x000025c4                TFT_BackLight_Init
 .text.TFT_BackLight_Start
                0x00002638       0x1c .\CortexM3\ARM_GCC_541\Debug\electronicClock.a(TFT_BackLight.o)
                0x00002638                TFT_BackLight_Start
 .text.UART_LOG_IntClock_Start
                0x00002654       0x1c .\CortexM3\ARM_GCC_541\Debug\electronicClock.a(UART_LOG_IntClock.o)
                0x00002654                UART_LOG_IntClock_Start
 .text.TFT_SPI_IntClock_Start
                0x00002670       0x1c .\CortexM3\ARM_GCC_541\Debug\electronicClock.a(TFT_SPI_IntClock.o)
                0x00002670                TFT_SPI_IntClock_Start
 .text.CyDmacConfigure
                0x0000268c       0x34 .\CortexM3\ARM_GCC_541\Debug\electronicClock.a(CyDmac.o)
                0x0000268c                CyDmacConfigure
 .text.CyHalt   0x000026c0        0x4 .\CortexM3\ARM_GCC_541\Debug\electronicClock.a(CyLib.o)
                0x000026c0                CyHalt
 .text.CyDelay  0x000026c4       0x2c .\CortexM3\ARM_GCC_541\Debug\electronicClock.a(CyLib.o)
                0x000026c4                CyDelay
 .text.CyDelayUs
                0x000026f0       0x14 .\CortexM3\ARM_GCC_541\Debug\electronicClock.a(CyLib.o)
                0x000026f0                CyDelayUs
 .text.CyIntSetPriority
                0x00002704       0x30 .\CortexM3\ARM_GCC_541\Debug\electronicClock.a(CyLib.o)
                0x00002704                CyIntSetPriority
 .text          0x00002734       0x7c .\CortexM3\ARM_GCC_541\Debug\electronicClock.a(ErikaOS_1_ee_gnu_change_context_isr.o)
                0x00002734                EE_set_switch_context_pri
                0x0000274e                EE_switch_context
                0x00002758                EE_cortex_mx_pendsv_ISR
                0x00002794                EE_cortex_mx_svc_ISR
 .text          0x000027b0       0x24 .\CortexM3\ARM_GCC_541\Debug\electronicClock.a(ErikaOS_1_ee_gnu_irq_stack.o)
                0x000027b0                EE_cortex_mx_change_IRQ_stack
                0x000027c2                EE_cortex_mx_change_IRQ_stack_back
 .text          0x000027d4       0x68 .\CortexM3\ARM_GCC_541\Debug\electronicClock.a(ErikaOS_1_ee_gnu_multi_context.o)
                0x000027d4                EE_cortex_mx_change_context
 .text          0x0000283c       0x80 .\CortexM3\ARM_GCC_541\Debug\electronicClock.a(ErikaOS_1_ee_gnu_oo.o)
                0x0000283c                EE_hal_terminate_savestk
                0x00002886                EE_hal_terminate_task
 *fill*         0x000028bc        0x4 
 .text          0x000028c0       0x20 .\CortexM3\ARM_GCC_541\Debug\electronicClock.a(CyBootAsmGnu.o)
                0x000028c0                CyDelayCycles
                0x000028d0                CyEnterCriticalSection
                0x000028d8                CyExitCriticalSection
 .text.EE_thread_not_terminated
                0x000028e0       0x18 .\CortexM3\ARM_GCC_541\Debug\electronicClock.a(ErikaOS_1_ee_tnterm.o)
                0x000028e0                EE_thread_not_terminated
 .text.EE_oo_thread_stub
                0x000028f8       0x10 .\CortexM3\ARM_GCC_541\Debug\electronicClock.a(ErikaOS_1_ee_tstub.o)
                0x000028f8                EE_oo_thread_stub
 .text.EE_oo_release_all_resources
                0x00002908       0x58 .\CortexM3\ARM_GCC_541\Debug\electronicClock.a(ErikaOS_1_ee_ulockallres.o)
                0x00002908                EE_oo_release_all_resources
 .text.EE_std_run_task_code
                0x00002960       0x18 .\CortexM3\ARM_GCC_541\Debug\electronicClock.a(ErikaOS_1_cortex_mx_ee_context.o)
                0x00002960                EE_std_run_task_code
 .text.EE_std_need_context_change
                0x00002978       0x28 .\CortexM3\ARM_GCC_541\Debug\electronicClock.a(ErikaOS_1_cortex_mx_ee_context.o)
                0x00002978                EE_std_need_context_change
 .text.EE_thread_rnact_max
                0x000029a0       0x20 .\CortexM3\ARM_GCC_541\Debug\electronicClock.a(ErikaOS_1_ee_thendin.o)
 .text.EE_thread_endcycle_next
                0x000029c0       0x30 .\CortexM3\ARM_GCC_541\Debug\electronicClock.a(ErikaOS_1_ee_thendin.o)
 .text.EE_thread_end_instance
                0x000029f0      0x108 .\CortexM3\ARM_GCC_541\Debug\electronicClock.a(ErikaOS_1_ee_thendin.o)
                0x000029f0                EE_thread_end_instance
 .text.__errno  0x00002af8        0xc c:/program files (x86)/cypress/psoc creator/4.4/psoc creator/import/gnu/arm/5.4.1/bin/../lib/gcc/arm-none-eabi/5.4.1/../../../../arm-none-eabi/lib/armv7-m\libg_nano.a(lib_a-errno.o)
                0x00002af8                __errno
 .text.__libc_init_array
                0x00002b04       0x4c c:/program files (x86)/cypress/psoc creator/4.4/psoc creator/import/gnu/arm/5.4.1/bin/../lib/gcc/arm-none-eabi/5.4.1/../../../../arm-none-eabi/lib/armv7-m\libg_nano.a(lib_a-init.o)
                0x00002b04                __libc_init_array
 .text.memcpy   0x00002b50       0x16 c:/program files (x86)/cypress/psoc creator/4.4/psoc creator/import/gnu/arm/5.4.1/bin/../lib/gcc/arm-none-eabi/5.4.1/../../../../arm-none-eabi/lib/armv7-m\libg_nano.a(lib_a-memcpy-stub.o)
                0x00002b50                memcpy
 .text.memset   0x00002b66       0x10 c:/program files (x86)/cypress/psoc creator/4.4/psoc creator/import/gnu/arm/5.4.1/bin/../lib/gcc/arm-none-eabi/5.4.1/../../../../arm-none-eabi/lib/armv7-m\libg_nano.a(lib_a-memset.o)
                0x00002b66                memset
 *fill*         0x00002b76        0x2 
 .text.sprintf  0x00002b78       0x48 c:/program files (x86)/cypress/psoc creator/4.4/psoc creator/import/gnu/arm/5.4.1/bin/../lib/gcc/arm-none-eabi/5.4.1/../../../../arm-none-eabi/lib/armv7-m\libg_nano.a(lib_a-sprintf.o)
                0x00002b78                siprintf
                0x00002b78                sprintf
 .text.__ssputs_r
                0x00002bc0       0xb2 c:/program files (x86)/cypress/psoc creator/4.4/psoc creator/import/gnu/arm/5.4.1/bin/../lib/gcc/arm-none-eabi/5.4.1/../../../../arm-none-eabi/lib/armv7-m\libg_nano.a(lib_a-nano-svfprintf.o)
                0x00002bc0                __ssputs_r
 *fill*         0x00002c72        0x2 
 .text._svfprintf_r
                0x00002c74      0x1e8 c:/program files (x86)/cypress/psoc creator/4.4/psoc creator/import/gnu/arm/5.4.1/bin/../lib/gcc/arm-none-eabi/5.4.1/../../../../arm-none-eabi/lib/armv7-m\libg_nano.a(lib_a-nano-svfprintf.o)
                0x00002c74                _svfiprintf_r
                0x00002c74                _svfprintf_r
 .text._printf_common
                0x00002e5c       0xec c:/program files (x86)/cypress/psoc creator/4.4/psoc creator/import/gnu/arm/5.4.1/bin/../lib/gcc/arm-none-eabi/5.4.1/../../../../arm-none-eabi/lib/armv7-m\libg_nano.a(lib_a-nano-vfprintf_i.o)
                0x00002e5c                _printf_common
 .text._printf_i
                0x00002f48      0x24c c:/program files (x86)/cypress/psoc creator/4.4/psoc creator/import/gnu/arm/5.4.1/bin/../lib/gcc/arm-none-eabi/5.4.1/../../../../arm-none-eabi/lib/armv7-m\libg_nano.a(lib_a-nano-vfprintf_i.o)
                0x00002f48                _printf_i
 .text.memchr   0x00003194       0x1c c:/program files (x86)/cypress/psoc creator/4.4/psoc creator/import/gnu/arm/5.4.1/bin/../lib/gcc/arm-none-eabi/5.4.1/../../../../arm-none-eabi/lib/armv7-m\libg_nano.a(lib_a-memchr-stub.o)
                0x00003194                memchr
 .text.memmove  0x000031b0       0x36 c:/program files (x86)/cypress/psoc creator/4.4/psoc creator/import/gnu/arm/5.4.1/bin/../lib/gcc/arm-none-eabi/5.4.1/../../../../arm-none-eabi/lib/armv7-m\libg_nano.a(lib_a-memmove.o)
                0x000031b0                memmove
 *fill*         0x000031e6        0x2 
 .text._free_r  0x000031e8       0x98 c:/program files (x86)/cypress/psoc creator/4.4/psoc creator/import/gnu/arm/5.4.1/bin/../lib/gcc/arm-none-eabi/5.4.1/../../../../arm-none-eabi/lib/armv7-m\libg_nano.a(lib_a-nano-freer.o)
                0x000031e8                _free_r
 .text._malloc_r
                0x00003280       0xbc c:/program files (x86)/cypress/psoc creator/4.4/psoc creator/import/gnu/arm/5.4.1/bin/../lib/gcc/arm-none-eabi/5.4.1/../../../../arm-none-eabi/lib/armv7-m\libg_nano.a(lib_a-nano-mallocr.o)
                0x00003280                _malloc_r
 .text._realloc_r
                0x0000333c       0x4c c:/program files (x86)/cypress/psoc creator/4.4/psoc creator/import/gnu/arm/5.4.1/bin/../lib/gcc/arm-none-eabi/5.4.1/../../../../arm-none-eabi/lib/armv7-m\libg_nano.a(lib_a-nano-reallocr.o)
                0x0000333c                _realloc_r
 .text._sbrk_r  0x00003388       0x20 c:/program files (x86)/cypress/psoc creator/4.4/psoc creator/import/gnu/arm/5.4.1/bin/../lib/gcc/arm-none-eabi/5.4.1/../../../../arm-none-eabi/lib/armv7-m\libg_nano.a(lib_a-sbrkr.o)
                0x00003388                _sbrk_r
 .text.__malloc_lock
                0x000033a8        0x2 c:/program files (x86)/cypress/psoc creator/4.4/psoc creator/import/gnu/arm/5.4.1/bin/../lib/gcc/arm-none-eabi/5.4.1/../../../../arm-none-eabi/lib/armv7-m\libg_nano.a(lib_a-mlock.o)
                0x000033a8                __malloc_lock
 .text.__malloc_unlock
                0x000033aa        0x2 c:/program files (x86)/cypress/psoc creator/4.4/psoc creator/import/gnu/arm/5.4.1/bin/../lib/gcc/arm-none-eabi/5.4.1/../../../../arm-none-eabi/lib/armv7-m\libg_nano.a(lib_a-mlock.o)
                0x000033aa                __malloc_unlock
 .text._malloc_usable_size_r
                0x000033ac       0x14 c:/program files (x86)/cypress/psoc creator/4.4/psoc creator/import/gnu/arm/5.4.1/bin/../lib/gcc/arm-none-eabi/5.4.1/../../../../arm-none-eabi/lib/armv7-m\libg_nano.a(lib_a-nano-msizer.o)
                0x000033ac                _malloc_usable_size_r
 *(.plt)
 *(.gnu.warning)
 *(.glue_7t)
 .glue_7t       0x000033c0        0x0 linker stubs
 *(.glue_7)
 .glue_7        0x000033c0        0x0 linker stubs
 *(.vfp11_veneer)
 .vfp11_veneer  0x000033c0        0x0 linker stubs
 *(.bootloader)
 *(.ARM.extab* .gnu.linkonce.armextab.*)
 *(.gcc_except_table)

.v4_bx          0x000033c0        0x0
 .v4_bx         0x000033c0        0x0 linker stubs

.iplt           0x000033c0        0x0
 .iplt          0x000033c0        0x0 c:/program files (x86)/cypress/psoc creator/4.4/psoc creator/import/gnu/arm/5.4.1/bin/../lib/gcc/arm-none-eabi/5.4.1/armv7-m/crtbegin.o

.eh_frame_hdr
 *(.eh_frame_hdr)

.eh_frame       0x000033c0        0x4
 *(.eh_frame)
 .eh_frame      0x000033c0        0x0 c:/program files (x86)/cypress/psoc creator/4.4/psoc creator/import/gnu/arm/5.4.1/bin/../lib/gcc/arm-none-eabi/5.4.1/armv7-m/crtbegin.o
 .eh_frame      0x000033c0        0x4 c:/program files (x86)/cypress/psoc creator/4.4/psoc creator/import/gnu/arm/5.4.1/bin/../lib/gcc/arm-none-eabi/5.4.1/armv7-m/crtend.o
                [!provide]                PROVIDE (__exidx_start, .)

.ARM.exidx
 *(.ARM.exidx* .gnu.linkonce.armexidx.*)
                0x000033c4                __exidx_end = .

.rodata         0x000033c4      0xb4c
 *(.rodata .rodata.* .gnu.linkonce.r.*)
 .rodata        0x000033c4      0x12c .\CortexM3\ARM_GCC_541\Debug\swc_clock.o
                0x00003478                STATE_CLOCK_C_ISEDITINGMINS_Transitions
                0x000034a8                STATE_CLOCK_C_ISEDITINGHOURS_Transitions
                0x000034d8                STATE_CLOCK_C_ISDISPLAYING_Transitions
 .rodata.str1.4
                0x000034f0        0x7 .\CortexM3\ARM_GCC_541\Debug\swc_clock.o
 *fill*         0x000034f7        0x1 
 .rodata        0x000034f8       0x1a .\CortexM3\ARM_GCC_541\Debug\tsk_control.o
                0x000034f8                RTE_eventActivationTable_tsk_control
                0x00003510                RTE_eventActivation_tsk_control_size
 *fill*         0x00003512        0x2 
 .rodata        0x00003514        0xa .\CortexM3\ARM_GCC_541\Debug\tsk_io.o
                0x00003514                RTE_cyclicActivationTable_tsk_io
                0x0000351c                RTE_cyclicActivation_tsk_io_size
 *fill*         0x0000351e        0x2 
 .rodata.str1.4
                0x00003520       0x37 .\CortexM3\ARM_GCC_541\Debug\main.o
 *fill*         0x00003557        0x1 
 .rodata        0x00003558        0xa .\CortexM3\ARM_GCC_541\Debug\tsk_tft.o
                0x00003558                RTE_cyclicActivationTable_tsk_tft
                0x00003560                RTE_cyclicActivation_tsk_tft_size
 *fill*         0x00003562        0x2 
 .rodata.str1.4
                0x00003564       0x14 .\CortexM3\ARM_GCC_541\Debug\logging.o
                                 0x18 (size before relaxing)
 .rodata        0x00003578      0x558 .\CortexM3\ARM_GCC_541\Debug\tft.o
 .rodata.str1.4
                0x00003ad0       0x14 .\CortexM3\ARM_GCC_541\Debug\tft.o
 .rodata.str1.4
                0x00003ae4        0x5 .\CortexM3\ARM_GCC_541\Debug\sc_clock_type.o
 *fill*         0x00003ae9        0x3 
 .rodata        0x00003aec       0x7c .\CortexM3\ARM_GCC_541\Debug\sp_common.o
                0x00003b14                so_event_updTasks
 .rodata        0x00003b68       0x2a .\CortexM3\ARM_GCC_541\Debug\cyfitter_cfg.o
 *fill*         0x00003b92        0x2 
 .rodata        0x00003b94      0x100 .\CortexM3\ARM_GCC_541\Debug\electronicClock.a(ErikaOS_1_ee_lookup.o)
                0x00003b94                EE_rq_lookup
 .rodata        0x00003c94      0x164 .\CortexM3\ARM_GCC_541\Debug\electronicClock.a(ErikaOS_1_eecfg.o)
                0x00003c94                EE_oo_autostart_task_data
                0x00003ca0                EE_oo_action_ROM
                0x00003cf0                EE_oo_counter_object_ROM
                0x00003d20                EE_ALARM_ID
                0x00003d30                EE_alarm_ROM
                0x00003d40                EE_counter_ROM
                0x00003d4c                EE_resource_ceiling
                0x00003d54                EE_th_is_extended
                0x00003d68                EE_th_rnact_max
                0x00003d7c                EE_th_dispatch_prio
                0x00003d90                EE_EVENT_ID
                0x00003d9c                EE_RESOURCE_ID
                0x00003da4                EE_th_ready_prio
                0x00003db8                EE_terminate_real_th_body
                0x00003dcc                EE_hal_thread_body
                0x00003de0                EE_std_thread_tos
 .rodata.str1.4
                0x00003df8       0xa8 .\CortexM3\ARM_GCC_541\Debug\electronicClock.a(ErikaOS_1_eecfg.o)
 .rodata.str1.1
                0x00003ea0        0x2 c:/program files (x86)/cypress/psoc creator/4.4/psoc creator/import/gnu/arm/5.4.1/bin/../lib/gcc/arm-none-eabi/5.4.1/../../../../arm-none-eabi/lib/armv7-m\libg_nano.a(lib_a-impure.o)
 .rodata.str1.1
                0x00003ea2       0x11 c:/program files (x86)/cypress/psoc creator/4.4/psoc creator/import/gnu/arm/5.4.1/bin/../lib/gcc/arm-none-eabi/5.4.1/../../../../arm-none-eabi/lib/armv7-m\libg_nano.a(lib_a-nano-svfprintf.o)
 .rodata.str1.1
                0x00003eb3       0x22 c:/program files (x86)/cypress/psoc creator/4.4/psoc creator/import/gnu/arm/5.4.1/bin/../lib/gcc/arm-none-eabi/5.4.1/../../../../arm-none-eabi/lib/armv7-m\libg_nano.a(lib_a-nano-vfprintf_i.o)
                0x00003ed8                . = ALIGN (0x4)
 *fill*         0x00003ed5        0x3 
 *(.init)
 .init          0x00003ed8        0x4 c:/program files (x86)/cypress/psoc creator/4.4/psoc creator/import/gnu/arm/5.4.1/bin/../lib/gcc/arm-none-eabi/5.4.1/armv7-m/crti.o
                0x00003ed8                _init
 .init          0x00003edc        0x8 c:/program files (x86)/cypress/psoc creator/4.4/psoc creator/import/gnu/arm/5.4.1/bin/../lib/gcc/arm-none-eabi/5.4.1/armv7-m/crtn.o
                0x00003ee4                . = ALIGN (0x4)
                0x00003ee4                __preinit_array_start = .
 *(.preinit_array)
                0x00003ee4                __preinit_array_end = .
                0x00003ee4                . = ALIGN (0x4)
                0x00003ee4                __init_array_start = .
 *(SORT(.init_array.*))
 *(.init_array)
 .init_array    0x00003ee4        0x4 c:/program files (x86)/cypress/psoc creator/4.4/psoc creator/import/gnu/arm/5.4.1/bin/../lib/gcc/arm-none-eabi/5.4.1/armv7-m/crtbegin.o
 .init_array    0x00003ee8        0x4 .\CortexM3\ARM_GCC_541\Debug\Cm3Start.o
                0x00003eec                __init_array_end = .
                0x00003eec                . = ALIGN (0x4)
 *(.fini)
 .fini          0x00003eec        0x4 c:/program files (x86)/cypress/psoc creator/4.4/psoc creator/import/gnu/arm/5.4.1/bin/../lib/gcc/arm-none-eabi/5.4.1/armv7-m/crti.o
                0x00003eec                _fini
 .fini          0x00003ef0        0x8 c:/program files (x86)/cypress/psoc creator/4.4/psoc creator/import/gnu/arm/5.4.1/bin/../lib/gcc/arm-none-eabi/5.4.1/armv7-m/crtn.o
                0x00003ef8                . = ALIGN (0x4)
                0x00003ef8                __fini_array_start = .
 *(.fini_array)
 .fini_array    0x00003ef8        0x4 c:/program files (x86)/cypress/psoc creator/4.4/psoc creator/import/gnu/arm/5.4.1/bin/../lib/gcc/arm-none-eabi/5.4.1/armv7-m/crtbegin.o
 *(SORT(.fini_array.*))
                0x00003efc                __fini_array_end = .
                0x00003efc                . = ALIGN (0x4)
 *crtbegin.o(.ctors)
 *(EXCLUDE_FILE(*crtend.o) .ctors)
 *(SORT(.ctors.*))
 *crtend.o(.ctors)
                0x00003efc                . = ALIGN (0x4)
 *crtbegin.o(.dtors)
 *(EXCLUDE_FILE(*crtend.o) .dtors)
 *(SORT(.dtors.*))
 *crtend.o(.dtors)
                0x00003efc                . = ALIGN (0x4)
                0x00003efc                __cy_regions = .
                0x00003efc        0x4 LONG 0x3f10 __cy_region_init_ram
                0x00003f00        0x4 LONG 0x1fff80c8 __cy_region_start_data
                0x00003f04        0x4 LONG 0x250 __cy_region_init_size_ram
                0x00003f08        0x4 LONG 0xc00 __cy_region_zero_size_ram
                0x00003f0c                __cy_regions_end = .
                0x00003f10                . = ALIGN (0x8)
 *fill*         0x00003f0c        0x4 
                0x00003f10                _etext = .

.cy_checksum_exclude
                0x00003f10        0x0
 *(.cy_checksum_exclude)

.ramvectors     0x1fff8000       0xc0
                0x1fff8000                __cy_region_start_ram = .
 *(.ramvectors)
 .ramvectors    0x1fff8000       0xc0 .\CortexM3\ARM_GCC_541\Debug\Cm3Start.o
                0x1fff8000                CyRamVectors

.noinit         0x1fff80c0        0x1
 *(.noinit)
 .noinit        0x1fff80c0        0x1 .\CortexM3\ARM_GCC_541\Debug\electronicClock.a(CyLib.o)
                0x1fff80c0                CyResetStatus

.data           0x1fff80c8      0x250 load address 0x00003f10
                0x1fff80c8                __cy_region_start_data = .
 *(.jcr)
 .jcr           0x1fff80c8        0x0 c:/program files (x86)/cypress/psoc creator/4.4/psoc creator/import/gnu/arm/5.4.1/bin/../lib/gcc/arm-none-eabi/5.4.1/armv7-m/crtbegin.o
 .jcr           0x1fff80c8        0x4 c:/program files (x86)/cypress/psoc creator/4.4/psoc creator/import/gnu/arm/5.4.1/bin/../lib/gcc/arm-none-eabi/5.4.1/armv7-m/crtend.o
 *(.got.plt)
 *(.got)
 *(.shdata)
 *(.data .data.* .gnu.linkonce.d.*)
 .data          0x1fff80cc       0x20 .\CortexM3\ARM_GCC_541\Debug\swc_clock.o
                0x1fff80cc                CONTROL_WidgetFSM
                0x1fff80dc                CONTROL_ContainerFSM
 .data          0x1fff80ec       0x44 .\CortexM3\ARM_GCC_541\Debug\sp_common.o
                0x1fff80ec                SO_CLOCK_signal
                0x1fff8108                SO_DISPLAY_signal
                0x1fff8124                SO_EVENT_signal
 .data          0x1fff8130        0x4 .\CortexM3\ARM_GCC_541\Debug\Cm3Start.o
 .data          0x1fff8134      0x164 .\CortexM3\ARM_GCC_541\Debug\electronicClock.a(ErikaOS_1_eecfg.o)
                0x1fff8134                EE_ALARM_NAME
                0x1fff8144                EE_counter_RAM
                0x1fff814c                EE_resource_stack
                0x1fff8154                EE_th_resource_last
                0x1fff8168                EE_th_terminate_nextask
                0x1fff817c                EE_rq_pairs_next
                0x1fff8190                EE_rq_link
                0x1fff81a4                EE_th_rnact
                0x1fff81b8                EE_rq_queues_tail
                0x1fff81f8                EE_rq_queues_head
                0x1fff8238                EE_stkfirst
                0x1fff823c                EE_th_next
                0x1fff8250                EE_th_status
                0x1fff8264                EE_EVENT_NAME
                0x1fff8270                EE_RESOURCE_NAME
                0x1fff8278                EE_TASK_NAME
                0x1fff828c                EE_cortex_mx_IRQ_tos
                0x1fff8290                EE_cortex_mx_system_tos
 .data          0x1fff8298        0x8 .\CortexM3\ARM_GCC_541\Debug\electronicClock.a(CyDmac.o)
 .data          0x1fff82a0       0x10 .\CortexM3\ARM_GCC_541\Debug\electronicClock.a(CyLib.o)
                0x1fff82a0                cydelay_32k_ms
                0x1fff82a4                cydelay_freq_khz
                0x1fff82a8                cydelay_freq_mhz
                0x1fff82ac                cydelay_freq_hz
 .data          0x1fff82b0        0x4 .\CortexM3\ARM_GCC_541\Debug\electronicClock.a(ErikaOS_1_ee_gnu_irq_stack.o)
 .data.impure_data
                0x1fff82b4       0x60 c:/program files (x86)/cypress/psoc creator/4.4/psoc creator/import/gnu/arm/5.4.1/bin/../lib/gcc/arm-none-eabi/5.4.1/../../../../arm-none-eabi/lib/armv7-m\libg_nano.a(lib_a-impure.o)
 .data._impure_ptr
                0x1fff8314        0x4 c:/program files (x86)/cypress/psoc creator/4.4/psoc creator/import/gnu/arm/5.4.1/bin/../lib/gcc/arm-none-eabi/5.4.1/../../../../arm-none-eabi/lib/armv7-m\libg_nano.a(lib_a-impure.o)
                0x1fff8314                _impure_ptr
                0x1fff8318                . = ALIGN (0x8)
 *(.ram)
                0x1fff8318                _edata = .

.igot.plt       0x1fff8318        0x0 load address 0x00004160
 .igot.plt      0x1fff8318        0x0 c:/program files (x86)/cypress/psoc creator/4.4/psoc creator/import/gnu/arm/5.4.1/bin/../lib/gcc/arm-none-eabi/5.4.1/armv7-m/crtbegin.o

.bss            0x1fff8318      0xc00 load address 0x00004160
                0x1fff8318                PROVIDE (__bss_start__, .)
 *(.shbss)
 *(.bss .bss.* .gnu.linkonce.b.*)
 .bss           0x1fff8318       0x1c c:/program files (x86)/cypress/psoc creator/4.4/psoc creator/import/gnu/arm/5.4.1/bin/../lib/gcc/arm-none-eabi/5.4.1/armv7-m/crtbegin.o
 .bss           0x1fff8334        0x3 .\CortexM3\ARM_GCC_541\Debug\swc_clock.o
                0x1fff8334                m_hours
                0x1fff8335                m_mins
 *fill*         0x1fff8337        0x1 
 .bss           0x1fff8338        0x4 .\CortexM3\ARM_GCC_541\Debug\tsk_io.o
 .bss           0x1fff833c        0x4 .\CortexM3\ARM_GCC_541\Debug\tsk_tft.o
 .bss           0x1fff8340       0xe6 .\CortexM3\ARM_GCC_541\Debug\tft.o
 *fill*         0x1fff8426        0x2 
 .bss           0x1fff8428       0x54 .\CortexM3\ARM_GCC_541\Debug\electronicClock.a(ErikaOS_1_eecfg.o)
                0x1fff8428                EE_resource_locked
                0x1fff8430                EE_th_waswaiting
                0x1fff8444                EE_th_event_waitmask
                0x1fff8458                EE_th_event_active
                0x1fff846c                EE_rq_free
                0x1fff8470                EE_rq_bitmask
                0x1fff8474                EE_sys_ceiling
                0x1fff8478                EE_cortex_mx_active_tos
 .bss           0x1fff847c        0x2 .\CortexM3\ARM_GCC_541\Debug\electronicClock.a(UART_LOG.o)
                0x1fff847c                UART_LOG_initVar
 .bss           0x1fff847e        0x1 .\CortexM3\ARM_GCC_541\Debug\electronicClock.a(TFT_SPI.o)
                0x1fff847e                TFT_SPI_initVar
 .bss           0x1fff847f        0x1 .\CortexM3\ARM_GCC_541\Debug\electronicClock.a(TFT_BackLight.o)
                0x1fff847f                TFT_BackLight_initVar
 .bss.__malloc_sbrk_start
                0x1fff8480        0x4 c:/program files (x86)/cypress/psoc creator/4.4/psoc creator/import/gnu/arm/5.4.1/bin/../lib/gcc/arm-none-eabi/5.4.1/../../../../arm-none-eabi/lib/armv7-m\libg_nano.a(lib_a-nano-mallocr.o)
                0x1fff8480                __malloc_sbrk_start
 .bss.__malloc_free_list
                0x1fff8484        0x4 c:/program files (x86)/cypress/psoc creator/4.4/psoc creator/import/gnu/arm/5.4.1/bin/../lib/gcc/arm-none-eabi/5.4.1/../../../../arm-none-eabi/lib/armv7-m\libg_nano.a(lib_a-nano-mallocr.o)
                0x1fff8484                __malloc_free_list
 *(COMMON)
 COMMON         0x1fff8488        0x1 .\CortexM3\ARM_GCC_541\Debug\main.o
                0x1fff8488                buttonStatus
 *fill*         0x1fff8489        0x3 
 COMMON         0x1fff848c        0x8 .\CortexM3\ARM_GCC_541\Debug\electronicClock.a(ErikaOS_1_ee_lookup.o)
                0x1fff848c                EE_oo_IRQ_disable_count
                0x1fff8490                EE_oo_IRQ_suspend_status
 COMMON         0x1fff8494        0x4 .\CortexM3\ARM_GCC_541\Debug\electronicClock.a(ErikaOS_1_ee_startos.o)
                0x1fff8494                EE_oo_started
 COMMON         0x1fff8498        0x8 .\CortexM3\ARM_GCC_541\Debug\electronicClock.a(ErikaOS_1_common_ee_hal_structs.o)
                0x1fff8498                EE_IRQ_nesting_level
                0x1fff849c                EE_std_endcycle_next_tid
 COMMON         0x1fff84a0      0xa74 .\CortexM3\ARM_GCC_541\Debug\electronicClock.a(ErikaOS_1_eecfg.o)
                0x1fff84a0                EE_rq_pairs_tid
                0x1fff84b4                EE_terminate_data
                0x1fff84c8                EE_oo_counter_object_RAM
                0x1fff8508                EE_resource_oldceiling
                0x1fff8510                EE_ApplicationMode
                0x1fff8514                EE_cortex_mx_stack_4
                0x1fff8d14                EE_cortex_mx_stack_9
 COMMON         0x1fff8f14        0x4 c:/program files (x86)/cypress/psoc creator/4.4/psoc creator/import/gnu/arm/5.4.1/bin/../lib/gcc/arm-none-eabi/5.4.1/../../../../arm-none-eabi/lib/armv7-m\libg_nano.a(lib_a-reent.o)
                0x1fff8f14                errno
                0x1fff8f18                . = ALIGN (0x8)
 *(.ram.b)
                0x1fff8f18                _end = .
                0x1fff8f18                __end = .
                0x1fff8f18                PROVIDE (end, .)
                0x1fff8f18                PROVIDE (__bss_end__, .)
                0x00003f10                __cy_region_init_ram = LOADADDR (.data)
                0x00000250                __cy_region_init_size_ram = (_edata - ADDR (.data))
                0x00000c00                __cy_region_zero_size_ram = (_end - _edata)

.heap           0x1fff8f18       0x80 load address 0x00004160
                0x1fff8f18                . = _end
                0x1fff8f98                . = (. + 0x80)
 *fill*         0x1fff8f18       0x80 
                0x1fff8f98                __cy_heap_limit = .

.stack          0x20007800      0x800
                0x20007800                __cy_stack_limit = .
                0x20008000                . = (. + 0x800)
 *fill*         0x20007800      0x800 
                0x00000001                ASSERT ((__cy_stack_limit >= __cy_heap_limit), region RAM overflowed with stack)
                0x00000000                cy_checksum_exclude_size = (CY_APPL_LOADABLE == 0x1)?SIZEOF (.cy_checksum_exclude):0x0
                0x00000001                ASSERT ((cy_checksum_exclude_size <= CY_CHECKSUM_EXCLUDE_SIZE), CY_BOOT: Section .cy_checksum_exclude size exceedes specified limit.)

.cyloadermeta
 *(.cyloadermeta)

.cyloadablemeta
 *(.cyloadablemeta)

.cyconfigecc    0x80000000      0xd80
 *(.cyconfigecc)
 .cyconfigecc   0x80000000      0xd80 .\CortexM3\ARM_GCC_541\Debug\cymetadata.o
                0x80000000                cy_meta_configecc

.cycustnvl      0x90000000        0x4
 *(.cycustnvl)
 .cycustnvl     0x90000000        0x4 .\CortexM3\ARM_GCC_541\Debug\cymetadata.o
                0x90000000                cy_meta_custnvl

.cywolatch      0x90100000        0x4
 *(.cywolatch)
 .cywolatch     0x90100000        0x4 .\CortexM3\ARM_GCC_541\Debug\cymetadata.o
                0x90100000                cy_meta_wonvl

.cyeeprom       0x90200000        0x0
 *(.cyeeprom)
                0x00000001                ASSERT ((. <= ((0x90200000 + ee_offset) + ee_size)), .cyeeprom data will not fit in EEPROM)

.cyflashprotect
                0x90400000      0x100
 *(.cyflashprotect)
 .cyflashprotect
                0x90400000      0x100 .\CortexM3\ARM_GCC_541\Debug\cymetadata.o
                0x90400000                cy_meta_flashprotect

.cymeta         0x90500000        0xc
 *(.cymeta)
 .cymeta        0x90500000        0xc .\CortexM3\ARM_GCC_541\Debug\cymetadata.o
                0x90500000                cy_metadata

.rel.dyn        0x00004160        0x0 load address 0x9050000c
 .rel.iplt      0x00004160        0x0 c:/program files (x86)/cypress/psoc creator/4.4/psoc creator/import/gnu/arm/5.4.1/bin/../lib/gcc/arm-none-eabi/5.4.1/armv7-m/crtbegin.o

.stab
 *(.stab)

.stabstr
 *(.stabstr)

.debug
 *(.debug)

.line
 *(.line)

.debug_srcinfo
 *(.debug_srcinfo)

.debug_sfnames
 *(.debug_sfnames)

.debug_aranges  0x00000000     0x1a40
 *(.debug_aranges)
 .debug_aranges
                0x00000000       0xb0 .\CortexM3\ARM_GCC_541\Debug\swc_clock.o
 .debug_aranges
                0x000000b0       0x20 .\CortexM3\ARM_GCC_541\Debug\tsk_control.o
 .debug_aranges
                0x000000d0       0x20 .\CortexM3\ARM_GCC_541\Debug\tsk_io.o
 .debug_aranges
                0x000000f0       0x58 .\CortexM3\ARM_GCC_541\Debug\main.o
 .debug_aranges
                0x00000148       0x38 .\CortexM3\ARM_GCC_541\Debug\statemachine.o
 .debug_aranges
                0x00000180       0x20 .\CortexM3\ARM_GCC_541\Debug\tsk_tft.o
 .debug_aranges
                0x000001a0       0x28 .\CortexM3\ARM_GCC_541\Debug\logging.o
 .debug_aranges
                0x000001c8      0x178 .\CortexM3\ARM_GCC_541\Debug\tft.o
 .debug_aranges
                0x00000340       0x78 .\CortexM3\ARM_GCC_541\Debug\trcKernelPort.o
 .debug_aranges
                0x000003b8       0x18 .\CortexM3\ARM_GCC_541\Debug\trcSnapshotRecorder.o
 .debug_aranges
                0x000003d0      0x188 .\CortexM3\ARM_GCC_541\Debug\trcStreamingRecorder.o
 .debug_aranges
                0x00000558       0x28 .\CortexM3\ARM_GCC_541\Debug\button.o
 .debug_aranges
                0x00000580       0x28 .\CortexM3\ARM_GCC_541\Debug\joystick.o
 .debug_aranges
                0x000005a8       0x38 .\CortexM3\ARM_GCC_541\Debug\led.o
 .debug_aranges
                0x000005e0       0x48 .\CortexM3\ARM_GCC_541\Debug\seven.o
 .debug_aranges
                0x00000628       0x28 .\CortexM3\ARM_GCC_541\Debug\rte.o
 .debug_aranges
                0x00000650       0x20 .\CortexM3\ARM_GCC_541\Debug\sc_clock_type.o
 .debug_aranges
                0x00000670       0x20 .\CortexM3\ARM_GCC_541\Debug\sc_event_type.o
 .debug_aranges
                0x00000690       0x20 .\CortexM3\ARM_GCC_541\Debug\sp_common.o
 .debug_aranges
                0x000006b0       0x58 .\CortexM3\ARM_GCC_541\Debug\cyfitter_cfg.o
 .debug_aranges
                0x00000708       0x18 .\CortexM3\ARM_GCC_541\Debug\cymetadata.o
 .debug_aranges
                0x00000720       0x48 .\CortexM3\ARM_GCC_541\Debug\Cm3Start.o
 .debug_aranges
                0x00000768       0x20 .\CortexM3\ARM_GCC_541\Debug\electronicClock.a(ErikaOS_1_ee_activate.o)
 .debug_aranges
                0x00000788       0x20 .\CortexM3\ARM_GCC_541\Debug\electronicClock.a(ErikaOS_1_ee_alcancel.o)
 .debug_aranges
                0x000007a8       0x20 .\CortexM3\ARM_GCC_541\Debug\electronicClock.a(ErikaOS_1_ee_alsetrel.o)
 .debug_aranges
                0x000007c8       0x58 .\CortexM3\ARM_GCC_541\Debug\electronicClock.a(ErikaOS_1_ee_altick.o)
 .debug_aranges
                0x00000820       0x20 .\CortexM3\ARM_GCC_541\Debug\electronicClock.a(ErikaOS_1_ee_evclear.o)
 .debug_aranges
                0x00000840       0x20 .\CortexM3\ARM_GCC_541\Debug\electronicClock.a(ErikaOS_1_ee_evget.o)
 .debug_aranges
                0x00000860       0x20 .\CortexM3\ARM_GCC_541\Debug\electronicClock.a(ErikaOS_1_ee_evset.o)
 .debug_aranges
                0x00000880       0x20 .\CortexM3\ARM_GCC_541\Debug\electronicClock.a(ErikaOS_1_ee_evwait.o)
 .debug_aranges
                0x000008a0       0x20 .\CortexM3\ARM_GCC_541\Debug\electronicClock.a(ErikaOS_1_ee_gettaskid.o)
 .debug_aranges
                0x000008c0       0x30 .\CortexM3\ARM_GCC_541\Debug\electronicClock.a(ErikaOS_1_ee_irqendin.o)
 .debug_aranges
                0x000008f0       0x20 .\CortexM3\ARM_GCC_541\Debug\electronicClock.a(ErikaOS_1_ee_lockres.o)
 .debug_aranges
                0x00000910       0x18 .\CortexM3\ARM_GCC_541\Debug\electronicClock.a(ErikaOS_1_ee_lookup.o)
 .debug_aranges
                0x00000928       0x20 .\CortexM3\ARM_GCC_541\Debug\electronicClock.a(ErikaOS_1_ee_rq_exchg.o)
 .debug_aranges
                0x00000948       0x20 .\CortexM3\ARM_GCC_541\Debug\electronicClock.a(ErikaOS_1_ee_rq_first.o)
 .debug_aranges
                0x00000968       0x20 .\CortexM3\ARM_GCC_541\Debug\electronicClock.a(ErikaOS_1_ee_rq_inser.o)
 .debug_aranges
                0x00000988       0x40 .\CortexM3\ARM_GCC_541\Debug\electronicClock.a(ErikaOS_1_ee_startos.o)
 .debug_aranges
                0x000009c8       0x20 .\CortexM3\ARM_GCC_541\Debug\electronicClock.a(ErikaOS_1_ee_terminat.o)
 .debug_aranges
                0x000009e8       0x20 .\CortexM3\ARM_GCC_541\Debug\electronicClock.a(ErikaOS_1_ee_ulockres.o)
 .debug_aranges
                0x00000a08       0x20 .\CortexM3\ARM_GCC_541\Debug\electronicClock.a(ErikaOS_1_cortex_mx_ee_utils.o)
 .debug_aranges
                0x00000a28       0x18 .\CortexM3\ARM_GCC_541\Debug\electronicClock.a(ErikaOS_1_common_ee_hal_structs.o)
 .debug_aranges
                0x00000a40       0x18 .\CortexM3\ARM_GCC_541\Debug\electronicClock.a(ErikaOS_1_eecfg.o)
 .debug_aranges
                0x00000a58       0x38 .\CortexM3\ARM_GCC_541\Debug\electronicClock.a(SEVEN_DP.o)
 .debug_aranges
                0x00000a90       0x38 .\CortexM3\ARM_GCC_541\Debug\electronicClock.a(SEVEN_SELECT.o)
 .debug_aranges
                0x00000ac8       0x28 .\CortexM3\ARM_GCC_541\Debug\electronicClock.a(SEVEN_reg.o)
 .debug_aranges
                0x00000af0       0x38 .\CortexM3\ARM_GCC_541\Debug\electronicClock.a(BUTTON_1.o)
 .debug_aranges
                0x00000b28       0x80 .\CortexM3\ARM_GCC_541\Debug\electronicClock.a(isr_Button.o)
 .debug_aranges
                0x00000ba8       0x38 .\CortexM3\ARM_GCC_541\Debug\electronicClock.a(BUTTON_2.o)
 .debug_aranges
                0x00000be0       0x38 .\CortexM3\ARM_GCC_541\Debug\electronicClock.a(LED_red.o)
 .debug_aranges
                0x00000c18       0x38 .\CortexM3\ARM_GCC_541\Debug\electronicClock.a(LED_yellow.o)
 .debug_aranges
                0x00000c50       0x38 .\CortexM3\ARM_GCC_541\Debug\electronicClock.a(LED_green.o)
 .debug_aranges
                0x00000c88       0xf0 .\CortexM3\ARM_GCC_541\Debug\electronicClock.a(UART_LOG.o)
 .debug_aranges
                0x00000d78       0x80 .\CortexM3\ARM_GCC_541\Debug\electronicClock.a(RGB_PWM_red.o)
 .debug_aranges
                0x00000df8       0x80 .\CortexM3\ARM_GCC_541\Debug\electronicClock.a(RGB_PWM_green.o)
 .debug_aranges
                0x00000e78       0x80 .\CortexM3\ARM_GCC_541\Debug\electronicClock.a(RGB_PWM_blue.o)
 .debug_aranges
                0x00000ef8       0xa0 .\CortexM3\ARM_GCC_541\Debug\electronicClock.a(JOYSTICK_ADC_XY.o)
 .debug_aranges
                0x00000f98       0x20 .\CortexM3\ARM_GCC_541\Debug\electronicClock.a(JOYSTICK_ADC_XY_INT.o)
 .debug_aranges
                0x00000fb8       0xd8 .\CortexM3\ARM_GCC_541\Debug\electronicClock.a(TFT_SPI.o)
 .debug_aranges
                0x00001090       0x38 .\CortexM3\ARM_GCC_541\Debug\electronicClock.a(TFT_DC.o)
 .debug_aranges
                0x000010c8       0x38 .\CortexM3\ARM_GCC_541\Debug\electronicClock.a(TFT_RES.o)
 .debug_aranges
                0x00001100       0x78 .\CortexM3\ARM_GCC_541\Debug\electronicClock.a(TFT_BackLight.o)
 .debug_aranges
                0x00001178       0x70 .\CortexM3\ARM_GCC_541\Debug\electronicClock.a(UART_LOG_IntClock.o)
 .debug_aranges
                0x000011e8       0xa8 .\CortexM3\ARM_GCC_541\Debug\electronicClock.a(JOYSTICK_ADC_XY_SAR.o)
 .debug_aranges
                0x00001290       0x28 .\CortexM3\ARM_GCC_541\Debug\electronicClock.a(JOYSTICK_ADC_XY_TempBuf_dma.o)
 .debug_aranges
                0x000012b8       0x28 .\CortexM3\ARM_GCC_541\Debug\electronicClock.a(JOYSTICK_ADC_XY_FinalBuf_dma.o)
 .debug_aranges
                0x000012e0       0x80 .\CortexM3\ARM_GCC_541\Debug\electronicClock.a(JOYSTICK_ADC_XY_IRQ.o)
 .debug_aranges
                0x00001360       0x70 .\CortexM3\ARM_GCC_541\Debug\electronicClock.a(TFT_SPI_IntClock.o)
 .debug_aranges
                0x000013d0       0xd8 .\CortexM3\ARM_GCC_541\Debug\electronicClock.a(CyDmac.o)
 .debug_aranges
                0x000014a8      0x2a0 .\CortexM3\ARM_GCC_541\Debug\electronicClock.a(CyLib.o)
 .debug_aranges
                0x00001748       0x98 .\CortexM3\ARM_GCC_541\Debug\electronicClock.a(cyPm.o)
 .debug_aranges
                0x000017e0       0x20 .\CortexM3\ARM_GCC_541\Debug\electronicClock.a(ErikaOS_1_ee_gnu_change_context_isr.o)
 .debug_aranges
                0x00001800       0x20 .\CortexM3\ARM_GCC_541\Debug\electronicClock.a(ErikaOS_1_ee_gnu_irq_stack.o)
 .debug_aranges
                0x00001820       0x20 .\CortexM3\ARM_GCC_541\Debug\electronicClock.a(ErikaOS_1_ee_gnu_multi_context.o)
 .debug_aranges
                0x00001840       0x20 .\CortexM3\ARM_GCC_541\Debug\electronicClock.a(ErikaOS_1_ee_gnu_oo.o)
 .debug_aranges
                0x00001860       0x20 .\CortexM3\ARM_GCC_541\Debug\electronicClock.a(CyBootAsmGnu.o)
 .debug_aranges
                0x00001880       0x20 .\CortexM3\ARM_GCC_541\Debug\electronicClock.a(ErikaOS_1_ee_tnterm.o)
 .debug_aranges
                0x000018a0       0x20 .\CortexM3\ARM_GCC_541\Debug\electronicClock.a(ErikaOS_1_ee_tstub.o)
 .debug_aranges
                0x000018c0       0x20 .\CortexM3\ARM_GCC_541\Debug\electronicClock.a(ErikaOS_1_ee_ulockallres.o)
 .debug_aranges
                0x000018e0       0x28 .\CortexM3\ARM_GCC_541\Debug\electronicClock.a(ErikaOS_1_cortex_mx_ee_context.o)
 .debug_aranges
                0x00001908       0x88 .\CortexM3\ARM_GCC_541\Debug\electronicClock.a(CyFlash.o)
 .debug_aranges
                0x00001990       0x80 .\CortexM3\ARM_GCC_541\Debug\electronicClock.a(CySpc.o)
 .debug_aranges
                0x00001a10       0x30 .\CortexM3\ARM_GCC_541\Debug\electronicClock.a(ErikaOS_1_ee_thendin.o)

.debug_pubnames
 *(.debug_pubnames)

.debug_info     0x00000000    0x1d749
 *(.debug_info .gnu.linkonce.wi.*)
 .debug_info    0x00000000     0x1437 .\CortexM3\ARM_GCC_541\Debug\swc_clock.o
 .debug_info    0x00001437      0x279 .\CortexM3\ARM_GCC_541\Debug\tsk_control.o
 .debug_info    0x000016b0      0x23a .\CortexM3\ARM_GCC_541\Debug\tsk_io.o
 .debug_info    0x000018ea      0xb86 .\CortexM3\ARM_GCC_541\Debug\main.o
 .debug_info    0x00002470      0x542 .\CortexM3\ARM_GCC_541\Debug\statemachine.o
 .debug_info    0x000029b2      0x23a .\CortexM3\ARM_GCC_541\Debug\tsk_tft.o
 .debug_info    0x00002bec      0x3b5 .\CortexM3\ARM_GCC_541\Debug\logging.o
 .debug_info    0x00002fa1     0x2733 .\CortexM3\ARM_GCC_541\Debug\tft.o
 .debug_info    0x000056d4      0x72c .\CortexM3\ARM_GCC_541\Debug\trcKernelPort.o
 .debug_info    0x00005e00      0x11c .\CortexM3\ARM_GCC_541\Debug\trcSnapshotRecorder.o
 .debug_info    0x00005f1c     0x213c .\CortexM3\ARM_GCC_541\Debug\trcStreamingRecorder.o
 .debug_info    0x00008058      0x2c3 .\CortexM3\ARM_GCC_541\Debug\button.o
 .debug_info    0x0000831b      0x2de .\CortexM3\ARM_GCC_541\Debug\joystick.o
 .debug_info    0x000085f9      0x58b .\CortexM3\ARM_GCC_541\Debug\led.o
 .debug_info    0x00008b84      0x4a6 .\CortexM3\ARM_GCC_541\Debug\seven.o
 .debug_info    0x0000902a      0x35f .\CortexM3\ARM_GCC_541\Debug\rte.o
 .debug_info    0x00009389      0x5c4 .\CortexM3\ARM_GCC_541\Debug\sc_clock_type.o
 .debug_info    0x0000994d      0x242 .\CortexM3\ARM_GCC_541\Debug\sc_event_type.o
 .debug_info    0x00009b8f      0x9e3 .\CortexM3\ARM_GCC_541\Debug\sp_common.o
 .debug_info    0x0000a572      0x5b3 .\CortexM3\ARM_GCC_541\Debug\cyfitter_cfg.o
 .debug_info    0x0000ab25      0x139 .\CortexM3\ARM_GCC_541\Debug\cymetadata.o
 .debug_info    0x0000ac5e      0x3cf .\CortexM3\ARM_GCC_541\Debug\Cm3Start.o
 .debug_info    0x0000b02d      0x80d .\CortexM3\ARM_GCC_541\Debug\electronicClock.a(ErikaOS_1_ee_activate.o)
 .debug_info    0x0000b83a      0x5bd .\CortexM3\ARM_GCC_541\Debug\electronicClock.a(ErikaOS_1_ee_alcancel.o)
 .debug_info    0x0000bdf7      0x5e5 .\CortexM3\ARM_GCC_541\Debug\electronicClock.a(ErikaOS_1_ee_alsetrel.o)
 .debug_info    0x0000c3dc      0xc3b .\CortexM3\ARM_GCC_541\Debug\electronicClock.a(ErikaOS_1_ee_altick.o)
 .debug_info    0x0000d017      0x5a7 .\CortexM3\ARM_GCC_541\Debug\electronicClock.a(ErikaOS_1_ee_evclear.o)
 .debug_info    0x0000d5be      0x4ca .\CortexM3\ARM_GCC_541\Debug\electronicClock.a(ErikaOS_1_ee_evget.o)
 .debug_info    0x0000da88      0x7c3 .\CortexM3\ARM_GCC_541\Debug\electronicClock.a(ErikaOS_1_ee_evset.o)
 .debug_info    0x0000e24b      0x85a .\CortexM3\ARM_GCC_541\Debug\electronicClock.a(ErikaOS_1_ee_evwait.o)
 .debug_info    0x0000eaa5      0x4a6 .\CortexM3\ARM_GCC_541\Debug\electronicClock.a(ErikaOS_1_ee_gettaskid.o)
 .debug_info    0x0000ef4b      0x5cb .\CortexM3\ARM_GCC_541\Debug\electronicClock.a(ErikaOS_1_ee_irqendin.o)
 .debug_info    0x0000f516      0x60d .\CortexM3\ARM_GCC_541\Debug\electronicClock.a(ErikaOS_1_ee_lockres.o)
 .debug_info    0x0000fb23      0x3d0 .\CortexM3\ARM_GCC_541\Debug\electronicClock.a(ErikaOS_1_ee_lookup.o)
 .debug_info    0x0000fef3      0x46f .\CortexM3\ARM_GCC_541\Debug\electronicClock.a(ErikaOS_1_ee_rq_exchg.o)
 .debug_info    0x00010362      0x421 .\CortexM3\ARM_GCC_541\Debug\electronicClock.a(ErikaOS_1_ee_rq_first.o)
 .debug_info    0x00010783      0x475 .\CortexM3\ARM_GCC_541\Debug\electronicClock.a(ErikaOS_1_ee_rq_inser.o)
 .debug_info    0x00010bf8     0x2040 .\CortexM3\ARM_GCC_541\Debug\electronicClock.a(ErikaOS_1_ee_startos.o)
 .debug_info    0x00012c38      0x595 .\CortexM3\ARM_GCC_541\Debug\electronicClock.a(ErikaOS_1_ee_terminat.o)
 .debug_info    0x000131cd      0x7fb .\CortexM3\ARM_GCC_541\Debug\electronicClock.a(ErikaOS_1_ee_ulockres.o)
 .debug_info    0x000139c8      0x513 .\CortexM3\ARM_GCC_541\Debug\electronicClock.a(ErikaOS_1_cortex_mx_ee_utils.o)
 .debug_info    0x00013edb      0x3cb .\CortexM3\ARM_GCC_541\Debug\electronicClock.a(ErikaOS_1_common_ee_hal_structs.o)
 .debug_info    0x000142a6      0x98f .\CortexM3\ARM_GCC_541\Debug\electronicClock.a(ErikaOS_1_eecfg.o)
 .debug_info    0x00014c35      0x11f .\CortexM3\ARM_GCC_541\Debug\electronicClock.a(SEVEN_DP.o)
 .debug_info    0x00014d54      0x11f .\CortexM3\ARM_GCC_541\Debug\electronicClock.a(SEVEN_SELECT.o)
 .debug_info    0x00014e73       0xd6 .\CortexM3\ARM_GCC_541\Debug\electronicClock.a(SEVEN_reg.o)
 .debug_info    0x00014f49      0x11f .\CortexM3\ARM_GCC_541\Debug\electronicClock.a(BUTTON_1.o)
 .debug_info    0x00015068      0x2d2 .\CortexM3\ARM_GCC_541\Debug\electronicClock.a(isr_Button.o)
 .debug_info    0x0001533a      0x11f .\CortexM3\ARM_GCC_541\Debug\electronicClock.a(BUTTON_2.o)
 .debug_info    0x00015459      0x11f .\CortexM3\ARM_GCC_541\Debug\electronicClock.a(LED_red.o)
 .debug_info    0x00015578      0x11f .\CortexM3\ARM_GCC_541\Debug\electronicClock.a(LED_yellow.o)
 .debug_info    0x00015697      0x11f .\CortexM3\ARM_GCC_541\Debug\electronicClock.a(LED_green.o)
 .debug_info    0x000157b6      0x60c .\CortexM3\ARM_GCC_541\Debug\electronicClock.a(UART_LOG.o)
 .debug_info    0x00015dc2      0x295 .\CortexM3\ARM_GCC_541\Debug\electronicClock.a(RGB_PWM_red.o)
 .debug_info    0x00016057      0x295 .\CortexM3\ARM_GCC_541\Debug\electronicClock.a(RGB_PWM_green.o)
 .debug_info    0x000162ec      0x295 .\CortexM3\ARM_GCC_541\Debug\electronicClock.a(RGB_PWM_blue.o)
 .debug_info    0x00016581      0x6f2 .\CortexM3\ARM_GCC_541\Debug\electronicClock.a(JOYSTICK_ADC_XY.o)
 .debug_info    0x00016c73       0xa0 .\CortexM3\ARM_GCC_541\Debug\electronicClock.a(JOYSTICK_ADC_XY_INT.o)
 .debug_info    0x00016d13      0x4bb .\CortexM3\ARM_GCC_541\Debug\electronicClock.a(TFT_SPI.o)
 .debug_info    0x000171ce      0x11f .\CortexM3\ARM_GCC_541\Debug\electronicClock.a(TFT_DC.o)
 .debug_info    0x000172ed      0x11f .\CortexM3\ARM_GCC_541\Debug\electronicClock.a(TFT_RES.o)
 .debug_info    0x0001740c      0x27e .\CortexM3\ARM_GCC_541\Debug\electronicClock.a(TFT_BackLight.o)
 .debug_info    0x0001768a      0x283 .\CortexM3\ARM_GCC_541\Debug\electronicClock.a(UART_LOG_IntClock.o)
 .debug_info    0x0001790d      0x544 .\CortexM3\ARM_GCC_541\Debug\electronicClock.a(JOYSTICK_ADC_XY_SAR.o)
 .debug_info    0x00017e51      0x1a8 .\CortexM3\ARM_GCC_541\Debug\electronicClock.a(JOYSTICK_ADC_XY_TempBuf_dma.o)
 .debug_info    0x00017ff9      0x1aa .\CortexM3\ARM_GCC_541\Debug\electronicClock.a(JOYSTICK_ADC_XY_FinalBuf_dma.o)
 .debug_info    0x000181a3      0x2d2 .\CortexM3\ARM_GCC_541\Debug\electronicClock.a(JOYSTICK_ADC_XY_IRQ.o)
 .debug_info    0x00018475      0x283 .\CortexM3\ARM_GCC_541\Debug\electronicClock.a(TFT_SPI_IntClock.o)
 .debug_info    0x000186f8      0x94e .\CortexM3\ARM_GCC_541\Debug\electronicClock.a(CyDmac.o)
 .debug_info    0x00019046     0x1374 .\CortexM3\ARM_GCC_541\Debug\electronicClock.a(CyLib.o)
 .debug_info    0x0001a3ba      0xa2a .\CortexM3\ARM_GCC_541\Debug\electronicClock.a(cyPm.o)
 .debug_info    0x0001ade4       0xef .\CortexM3\ARM_GCC_541\Debug\electronicClock.a(ErikaOS_1_ee_gnu_change_context_isr.o)
 .debug_info    0x0001aed3       0xe6 .\CortexM3\ARM_GCC_541\Debug\electronicClock.a(ErikaOS_1_ee_gnu_irq_stack.o)
 .debug_info    0x0001afb9       0xea .\CortexM3\ARM_GCC_541\Debug\electronicClock.a(ErikaOS_1_ee_gnu_multi_context.o)
 .debug_info    0x0001b0a3       0xdf .\CortexM3\ARM_GCC_541\Debug\electronicClock.a(ErikaOS_1_ee_gnu_oo.o)
 .debug_info    0x0001b182       0xd8 .\CortexM3\ARM_GCC_541\Debug\electronicClock.a(CyBootAsmGnu.o)
 .debug_info    0x0001b25a      0x473 .\CortexM3\ARM_GCC_541\Debug\electronicClock.a(ErikaOS_1_ee_tnterm.o)
 .debug_info    0x0001b6cd      0x487 .\CortexM3\ARM_GCC_541\Debug\electronicClock.a(ErikaOS_1_ee_tstub.o)
 .debug_info    0x0001bb54      0x45e .\CortexM3\ARM_GCC_541\Debug\electronicClock.a(ErikaOS_1_ee_ulockallres.o)
 .debug_info    0x0001bfb2      0x501 .\CortexM3\ARM_GCC_541\Debug\electronicClock.a(ErikaOS_1_cortex_mx_ee_context.o)
 .debug_info    0x0001c4b3      0x64d .\CortexM3\ARM_GCC_541\Debug\electronicClock.a(CyFlash.o)
 .debug_info    0x0001cb00      0x550 .\CortexM3\ARM_GCC_541\Debug\electronicClock.a(CySpc.o)
 .debug_info    0x0001d050      0x6f9 .\CortexM3\ARM_GCC_541\Debug\electronicClock.a(ErikaOS_1_ee_thendin.o)

.debug_abbrev   0x00000000     0x73ca
 *(.debug_abbrev)
 .debug_abbrev  0x00000000      0x34c .\CortexM3\ARM_GCC_541\Debug\swc_clock.o
 .debug_abbrev  0x0000034c      0x158 .\CortexM3\ARM_GCC_541\Debug\tsk_control.o
 .debug_abbrev  0x000004a4      0x12c .\CortexM3\ARM_GCC_541\Debug\tsk_io.o
 .debug_abbrev  0x000005d0      0x2e0 .\CortexM3\ARM_GCC_541\Debug\main.o
 .debug_abbrev  0x000008b0      0x183 .\CortexM3\ARM_GCC_541\Debug\statemachine.o
 .debug_abbrev  0x00000a33      0x12c .\CortexM3\ARM_GCC_541\Debug\tsk_tft.o
 .debug_abbrev  0x00000b5f      0x14a .\CortexM3\ARM_GCC_541\Debug\logging.o
 .debug_abbrev  0x00000ca9      0x2bf .\CortexM3\ARM_GCC_541\Debug\tft.o
 .debug_abbrev  0x00000f68      0x21f .\CortexM3\ARM_GCC_541\Debug\trcKernelPort.o
 .debug_abbrev  0x00001187       0x5c .\CortexM3\ARM_GCC_541\Debug\trcSnapshotRecorder.o
 .debug_abbrev  0x000011e3      0x388 .\CortexM3\ARM_GCC_541\Debug\trcStreamingRecorder.o
 .debug_abbrev  0x0000156b      0x11c .\CortexM3\ARM_GCC_541\Debug\button.o
 .debug_abbrev  0x00001687      0x11e .\CortexM3\ARM_GCC_541\Debug\joystick.o
 .debug_abbrev  0x000017a5      0x1c5 .\CortexM3\ARM_GCC_541\Debug\led.o
 .debug_abbrev  0x0000196a      0x155 .\CortexM3\ARM_GCC_541\Debug\seven.o
 .debug_abbrev  0x00001abf      0x15c .\CortexM3\ARM_GCC_541\Debug\rte.o
 .debug_abbrev  0x00001c1b      0x15a .\CortexM3\ARM_GCC_541\Debug\sc_clock_type.o
 .debug_abbrev  0x00001d75       0xd8 .\CortexM3\ARM_GCC_541\Debug\sc_event_type.o
 .debug_abbrev  0x00001e4d      0x1ba .\CortexM3\ARM_GCC_541\Debug\sp_common.o
 .debug_abbrev  0x00002007      0x1fe .\CortexM3\ARM_GCC_541\Debug\cyfitter_cfg.o
 .debug_abbrev  0x00002205       0x77 .\CortexM3\ARM_GCC_541\Debug\cymetadata.o
 .debug_abbrev  0x0000227c      0x1e8 .\CortexM3\ARM_GCC_541\Debug\Cm3Start.o
 .debug_abbrev  0x00002464      0x284 .\CortexM3\ARM_GCC_541\Debug\electronicClock.a(ErikaOS_1_ee_activate.o)
 .debug_abbrev  0x000026e8      0x1f8 .\CortexM3\ARM_GCC_541\Debug\electronicClock.a(ErikaOS_1_ee_alcancel.o)
 .debug_abbrev  0x000028e0      0x1f7 .\CortexM3\ARM_GCC_541\Debug\electronicClock.a(ErikaOS_1_ee_alsetrel.o)
 .debug_abbrev  0x00002ad7      0x362 .\CortexM3\ARM_GCC_541\Debug\electronicClock.a(ErikaOS_1_ee_altick.o)
 .debug_abbrev  0x00002e39      0x1e0 .\CortexM3\ARM_GCC_541\Debug\electronicClock.a(ErikaOS_1_ee_evclear.o)
 .debug_abbrev  0x00003019      0x150 .\CortexM3\ARM_GCC_541\Debug\electronicClock.a(ErikaOS_1_ee_evget.o)
 .debug_abbrev  0x00003169      0x27f .\CortexM3\ARM_GCC_541\Debug\electronicClock.a(ErikaOS_1_ee_evset.o)
 .debug_abbrev  0x000033e8      0x25d .\CortexM3\ARM_GCC_541\Debug\electronicClock.a(ErikaOS_1_ee_evwait.o)
 .debug_abbrev  0x00003645      0x161 .\CortexM3\ARM_GCC_541\Debug\electronicClock.a(ErikaOS_1_ee_gettaskid.o)
 .debug_abbrev  0x000037a6      0x1da .\CortexM3\ARM_GCC_541\Debug\electronicClock.a(ErikaOS_1_ee_irqendin.o)
 .debug_abbrev  0x00003980      0x1ef .\CortexM3\ARM_GCC_541\Debug\electronicClock.a(ErikaOS_1_ee_lockres.o)
 .debug_abbrev  0x00003b6f       0xcf .\CortexM3\ARM_GCC_541\Debug\electronicClock.a(ErikaOS_1_ee_lookup.o)
 .debug_abbrev  0x00003c3e       0xfc .\CortexM3\ARM_GCC_541\Debug\electronicClock.a(ErikaOS_1_ee_rq_exchg.o)
 .debug_abbrev  0x00003d3a       0xed .\CortexM3\ARM_GCC_541\Debug\electronicClock.a(ErikaOS_1_ee_rq_first.o)
 .debug_abbrev  0x00003e27      0x109 .\CortexM3\ARM_GCC_541\Debug\electronicClock.a(ErikaOS_1_ee_rq_inser.o)
 .debug_abbrev  0x00003f30      0x4a7 .\CortexM3\ARM_GCC_541\Debug\electronicClock.a(ErikaOS_1_ee_startos.o)
 .debug_abbrev  0x000043d7      0x1de .\CortexM3\ARM_GCC_541\Debug\electronicClock.a(ErikaOS_1_ee_terminat.o)
 .debug_abbrev  0x000045b5      0x277 .\CortexM3\ARM_GCC_541\Debug\electronicClock.a(ErikaOS_1_ee_ulockres.o)
 .debug_abbrev  0x0000482c      0x1e3 .\CortexM3\ARM_GCC_541\Debug\electronicClock.a(ErikaOS_1_cortex_mx_ee_utils.o)
 .debug_abbrev  0x00004a0f       0xcf .\CortexM3\ARM_GCC_541\Debug\electronicClock.a(ErikaOS_1_common_ee_hal_structs.o)
 .debug_abbrev  0x00004ade      0x130 .\CortexM3\ARM_GCC_541\Debug\electronicClock.a(ErikaOS_1_eecfg.o)
 .debug_abbrev  0x00004c0e       0x90 .\CortexM3\ARM_GCC_541\Debug\electronicClock.a(SEVEN_DP.o)
 .debug_abbrev  0x00004c9e       0x90 .\CortexM3\ARM_GCC_541\Debug\electronicClock.a(SEVEN_SELECT.o)
 .debug_abbrev  0x00004d2e       0x81 .\CortexM3\ARM_GCC_541\Debug\electronicClock.a(SEVEN_reg.o)
 .debug_abbrev  0x00004daf       0x90 .\CortexM3\ARM_GCC_541\Debug\electronicClock.a(BUTTON_1.o)
 .debug_abbrev  0x00004e3f      0x173 .\CortexM3\ARM_GCC_541\Debug\electronicClock.a(isr_Button.o)
 .debug_abbrev  0x00004fb2       0x90 .\CortexM3\ARM_GCC_541\Debug\electronicClock.a(BUTTON_2.o)
 .debug_abbrev  0x00005042       0x90 .\CortexM3\ARM_GCC_541\Debug\electronicClock.a(LED_red.o)
 .debug_abbrev  0x000050d2       0x90 .\CortexM3\ARM_GCC_541\Debug\electronicClock.a(LED_yellow.o)
 .debug_abbrev  0x00005162       0x90 .\CortexM3\ARM_GCC_541\Debug\electronicClock.a(LED_green.o)
 .debug_abbrev  0x000051f2      0x175 .\CortexM3\ARM_GCC_541\Debug\electronicClock.a(UART_LOG.o)
 .debug_abbrev  0x00005367      0x12d .\CortexM3\ARM_GCC_541\Debug\electronicClock.a(RGB_PWM_red.o)
 .debug_abbrev  0x00005494      0x12d .\CortexM3\ARM_GCC_541\Debug\electronicClock.a(RGB_PWM_green.o)
 .debug_abbrev  0x000055c1      0x12d .\CortexM3\ARM_GCC_541\Debug\electronicClock.a(RGB_PWM_blue.o)
 .debug_abbrev  0x000056ee      0x13e .\CortexM3\ARM_GCC_541\Debug\electronicClock.a(JOYSTICK_ADC_XY.o)
 .debug_abbrev  0x0000582c       0x42 .\CortexM3\ARM_GCC_541\Debug\electronicClock.a(JOYSTICK_ADC_XY_INT.o)
 .debug_abbrev  0x0000586e      0x146 .\CortexM3\ARM_GCC_541\Debug\electronicClock.a(TFT_SPI.o)
 .debug_abbrev  0x000059b4       0x90 .\CortexM3\ARM_GCC_541\Debug\electronicClock.a(TFT_DC.o)
 .debug_abbrev  0x00005a44       0x90 .\CortexM3\ARM_GCC_541\Debug\electronicClock.a(TFT_RES.o)
 .debug_abbrev  0x00005ad4      0x12d .\CortexM3\ARM_GCC_541\Debug\electronicClock.a(TFT_BackLight.o)
 .debug_abbrev  0x00005c01      0x139 .\CortexM3\ARM_GCC_541\Debug\electronicClock.a(UART_LOG_IntClock.o)
 .debug_abbrev  0x00005d3a      0x1ac .\CortexM3\ARM_GCC_541\Debug\electronicClock.a(JOYSTICK_ADC_XY_SAR.o)
 .debug_abbrev  0x00005ee6       0xcd .\CortexM3\ARM_GCC_541\Debug\electronicClock.a(JOYSTICK_ADC_XY_TempBuf_dma.o)
 .debug_abbrev  0x00005fb3       0xcd .\CortexM3\ARM_GCC_541\Debug\electronicClock.a(JOYSTICK_ADC_XY_FinalBuf_dma.o)
 .debug_abbrev  0x00006080      0x173 .\CortexM3\ARM_GCC_541\Debug\electronicClock.a(JOYSTICK_ADC_XY_IRQ.o)
 .debug_abbrev  0x000061f3      0x139 .\CortexM3\ARM_GCC_541\Debug\electronicClock.a(TFT_SPI_IntClock.o)
 .debug_abbrev  0x0000632c      0x1b2 .\CortexM3\ARM_GCC_541\Debug\electronicClock.a(CyDmac.o)
 .debug_abbrev  0x000064de      0x254 .\CortexM3\ARM_GCC_541\Debug\electronicClock.a(CyLib.o)
 .debug_abbrev  0x00006732      0x1ab .\CortexM3\ARM_GCC_541\Debug\electronicClock.a(cyPm.o)
 .debug_abbrev  0x000068dd       0x14 .\CortexM3\ARM_GCC_541\Debug\electronicClock.a(ErikaOS_1_ee_gnu_change_context_isr.o)
 .debug_abbrev  0x000068f1       0x14 .\CortexM3\ARM_GCC_541\Debug\electronicClock.a(ErikaOS_1_ee_gnu_irq_stack.o)
 .debug_abbrev  0x00006905       0x14 .\CortexM3\ARM_GCC_541\Debug\electronicClock.a(ErikaOS_1_ee_gnu_multi_context.o)
 .debug_abbrev  0x00006919       0x14 .\CortexM3\ARM_GCC_541\Debug\electronicClock.a(ErikaOS_1_ee_gnu_oo.o)
 .debug_abbrev  0x0000692d       0x14 .\CortexM3\ARM_GCC_541\Debug\electronicClock.a(CyBootAsmGnu.o)
 .debug_abbrev  0x00006941      0x190 .\CortexM3\ARM_GCC_541\Debug\electronicClock.a(ErikaOS_1_ee_tnterm.o)
 .debug_abbrev  0x00006ad1      0x143 .\CortexM3\ARM_GCC_541\Debug\electronicClock.a(ErikaOS_1_ee_tstub.o)
 .debug_abbrev  0x00006c14       0xfc .\CortexM3\ARM_GCC_541\Debug\electronicClock.a(ErikaOS_1_ee_ulockallres.o)
 .debug_abbrev  0x00006d10      0x156 .\CortexM3\ARM_GCC_541\Debug\electronicClock.a(ErikaOS_1_cortex_mx_ee_context.o)
 .debug_abbrev  0x00006e66      0x1a7 .\CortexM3\ARM_GCC_541\Debug\electronicClock.a(CyFlash.o)
 .debug_abbrev  0x0000700d      0x194 .\CortexM3\ARM_GCC_541\Debug\electronicClock.a(CySpc.o)
 .debug_abbrev  0x000071a1      0x229 .\CortexM3\ARM_GCC_541\Debug\electronicClock.a(ErikaOS_1_ee_thendin.o)

.debug_line     0x00000000     0xaac7
 *(.debug_line)
 .debug_line    0x00000000      0x583 .\CortexM3\ARM_GCC_541\Debug\swc_clock.o
 .debug_line    0x00000583      0x280 .\CortexM3\ARM_GCC_541\Debug\tsk_control.o
 .debug_line    0x00000803      0x253 .\CortexM3\ARM_GCC_541\Debug\tsk_io.o
 .debug_line    0x00000a56      0x5f1 .\CortexM3\ARM_GCC_541\Debug\main.o
 .debug_line    0x00001047      0x30c .\CortexM3\ARM_GCC_541\Debug\statemachine.o
 .debug_line    0x00001353      0x254 .\CortexM3\ARM_GCC_541\Debug\tsk_tft.o
 .debug_line    0x000015a7      0x25d .\CortexM3\ARM_GCC_541\Debug\logging.o
 .debug_line    0x00001804      0x8ab .\CortexM3\ARM_GCC_541\Debug\tft.o
 .debug_line    0x000020af      0x3e8 .\CortexM3\ARM_GCC_541\Debug\trcKernelPort.o
 .debug_line    0x00002497      0x1ed .\CortexM3\ARM_GCC_541\Debug\trcSnapshotRecorder.o
 .debug_line    0x00002684      0xad2 .\CortexM3\ARM_GCC_541\Debug\trcStreamingRecorder.o
 .debug_line    0x00003156      0x288 .\CortexM3\ARM_GCC_541\Debug\button.o
 .debug_line    0x000033de      0x257 .\CortexM3\ARM_GCC_541\Debug\joystick.o
 .debug_line    0x00003635      0x364 .\CortexM3\ARM_GCC_541\Debug\led.o
 .debug_line    0x00003999      0x2d6 .\CortexM3\ARM_GCC_541\Debug\seven.o
 .debug_line    0x00003c6f      0x285 .\CortexM3\ARM_GCC_541\Debug\rte.o
 .debug_line    0x00003ef4        0x0 .\CortexM3\ARM_GCC_541\Debug\sc_clock.o
 .debug_line    0x00003ef4      0x2eb .\CortexM3\ARM_GCC_541\Debug\sc_clock_type.o
 .debug_line    0x000041df        0x0 .\CortexM3\ARM_GCC_541\Debug\sc_event.o
 .debug_line    0x000041df      0x23b .\CortexM3\ARM_GCC_541\Debug\sc_event_type.o
 .debug_line    0x0000441a      0x363 .\CortexM3\ARM_GCC_541\Debug\sp_common.o
 .debug_line    0x0000477d      0x1ed .\CortexM3\ARM_GCC_541\Debug\cyfitter_cfg.o
 .debug_line    0x0000496a      0x141 .\CortexM3\ARM_GCC_541\Debug\cymetadata.o
 .debug_line    0x00004aab      0x241 .\CortexM3\ARM_GCC_541\Debug\Cm3Start.o
 .debug_line    0x00004cec      0x1fa .\CortexM3\ARM_GCC_541\Debug\electronicClock.a(ErikaOS_1_ee_activate.o)
 .debug_line    0x00004ee6      0x1d3 .\CortexM3\ARM_GCC_541\Debug\electronicClock.a(ErikaOS_1_ee_alcancel.o)
 .debug_line    0x000050b9      0x1d1 .\CortexM3\ARM_GCC_541\Debug\electronicClock.a(ErikaOS_1_ee_alsetrel.o)
 .debug_line    0x0000528a      0x305 .\CortexM3\ARM_GCC_541\Debug\electronicClock.a(ErikaOS_1_ee_altick.o)
 .debug_line    0x0000558f      0x1d5 .\CortexM3\ARM_GCC_541\Debug\electronicClock.a(ErikaOS_1_ee_evclear.o)
 .debug_line    0x00005764      0x15b .\CortexM3\ARM_GCC_541\Debug\electronicClock.a(ErikaOS_1_ee_evget.o)
 .debug_line    0x000058bf      0x1f7 .\CortexM3\ARM_GCC_541\Debug\electronicClock.a(ErikaOS_1_ee_evset.o)
 .debug_line    0x00005ab6      0x205 .\CortexM3\ARM_GCC_541\Debug\electronicClock.a(ErikaOS_1_ee_evwait.o)
 .debug_line    0x00005cbb      0x161 .\CortexM3\ARM_GCC_541\Debug\electronicClock.a(ErikaOS_1_ee_gettaskid.o)
 .debug_line    0x00005e1c      0x1a0 .\CortexM3\ARM_GCC_541\Debug\electronicClock.a(ErikaOS_1_ee_irqendin.o)
 .debug_line    0x00005fbc      0x1f1 .\CortexM3\ARM_GCC_541\Debug\electronicClock.a(ErikaOS_1_ee_lockres.o)
 .debug_line    0x000061ad      0x119 .\CortexM3\ARM_GCC_541\Debug\electronicClock.a(ErikaOS_1_ee_lookup.o)
 .debug_line    0x000062c6      0x15b .\CortexM3\ARM_GCC_541\Debug\electronicClock.a(ErikaOS_1_ee_rq_exchg.o)
 .debug_line    0x00006421      0x152 .\CortexM3\ARM_GCC_541\Debug\electronicClock.a(ErikaOS_1_ee_rq_first.o)
 .debug_line    0x00006573      0x156 .\CortexM3\ARM_GCC_541\Debug\electronicClock.a(ErikaOS_1_ee_rq_inser.o)
 .debug_line    0x000066c9      0x3fa .\CortexM3\ARM_GCC_541\Debug\electronicClock.a(ErikaOS_1_ee_startos.o)
 .debug_line    0x00006ac3      0x1c4 .\CortexM3\ARM_GCC_541\Debug\electronicClock.a(ErikaOS_1_ee_terminat.o)
 .debug_line    0x00006c87      0x215 .\CortexM3\ARM_GCC_541\Debug\electronicClock.a(ErikaOS_1_ee_ulockres.o)
 .debug_line    0x00006e9c      0x184 .\CortexM3\ARM_GCC_541\Debug\electronicClock.a(ErikaOS_1_cortex_mx_ee_utils.o)
 .debug_line    0x00007020       0xf9 .\CortexM3\ARM_GCC_541\Debug\electronicClock.a(ErikaOS_1_common_ee_hal_structs.o)
 .debug_line    0x00007119      0x13c .\CortexM3\ARM_GCC_541\Debug\electronicClock.a(ErikaOS_1_eecfg.o)
 .debug_line    0x00007255       0x95 .\CortexM3\ARM_GCC_541\Debug\electronicClock.a(SEVEN_DP.o)
 .debug_line    0x000072ea       0x99 .\CortexM3\ARM_GCC_541\Debug\electronicClock.a(SEVEN_SELECT.o)
 .debug_line    0x00007383       0x71 .\CortexM3\ARM_GCC_541\Debug\electronicClock.a(SEVEN_reg.o)
 .debug_line    0x000073f4       0x95 .\CortexM3\ARM_GCC_541\Debug\electronicClock.a(BUTTON_1.o)
 .debug_line    0x00007489      0x137 .\CortexM3\ARM_GCC_541\Debug\electronicClock.a(isr_Button.o)
 .debug_line    0x000075c0       0x95 .\CortexM3\ARM_GCC_541\Debug\electronicClock.a(BUTTON_2.o)
 .debug_line    0x00007655       0x94 .\CortexM3\ARM_GCC_541\Debug\electronicClock.a(LED_red.o)
 .debug_line    0x000076e9       0x97 .\CortexM3\ARM_GCC_541\Debug\electronicClock.a(LED_yellow.o)
 .debug_line    0x00007780       0x96 .\CortexM3\ARM_GCC_541\Debug\electronicClock.a(LED_green.o)
 .debug_line    0x00007816      0x2c4 .\CortexM3\ARM_GCC_541\Debug\electronicClock.a(UART_LOG.o)
 .debug_line    0x00007ada      0x143 .\CortexM3\ARM_GCC_541\Debug\electronicClock.a(RGB_PWM_red.o)
 .debug_line    0x00007c1d      0x145 .\CortexM3\ARM_GCC_541\Debug\electronicClock.a(RGB_PWM_green.o)
 .debug_line    0x00007d62      0x144 .\CortexM3\ARM_GCC_541\Debug\electronicClock.a(RGB_PWM_blue.o)
 .debug_line    0x00007ea6      0x23e .\CortexM3\ARM_GCC_541\Debug\electronicClock.a(JOYSTICK_ADC_XY.o)
 .debug_line    0x000080e4       0x5c .\CortexM3\ARM_GCC_541\Debug\electronicClock.a(JOYSTICK_ADC_XY_INT.o)
 .debug_line    0x00008140      0x249 .\CortexM3\ARM_GCC_541\Debug\electronicClock.a(TFT_SPI.o)
 .debug_line    0x00008389       0x93 .\CortexM3\ARM_GCC_541\Debug\electronicClock.a(TFT_DC.o)
 .debug_line    0x0000841c       0x94 .\CortexM3\ARM_GCC_541\Debug\electronicClock.a(TFT_RES.o)
 .debug_line    0x000084b0      0x13b .\CortexM3\ARM_GCC_541\Debug\electronicClock.a(TFT_BackLight.o)
 .debug_line    0x000085eb      0x180 .\CortexM3\ARM_GCC_541\Debug\electronicClock.a(UART_LOG_IntClock.o)
 .debug_line    0x0000876b      0x20f .\CortexM3\ARM_GCC_541\Debug\electronicClock.a(JOYSTICK_ADC_XY_SAR.o)
 .debug_line    0x0000897a       0x94 .\CortexM3\ARM_GCC_541\Debug\electronicClock.a(JOYSTICK_ADC_XY_TempBuf_dma.o)
 .debug_line    0x00008a0e       0x95 .\CortexM3\ARM_GCC_541\Debug\electronicClock.a(JOYSTICK_ADC_XY_FinalBuf_dma.o)
 .debug_line    0x00008aa3      0x140 .\CortexM3\ARM_GCC_541\Debug\electronicClock.a(JOYSTICK_ADC_XY_IRQ.o)
 .debug_line    0x00008be3      0x17f .\CortexM3\ARM_GCC_541\Debug\electronicClock.a(TFT_SPI_IntClock.o)
 .debug_line    0x00008d62      0x2e4 .\CortexM3\ARM_GCC_541\Debug\electronicClock.a(CyDmac.o)
 .debug_line    0x00009046      0x816 .\CortexM3\ARM_GCC_541\Debug\electronicClock.a(CyLib.o)
 .debug_line    0x0000985c      0x367 .\CortexM3\ARM_GCC_541\Debug\electronicClock.a(cyPm.o)
 .debug_line    0x00009bc3       0xae .\CortexM3\ARM_GCC_541\Debug\electronicClock.a(ErikaOS_1_ee_gnu_change_context_isr.o)
 .debug_line    0x00009c71       0x74 .\CortexM3\ARM_GCC_541\Debug\electronicClock.a(ErikaOS_1_ee_gnu_irq_stack.o)
 .debug_line    0x00009ce5       0x9d .\CortexM3\ARM_GCC_541\Debug\electronicClock.a(ErikaOS_1_ee_gnu_multi_context.o)
 .debug_line    0x00009d82       0x99 .\CortexM3\ARM_GCC_541\Debug\electronicClock.a(ErikaOS_1_ee_gnu_oo.o)
 .debug_line    0x00009e1b       0x66 .\CortexM3\ARM_GCC_541\Debug\electronicClock.a(CyBootAsmGnu.o)
 .debug_line    0x00009e81      0x183 .\CortexM3\ARM_GCC_541\Debug\electronicClock.a(ErikaOS_1_ee_tnterm.o)
 .debug_line    0x0000a004      0x172 .\CortexM3\ARM_GCC_541\Debug\electronicClock.a(ErikaOS_1_ee_tstub.o)
 .debug_line    0x0000a176      0x164 .\CortexM3\ARM_GCC_541\Debug\electronicClock.a(ErikaOS_1_ee_ulockallres.o)
 .debug_line    0x0000a2da      0x1ac .\CortexM3\ARM_GCC_541\Debug\electronicClock.a(ErikaOS_1_cortex_mx_ee_context.o)
 .debug_line    0x0000a486      0x21a .\CortexM3\ARM_GCC_541\Debug\electronicClock.a(CyFlash.o)
 .debug_line    0x0000a6a0      0x260 .\CortexM3\ARM_GCC_541\Debug\electronicClock.a(CySpc.o)
 .debug_line    0x0000a900      0x1c7 .\CortexM3\ARM_GCC_541\Debug\electronicClock.a(ErikaOS_1_ee_thendin.o)

.debug_frame    0x00000000     0x419c
 *(.debug_frame)
 .debug_frame   0x00000000      0x230 .\CortexM3\ARM_GCC_541\Debug\swc_clock.o
 .debug_frame   0x00000230       0x2c .\CortexM3\ARM_GCC_541\Debug\tsk_control.o
 .debug_frame   0x0000025c       0x2c .\CortexM3\ARM_GCC_541\Debug\tsk_io.o
 .debug_frame   0x00000288      0x104 .\CortexM3\ARM_GCC_541\Debug\main.o
 .debug_frame   0x0000038c       0x88 .\CortexM3\ARM_GCC_541\Debug\statemachine.o
 .debug_frame   0x00000414       0x2c .\CortexM3\ARM_GCC_541\Debug\tsk_tft.o
 .debug_frame   0x00000440       0x48 .\CortexM3\ARM_GCC_541\Debug\logging.o
 .debug_frame   0x00000488      0x5bc .\CortexM3\ARM_GCC_541\Debug\tft.o
 .debug_frame   0x00000a44      0x128 .\CortexM3\ARM_GCC_541\Debug\trcKernelPort.o
 .debug_frame   0x00000b6c      0x614 .\CortexM3\ARM_GCC_541\Debug\trcStreamingRecorder.o
 .debug_frame   0x00001180       0x4c .\CortexM3\ARM_GCC_541\Debug\button.o
 .debug_frame   0x000011cc       0x4c .\CortexM3\ARM_GCC_541\Debug\joystick.o
 .debug_frame   0x00001218       0x8c .\CortexM3\ARM_GCC_541\Debug\led.o
 .debug_frame   0x000012a4       0xcc .\CortexM3\ARM_GCC_541\Debug\seven.o
 .debug_frame   0x00001370       0x60 .\CortexM3\ARM_GCC_541\Debug\rte.o
 .debug_frame   0x000013d0       0x38 .\CortexM3\ARM_GCC_541\Debug\sc_clock_type.o
 .debug_frame   0x00001408       0x20 .\CortexM3\ARM_GCC_541\Debug\sc_event_type.o
 .debug_frame   0x00001428       0x20 .\CortexM3\ARM_GCC_541\Debug\sp_common.o
 .debug_frame   0x00001448       0xfc .\CortexM3\ARM_GCC_541\Debug\cyfitter_cfg.o
 .debug_frame   0x00001544       0xb8 .\CortexM3\ARM_GCC_541\Debug\Cm3Start.o
 .debug_frame   0x000015fc       0x30 .\CortexM3\ARM_GCC_541\Debug\electronicClock.a(ErikaOS_1_ee_activate.o)
 .debug_frame   0x0000162c       0x38 .\CortexM3\ARM_GCC_541\Debug\electronicClock.a(ErikaOS_1_ee_alcancel.o)
 .debug_frame   0x00001664       0x38 .\CortexM3\ARM_GCC_541\Debug\electronicClock.a(ErikaOS_1_ee_alsetrel.o)
 .debug_frame   0x0000169c      0x10c .\CortexM3\ARM_GCC_541\Debug\electronicClock.a(ErikaOS_1_ee_altick.o)
 .debug_frame   0x000017a8       0x38 .\CortexM3\ARM_GCC_541\Debug\electronicClock.a(ErikaOS_1_ee_evclear.o)
 .debug_frame   0x000017e0       0x20 .\CortexM3\ARM_GCC_541\Debug\electronicClock.a(ErikaOS_1_ee_evget.o)
 .debug_frame   0x00001800       0x30 .\CortexM3\ARM_GCC_541\Debug\electronicClock.a(ErikaOS_1_ee_evset.o)
 .debug_frame   0x00001830       0x30 .\CortexM3\ARM_GCC_541\Debug\electronicClock.a(ErikaOS_1_ee_evwait.o)
 .debug_frame   0x00001860       0x20 .\CortexM3\ARM_GCC_541\Debug\electronicClock.a(ErikaOS_1_ee_gettaskid.o)
 .debug_frame   0x00001880       0x58 .\CortexM3\ARM_GCC_541\Debug\electronicClock.a(ErikaOS_1_ee_irqendin.o)
 .debug_frame   0x000018d8       0x40 .\CortexM3\ARM_GCC_541\Debug\electronicClock.a(ErikaOS_1_ee_lockres.o)
 .debug_frame   0x00001918       0x3c .\CortexM3\ARM_GCC_541\Debug\electronicClock.a(ErikaOS_1_ee_rq_exchg.o)
 .debug_frame   0x00001954       0x20 .\CortexM3\ARM_GCC_541\Debug\electronicClock.a(ErikaOS_1_ee_rq_first.o)
 .debug_frame   0x00001974       0x30 .\CortexM3\ARM_GCC_541\Debug\electronicClock.a(ErikaOS_1_ee_rq_inser.o)
 .debug_frame   0x000019a4       0x90 .\CortexM3\ARM_GCC_541\Debug\electronicClock.a(ErikaOS_1_ee_startos.o)
 .debug_frame   0x00001a34       0x2c .\CortexM3\ARM_GCC_541\Debug\electronicClock.a(ErikaOS_1_ee_terminat.o)
 .debug_frame   0x00001a60       0x30 .\CortexM3\ARM_GCC_541\Debug\electronicClock.a(ErikaOS_1_ee_ulockres.o)
 .debug_frame   0x00001a90       0x30 .\CortexM3\ARM_GCC_541\Debug\electronicClock.a(ErikaOS_1_cortex_mx_ee_utils.o)
 .debug_frame   0x00001ac0       0x50 .\CortexM3\ARM_GCC_541\Debug\electronicClock.a(SEVEN_DP.o)
 .debug_frame   0x00001b10       0x50 .\CortexM3\ARM_GCC_541\Debug\electronicClock.a(SEVEN_SELECT.o)
 .debug_frame   0x00001b60       0x30 .\CortexM3\ARM_GCC_541\Debug\electronicClock.a(SEVEN_reg.o)
 .debug_frame   0x00001b90       0x50 .\CortexM3\ARM_GCC_541\Debug\electronicClock.a(BUTTON_1.o)
 .debug_frame   0x00001be0      0x104 .\CortexM3\ARM_GCC_541\Debug\electronicClock.a(isr_Button.o)
 .debug_frame   0x00001ce4       0x50 .\CortexM3\ARM_GCC_541\Debug\electronicClock.a(BUTTON_2.o)
 .debug_frame   0x00001d34       0x50 .\CortexM3\ARM_GCC_541\Debug\electronicClock.a(LED_red.o)
 .debug_frame   0x00001d84       0x50 .\CortexM3\ARM_GCC_541\Debug\electronicClock.a(LED_yellow.o)
 .debug_frame   0x00001dd4       0x50 .\CortexM3\ARM_GCC_541\Debug\electronicClock.a(LED_green.o)
 .debug_frame   0x00001e24      0x250 .\CortexM3\ARM_GCC_541\Debug\electronicClock.a(UART_LOG.o)
 .debug_frame   0x00002074       0xf8 .\CortexM3\ARM_GCC_541\Debug\electronicClock.a(RGB_PWM_red.o)
 .debug_frame   0x0000216c       0xf8 .\CortexM3\ARM_GCC_541\Debug\electronicClock.a(RGB_PWM_green.o)
 .debug_frame   0x00002264       0xf8 .\CortexM3\ARM_GCC_541\Debug\electronicClock.a(RGB_PWM_blue.o)
 .debug_frame   0x0000235c      0x1dc .\CortexM3\ARM_GCC_541\Debug\electronicClock.a(JOYSTICK_ADC_XY.o)
 .debug_frame   0x00002538       0x20 .\CortexM3\ARM_GCC_541\Debug\electronicClock.a(JOYSTICK_ADC_XY_INT.o)
 .debug_frame   0x00002558      0x1e8 .\CortexM3\ARM_GCC_541\Debug\electronicClock.a(TFT_SPI.o)
 .debug_frame   0x00002740       0x50 .\CortexM3\ARM_GCC_541\Debug\electronicClock.a(TFT_DC.o)
 .debug_frame   0x00002790       0x50 .\CortexM3\ARM_GCC_541\Debug\electronicClock.a(TFT_RES.o)
 .debug_frame   0x000027e0       0xe8 .\CortexM3\ARM_GCC_541\Debug\electronicClock.a(TFT_BackLight.o)
 .debug_frame   0x000028c8       0xe0 .\CortexM3\ARM_GCC_541\Debug\electronicClock.a(UART_LOG_IntClock.o)
 .debug_frame   0x000029a8      0x1b0 .\CortexM3\ARM_GCC_541\Debug\electronicClock.a(JOYSTICK_ADC_XY_SAR.o)
 .debug_frame   0x00002b58       0x54 .\CortexM3\ARM_GCC_541\Debug\electronicClock.a(JOYSTICK_ADC_XY_TempBuf_dma.o)
 .debug_frame   0x00002bac       0x54 .\CortexM3\ARM_GCC_541\Debug\electronicClock.a(JOYSTICK_ADC_XY_FinalBuf_dma.o)
 .debug_frame   0x00002c00      0x104 .\CortexM3\ARM_GCC_541\Debug\electronicClock.a(JOYSTICK_ADC_XY_IRQ.o)
 .debug_frame   0x00002d04       0xe0 .\CortexM3\ARM_GCC_541\Debug\electronicClock.a(TFT_SPI_IntClock.o)