ARM GAS  C:\Users\91819\AppData\Local\Temp\cc8ngdqc.s 			page 1


   1              		.syntax unified
   2              		.cpu cortex-m3
   3              		.fpu softvfp
   4              		.eabi_attribute 20, 1
   5              		.eabi_attribute 21, 1
   6              		.eabi_attribute 23, 3
   7              		.eabi_attribute 24, 1
   8              		.eabi_attribute 25, 1
   9              		.eabi_attribute 26, 1
  10              		.eabi_attribute 30, 1
  11              		.eabi_attribute 34, 1
  12              		.eabi_attribute 18, 4
  13              		.thumb
  14              		.syntax unified
  15              		.file	"sc_clock_type.c"
  16              		.text
  17              	.Ltext0:
  18              		.cfi_sections	.debug_frame
  19              		.section	.text.SC_CLOCK_driverOut,"ax",%progbits
  20              		.align	2
  21              		.global	SC_CLOCK_driverOut
  22              		.thumb
  23              		.thumb_func
  24              		.type	SC_CLOCK_driverOut, %function
  25              	SC_CLOCK_driverOut:
  26              	.LFB111:
  27              		.file 1 "rte\\sc_clock_type.c"
   1:rte/sc_clock_type.c **** 
   2:rte/sc_clock_type.c **** 
   3:rte/sc_clock_type.c **** /*
   4:rte/sc_clock_type.c ****  * Filename: sc_clock_type.c
   5:rte/sc_clock_type.c ****  *
   6:rte/sc_clock_type.c ****  * Author: Autogenerated by H-DA RTE Generator, (c) Prof. Fromm
   7:rte/sc_clock_type.c ****  */
   8:rte/sc_clock_type.c **** 
   9:rte/sc_clock_type.c **** #include "project.h"
  10:rte/sc_clock_type.c **** #include "global.h"
  11:rte/sc_clock_type.c **** #include "rte.h"
  12:rte/sc_clock_type.c **** #include "rte_types.h"
  13:rte/sc_clock_type.c **** #include "sc_clock_type.h"
  14:rte/sc_clock_type.c **** 
  15:rte/sc_clock_type.c **** 
  16:rte/sc_clock_type.c **** 
  17:rte/sc_clock_type.c **** /* USER CODE START SC_CLOCK_INCLUDE */
  18:rte/sc_clock_type.c **** 
  19:rte/sc_clock_type.c **** /* USER CODE END SC_CLOCK_INCLUDE */
  20:rte/sc_clock_type.c **** 
  21:rte/sc_clock_type.c **** 
  22:rte/sc_clock_type.c **** /*
  23:rte/sc_clock_type.c **** * description: Signalclass
  24:rte/sc_clock_type.c **** * name: sc_clock
  25:rte/sc_clock_type.c **** * shortname: clock
  26:rte/sc_clock_type.c **** */
  27:rte/sc_clock_type.c **** 
  28:rte/sc_clock_type.c **** /* USER CODE START SC_CLOCK_USERDEFINITIONS */
  29:rte/sc_clock_type.c **** 
  30:rte/sc_clock_type.c **** /* USER CODE END SC_CLOCK_USERDEFINITIONS */
ARM GAS  C:\Users\91819\AppData\Local\Temp\cc8ngdqc.s 			page 2


  31:rte/sc_clock_type.c **** 
  32:rte/sc_clock_type.c **** 
  33:rte/sc_clock_type.c **** /*****************************************************************************************
  34:rte/sc_clock_type.c ****  *************** Port Wrapper Implementation for SC_CLOCK signal  ****************
  35:rte/sc_clock_type.c ****  *****************************************************************************************/
  36:rte/sc_clock_type.c ****  
  37:rte/sc_clock_type.c ****  
  38:rte/sc_clock_type.c **** /**
  39:rte/sc_clock_type.c ****  * Default OUT driver API
  40:rte/sc_clock_type.c ****  */
  41:rte/sc_clock_type.c **** inline RC_t SC_CLOCK_driverOut(const SC_CLOCK_data_t  *const data)
  42:rte/sc_clock_type.c **** {
  28              		.loc 1 42 0
  29              		.cfi_startproc
  30              		@ args = 0, pretend = 0, frame = 24
  31              		@ frame_needed = 0, uses_anonymous_args = 0
  32              	.LVL0:
  33 0000 70B5     		push	{r4, r5, r6, lr}
  34              		.cfi_def_cfa_offset 16
  35              		.cfi_offset 4, -16
  36              		.cfi_offset 5, -12
  37              		.cfi_offset 6, -8
  38              		.cfi_offset 14, -4
  39 0002 86B0     		sub	sp, sp, #24
  40              		.cfi_def_cfa_offset 40
  41 0004 0646     		mov	r6, r0
  43:rte/sc_clock_type.c **** 	/* USER CODE START driverOutSC_CLOCK */
  44:rte/sc_clock_type.c **** 
  45:rte/sc_clock_type.c ****     char arr_min [10]  = " ";
  42              		.loc 1 45 0
  43 0006 2023     		movs	r3, #32
  44 0008 0393     		str	r3, [sp, #12]
  45 000a 0024     		movs	r4, #0
  46 000c 0494     		str	r4, [sp, #16]
  47 000e ADF81440 		strh	r4, [sp, #20]	@ movhi
  46:rte/sc_clock_type.c ****     char arr_hour [10] = " ";
  48              		.loc 1 46 0
  49 0012 0093     		str	r3, [sp]
  50 0014 0194     		str	r4, [sp, #4]
  51 0016 ADF80840 		strh	r4, [sp, #8]	@ movhi
  47:rte/sc_clock_type.c ****     sprintf(arr_min  , "%02d", data->clockValue.mins);
  52              		.loc 1 47 0
  53 001a 094D     		ldr	r5, .L3
  54 001c 0279     		ldrb	r2, [r0, #4]	@ zero_extendqisi2
  55 001e 2946     		mov	r1, r5
  56 0020 03A8     		add	r0, sp, #12
  57              	.LVL1:
  58 0022 FFF7FEFF 		bl	sprintf
  59              	.LVL2:
  48:rte/sc_clock_type.c ****     sprintf(arr_hour , "%02d", data->clockValue.hours);
  60              		.loc 1 48 0
  61 0026 7279     		ldrb	r2, [r6, #5]	@ zero_extendqisi2
  62 0028 2946     		mov	r1, r5
  63 002a 6846     		mov	r0, sp
  64 002c FFF7FEFF 		bl	sprintf
  65              	.LVL3:
  49:rte/sc_clock_type.c ****     
ARM GAS  C:\Users\91819\AppData\Local\Temp\cc8ngdqc.s 			page 3


  50:rte/sc_clock_type.c ****     tftDisplay(arr_hour,arr_min);
  66              		.loc 1 50 0
  67 0030 03A9     		add	r1, sp, #12
  68 0032 6846     		mov	r0, sp
  69 0034 FFF7FEFF 		bl	tftDisplay
  70              	.LVL4:
  51:rte/sc_clock_type.c **** 
  52:rte/sc_clock_type.c **** 	//Scale application data to drive format
  53:rte/sc_clock_type.c ****     
  54:rte/sc_clock_type.c **** 	//Write scaled data to driver
  55:rte/sc_clock_type.c **** 
  56:rte/sc_clock_type.c **** 	return RC_SUCCESS;
  57:rte/sc_clock_type.c **** 	/* USER CODE END driverOutSC_CLOCK */
  58:rte/sc_clock_type.c **** }
  71              		.loc 1 58 0
  72 0038 2046     		mov	r0, r4
  73 003a 06B0     		add	sp, sp, #24
  74              		.cfi_def_cfa_offset 16
  75              		@ sp needed
  76 003c 70BD     		pop	{r4, r5, r6, pc}
  77              	.LVL5:
  78              	.L4:
  79 003e 00BF     		.align	2
  80              	.L3:
  81 0040 00000000 		.word	.LC0
  82              		.cfi_endproc
  83              	.LFE111:
  84              		.size	SC_CLOCK_driverOut, .-SC_CLOCK_driverOut
  85              		.section	.rodata.str1.4,"aMS",%progbits,1
  86              		.align	2
  87              	.LC0:
  88 0000 25303264 		.ascii	"%02d\000"
  88      00
  89              		.text
  90              	.Letext0:
  91              		.file 2 "c:\\program files (x86)\\cypress\\psoc creator\\4.4\\psoc creator\\import\\gnu\\arm\\5.4.
  92              		.file 3 "c:\\program files (x86)\\cypress\\psoc creator\\4.4\\psoc creator\\import\\gnu\\arm\\5.4.
  93              		.file 4 "Generated_Source\\PSoC5/ErikaOS_1_common_ee_types.inc"
  94              		.file 5 "Generated_Source\\PSoC5/ErikaOS_1_cortex_mx_ee_cpu.inc"
  95              		.file 6 ".\\bsw/global.h"
  96              		.file 7 ".\\asw/statemachine.h"
  97              		.file 8 ".\\bsw\\tft/tft.h"
  98              		.file 9 ".\\asw/swc_clock.h"
  99              		.file 10 "rte\\sc_clock_type.h"
 100              		.file 11 "Generated_Source\\PSoC5/ErikaOS_1_ee_oo_intfunc.inc"
 101              		.file 12 "Generated_Source\\PSoC5/ErikaOS_1_cortex_mx_ee_context.inc"
 102              		.file 13 "Generated_Source\\PSoC5/ErikaOS_1_common_ee_primitives.inc"
 103              		.file 14 "Generated_Source\\PSoC5/core_cm3.h"
 104              		.file 15 "c:\\program files (x86)\\cypress\\psoc creator\\4.4\\psoc creator\\import\\gnu\\arm\\5.4
 105              		.section	.debug_info,"",%progbits
 106              	.Ldebug_info0:
 107 0000 C0050000 		.4byte	0x5c0
 108 0004 0400     		.2byte	0x4
 109 0006 00000000 		.4byte	.Ldebug_abbrev0
 110 000a 04       		.byte	0x4
 111 000b 01       		.uleb128 0x1
 112 000c 84050000 		.4byte	.LASF120
ARM GAS  C:\Users\91819\AppData\Local\Temp\cc8ngdqc.s 			page 4


 113 0010 0C       		.byte	0xc
 114 0011 45070000 		.4byte	.LASF121
 115 0015 B0030000 		.4byte	.LASF122
 116 0019 00000000 		.4byte	.Ldebug_ranges0+0
 117 001d 00000000 		.4byte	0
 118 0021 00000000 		.4byte	.Ldebug_line0
 119 0025 02       		.uleb128 0x2
 120 0026 01       		.byte	0x1
 121 0027 06       		.byte	0x6
 122 0028 16010000 		.4byte	.LASF0
 123 002c 03       		.uleb128 0x3
 124 002d 6F000000 		.4byte	.LASF3
 125 0031 02       		.byte	0x2
 126 0032 1D       		.byte	0x1d
 127 0033 37000000 		.4byte	0x37
 128 0037 02       		.uleb128 0x2
 129 0038 01       		.byte	0x1
 130 0039 08       		.byte	0x8
 131 003a 5B050000 		.4byte	.LASF1
 132 003e 02       		.uleb128 0x2
 133 003f 02       		.byte	0x2
 134 0040 05       		.byte	0x5
 135 0041 69050000 		.4byte	.LASF2
 136 0045 03       		.uleb128 0x3
 137 0046 EB010000 		.4byte	.LASF4
 138 004a 02       		.byte	0x2
 139 004b 2B       		.byte	0x2b
 140 004c 50000000 		.4byte	0x50
 141 0050 02       		.uleb128 0x2
 142 0051 02       		.byte	0x2
 143 0052 07       		.byte	0x7
 144 0053 FA020000 		.4byte	.LASF5
 145 0057 03       		.uleb128 0x3
 146 0058 D6000000 		.4byte	.LASF6
 147 005c 02       		.byte	0x2
 148 005d 3F       		.byte	0x3f
 149 005e 62000000 		.4byte	0x62
 150 0062 02       		.uleb128 0x2
 151 0063 04       		.byte	0x4
 152 0064 05       		.byte	0x5
 153 0065 91010000 		.4byte	.LASF7
 154 0069 02       		.uleb128 0x2
 155 006a 04       		.byte	0x4
 156 006b 07       		.byte	0x7
 157 006c 97020000 		.4byte	.LASF8
 158 0070 02       		.uleb128 0x2
 159 0071 08       		.byte	0x8
 160 0072 05       		.byte	0x5
 161 0073 08010000 		.4byte	.LASF9
 162 0077 02       		.uleb128 0x2
 163 0078 08       		.byte	0x8
 164 0079 07       		.byte	0x7
 165 007a A8000000 		.4byte	.LASF10
 166 007e 04       		.uleb128 0x4
 167 007f 04       		.byte	0x4
 168 0080 05       		.byte	0x5
 169 0081 696E7400 		.ascii	"int\000"
ARM GAS  C:\Users\91819\AppData\Local\Temp\cc8ngdqc.s 			page 5


 170 0085 02       		.uleb128 0x2
 171 0086 04       		.byte	0x4
 172 0087 07       		.byte	0x7
 173 0088 34020000 		.4byte	.LASF11
 174 008c 03       		.uleb128 0x3
 175 008d 17070000 		.4byte	.LASF12
 176 0091 03       		.byte	0x3
 177 0092 18       		.byte	0x18
 178 0093 2C000000 		.4byte	0x2c
 179 0097 03       		.uleb128 0x3
 180 0098 41020000 		.4byte	.LASF13
 181 009c 03       		.byte	0x3
 182 009d 24       		.byte	0x24
 183 009e 45000000 		.4byte	0x45
 184 00a2 03       		.uleb128 0x3
 185 00a3 53050000 		.4byte	.LASF14
 186 00a7 03       		.byte	0x3
 187 00a8 2C       		.byte	0x2c
 188 00a9 57000000 		.4byte	0x57
 189 00ad 02       		.uleb128 0x2
 190 00ae 04       		.byte	0x4
 191 00af 04       		.byte	0x4
 192 00b0 2B050000 		.4byte	.LASF15
 193 00b4 02       		.uleb128 0x2
 194 00b5 08       		.byte	0x8
 195 00b6 04       		.byte	0x4
 196 00b7 CB010000 		.4byte	.LASF16
 197 00bb 02       		.uleb128 0x2
 198 00bc 01       		.byte	0x1
 199 00bd 08       		.byte	0x8
 200 00be 5C060000 		.4byte	.LASF17
 201 00c2 02       		.uleb128 0x2
 202 00c3 08       		.byte	0x8
 203 00c4 04       		.byte	0x4
 204 00c5 50060000 		.4byte	.LASF18
 205 00c9 03       		.uleb128 0x3
 206 00ca 0E070000 		.4byte	.LASF19
 207 00ce 04       		.byte	0x4
 208 00cf 53       		.byte	0x53
 209 00d0 7E000000 		.4byte	0x7e
 210 00d4 03       		.uleb128 0x3
 211 00d5 FC060000 		.4byte	.LASF20
 212 00d9 04       		.byte	0x4
 213 00da 54       		.byte	0x54
 214 00db 85000000 		.4byte	0x85
 215 00df 03       		.uleb128 0x3
 216 00e0 6B020000 		.4byte	.LASF21
 217 00e4 05       		.byte	0x5
 218 00e5 4D       		.byte	0x4d
 219 00e6 D4000000 		.4byte	0xd4
 220 00ea 03       		.uleb128 0x3
 221 00eb 59070000 		.4byte	.LASF22
 222 00ef 05       		.byte	0x5
 223 00f0 4F       		.byte	0x4f
 224 00f1 D4000000 		.4byte	0xd4
 225 00f5 03       		.uleb128 0x3
 226 00f6 1B020000 		.4byte	.LASF23
ARM GAS  C:\Users\91819\AppData\Local\Temp\cc8ngdqc.s 			page 6


 227 00fa 05       		.byte	0x5
 228 00fb 78       		.byte	0x78
 229 00fc C9000000 		.4byte	0xc9
 230 0100 02       		.uleb128 0x2
 231 0101 04       		.byte	0x4
 232 0102 07       		.byte	0x7
 233 0103 66040000 		.4byte	.LASF24
 234 0107 03       		.uleb128 0x3
 235 0108 6F040000 		.4byte	.LASF25
 236 010c 06       		.byte	0x6
 237 010d 9C       		.byte	0x9c
 238 010e 37000000 		.4byte	0x37
 239 0112 05       		.uleb128 0x5
 240 0113 01       		.byte	0x1
 241 0114 25000000 		.4byte	0x25
 242 0118 06       		.byte	0x6
 243 0119 CF       		.byte	0xcf
 244 011a BB010000 		.4byte	0x1bb
 245 011e 06       		.uleb128 0x6
 246 011f B7020000 		.4byte	.LASF26
 247 0123 00       		.byte	0
 248 0124 07       		.uleb128 0x7
 249 0125 1D050000 		.4byte	.LASF27
 250 0129 7F       		.sleb128 -1
 251 012a 07       		.uleb128 0x7
 252 012b A9020000 		.4byte	.LASF28
 253 012f 7E       		.sleb128 -2
 254 0130 07       		.uleb128 0x7
 255 0131 17060000 		.4byte	.LASF29
 256 0135 7D       		.sleb128 -3
 257 0136 07       		.uleb128 0x7
 258 0137 22010000 		.4byte	.LASF30
 259 013b 7C       		.sleb128 -4
 260 013c 07       		.uleb128 0x7
 261 013d 7E000000 		.4byte	.LASF31
 262 0141 7B       		.sleb128 -5
 263 0142 07       		.uleb128 0x7
 264 0143 9E060000 		.4byte	.LASF32
 265 0147 7A       		.sleb128 -6
 266 0148 07       		.uleb128 0x7
 267 0149 EE040000 		.4byte	.LASF33
 268 014d 79       		.sleb128 -7
 269 014e 07       		.uleb128 0x7
 270 014f 25030000 		.4byte	.LASF34
 271 0153 78       		.sleb128 -8
 272 0154 07       		.uleb128 0x7
 273 0155 64010000 		.4byte	.LASF35
 274 0159 77       		.sleb128 -9
 275 015a 07       		.uleb128 0x7
 276 015b 31050000 		.4byte	.LASF36
 277 015f 76       		.sleb128 -10
 278 0160 07       		.uleb128 0x7
 279 0161 00000000 		.4byte	.LASF37
 280 0165 75       		.sleb128 -11
 281 0166 07       		.uleb128 0x7
 282 0167 BD010000 		.4byte	.LASF38
 283 016b 74       		.sleb128 -12
ARM GAS  C:\Users\91819\AppData\Local\Temp\cc8ngdqc.s 			page 7


 284 016c 07       		.uleb128 0x7
 285 016d 85020000 		.4byte	.LASF39
 286 0171 73       		.sleb128 -13
 287 0172 07       		.uleb128 0x7
 288 0173 38060000 		.4byte	.LASF40
 289 0177 72       		.sleb128 -14
 290 0178 07       		.uleb128 0x7
 291 0179 3F050000 		.4byte	.LASF41
 292 017d 71       		.sleb128 -15
 293 017e 07       		.uleb128 0x7
 294 017f 96040000 		.4byte	.LASF42
 295 0183 70       		.sleb128 -16
 296 0184 07       		.uleb128 0x7
 297 0185 00050000 		.4byte	.LASF43
 298 0189 6F       		.sleb128 -17
 299 018a 07       		.uleb128 0x7
 300 018b 57030000 		.4byte	.LASF44
 301 018f 6E       		.sleb128 -18
 302 0190 07       		.uleb128 0x7
 303 0191 95000000 		.4byte	.LASF45
 304 0195 6D       		.sleb128 -19
 305 0196 07       		.uleb128 0x7
 306 0197 25060000 		.4byte	.LASF46
 307 019b 6C       		.sleb128 -20
 308 019c 07       		.uleb128 0x7
 309 019d BF000000 		.4byte	.LASF47
 310 01a1 6B       		.sleb128 -21
 311 01a2 07       		.uleb128 0x7
 312 01a3 D7040000 		.4byte	.LASF48
 313 01a7 6A       		.sleb128 -22
 314 01a8 07       		.uleb128 0x7
 315 01a9 27000000 		.4byte	.LASF49
 316 01ad 69       		.sleb128 -23
 317 01ae 07       		.uleb128 0x7
 318 01af 5A020000 		.4byte	.LASF50
 319 01b3 68       		.sleb128 -24
 320 01b4 07       		.uleb128 0x7
 321 01b5 85060000 		.4byte	.LASF51
 322 01b9 67       		.sleb128 -25
 323 01ba 00       		.byte	0
 324 01bb 03       		.uleb128 0x3
 325 01bc 79000000 		.4byte	.LASF52
 326 01c0 06       		.byte	0x6
 327 01c1 EA       		.byte	0xea
 328 01c2 12010000 		.4byte	0x112
 329 01c6 03       		.uleb128 0x3
 330 01c7 22020000 		.4byte	.LASF53
 331 01cb 07       		.byte	0x7
 332 01cc 32       		.byte	0x32
 333 01cd D1010000 		.4byte	0x1d1
 334 01d1 08       		.uleb128 0x8
 335 01d2 04       		.byte	0x4
 336 01d3 D7010000 		.4byte	0x1d7
 337 01d7 09       		.uleb128 0x9
 338 01d8 DE010000 		.4byte	0x1de
 339 01dc 0A       		.uleb128 0xa
 340 01dd 00       		.byte	0
ARM GAS  C:\Users\91819\AppData\Local\Temp\cc8ngdqc.s 			page 8


 341 01de 03       		.uleb128 0x3
 342 01df 80010000 		.4byte	.LASF54
 343 01e3 07       		.byte	0x7
 344 01e4 37       		.byte	0x37
 345 01e5 E9010000 		.4byte	0x1e9
 346 01e9 08       		.uleb128 0x8
 347 01ea 04       		.byte	0x4
 348 01eb EF010000 		.4byte	0x1ef
 349 01ef 0B       		.uleb128 0xb
 350 01f0 07010000 		.4byte	0x107
 351 01f4 FA010000 		.4byte	0x1fa
 352 01f8 0A       		.uleb128 0xa
 353 01f9 00       		.byte	0
 354 01fa 0C       		.uleb128 0xc
 355 01fb 0C       		.byte	0xc
 356 01fc 07       		.byte	0x7
 357 01fd 3E       		.byte	0x3e
 358 01fe 33020000 		.4byte	0x233
 359 0202 0D       		.uleb128 0xd
 360 0203 EF020000 		.4byte	.LASF55
 361 0207 07       		.byte	0x7
 362 0208 40       		.byte	0x40
 363 0209 97000000 		.4byte	0x97
 364 020d 00       		.byte	0
 365 020e 0D       		.uleb128 0xd
 366 020f 8D000000 		.4byte	.LASF56
 367 0213 07       		.byte	0x7
 368 0214 41       		.byte	0x41
 369 0215 97000000 		.4byte	0x97
 370 0219 02       		.byte	0x2
 371 021a 0D       		.uleb128 0xd
 372 021b 3F070000 		.4byte	.LASF57
 373 021f 07       		.byte	0x7
 374 0220 42       		.byte	0x42
 375 0221 DE010000 		.4byte	0x1de
 376 0225 04       		.byte	0x4
 377 0226 0D       		.uleb128 0xd
 378 0227 BA060000 		.4byte	.LASF58
 379 022b 07       		.byte	0x7
 380 022c 43       		.byte	0x43
 381 022d C6010000 		.4byte	0x1c6
 382 0231 08       		.byte	0x8
 383 0232 00       		.byte	0
 384 0233 03       		.uleb128 0x3
 385 0234 79040000 		.4byte	.LASF59
 386 0238 07       		.byte	0x7
 387 0239 45       		.byte	0x45
 388 023a FA010000 		.4byte	0x1fa
 389 023e 0E       		.uleb128 0xe
 390 023f 33020000 		.4byte	0x233
 391 0243 49020000 		.4byte	0x249
 392 0247 0F       		.uleb128 0xf
 393 0248 00       		.byte	0
 394 0249 0C       		.uleb128 0xc
 395 024a 0C       		.byte	0xc
 396 024b 07       		.byte	0x7
 397 024c 4C       		.byte	0x4c
ARM GAS  C:\Users\91819\AppData\Local\Temp\cc8ngdqc.s 			page 9


 398 024d 76020000 		.4byte	0x276
 399 0251 0D       		.uleb128 0xd
 400 0252 12000000 		.4byte	.LASF60
 401 0256 07       		.byte	0x7
 402 0257 4E       		.byte	0x4e
 403 0258 97000000 		.4byte	0x97
 404 025c 00       		.byte	0
 405 025d 0D       		.uleb128 0xd
 406 025e 32010000 		.4byte	.LASF61
 407 0262 07       		.byte	0x7
 408 0263 4F       		.byte	0x4f
 409 0264 7C020000 		.4byte	0x27c
 410 0268 04       		.byte	0x4
 411 0269 0D       		.uleb128 0xd
 412 026a F5020000 		.4byte	.LASF62
 413 026e 07       		.byte	0x7
 414 026f 50       		.byte	0x50
 415 0270 81020000 		.4byte	0x281
 416 0274 08       		.byte	0x8
 417 0275 00       		.byte	0
 418 0276 08       		.uleb128 0x8
 419 0277 04       		.byte	0x4
 420 0278 3E020000 		.4byte	0x23e
 421 027c 10       		.uleb128 0x10
 422 027d 76020000 		.4byte	0x276
 423 0281 10       		.uleb128 0x10
 424 0282 97000000 		.4byte	0x97
 425 0286 03       		.uleb128 0x3
 426 0287 A7040000 		.4byte	.LASF63
 427 028b 07       		.byte	0x7
 428 028c 51       		.byte	0x51
 429 028d 49020000 		.4byte	0x249
 430 0291 0E       		.uleb128 0xe
 431 0292 86020000 		.4byte	0x286
 432 0296 9C020000 		.4byte	0x29c
 433 029a 0F       		.uleb128 0xf
 434 029b 00       		.byte	0
 435 029c 0C       		.uleb128 0xc
 436 029d 0C       		.byte	0xc
 437 029e 07       		.byte	0x7
 438 029f 5A       		.byte	0x5a
 439 02a0 C9020000 		.4byte	0x2c9
 440 02a4 0D       		.uleb128 0xd
 441 02a5 7A010000 		.4byte	.LASF64
 442 02a9 07       		.byte	0x7
 443 02aa 5C       		.byte	0x5c
 444 02ab 97000000 		.4byte	0x97
 445 02af 00       		.byte	0
 446 02b0 0D       		.uleb128 0xd
 447 02b1 41030000 		.4byte	.LASF65
 448 02b5 07       		.byte	0x7
 449 02b6 5D       		.byte	0x5d
 450 02b7 C6010000 		.4byte	0x1c6
 451 02bb 04       		.byte	0x4
 452 02bc 0D       		.uleb128 0xd
 453 02bd AB010000 		.4byte	.LASF66
 454 02c1 07       		.byte	0x7
ARM GAS  C:\Users\91819\AppData\Local\Temp\cc8ngdqc.s 			page 10


 455 02c2 5E       		.byte	0x5e
 456 02c3 C6010000 		.4byte	0x1c6
 457 02c7 08       		.byte	0x8
 458 02c8 00       		.byte	0
 459 02c9 03       		.uleb128 0x3
 460 02ca D3060000 		.4byte	.LASF67
 461 02ce 07       		.byte	0x7
 462 02cf 5F       		.byte	0x5f
 463 02d0 9C020000 		.4byte	0x29c
 464 02d4 0E       		.uleb128 0xe
 465 02d5 C9020000 		.4byte	0x2c9
 466 02d9 DF020000 		.4byte	0x2df
 467 02dd 0F       		.uleb128 0xf
 468 02de 00       		.byte	0
 469 02df 0C       		.uleb128 0xc
 470 02e0 10       		.byte	0x10
 471 02e1 07       		.byte	0x7
 472 02e2 66       		.byte	0x66
 473 02e3 24030000 		.4byte	0x324
 474 02e7 0D       		.uleb128 0xd
 475 02e8 48010000 		.4byte	.LASF68
 476 02ec 07       		.byte	0x7
 477 02ed 68       		.byte	0x68
 478 02ee 24030000 		.4byte	0x324
 479 02f2 00       		.byte	0
 480 02f3 0D       		.uleb128 0xd
 481 02f4 82030000 		.4byte	.LASF69
 482 02f8 07       		.byte	0x7
 483 02f9 69       		.byte	0x69
 484 02fa 81020000 		.4byte	0x281
 485 02fe 04       		.byte	0x4
 486 02ff 0D       		.uleb128 0xd
 487 0300 4E000000 		.4byte	.LASF70
 488 0304 07       		.byte	0x7
 489 0305 6A       		.byte	0x6a
 490 0306 2A030000 		.4byte	0x32a
 491 030a 08       		.byte	0x8
 492 030b 0D       		.uleb128 0xd
 493 030c 73020000 		.4byte	.LASF71
 494 0310 07       		.byte	0x7
 495 0311 6B       		.byte	0x6b
 496 0312 81020000 		.4byte	0x281
 497 0316 0C       		.byte	0xc
 498 0317 0D       		.uleb128 0xd
 499 0318 00010000 		.4byte	.LASF72
 500 031c 07       		.byte	0x7
 501 031d 6C       		.byte	0x6c
 502 031e 97000000 		.4byte	0x97
 503 0322 0E       		.byte	0xe
 504 0323 00       		.byte	0
 505 0324 08       		.uleb128 0x8
 506 0325 04       		.byte	0x4
 507 0326 91020000 		.4byte	0x291
 508 032a 08       		.uleb128 0x8
 509 032b 04       		.byte	0x4
 510 032c D4020000 		.4byte	0x2d4
 511 0330 03       		.uleb128 0x3
ARM GAS  C:\Users\91819\AppData\Local\Temp\cc8ngdqc.s 			page 11


 512 0331 61070000 		.4byte	.LASF73
 513 0335 07       		.byte	0x7
 514 0336 6E       		.byte	0x6e
 515 0337 DF020000 		.4byte	0x2df
 516 033b 05       		.uleb128 0x5
 517 033c 02       		.byte	0x2
 518 033d 50000000 		.4byte	0x50
 519 0341 08       		.byte	0x8
 520 0342 5C       		.byte	0x5c
 521 0343 D9030000 		.4byte	0x3d9
 522 0347 11       		.uleb128 0x11
 523 0348 ED000000 		.4byte	.LASF74
 524 034c FFFF     		.2byte	0xffff
 525 034e 06       		.uleb128 0x6
 526 034f 61060000 		.4byte	.LASF75
 527 0353 00       		.byte	0
 528 0354 11       		.uleb128 0x11
 529 0355 7A060000 		.4byte	.LASF76
 530 0359 00F8     		.2byte	0xf800
 531 035b 11       		.uleb128 0x11
 532 035c 26050000 		.4byte	.LASF77
 533 0360 1FF8     		.2byte	0xf81f
 534 0362 11       		.uleb128 0x11
 535 0363 6A000000 		.4byte	.LASF78
 536 0367 FF07     		.2byte	0x7ff
 537 0369 11       		.uleb128 0x11
 538 036a D8020000 		.4byte	.LASF79
 539 036e E0FF     		.2byte	0xffe0
 540 0370 12       		.uleb128 0x12
 541 0371 52454400 		.ascii	"RED\000"
 542 0375 1F       		.byte	0x1f
 543 0376 11       		.uleb128 0x11
 544 0377 3E000000 		.4byte	.LASF80
 545 037b 1FF8     		.2byte	0xf81f
 546 037d 11       		.uleb128 0x11
 547 037e 7F060000 		.4byte	.LASF81
 548 0382 E007     		.2byte	0x7e0
 549 0384 11       		.uleb128 0x11
 550 0385 12060000 		.4byte	.LASF82
 551 0389 E0FF     		.2byte	0xffe0
 552 038b 11       		.uleb128 0x11
 553 038c B6010000 		.4byte	.LASF83
 554 0390 FF07     		.2byte	0x7ff
 555 0392 11       		.uleb128 0x11
 556 0393 A5010000 		.4byte	.LASF84
 557 0397 3D02     		.2byte	0x23d
 558 0399 11       		.uleb128 0x11
 559 039a 0F020000 		.4byte	.LASF85
 560 039e 3FE0     		.2byte	0xe03f
 561 03a0 11       		.uleb128 0x11
 562 03a1 E9040000 		.4byte	.LASF86
 563 03a5 210C     		.2byte	0xc21
 564 03a7 11       		.uleb128 0x11
 565 03a8 14050000 		.4byte	.LASF87
 566 03ac 89F3     		.2byte	0xf389
 567 03ae 11       		.uleb128 0x11
 568 03af 5C040000 		.4byte	.LASF88
ARM GAS  C:\Users\91819\AppData\Local\Temp\cc8ngdqc.s 			page 12


 569 03b3 BE3E     		.2byte	0x3ebe
 570 03b5 11       		.uleb128 0x11
 571 03b6 1F070000 		.4byte	.LASF89
 572 03ba 2A1A     		.2byte	0x1a2a
 573 03bc 11       		.uleb128 0x11
 574 03bd AF060000 		.4byte	.LASF90
 575 03c1 21F8     		.2byte	0xf821
 576 03c3 11       		.uleb128 0x11
 577 03c4 15020000 		.4byte	.LASF91
 578 03c8 6318     		.2byte	0x1863
 579 03ca 11       		.uleb128 0x11
 580 03cb 4D030000 		.4byte	.LASF92
 581 03cf 658A     		.2byte	0x8a65
 582 03d1 11       		.uleb128 0x11
 583 03d2 3A030000 		.4byte	.LASF93
 584 03d6 D448     		.2byte	0x48d4
 585 03d8 00       		.byte	0
 586 03d9 03       		.uleb128 0x3
 587 03da F3000000 		.4byte	.LASF94
 588 03de 08       		.byte	0x8
 589 03df 72       		.byte	0x72
 590 03e0 3B030000 		.4byte	0x33b
 591 03e4 05       		.uleb128 0x5
 592 03e5 01       		.byte	0x1
 593 03e6 37000000 		.4byte	0x37
 594 03ea 09       		.byte	0x9
 595 03eb 26       		.byte	0x26
 596 03ec FD030000 		.4byte	0x3fd
 597 03f0 06       		.uleb128 0x6
 598 03f1 5A010000 		.4byte	.LASF95
 599 03f5 00       		.byte	0
 600 03f6 06       		.uleb128 0x6
 601 03f7 06070000 		.4byte	.LASF96
 602 03fb 01       		.byte	0x1
 603 03fc 00       		.byte	0
 604 03fd 03       		.uleb128 0x3
 605 03fe 5C000000 		.4byte	.LASF97
 606 0402 09       		.byte	0x9
 607 0403 29       		.byte	0x29
 608 0404 E4030000 		.4byte	0x3e4
 609 0408 0C       		.uleb128 0xc
 610 0409 04       		.byte	0x4
 611 040a 09       		.byte	0x9
 612 040b 2B       		.byte	0x2b
 613 040c 29040000 		.4byte	0x429
 614 0410 0D       		.uleb128 0xd
 615 0411 9A010000 		.4byte	.LASF98
 616 0415 09       		.byte	0x9
 617 0416 2C       		.byte	0x2c
 618 0417 D9030000 		.4byte	0x3d9
 619 041b 00       		.byte	0
 620 041c 0D       		.uleb128 0xd
 621 041d 75030000 		.4byte	.LASF99
 622 0421 09       		.byte	0x9
 623 0422 2D       		.byte	0x2d
 624 0423 D9030000 		.4byte	0x3d9
 625 0427 02       		.byte	0x2
ARM GAS  C:\Users\91819\AppData\Local\Temp\cc8ngdqc.s 			page 13


 626 0428 00       		.byte	0
 627 0429 03       		.uleb128 0x3
 628 042a 28070000 		.4byte	.LASF100
 629 042e 09       		.byte	0x9
 630 042f 2E       		.byte	0x2e
 631 0430 08040000 		.4byte	0x408
 632 0434 0C       		.uleb128 0xc
 633 0435 0A       		.byte	0xa
 634 0436 09       		.byte	0x9
 635 0437 30       		.byte	0x30
 636 0438 6D040000 		.4byte	0x46d
 637 043c 0D       		.uleb128 0xd
 638 043d 4B060000 		.4byte	.LASF101
 639 0441 09       		.byte	0x9
 640 0442 32       		.byte	0x32
 641 0443 8C000000 		.4byte	0x8c
 642 0447 00       		.byte	0
 643 0448 0D       		.uleb128 0xd
 644 0449 73050000 		.4byte	.LASF102
 645 044d 09       		.byte	0x9
 646 044e 33       		.byte	0x33
 647 044f 8C000000 		.4byte	0x8c
 648 0453 01       		.byte	0x1
 649 0454 0D       		.uleb128 0xd
 650 0455 35070000 		.4byte	.LASF103
 651 0459 09       		.byte	0x9
 652 045a 34       		.byte	0x34
 653 045b 29040000 		.4byte	0x429
 654 045f 02       		.byte	0x2
 655 0460 0D       		.uleb128 0xd
 656 0461 1C000000 		.4byte	.LASF104
 657 0465 09       		.byte	0x9
 658 0466 35       		.byte	0x35
 659 0467 29040000 		.4byte	0x429
 660 046b 06       		.byte	0x6
 661 046c 00       		.byte	0
 662 046d 03       		.uleb128 0x3
 663 046e C2020000 		.4byte	.LASF105
 664 0472 09       		.byte	0x9
 665 0473 36       		.byte	0x36
 666 0474 34040000 		.4byte	0x434
 667 0478 0C       		.uleb128 0xc
 668 0479 10       		.byte	0x10
 669 047a 0A       		.byte	0xa
 670 047b 20       		.byte	0x20
 671 047c A5040000 		.4byte	0x4a5
 672 0480 0D       		.uleb128 0xd
 673 0481 DE020000 		.4byte	.LASF106
 674 0485 0A       		.byte	0xa
 675 0486 22       		.byte	0x22
 676 0487 A5040000 		.4byte	0x4a5
 677 048b 00       		.byte	0
 678 048c 0D       		.uleb128 0xd
 679 048d A5030000 		.4byte	.LASF107
 680 0491 0A       		.byte	0xa
 681 0492 23       		.byte	0x23
 682 0493 6D040000 		.4byte	0x46d
ARM GAS  C:\Users\91819\AppData\Local\Temp\cc8ngdqc.s 			page 14


 683 0497 04       		.byte	0x4
 684 0498 0D       		.uleb128 0xd
 685 0499 98030000 		.4byte	.LASF108
 686 049d 0A       		.byte	0xa
 687 049e 24       		.byte	0x24
 688 049f FD030000 		.4byte	0x3fd
 689 04a3 0E       		.byte	0xe
 690 04a4 00       		.byte	0
 691 04a5 08       		.uleb128 0x8
 692 04a6 04       		.byte	0x4
 693 04a7 30030000 		.4byte	0x330
 694 04ab 03       		.uleb128 0x3
 695 04ac 4A020000 		.4byte	.LASF109
 696 04b0 0A       		.byte	0xa
 697 04b1 26       		.byte	0x26
 698 04b2 78040000 		.4byte	0x478
 699 04b6 13       		.uleb128 0x13
 700 04b7 67060000 		.4byte	.LASF123
 701 04bb 01       		.byte	0x1
 702 04bc 29       		.byte	0x29
 703 04bd BB010000 		.4byte	0x1bb
 704 04c1 00000000 		.4byte	.LFB111
 705 04c5 44000000 		.4byte	.LFE111-.LFB111
 706 04c9 01       		.uleb128 0x1
 707 04ca 9C       		.byte	0x9c
 708 04cb 45050000 		.4byte	0x545
 709 04cf 14       		.uleb128 0x14
 710 04d0 D1000000 		.4byte	.LASF124
 711 04d4 01       		.byte	0x1
 712 04d5 29       		.byte	0x29
 713 04d6 50050000 		.4byte	0x550
 714 04da 00000000 		.4byte	.LLST0
 715 04de 15       		.uleb128 0x15
 716 04df CB060000 		.4byte	.LASF110
 717 04e3 01       		.byte	0x1
 718 04e4 2D       		.byte	0x2d
 719 04e5 55050000 		.4byte	0x555
 720 04e9 02       		.uleb128 0x2
 721 04ea 91       		.byte	0x91
 722 04eb 64       		.sleb128 -28
 723 04ec 15       		.uleb128 0x15
 724 04ed 6C030000 		.4byte	.LASF111
 725 04f1 01       		.byte	0x1
 726 04f2 2E       		.byte	0x2e
 727 04f3 55050000 		.4byte	0x555
 728 04f7 02       		.uleb128 0x2
 729 04f8 91       		.byte	0x91
 730 04f9 58       		.sleb128 -40
 731 04fa 16       		.uleb128 0x16
 732 04fb 26000000 		.4byte	.LVL2
 733 04ff AD050000 		.4byte	0x5ad
 734 0503 14050000 		.4byte	0x514
 735 0507 17       		.uleb128 0x17
 736 0508 01       		.uleb128 0x1
 737 0509 50       		.byte	0x50
 738 050a 02       		.uleb128 0x2
 739 050b 91       		.byte	0x91
ARM GAS  C:\Users\91819\AppData\Local\Temp\cc8ngdqc.s 			page 15


 740 050c 64       		.sleb128 -28
 741 050d 17       		.uleb128 0x17
 742 050e 01       		.uleb128 0x1
 743 050f 51       		.byte	0x51
 744 0510 02       		.uleb128 0x2
 745 0511 75       		.byte	0x75
 746 0512 00       		.sleb128 0
 747 0513 00       		.byte	0
 748 0514 16       		.uleb128 0x16
 749 0515 30000000 		.4byte	.LVL3
 750 0519 AD050000 		.4byte	0x5ad
 751 051d 2E050000 		.4byte	0x52e
 752 0521 17       		.uleb128 0x17
 753 0522 01       		.uleb128 0x1
 754 0523 50       		.byte	0x50
 755 0524 02       		.uleb128 0x2
 756 0525 7D       		.byte	0x7d
 757 0526 00       		.sleb128 0
 758 0527 17       		.uleb128 0x17
 759 0528 01       		.uleb128 0x1
 760 0529 51       		.byte	0x51
 761 052a 02       		.uleb128 0x2
 762 052b 75       		.byte	0x75
 763 052c 00       		.sleb128 0
 764 052d 00       		.byte	0
 765 052e 18       		.uleb128 0x18
 766 052f 38000000 		.4byte	.LVL4
 767 0533 B8050000 		.4byte	0x5b8
 768 0537 17       		.uleb128 0x17
 769 0538 01       		.uleb128 0x1
 770 0539 50       		.byte	0x50
 771 053a 02       		.uleb128 0x2
 772 053b 7D       		.byte	0x7d
 773 053c 00       		.sleb128 0
 774 053d 17       		.uleb128 0x17
 775 053e 01       		.uleb128 0x1
 776 053f 51       		.byte	0x51
 777 0540 02       		.uleb128 0x2
 778 0541 91       		.byte	0x91
 779 0542 64       		.sleb128 -28
 780 0543 00       		.byte	0
 781 0544 00       		.byte	0
 782 0545 08       		.uleb128 0x8
 783 0546 04       		.byte	0x4
 784 0547 4B050000 		.4byte	0x54b
 785 054b 10       		.uleb128 0x10
 786 054c AB040000 		.4byte	0x4ab
 787 0550 10       		.uleb128 0x10
 788 0551 45050000 		.4byte	0x545
 789 0555 0E       		.uleb128 0xe
 790 0556 BB000000 		.4byte	0xbb
 791 055a 65050000 		.4byte	0x565
 792 055e 19       		.uleb128 0x19
 793 055f 00010000 		.4byte	0x100
 794 0563 09       		.byte	0x9
 795 0564 00       		.byte	0
 796 0565 1A       		.uleb128 0x1a
ARM GAS  C:\Users\91819\AppData\Local\Temp\cc8ngdqc.s 			page 16


 797 0566 0D030000 		.4byte	.LASF112
 798 056a 0B       		.byte	0xb
 799 056b 40       		.byte	0x40
 800 056c DF000000 		.4byte	0xdf
 801 0570 1A       		.uleb128 0x1a
 802 0571 D2010000 		.4byte	.LASF113
 803 0575 0B       		.byte	0xb
 804 0576 47       		.byte	0x47
 805 0577 EA000000 		.4byte	0xea
 806 057b 1A       		.uleb128 0x1a
 807 057c C4040000 		.4byte	.LASF114
 808 0580 0B       		.byte	0xb
 809 0581 4A       		.byte	0x4a
 810 0582 DF000000 		.4byte	0xdf
 811 0586 1A       		.uleb128 0x1a
 812 0587 F6010000 		.4byte	.LASF115
 813 058b 0C       		.byte	0xc
 814 058c 48       		.byte	0x48
 815 058d F5000000 		.4byte	0xf5
 816 0591 1A       		.uleb128 0x1a
 817 0592 E7060000 		.4byte	.LASF116
 818 0596 0D       		.byte	0xd
 819 0597 44       		.byte	0x44
 820 0598 DF000000 		.4byte	0xdf
 821 059c 1B       		.uleb128 0x1b
 822 059d E0000000 		.4byte	.LASF117
 823 05a1 0E       		.byte	0xe
 824 05a2 1207     		.2byte	0x712
 825 05a4 A8050000 		.4byte	0x5a8
 826 05a8 1C       		.uleb128 0x1c
 827 05a9 A2000000 		.4byte	0xa2
 828 05ad 1D       		.uleb128 0x1d
 829 05ae 46000000 		.4byte	.LASF118
 830 05b2 46000000 		.4byte	.LASF118
 831 05b6 0F       		.byte	0xf
 832 05b7 E7       		.byte	0xe7
 833 05b8 1D       		.uleb128 0x1d
 834 05b9 79050000 		.4byte	.LASF119
 835 05bd 79050000 		.4byte	.LASF119
 836 05c1 09       		.byte	0x9
 837 05c2 74       		.byte	0x74
 838 05c3 00       		.byte	0
 839              		.section	.debug_abbrev,"",%progbits
 840              	.Ldebug_abbrev0:
 841 0000 01       		.uleb128 0x1
 842 0001 11       		.uleb128 0x11
 843 0002 01       		.byte	0x1
 844 0003 25       		.uleb128 0x25
 845 0004 0E       		.uleb128 0xe
 846 0005 13       		.uleb128 0x13
 847 0006 0B       		.uleb128 0xb
 848 0007 03       		.uleb128 0x3
 849 0008 0E       		.uleb128 0xe
 850 0009 1B       		.uleb128 0x1b
 851 000a 0E       		.uleb128 0xe
 852 000b 55       		.uleb128 0x55
 853 000c 17       		.uleb128 0x17
ARM GAS  C:\Users\91819\AppData\Local\Temp\cc8ngdqc.s 			page 17


 854 000d 11       		.uleb128 0x11
 855 000e 01       		.uleb128 0x1
 856 000f 10       		.uleb128 0x10
 857 0010 17       		.uleb128 0x17
 858 0011 00       		.byte	0
 859 0012 00       		.byte	0
 860 0013 02       		.uleb128 0x2
 861 0014 24       		.uleb128 0x24
 862 0015 00       		.byte	0
 863 0016 0B       		.uleb128 0xb
 864 0017 0B       		.uleb128 0xb
 865 0018 3E       		.uleb128 0x3e
 866 0019 0B       		.uleb128 0xb
 867 001a 03       		.uleb128 0x3
 868 001b 0E       		.uleb128 0xe
 869 001c 00       		.byte	0
 870 001d 00       		.byte	0
 871 001e 03       		.uleb128 0x3
 872 001f 16       		.uleb128 0x16
 873 0020 00       		.byte	0
 874 0021 03       		.uleb128 0x3
 875 0022 0E       		.uleb128 0xe
 876 0023 3A       		.uleb128 0x3a
 877 0024 0B       		.uleb128 0xb
 878 0025 3B       		.uleb128 0x3b
 879 0026 0B       		.uleb128 0xb
 880 0027 49       		.uleb128 0x49
 881 0028 13       		.uleb128 0x13
 882 0029 00       		.byte	0
 883 002a 00       		.byte	0
 884 002b 04       		.uleb128 0x4
 885 002c 24       		.uleb128 0x24
 886 002d 00       		.byte	0
 887 002e 0B       		.uleb128 0xb
 888 002f 0B       		.uleb128 0xb
 889 0030 3E       		.uleb128 0x3e
 890 0031 0B       		.uleb128 0xb
 891 0032 03       		.uleb128 0x3
 892 0033 08       		.uleb128 0x8
 893 0034 00       		.byte	0
 894 0035 00       		.byte	0
 895 0036 05       		.uleb128 0x5
 896 0037 04       		.uleb128 0x4
 897 0038 01       		.byte	0x1
 898 0039 0B       		.uleb128 0xb
 899 003a 0B       		.uleb128 0xb
 900 003b 49       		.uleb128 0x49
 901 003c 13       		.uleb128 0x13
 902 003d 3A       		.uleb128 0x3a
 903 003e 0B       		.uleb128 0xb
 904 003f 3B       		.uleb128 0x3b
 905 0040 0B       		.uleb128 0xb
 906 0041 01       		.uleb128 0x1
 907 0042 13       		.uleb128 0x13
 908 0043 00       		.byte	0
 909 0044 00       		.byte	0
 910 0045 06       		.uleb128 0x6
ARM GAS  C:\Users\91819\AppData\Local\Temp\cc8ngdqc.s 			page 18


 911 0046 28       		.uleb128 0x28
 912 0047 00       		.byte	0
 913 0048 03       		.uleb128 0x3
 914 0049 0E       		.uleb128 0xe
 915 004a 1C       		.uleb128 0x1c
 916 004b 0B       		.uleb128 0xb
 917 004c 00       		.byte	0
 918 004d 00       		.byte	0
 919 004e 07       		.uleb128 0x7
 920 004f 28       		.uleb128 0x28
 921 0050 00       		.byte	0
 922 0051 03       		.uleb128 0x3
 923 0052 0E       		.uleb128 0xe
 924 0053 1C       		.uleb128 0x1c
 925 0054 0D       		.uleb128 0xd
 926 0055 00       		.byte	0
 927 0056 00       		.byte	0
 928 0057 08       		.uleb128 0x8
 929 0058 0F       		.uleb128 0xf
 930 0059 00       		.byte	0
 931 005a 0B       		.uleb128 0xb
 932 005b 0B       		.uleb128 0xb
 933 005c 49       		.uleb128 0x49
 934 005d 13       		.uleb128 0x13
 935 005e 00       		.byte	0
 936 005f 00       		.byte	0
 937 0060 09       		.uleb128 0x9
 938 0061 15       		.uleb128 0x15
 939 0062 01       		.byte	0x1
 940 0063 01       		.uleb128 0x1
 941 0064 13       		.uleb128 0x13
 942 0065 00       		.byte	0
 943 0066 00       		.byte	0
 944 0067 0A       		.uleb128 0xa
 945 0068 18       		.uleb128 0x18
 946 0069 00       		.byte	0
 947 006a 00       		.byte	0
 948 006b 00       		.byte	0
 949 006c 0B       		.uleb128 0xb
 950 006d 15       		.uleb128 0x15
 951 006e 01       		.byte	0x1
 952 006f 49       		.uleb128 0x49
 953 0070 13       		.uleb128 0x13
 954 0071 01       		.uleb128 0x1
 955 0072 13       		.uleb128 0x13
 956 0073 00       		.byte	0
 957 0074 00       		.byte	0
 958 0075 0C       		.uleb128 0xc
 959 0076 13       		.uleb128 0x13
 960 0077 01       		.byte	0x1
 961 0078 0B       		.uleb128 0xb
 962 0079 0B       		.uleb128 0xb
 963 007a 3A       		.uleb128 0x3a
 964 007b 0B       		.uleb128 0xb
 965 007c 3B       		.uleb128 0x3b
 966 007d 0B       		.uleb128 0xb
 967 007e 01       		.uleb128 0x1
ARM GAS  C:\Users\91819\AppData\Local\Temp\cc8ngdqc.s 			page 19


 968 007f 13       		.uleb128 0x13
 969 0080 00       		.byte	0
 970 0081 00       		.byte	0
 971 0082 0D       		.uleb128 0xd
 972 0083 0D       		.uleb128 0xd
 973 0084 00       		.byte	0
 974 0085 03       		.uleb128 0x3
 975 0086 0E       		.uleb128 0xe
 976 0087 3A       		.uleb128 0x3a
 977 0088 0B       		.uleb128 0xb
 978 0089 3B       		.uleb128 0x3b
 979 008a 0B       		.uleb128 0xb
 980 008b 49       		.uleb128 0x49
 981 008c 13       		.uleb128 0x13
 982 008d 38       		.uleb128 0x38
 983 008e 0B       		.uleb128 0xb
 984 008f 00       		.byte	0
 985 0090 00       		.byte	0
 986 0091 0E       		.uleb128 0xe
 987 0092 01       		.uleb128 0x1
 988 0093 01       		.byte	0x1
 989 0094 49       		.uleb128 0x49
 990 0095 13       		.uleb128 0x13
 991 0096 01       		.uleb128 0x1
 992 0097 13       		.uleb128 0x13
 993 0098 00       		.byte	0
 994 0099 00       		.byte	0
 995 009a 0F       		.uleb128 0xf
 996 009b 21       		.uleb128 0x21
 997 009c 00       		.byte	0
 998 009d 00       		.byte	0
 999 009e 00       		.byte	0
 1000 009f 10       		.uleb128 0x10
 1001 00a0 26       		.uleb128 0x26
 1002 00a1 00       		.byte	0
 1003 00a2 49       		.uleb128 0x49
 1004 00a3 13       		.uleb128 0x13
 1005 00a4 00       		.byte	0
 1006 00a5 00       		.byte	0
 1007 00a6 11       		.uleb128 0x11
 1008 00a7 28       		.uleb128 0x28
 1009 00a8 00       		.byte	0
 1010 00a9 03       		.uleb128 0x3
 1011 00aa 0E       		.uleb128 0xe
 1012 00ab 1C       		.uleb128 0x1c
 1013 00ac 05       		.uleb128 0x5
 1014 00ad 00       		.byte	0
 1015 00ae 00       		.byte	0
 1016 00af 12       		.uleb128 0x12
 1017 00b0 28       		.uleb128 0x28
 1018 00b1 00       		.byte	0
 1019 00b2 03       		.uleb128 0x3
 1020 00b3 08       		.uleb128 0x8
 1021 00b4 1C       		.uleb128 0x1c
 1022 00b5 0B       		.uleb128 0xb
 1023 00b6 00       		.byte	0
 1024 00b7 00       		.byte	0
ARM GAS  C:\Users\91819\AppData\Local\Temp\cc8ngdqc.s 			page 20


 1025 00b8 13       		.uleb128 0x13
 1026 00b9 2E       		.uleb128 0x2e
 1027 00ba 01       		.byte	0x1
 1028 00bb 3F       		.uleb128 0x3f
 1029 00bc 19       		.uleb128 0x19
 1030 00bd 03       		.uleb128 0x3
 1031 00be 0E       		.uleb128 0xe
 1032 00bf 3A       		.uleb128 0x3a
 1033 00c0 0B       		.uleb128 0xb
 1034 00c1 3B       		.uleb128 0x3b
 1035 00c2 0B       		.uleb128 0xb
 1036 00c3 27       		.uleb128 0x27
 1037 00c4 19       		.uleb128 0x19
 1038 00c5 49       		.uleb128 0x49
 1039 00c6 13       		.uleb128 0x13
 1040 00c7 11       		.uleb128 0x11
 1041 00c8 01       		.uleb128 0x1
 1042 00c9 12       		.uleb128 0x12
 1043 00ca 06       		.uleb128 0x6
 1044 00cb 40       		.uleb128 0x40
 1045 00cc 18       		.uleb128 0x18
 1046 00cd 9742     		.uleb128 0x2117
 1047 00cf 19       		.uleb128 0x19
 1048 00d0 01       		.uleb128 0x1
 1049 00d1 13       		.uleb128 0x13
 1050 00d2 00       		.byte	0
 1051 00d3 00       		.byte	0
 1052 00d4 14       		.uleb128 0x14
 1053 00d5 05       		.uleb128 0x5
 1054 00d6 00       		.byte	0
 1055 00d7 03       		.uleb128 0x3
 1056 00d8 0E       		.uleb128 0xe
 1057 00d9 3A       		.uleb128 0x3a
 1058 00da 0B       		.uleb128 0xb
 1059 00db 3B       		.uleb128 0x3b
 1060 00dc 0B       		.uleb128 0xb
 1061 00dd 49       		.uleb128 0x49
 1062 00de 13       		.uleb128 0x13
 1063 00df 02       		.uleb128 0x2
 1064 00e0 17       		.uleb128 0x17
 1065 00e1 00       		.byte	0
 1066 00e2 00       		.byte	0
 1067 00e3 15       		.uleb128 0x15
 1068 00e4 34       		.uleb128 0x34
 1069 00e5 00       		.byte	0
 1070 00e6 03       		.uleb128 0x3
 1071 00e7 0E       		.uleb128 0xe
 1072 00e8 3A       		.uleb128 0x3a
 1073 00e9 0B       		.uleb128 0xb
 1074 00ea 3B       		.uleb128 0x3b
 1075 00eb 0B       		.uleb128 0xb
 1076 00ec 49       		.uleb128 0x49
 1077 00ed 13       		.uleb128 0x13
 1078 00ee 02       		.uleb128 0x2
 1079 00ef 18       		.uleb128 0x18
 1080 00f0 00       		.byte	0
 1081 00f1 00       		.byte	0
ARM GAS  C:\Users\91819\AppData\Local\Temp\cc8ngdqc.s 			page 21


 1082 00f2 16       		.uleb128 0x16
 1083 00f3 898201   		.uleb128 0x4109
 1084 00f6 01       		.byte	0x1
 1085 00f7 11       		.uleb128 0x11
 1086 00f8 01       		.uleb128 0x1
 1087 00f9 31       		.uleb128 0x31
 1088 00fa 13       		.uleb128 0x13
 1089 00fb 01       		.uleb128 0x1
 1090 00fc 13       		.uleb128 0x13
 1091 00fd 00       		.byte	0
 1092 00fe 00       		.byte	0
 1093 00ff 17       		.uleb128 0x17
 1094 0100 8A8201   		.uleb128 0x410a
 1095 0103 00       		.byte	0
 1096 0104 02       		.uleb128 0x2
 1097 0105 18       		.uleb128 0x18
 1098 0106 9142     		.uleb128 0x2111
 1099 0108 18       		.uleb128 0x18
 1100 0109 00       		.byte	0
 1101 010a 00       		.byte	0
 1102 010b 18       		.uleb128 0x18
 1103 010c 898201   		.uleb128 0x4109
 1104 010f 01       		.byte	0x1
 1105 0110 11       		.uleb128 0x11
 1106 0111 01       		.uleb128 0x1
 1107 0112 31       		.uleb128 0x31
 1108 0113 13       		.uleb128 0x13
 1109 0114 00       		.byte	0
 1110 0115 00       		.byte	0
 1111 0116 19       		.uleb128 0x19
 1112 0117 21       		.uleb128 0x21
 1113 0118 00       		.byte	0
 1114 0119 49       		.uleb128 0x49
 1115 011a 13       		.uleb128 0x13
 1116 011b 2F       		.uleb128 0x2f
 1117 011c 0B       		.uleb128 0xb
 1118 011d 00       		.byte	0
 1119 011e 00       		.byte	0
 1120 011f 1A       		.uleb128 0x1a
 1121 0120 34       		.uleb128 0x34
 1122 0121 00       		.byte	0
 1123 0122 03       		.uleb128 0x3
 1124 0123 0E       		.uleb128 0xe
 1125 0124 3A       		.uleb128 0x3a
 1126 0125 0B       		.uleb128 0xb
 1127 0126 3B       		.uleb128 0x3b
 1128 0127 0B       		.uleb128 0xb
 1129 0128 49       		.uleb128 0x49
 1130 0129 13       		.uleb128 0x13
 1131 012a 3F       		.uleb128 0x3f
 1132 012b 19       		.uleb128 0x19
 1133 012c 3C       		.uleb128 0x3c
 1134 012d 19       		.uleb128 0x19
 1135 012e 00       		.byte	0
 1136 012f 00       		.byte	0
 1137 0130 1B       		.uleb128 0x1b
 1138 0131 34       		.uleb128 0x34
ARM GAS  C:\Users\91819\AppData\Local\Temp\cc8ngdqc.s 			page 22


 1139 0132 00       		.byte	0
 1140 0133 03       		.uleb128 0x3
 1141 0134 0E       		.uleb128 0xe
 1142 0135 3A       		.uleb128 0x3a
 1143 0136 0B       		.uleb128 0xb
 1144 0137 3B       		.uleb128 0x3b
 1145 0138 05       		.uleb128 0x5
 1146 0139 49       		.uleb128 0x49
 1147 013a 13       		.uleb128 0x13
 1148 013b 3F       		.uleb128 0x3f
 1149 013c 19       		.uleb128 0x19
 1150 013d 3C       		.uleb128 0x3c
 1151 013e 19       		.uleb128 0x19
 1152 013f 00       		.byte	0
 1153 0140 00       		.byte	0
 1154 0141 1C       		.uleb128 0x1c
 1155 0142 35       		.uleb128 0x35
 1156 0143 00       		.byte	0
 1157 0144 49       		.uleb128 0x49
 1158 0145 13       		.uleb128 0x13
 1159 0146 00       		.byte	0
 1160 0147 00       		.byte	0
 1161 0148 1D       		.uleb128 0x1d
 1162 0149 2E       		.uleb128 0x2e
 1163 014a 00       		.byte	0
 1164 014b 3F       		.uleb128 0x3f
 1165 014c 19       		.uleb128 0x19
 1166 014d 3C       		.uleb128 0x3c
 1167 014e 19       		.uleb128 0x19
 1168 014f 6E       		.uleb128 0x6e
 1169 0150 0E       		.uleb128 0xe
 1170 0151 03       		.uleb128 0x3
 1171 0152 0E       		.uleb128 0xe
 1172 0153 3A       		.uleb128 0x3a
 1173 0154 0B       		.uleb128 0xb
 1174 0155 3B       		.uleb128 0x3b
 1175 0156 0B       		.uleb128 0xb
 1176 0157 00       		.byte	0
 1177 0158 00       		.byte	0
 1178 0159 00       		.byte	0
 1179              		.section	.debug_loc,"",%progbits
 1180              	.Ldebug_loc0:
 1181              	.LLST0:
 1182 0000 00000000 		.4byte	.LVL0
 1183 0004 22000000 		.4byte	.LVL1
 1184 0008 0100     		.2byte	0x1
 1185 000a 50       		.byte	0x50
 1186 000b 22000000 		.4byte	.LVL1
 1187 000f 3E000000 		.4byte	.LVL5
 1188 0013 0100     		.2byte	0x1
 1189 0015 56       		.byte	0x56
 1190 0016 3E000000 		.4byte	.LVL5
 1191 001a 44000000 		.4byte	.LFE111
 1192 001e 0400     		.2byte	0x4
 1193 0020 F3       		.byte	0xf3
 1194 0021 01       		.uleb128 0x1
 1195 0022 50       		.byte	0x50
ARM GAS  C:\Users\91819\AppData\Local\Temp\cc8ngdqc.s 			page 23


 1196 0023 9F       		.byte	0x9f
 1197 0024 00000000 		.4byte	0
 1198 0028 00000000 		.4byte	0
 1199              		.section	.debug_aranges,"",%progbits
 1200 0000 1C000000 		.4byte	0x1c
 1201 0004 0200     		.2byte	0x2
 1202 0006 00000000 		.4byte	.Ldebug_info0
 1203 000a 04       		.byte	0x4
 1204 000b 00       		.byte	0
 1205 000c 0000     		.2byte	0
 1206 000e 0000     		.2byte	0
 1207 0010 00000000 		.4byte	.LFB111
 1208 0014 44000000 		.4byte	.LFE111-.LFB111
 1209 0018 00000000 		.4byte	0
 1210 001c 00000000 		.4byte	0
 1211              		.section	.debug_ranges,"",%progbits
 1212              	.Ldebug_ranges0:
 1213 0000 00000000 		.4byte	.LFB111
 1214 0004 44000000 		.4byte	.LFE111
 1215 0008 00000000 		.4byte	0
 1216 000c 00000000 		.4byte	0
 1217              		.section	.debug_line,"",%progbits
 1218              	.Ldebug_line0:
 1219 0000 E7020000 		.section	.debug_str,"MS",%progbits,1
 1219      0200CC02 
 1219      00000201 
 1219      FB0E0D00 
 1219      01010101 
 1220              	.LASF37:
 1221 0000 52435F45 		.ascii	"RC_ERROR_TIME_OUT\000"
 1221      52524F52 
 1221      5F54494D 
 1221      455F4F55 
 1221      5400
 1222              	.LASF60:
 1223 0012 66726F6D 		.ascii	"fromState\000"
 1223      53746174 
 1223      6500
 1224              	.LASF104:
 1225 001c 666F6E74 		.ascii	"font_hours\000"
 1225      5F686F75 
 1225      727300
 1226              	.LASF49:
 1227 0027 52435F45 		.ascii	"RC_ERROR_INVALID_STATE\000"
 1227      52524F52 
 1227      5F494E56 
 1227      414C4944 
 1227      5F535441 
 1228              	.LASF80:
 1229 003e 4D414745 		.ascii	"MAGENTA\000"
 1229      4E544100 
 1230              	.LASF118:
 1231 0046 73707269 		.ascii	"sprintf\000"
 1231      6E746600 
 1232              	.LASF70:
 1233 004e 6D5F6163 		.ascii	"m_actionTable\000"
 1233      74696F6E 
ARM GAS  C:\Users\91819\AppData\Local\Temp\cc8ngdqc.s 			page 24


 1233      5461626C 
 1233      6500
 1234              	.LASF97:
 1235 005c 57494447 		.ascii	"WIDGET_type_t\000"
 1235      45545F74 
 1235      7970655F 
 1235      7400
 1236              	.LASF78:
 1237 006a 47524544 		.ascii	"GRED\000"
 1237      00
 1238              	.LASF3:
 1239 006f 5F5F7569 		.ascii	"__uint8_t\000"
 1239      6E74385F 
 1239      7400
 1240              	.LASF52:
 1241 0079 52435F74 		.ascii	"RC_t\000"
 1241      00
 1242              	.LASF31:
 1243 007e 52435F45 		.ascii	"RC_ERROR_RANGE\000"
 1243      52524F52 
 1243      5F52414E 
 1243      474500
 1244              	.LASF56:
 1245 008d 746F5374 		.ascii	"toState\000"
 1245      61746500 
 1246              	.LASF45:
 1247 0095 52435F45 		.ascii	"RC_ERROR_NOT_MATCH\000"
 1247      52524F52 
 1247      5F4E4F54 
 1247      5F4D4154 
 1247      434800
 1248              	.LASF10:
 1249 00a8 6C6F6E67 		.ascii	"long long unsigned int\000"
 1249      206C6F6E 
 1249      6720756E 
 1249      7369676E 
 1249      65642069 
 1250              	.LASF47:
 1251 00bf 52435F45 		.ascii	"RC_ERROR_BAD_DATA\000"
 1251      52524F52 
 1251      5F424144 
 1251      5F444154 
 1251      4100
 1252              	.LASF124:
 1253 00d1 64617461 		.ascii	"data\000"
 1253      00
 1254              	.LASF6:
 1255 00d6 5F5F696E 		.ascii	"__int32_t\000"
 1255      7433325F 
 1255      7400
 1256              	.LASF117:
 1257 00e0 49544D5F 		.ascii	"ITM_RxBuffer\000"
 1257      52784275 
 1257      66666572 
 1257      00
 1258              	.LASF74:
 1259 00ed 57484954 		.ascii	"WHITE\000"
ARM GAS  C:\Users\91819\AppData\Local\Temp\cc8ngdqc.s 			page 25


 1259      4500
 1260              	.LASF94:
 1261 00f3 5446545F 		.ascii	"TFT_colors_t\000"
 1261      636F6C6F 
 1261      72735F74 
 1261      00
 1262              	.LASF72:
 1263 0100 6D5F7374 		.ascii	"m_state\000"
 1263      61746500 
 1264              	.LASF9:
 1265 0108 6C6F6E67 		.ascii	"long long int\000"
 1265      206C6F6E 
 1265      6720696E 
 1265      7400
 1266              	.LASF0:
 1267 0116 7369676E 		.ascii	"signed char\000"
 1267      65642063 
 1267      68617200 
 1268              	.LASF30:
 1269 0122 52435F45 		.ascii	"RC_ERROR_MEMORY\000"
 1269      52524F52 
 1269      5F4D454D 
 1269      4F525900 
 1270              	.LASF61:
 1271 0132 70496E6E 		.ascii	"pInnerTransitionTable\000"
 1271      65725472 
 1271      616E7369 
 1271      74696F6E 
 1271      5461626C 
 1272              	.LASF68:
 1273 0148 6D5F7472 		.ascii	"m_transitionTable\000"
 1273      616E7369 
 1273      74696F6E 
 1273      5461626C 
 1273      6500
 1274              	.LASF95:
 1275 015a 575F4D49 		.ascii	"W_MINUTES\000"
 1275      4E555445 
 1275      5300
 1276              	.LASF35:
 1277 0164 52435F45 		.ascii	"RC_ERROR_BUFFER_EMTPY\000"
 1277      52524F52 
 1277      5F425546 
 1277      4645525F 
 1277      454D5450 
 1278              	.LASF64:
 1279 017a 73746174 		.ascii	"state\000"
 1279      6500
 1280              	.LASF54:
 1281 0180 53544154 		.ascii	"STATE_GuardPtr_t\000"
 1281      455F4775 
 1281      61726450 
 1281      74725F74 
 1281      00
 1282              	.LASF7:
 1283 0191 6C6F6E67 		.ascii	"long int\000"
 1283      20696E74 
ARM GAS  C:\Users\91819\AppData\Local\Temp\cc8ngdqc.s 			page 26


 1283      00
 1284              	.LASF98:
 1285 019a 465F4247 		.ascii	"F_BG_COLOR\000"
 1285      5F434F4C 
 1285      4F5200
 1286              	.LASF84:
 1287 01a5 42524F57 		.ascii	"BROWN\000"
 1287      4E00
 1288              	.LASF66:
 1289 01ab 61637469 		.ascii	"actionExit\000"
 1289      6F6E4578 
 1289      697400
 1290              	.LASF83:
 1291 01b6 59454C4C 		.ascii	"YELLOW\000"
 1291      4F5700
 1292              	.LASF38:
 1293 01bd 52435F45 		.ascii	"RC_ERROR_OPEN\000"
 1293      52524F52 
 1293      5F4F5045 
 1293      4E00
 1294              	.LASF16:
 1295 01cb 646F7562 		.ascii	"double\000"
 1295      6C6500
 1296              	.LASF113:
 1297 01d2 45455F6F 		.ascii	"EE_oo_IRQ_suspend_status\000"
 1297      6F5F4952 
 1297      515F7375 
 1297      7370656E 
 1297      645F7374 
 1298              	.LASF4:
 1299 01eb 5F5F7569 		.ascii	"__uint16_t\000"
 1299      6E743136 
 1299      5F7400
 1300              	.LASF115:
 1301 01f6 45455F73 		.ascii	"EE_std_endcycle_next_tid\000"
 1301      74645F65 
 1301      6E646379 
 1301      636C655F 
 1301      6E657874 
 1302              	.LASF85:
 1303 020f 42525245 		.ascii	"BRRED\000"
 1303      4400
 1304              	.LASF91:
 1305 0215 4C475241 		.ascii	"LGRAY\000"
 1305      5900
 1306              	.LASF23:
 1307 021b 45455F54 		.ascii	"EE_TID\000"
 1307      494400
 1308              	.LASF53:
 1309 0222 53544154 		.ascii	"STATE_ActionPtr_t\000"
 1309      455F4163 
 1309      74696F6E 
 1309      5074725F 
 1309      7400
 1310              	.LASF11:
 1311 0234 756E7369 		.ascii	"unsigned int\000"
 1311      676E6564 
ARM GAS  C:\Users\91819\AppData\Local\Temp\cc8ngdqc.s 			page 27


 1311      20696E74 
 1311      00
 1312              	.LASF13:
 1313 0241 75696E74 		.ascii	"uint16_t\000"
 1313      31365F74 
 1313      00
 1314              	.LASF109:
 1315 024a 53435F43 		.ascii	"SC_CLOCK_data_t\000"
 1315      4C4F434B 
 1315      5F646174 
 1315      615F7400 
 1316              	.LASF50:
 1317 025a 52435F45 		.ascii	"RC_ERROR_UNKNOWN\000"
 1317      52524F52 
 1317      5F554E4B 
 1317      4E4F574E 
 1317      00
 1318              	.LASF21:
 1319 026b 45455F55 		.ascii	"EE_UREG\000"
 1319      52454700 
 1320              	.LASF71:
 1321 0273 6D5F6163 		.ascii	"m_actionTableSize\000"
 1321      74696F6E 
 1321      5461626C 
 1321      6553697A 
 1321      6500
 1322              	.LASF39:
 1323 0285 52435F45 		.ascii	"RC_ERROR_CHECKSUM\000"
 1323      52524F52 
 1323      5F434845 
 1323      434B5355 
 1323      4D00
 1324              	.LASF8:
 1325 0297 6C6F6E67 		.ascii	"long unsigned int\000"
 1325      20756E73 
 1325      69676E65 
 1325      6420696E 
 1325      7400
 1326              	.LASF28:
 1327 02a9 52435F45 		.ascii	"RC_ERROR_NULL\000"
 1327      52524F52 
 1327      5F4E554C 
 1327      4C00
 1328              	.LASF26:
 1329 02b7 52435F53 		.ascii	"RC_SUCCESS\000"
 1329      55434345 
 1329      535300
 1330              	.LASF105:
 1331 02c2 434C4F43 		.ascii	"CLOCK_active_widget_t\000"
 1331      4B5F6163 
 1331      74697665 
 1331      5F776964 
 1331      6765745F 
 1332              	.LASF79:
 1333 02d8 47424C55 		.ascii	"GBLUE\000"
 1333      4500
 1334              	.LASF106:
ARM GAS  C:\Users\91819\AppData\Local\Temp\cc8ngdqc.s 			page 28


 1335 02de 53746174 		.ascii	"StateMachine_ptr\000"
 1335      654D6163 
 1335      68696E65 
 1335      5F707472 
 1335      00
 1336              	.LASF55:
 1337 02ef 6576656E 		.ascii	"event\000"
 1337      7400
 1338              	.LASF62:
 1339 02f5 73697A65 		.ascii	"size\000"
 1339      00
 1340              	.LASF5:
 1341 02fa 73686F72 		.ascii	"short unsigned int\000"
 1341      7420756E 
 1341      7369676E 
 1341      65642069 
 1341      6E7400
 1342              	.LASF112:
 1343 030d 45455F6F 		.ascii	"EE_oo_IRQ_disable_count\000"
 1343      6F5F4952 
 1343      515F6469 
 1343      7361626C 
 1343      655F636F 
 1344              	.LASF34:
 1345 0325 52435F45 		.ascii	"RC_ERROR_BUFFER_FULL\000"
 1345      52524F52 
 1345      5F425546 
 1345      4645525F 
 1345      46554C4C 
 1346              	.LASF93:
 1347 033a 4C42424C 		.ascii	"LBBLUE\000"
 1347      554500
 1348              	.LASF65:
 1349 0341 61637469 		.ascii	"actionEntry\000"
 1349      6F6E456E 
 1349      74727900 
 1350              	.LASF92:
 1351 034d 4C475241 		.ascii	"LGRAYBLUE\000"
 1351      59424C55 
 1351      4500
 1352              	.LASF44:
 1353 0357 52435F45 		.ascii	"RC_ERROR_WRITE_FAILS\000"
 1353      52524F52 
 1353      5F575249 
 1353      54455F46 
 1353      41494C53 
 1354              	.LASF111:
 1355 036c 6172725F 		.ascii	"arr_hour\000"
 1355      686F7572 
 1355      00
 1356              	.LASF99:
 1357 0375 465F5445 		.ascii	"F_TEXT_COLOR\000"
 1357      58545F43 
 1357      4F4C4F52 
 1357      00
 1358              	.LASF69:
 1359 0382 6D5F7472 		.ascii	"m_transitionTableSize\000"
ARM GAS  C:\Users\91819\AppData\Local\Temp\cc8ngdqc.s 			page 29


 1359      616E7369 
 1359      74696F6E 
 1359      5461626C 
 1359      6553697A 
 1360              	.LASF108:
 1361 0398 61637469 		.ascii	"activeWidget\000"
 1361      76655769 
 1361      64676574 
 1361      00
 1362              	.LASF107:
 1363 03a5 636C6F63 		.ascii	"clockValue\000"
 1363      6B56616C 
 1363      756500
 1364              	.LASF122:
 1365 03b0 433A5C55 		.ascii	"C:\\Users\\91819\\Documents\\HDA_Sem2\\EAA\\Lab\\Wo"
 1365      73657273 
 1365      5C393138 
 1365      31395C44 
 1365      6F63756D 
 1366 03dc 726B7370 		.ascii	"rkspace01\\Workspace03\\electronicClock_v3.cydsn\\e"
 1366      61636530 
 1366      315C576F 
 1366      726B7370 
 1366      61636530 
 1367 040c 6C656374 		.ascii	"lectronicClock_v3.cydsn\\electronicClock_almostFina"
 1367      726F6E69 
 1367      63436C6F 
 1367      636B5F76 
 1367      332E6379 
 1368 043e 6C2E6379 		.ascii	"l.cydsn\\electronicClock.cydsn\000"
 1368      64736E5C 
 1368      656C6563 
 1368      74726F6E 
 1368      6963436C 
 1369              	.LASF88:
 1370 045c 4C494748 		.ascii	"LIGHTBLUE\000"
 1370      54424C55 
 1370      4500
 1371              	.LASF24:
 1372 0466 73697A65 		.ascii	"sizetype\000"
 1372      74797065 
 1372      00
 1373              	.LASF25:
 1374 046f 626F6F6C 		.ascii	"boolean_t\000"
 1374      65616E5F 
 1374      7400
 1375              	.LASF59:
 1376 0479 53544154 		.ascii	"STATE_stateInnerTransition_t\000"
 1376      455F7374 
 1376      61746549 
 1376      6E6E6572 
 1376      5472616E 
 1377              	.LASF42:
 1378 0496 52435F45 		.ascii	"RC_ERROR_INVALID\000"
 1378      52524F52 
 1378      5F494E56 
 1378      414C4944 
ARM GAS  C:\Users\91819\AppData\Local\Temp\cc8ngdqc.s 			page 30


 1378      00
 1379              	.LASF63:
 1380 04a7 53544154 		.ascii	"STATE_stateOuterTransition_t\000"
 1380      455F7374 
 1380      6174654F 
 1380      75746572 
 1380      5472616E 
 1381              	.LASF114:
 1382 04c4 45455F41 		.ascii	"EE_ApplicationMode\000"
 1382      70706C69 
 1382      63617469 
 1382      6F6E4D6F 
 1382      646500
 1383              	.LASF48:
 1384 04d7 52435F45 		.ascii	"RC_ERROR_CANCELED\000"
 1384      52524F52 
 1384      5F43414E 
 1384      43454C45 
 1384      4400
 1385              	.LASF86:
 1386 04e9 47524159 		.ascii	"GRAY\000"
 1386      00
 1387              	.LASF33:
 1388 04ee 52435F45 		.ascii	"RC_ERROR_UNDERRUN\000"
 1388      52524F52 
 1388      5F554E44 
 1388      45525255 
 1388      4E00
 1389              	.LASF43:
 1390 0500 52435F45 		.ascii	"RC_ERROR_READ_FAILS\000"
 1390      52524F52 
 1390      5F524541 
 1390      445F4641 
 1390      494C5300 
 1391              	.LASF87:
 1392 0514 4441524B 		.ascii	"DARKBLUE\000"
 1392      424C5545 
 1392      00
 1393              	.LASF27:
 1394 051d 52435F45 		.ascii	"RC_ERROR\000"
 1394      52524F52 
 1394      00
 1395              	.LASF77:
 1396 0526 42524544 		.ascii	"BRED\000"
 1396      00
 1397              	.LASF15:
 1398 052b 666C6F61 		.ascii	"float\000"
 1398      7400
 1399              	.LASF36:
 1400 0531 52435F45 		.ascii	"RC_ERROR_BUSY\000"
 1400      52524F52 
 1400      5F425553 
 1400      5900
 1401              	.LASF41:
 1402 053f 52435F45 		.ascii	"RC_ERROR_WRITE_ONLY\000"
 1402      52524F52 
 1402      5F575249 
ARM GAS  C:\Users\91819\AppData\Local\Temp\cc8ngdqc.s 			page 31


 1402      54455F4F 
 1402      4E4C5900 
 1403              	.LASF14:
 1404 0553 696E7433 		.ascii	"int32_t\000"
 1404      325F7400 
 1405              	.LASF1:
 1406 055b 756E7369 		.ascii	"unsigned char\000"
 1406      676E6564 
 1406      20636861 
 1406      7200
 1407              	.LASF2:
 1408 0569 73686F72 		.ascii	"short int\000"
 1408      7420696E 
 1408      7400
 1409              	.LASF102:
 1410 0573 686F7572 		.ascii	"hours\000"
 1410      7300
 1411              	.LASF119:
 1412 0579 74667444 		.ascii	"tftDisplay\000"
 1412      6973706C 
 1412      617900
 1413              	.LASF120:
 1414 0584 474E5520 		.ascii	"GNU C11 5.4.1 20160609 (release) [ARM/embedded-5-br"
 1414      43313120 
 1414      352E342E 
 1414      31203230 
 1414      31363036 
 1415 05b7 616E6368 		.ascii	"anch revision 237715] -mcpu=cortex-m3 -mthumb -g -O"
 1415      20726576 
 1415      6973696F 
 1415      6E203233 
 1415      37373135 
 1416 05ea 67202D66 		.ascii	"g -ffunction-sections -ffat-lto-objects\000"
 1416      66756E63 
 1416      74696F6E 
 1416      2D736563 
 1416      74696F6E 
 1417              	.LASF82:
 1418 0612 4359414E 		.ascii	"CYAN\000"
 1418      00
 1419              	.LASF29:
 1420 0617 52435F45 		.ascii	"RC_ERROR_ZERO\000"
 1420      52524F52 
 1420      5F5A4552 
 1420      4F00
 1421              	.LASF46:
 1422 0625 52435F45 		.ascii	"RC_ERROR_BAD_PARAM\000"
 1422      52524F52 
 1422      5F424144 
 1422      5F504152 
 1422      414D00
 1423              	.LASF40:
 1424 0638 52435F45 		.ascii	"RC_ERROR_READ_ONLY\000"
 1424      52524F52 
 1424      5F524541 
 1424      445F4F4E 
 1424      4C5900
ARM GAS  C:\Users\91819\AppData\Local\Temp\cc8ngdqc.s 			page 32


 1425              	.LASF101:
 1426 064b 6D696E73 		.ascii	"mins\000"
 1426      00
 1427              	.LASF18:
 1428 0650 6C6F6E67 		.ascii	"long double\000"
 1428      20646F75 
 1428      626C6500 
 1429              	.LASF17:
 1430 065c 63686172 		.ascii	"char\000"
 1430      00
 1431              	.LASF75:
 1432 0661 424C4143 		.ascii	"BLACK\000"
 1432      4B00
 1433              	.LASF123:
 1434 0667 53435F43 		.ascii	"SC_CLOCK_driverOut\000"
 1434      4C4F434B 
 1434      5F647269 
 1434      7665724F 
 1434      757400
 1435              	.LASF76:
 1436 067a 424C5545 		.ascii	"BLUE\000"
 1436      00
 1437              	.LASF81:
 1438 067f 47524545 		.ascii	"GREEN\000"
 1438      4E00
 1439              	.LASF51:
 1440 0685 52435F45 		.ascii	"RC_ERROR_NOT_IMPLEMENTED\000"
 1440      52524F52 
 1440      5F4E4F54 
 1440      5F494D50 
 1440      4C454D45 
 1441              	.LASF32:
 1442 069e 52435F45 		.ascii	"RC_ERROR_OVERRUN\000"
 1442      52524F52 
 1442      5F4F5645 
 1442      5252554E 
 1442      00
 1443              	.LASF90:
 1444 06af 4C494748 		.ascii	"LIGHTGREEN\000"
 1444      54475245 
 1444      454E00
 1445              	.LASF58:
 1446 06ba 61637469 		.ascii	"actionTransition\000"
 1446      6F6E5472 
 1446      616E7369 
 1446      74696F6E 
 1446      00
 1447              	.LASF110:
 1448 06cb 6172725F 		.ascii	"arr_min\000"
 1448      6D696E00 
 1449              	.LASF67:
 1450 06d3 53544154 		.ascii	"STATE_stateAction_t\000"
 1450      455F7374 
 1450      61746541 
 1450      6374696F 
 1450      6E5F7400 
 1451              	.LASF116:
ARM GAS  C:\Users\91819\AppData\Local\Temp\cc8ngdqc.s 			page 33


 1452 06e7 45455F49 		.ascii	"EE_IRQ_nesting_level\000"
 1452      52515F6E 
 1452      65737469 
 1452      6E675F6C 
 1452      6576656C 
 1453              	.LASF20:
 1454 06fc 45455F55 		.ascii	"EE_UINT32\000"
 1454      494E5433 
 1454      3200
 1455              	.LASF96:
 1456 0706 575F484F 		.ascii	"W_HOURS\000"
 1456      55525300 
 1457              	.LASF19:
 1458 070e 45455F49 		.ascii	"EE_INT32\000"
 1458      4E543332 
 1458      00
 1459              	.LASF12:
 1460 0717 75696E74 		.ascii	"uint8_t\000"
 1460      385F7400 
 1461              	.LASF89:
 1462 071f 47524159 		.ascii	"GRAYBLUE\000"
 1462      424C5545 
 1462      00
 1463              	.LASF100:
 1464 0728 434C4F43 		.ascii	"CLOCK_font_t\000"
 1464      4B5F666F 
 1464      6E745F74 
 1464      00
 1465              	.LASF103:
 1466 0735 666F6E74 		.ascii	"font_mins\000"
 1466      5F6D696E 
 1466      7300
 1467              	.LASF57:
 1468 073f 67756172 		.ascii	"guard\000"
 1468      6400
 1469              	.LASF121:
 1470 0745 7274655C 		.ascii	"rte\\sc_clock_type.c\000"
 1470      73635F63 
 1470      6C6F636B 
 1470      5F747970 
 1470      652E6300 
 1471              	.LASF22:
 1472 0759 45455F46 		.ascii	"EE_FREG\000"
 1472      52454700 
 1473              	.LASF73:
 1474 0761 53544154 		.ascii	"STATE_t\000"
 1474      455F7400 
 1475              		.ident	"GCC: (GNU Tools for ARM Embedded Processors) 5.4.1 20160609 (release) [ARM/embedded-5-bran
