ARM GAS  C:\Users\91819\AppData\Local\Temp\cccxYGiU.s 			page 1


   1              		.syntax unified
   2              		.cpu cortex-m3
   3              		.fpu softvfp
   4              		.eabi_attribute 20, 1
   5              		.eabi_attribute 21, 1
   6              		.eabi_attribute 23, 3
   7              		.eabi_attribute 24, 1
   8              		.eabi_attribute 25, 1
   9              		.eabi_attribute 26, 1
  10              		.eabi_attribute 30, 1
  11              		.eabi_attribute 34, 1
  12              		.eabi_attribute 18, 4
  13              		.thumb
  14              		.syntax unified
  15              		.file	"sc_clock.c"
  16              		.text
  17              	.Ltext0:
  18              		.cfi_sections	.debug_frame
  19              	.Letext0:
  20              		.section	.debug_line,"",%progbits
  21              	.Ldebug_line0:
  22              		.section	.debug_str,"MS",%progbits,1
  23              	.LASF0:
  24 0000 433A5C55 		.ascii	"C:\\Users\\91819\\Documents\\HDA_Sem2\\EAA\\Lab\\Wo"
  24      73657273 
  24      5C393138 
  24      31395C44 
  24      6F63756D 
  25 002c 726B7370 		.ascii	"rkspace01\\Workspace03\\electronicClock_v3.cydsn\\e"
  25      61636530 
  25      315C576F 
  25      726B7370 
  25      61636530 
  26 005c 6C656374 		.ascii	"lectronicClock_v3.cydsn\\electronicClock.cydsn\000"
  26      726F6E69 
  26      63436C6F 
  26      636B5F76 
  26      332E6379 
  27              	.LASF1:
  28 008a 474E5520 		.ascii	"GNU C11 5.4.1 20160609 (release) [ARM/embedded-5-br"
  28      43313120 
  28      352E342E 
  28      31203230 
  28      31363036 
  29 00bd 616E6368 		.ascii	"anch revision 237715] -mcpu=cortex-m3 -mthumb -g -O"
  29      20726576 
  29      6973696F 
  29      6E203233 
  29      37373135 
  30 00f0 67202D66 		.ascii	"g -ffunction-sections -ffat-lto-objects\000"
  30      66756E63 
  30      74696F6E 
  30      2D736563 
  30      74696F6E 
  31              	.LASF2:
  32 0118 7274655C 		.ascii	"rte\\sc_clock.c\000"
  32      73635F63 
ARM GAS  C:\Users\91819\AppData\Local\Temp\cccxYGiU.s 			page 2


  32      6C6F636B 
  32      2E6300
  33              		.ident	"GCC: (GNU Tools for ARM Embedded Processors) 5.4.1 20160609 (release) [ARM/embedded-5-bran
