ARM GAS  C:\Users\91819\AppData\Local\Temp\cc18liJ3.s 			page 1


   1              		.syntax unified
   2              		.cpu cortex-m3
   3              		.fpu softvfp
   4              		.eabi_attribute 20, 1
   5              		.eabi_attribute 21, 1
   6              		.eabi_attribute 23, 3
   7              		.eabi_attribute 24, 1
   8              		.eabi_attribute 25, 1
   9              		.eabi_attribute 26, 1
  10              		.eabi_attribute 30, 1
  11              		.eabi_attribute 34, 1
  12              		.eabi_attribute 18, 4
  13              		.thumb
  14              		.syntax unified
  15              		.file	"sc_event_type.c"
  16              		.text
  17              	.Ltext0:
  18              		.cfi_sections	.debug_frame
  19              		.section	.text.SC_EVENT_driverIn,"ax",%progbits
  20              		.align	2
  21              		.global	SC_EVENT_driverIn
  22              		.thumb
  23              		.thumb_func
  24              		.type	SC_EVENT_driverIn, %function
  25              	SC_EVENT_driverIn:
  26              	.LFB110:
  27              		.file 1 "rte\\sc_event_type.c"
   1:rte/sc_event_type.c **** 
   2:rte/sc_event_type.c **** 
   3:rte/sc_event_type.c **** /*
   4:rte/sc_event_type.c ****  * Filename: sc_event_type.c
   5:rte/sc_event_type.c ****  *
   6:rte/sc_event_type.c ****  * Author: Autogenerated by H-DA RTE Generator, (c) Prof. Fromm
   7:rte/sc_event_type.c ****  */
   8:rte/sc_event_type.c **** 
   9:rte/sc_event_type.c **** #include "project.h"
  10:rte/sc_event_type.c **** #include "global.h"
  11:rte/sc_event_type.c **** #include "rte.h"
  12:rte/sc_event_type.c **** #include "rte_types.h"
  13:rte/sc_event_type.c **** #include "sc_event_type.h"
  14:rte/sc_event_type.c **** 
  15:rte/sc_event_type.c **** 
  16:rte/sc_event_type.c **** 
  17:rte/sc_event_type.c **** /* USER CODE START SC_EVENT_INCLUDE */
  18:rte/sc_event_type.c **** 
  19:rte/sc_event_type.c **** /* USER CODE END SC_EVENT_INCLUDE */
  20:rte/sc_event_type.c **** 
  21:rte/sc_event_type.c **** 
  22:rte/sc_event_type.c **** /*
  23:rte/sc_event_type.c **** * description: Signalclass
  24:rte/sc_event_type.c **** * name: sc_event
  25:rte/sc_event_type.c **** * shortname: event
  26:rte/sc_event_type.c **** */
  27:rte/sc_event_type.c **** 
  28:rte/sc_event_type.c **** /* USER CODE START SC_EVENT_USERDEFINITIONS */
  29:rte/sc_event_type.c **** 
  30:rte/sc_event_type.c **** /* USER CODE END SC_EVENT_USERDEFINITIONS */
ARM GAS  C:\Users\91819\AppData\Local\Temp\cc18liJ3.s 			page 2


  31:rte/sc_event_type.c **** 
  32:rte/sc_event_type.c **** 
  33:rte/sc_event_type.c **** /*****************************************************************************************
  34:rte/sc_event_type.c ****  *************** Port Wrapper Implementation for SC_EVENT signal  ****************
  35:rte/sc_event_type.c ****  *****************************************************************************************/
  36:rte/sc_event_type.c ****  
  37:rte/sc_event_type.c ****  
  38:rte/sc_event_type.c **** 
  39:rte/sc_event_type.c **** /**
  40:rte/sc_event_type.c ****  * Default IN driver API
  41:rte/sc_event_type.c ****  */
  42:rte/sc_event_type.c **** inline RC_t SC_EVENT_driverIn(SC_EVENT_data_t *const data)
  43:rte/sc_event_type.c **** {
  28              		.loc 1 43 0
  29              		.cfi_startproc
  30              		@ args = 0, pretend = 0, frame = 0
  31              		@ frame_needed = 0, uses_anonymous_args = 0
  32              		@ link register save eliminated.
  33              	.LVL0:
  44:rte/sc_event_type.c **** 	/* USER CODE START driverInSC_EVENT */
  45:rte/sc_event_type.c **** //#error "Add your code here"
  46:rte/sc_event_type.c **** 
  47:rte/sc_event_type.c **** 	//Read data from the MCAL driver
  48:rte/sc_event_type.c **** 
  49:rte/sc_event_type.c **** 	//Scale it to the application type
  50:rte/sc_event_type.c **** 
  51:rte/sc_event_type.c **** 	return RC_SUCCESS;
  52:rte/sc_event_type.c **** 	/* USER CODE END driverInSC_EVENT */
  53:rte/sc_event_type.c **** }
  34              		.loc 1 53 0
  35 0000 0020     		movs	r0, #0
  36              	.LVL1:
  37 0002 7047     		bx	lr
  38              		.cfi_endproc
  39              	.LFE110:
  40              		.size	SC_EVENT_driverIn, .-SC_EVENT_driverIn
  41              		.text
  42              	.Letext0:
  43              		.file 2 "c:\\program files (x86)\\cypress\\psoc creator\\4.4\\psoc creator\\import\\gnu\\arm\\5.4.
  44              		.file 3 "c:\\program files (x86)\\cypress\\psoc creator\\4.4\\psoc creator\\import\\gnu\\arm\\5.4.
  45              		.file 4 "Generated_Source\\PSoC5/ErikaOS_1_common_ee_types.inc"
  46              		.file 5 "Generated_Source\\PSoC5/ErikaOS_1_cortex_mx_ee_cpu.inc"
  47              		.file 6 ".\\bsw/global.h"
  48              		.file 7 "rte\\sc_event_type.h"
  49              		.file 8 "Generated_Source\\PSoC5/ErikaOS_1_ee_oo_intfunc.inc"
  50              		.file 9 "Generated_Source\\PSoC5/ErikaOS_1_cortex_mx_ee_context.inc"
  51              		.file 10 "Generated_Source\\PSoC5/ErikaOS_1_common_ee_primitives.inc"
  52              		.file 11 "Generated_Source\\PSoC5/core_cm3.h"
  53              		.section	.debug_info,"",%progbits
  54              	.Ldebug_info0:
  55 0000 3E020000 		.4byte	0x23e
  56 0004 0400     		.2byte	0x4
  57 0006 00000000 		.4byte	.Ldebug_abbrev0
  58 000a 04       		.byte	0x4
  59 000b 01       		.uleb128 0x1
  60 000c 12030000 		.4byte	.LASF57
  61 0010 0C       		.byte	0xc
ARM GAS  C:\Users\91819\AppData\Local\Temp\cc18liJ3.s 			page 3


  62 0011 D5030000 		.4byte	.LASF58
  63 0015 95000000 		.4byte	.LASF59
  64 0019 00000000 		.4byte	.Ldebug_ranges0+0
  65 001d 00000000 		.4byte	0
  66 0021 00000000 		.4byte	.Ldebug_line0
  67 0025 02       		.uleb128 0x2
  68 0026 01       		.byte	0x1
  69 0027 06       		.byte	0x6
  70 0028 82020000 		.4byte	.LASF0
  71 002c 03       		.uleb128 0x3
  72 002d 2B020000 		.4byte	.LASF4
  73 0031 02       		.byte	0x2
  74 0032 1D       		.byte	0x1d
  75 0033 37000000 		.4byte	0x37
  76 0037 02       		.uleb128 0x2
  77 0038 01       		.byte	0x1
  78 0039 08       		.byte	0x8
  79 003a 64020000 		.4byte	.LASF1
  80 003e 02       		.uleb128 0x2
  81 003f 02       		.byte	0x2
  82 0040 05       		.byte	0x5
  83 0041 32000000 		.4byte	.LASF2
  84 0045 02       		.uleb128 0x2
  85 0046 02       		.byte	0x2
  86 0047 07       		.byte	0x7
  87 0048 FF020000 		.4byte	.LASF3
  88 004c 03       		.uleb128 0x3
  89 004d 34040000 		.4byte	.LASF5
  90 0051 02       		.byte	0x2
  91 0052 3F       		.byte	0x3f
  92 0053 57000000 		.4byte	0x57
  93 0057 02       		.uleb128 0x2
  94 0058 04       		.byte	0x4
  95 0059 05       		.byte	0x5
  96 005a 02020000 		.4byte	.LASF6
  97 005e 02       		.uleb128 0x2
  98 005f 04       		.byte	0x4
  99 0060 07       		.byte	0x7
 100 0061 01040000 		.4byte	.LASF7
 101 0065 02       		.uleb128 0x2
 102 0066 08       		.byte	0x8
 103 0067 05       		.byte	0x5
 104 0068 B7010000 		.4byte	.LASF8
 105 006c 02       		.uleb128 0x2
 106 006d 08       		.byte	0x8
 107 006e 07       		.byte	0x7
 108 006f 8E020000 		.4byte	.LASF9
 109 0073 04       		.uleb128 0x4
 110 0074 04       		.byte	0x4
 111 0075 05       		.byte	0x5
 112 0076 696E7400 		.ascii	"int\000"
 113 007a 02       		.uleb128 0x2
 114 007b 04       		.byte	0x4
 115 007c 07       		.byte	0x7
 116 007d A5020000 		.4byte	.LASF10
 117 0081 03       		.uleb128 0x3
 118 0082 30010000 		.4byte	.LASF11
ARM GAS  C:\Users\91819\AppData\Local\Temp\cc18liJ3.s 			page 4


 119 0086 03       		.byte	0x3
 120 0087 18       		.byte	0x18
 121 0088 2C000000 		.4byte	0x2c
 122 008c 03       		.uleb128 0x3
 123 008d BA030000 		.4byte	.LASF12
 124 0091 03       		.byte	0x3
 125 0092 2C       		.byte	0x2c
 126 0093 4C000000 		.4byte	0x4c
 127 0097 02       		.uleb128 0x2
 128 0098 04       		.byte	0x4
 129 0099 04       		.byte	0x4
 130 009a 98010000 		.4byte	.LASF13
 131 009e 02       		.uleb128 0x2
 132 009f 08       		.byte	0x8
 133 00a0 04       		.byte	0x4
 134 00a1 13040000 		.4byte	.LASF14
 135 00a5 02       		.uleb128 0x2
 136 00a6 01       		.byte	0x1
 137 00a7 08       		.byte	0x8
 138 00a8 A0030000 		.4byte	.LASF15
 139 00ac 02       		.uleb128 0x2
 140 00ad 08       		.byte	0x8
 141 00ae 04       		.byte	0x4
 142 00af 58020000 		.4byte	.LASF16
 143 00b3 03       		.uleb128 0x3
 144 00b4 E4020000 		.4byte	.LASF17
 145 00b8 04       		.byte	0x4
 146 00b9 53       		.byte	0x53
 147 00ba 73000000 		.4byte	0x73
 148 00be 03       		.uleb128 0x3
 149 00bf 1F010000 		.4byte	.LASF18
 150 00c3 04       		.byte	0x4
 151 00c4 54       		.byte	0x54
 152 00c5 7A000000 		.4byte	0x7a
 153 00c9 03       		.uleb128 0x3
 154 00ca 2C040000 		.4byte	.LASF19
 155 00ce 05       		.byte	0x5
 156 00cf 4D       		.byte	0x4d
 157 00d0 BE000000 		.4byte	0xbe
 158 00d4 03       		.uleb128 0x3
 159 00d5 79000000 		.4byte	.LASF20
 160 00d9 05       		.byte	0x5
 161 00da 4F       		.byte	0x4f
 162 00db BE000000 		.4byte	0xbe
 163 00df 03       		.uleb128 0x3
 164 00e0 29010000 		.4byte	.LASF21
 165 00e4 05       		.byte	0x5
 166 00e5 78       		.byte	0x78
 167 00e6 B3000000 		.4byte	0xb3
 168 00ea 02       		.uleb128 0x2
 169 00eb 04       		.byte	0x4
 170 00ec 07       		.byte	0x7
 171 00ed 62000000 		.4byte	.LASF22
 172 00f1 05       		.uleb128 0x5
 173 00f2 01       		.byte	0x1
 174 00f3 25000000 		.4byte	0x25
 175 00f7 06       		.byte	0x6
ARM GAS  C:\Users\91819\AppData\Local\Temp\cc18liJ3.s 			page 5


 176 00f8 CF       		.byte	0xcf
 177 00f9 9A010000 		.4byte	0x19a
 178 00fd 06       		.uleb128 0x6
 179 00fe 13000000 		.4byte	.LASF23
 180 0102 00       		.byte	0
 181 0103 07       		.uleb128 0x7
 182 0104 5D040000 		.4byte	.LASF24
 183 0108 7F       		.sleb128 -1
 184 0109 07       		.uleb128 0x7
 185 010a C0020000 		.4byte	.LASF25
 186 010e 7E       		.sleb128 -2
 187 010f 07       		.uleb128 0x7
 188 0110 6B000000 		.4byte	.LASF26
 189 0114 7D       		.sleb128 -3
 190 0115 07       		.uleb128 0x7
 191 0116 66040000 		.4byte	.LASF27
 192 011a 7C       		.sleb128 -4
 193 011b 07       		.uleb128 0x7
 194 011c 89010000 		.4byte	.LASF28
 195 0120 7B       		.sleb128 -5
 196 0121 07       		.uleb128 0x7
 197 0122 3C000000 		.4byte	.LASF29
 198 0126 7A       		.sleb128 -6
 199 0127 07       		.uleb128 0x7
 200 0128 0B020000 		.4byte	.LASF30
 201 012c 79       		.sleb128 -7
 202 012d 07       		.uleb128 0x7
 203 012e A5030000 		.4byte	.LASF31
 204 0132 78       		.sleb128 -8
 205 0133 07       		.uleb128 0x7
 206 0134 CE020000 		.4byte	.LASF32
 207 0138 77       		.sleb128 -9
 208 0139 07       		.uleb128 0x7
 209 013a 1D020000 		.4byte	.LASF33
 210 013e 76       		.sleb128 -10
 211 013f 07       		.uleb128 0x7
 212 0140 93040000 		.4byte	.LASF34
 213 0144 75       		.sleb128 -11
 214 0145 07       		.uleb128 0x7
 215 0146 B2020000 		.4byte	.LASF35
 216 014a 74       		.sleb128 -12
 217 014b 07       		.uleb128 0x7
 218 014c 1A040000 		.4byte	.LASF36
 219 0150 73       		.sleb128 -13
 220 0151 07       		.uleb128 0x7
 221 0152 00000000 		.4byte	.LASF37
 222 0156 72       		.sleb128 -14
 223 0157 07       		.uleb128 0x7
 224 0158 1E000000 		.4byte	.LASF38
 225 015c 71       		.sleb128 -15
 226 015d 07       		.uleb128 0x7
 227 015e 35020000 		.4byte	.LASF39
 228 0162 70       		.sleb128 -16
 229 0163 07       		.uleb128 0x7
 230 0164 81000000 		.4byte	.LASF40
 231 0168 6F       		.sleb128 -17
 232 0169 07       		.uleb128 0x7
ARM GAS  C:\Users\91819\AppData\Local\Temp\cc18liJ3.s 			page 6


 233 016a 4D000000 		.4byte	.LASF41
 234 016e 6E       		.sleb128 -18
 235 016f 07       		.uleb128 0x7
 236 0170 DE010000 		.4byte	.LASF42
 237 0174 6D       		.sleb128 -19
 238 0175 07       		.uleb128 0x7
 239 0176 C2030000 		.4byte	.LASF43
 240 017a 6C       		.sleb128 -20
 241 017b 07       		.uleb128 0x7
 242 017c 46020000 		.4byte	.LASF44
 243 0180 6B       		.sleb128 -21
 244 0181 07       		.uleb128 0x7
 245 0182 3E040000 		.4byte	.LASF45
 246 0186 6A       		.sleb128 -22
 247 0187 07       		.uleb128 0x7
 248 0188 38010000 		.4byte	.LASF46
 249 018c 69       		.sleb128 -23
 250 018d 07       		.uleb128 0x7
 251 018e F1010000 		.4byte	.LASF47
 252 0192 68       		.sleb128 -24
 253 0193 07       		.uleb128 0x7
 254 0194 9E010000 		.4byte	.LASF48
 255 0198 67       		.sleb128 -25
 256 0199 00       		.byte	0
 257 019a 03       		.uleb128 0x3
 258 019b 8E040000 		.4byte	.LASF49
 259 019f 06       		.byte	0x6
 260 01a0 EA       		.byte	0xea
 261 01a1 F1000000 		.4byte	0xf1
 262 01a5 08       		.uleb128 0x8
 263 01a6 01       		.byte	0x1
 264 01a7 07       		.byte	0x7
 265 01a8 1D       		.byte	0x1d
 266 01a9 BA010000 		.4byte	0x1ba
 267 01ad 09       		.uleb128 0x9
 268 01ae 4F010000 		.4byte	.LASF60
 269 01b2 07       		.byte	0x7
 270 01b3 1F       		.byte	0x1f
 271 01b4 81000000 		.4byte	0x81
 272 01b8 00       		.byte	0
 273 01b9 00       		.byte	0
 274 01ba 03       		.uleb128 0x3
 275 01bb 72020000 		.4byte	.LASF50
 276 01bf 07       		.byte	0x7
 277 01c0 21       		.byte	0x21
 278 01c1 A5010000 		.4byte	0x1a5
 279 01c5 0A       		.uleb128 0xa
 280 01c6 ED020000 		.4byte	.LASF61
 281 01ca 01       		.byte	0x1
 282 01cb 2A       		.byte	0x2a
 283 01cc 9A010000 		.4byte	0x19a
 284 01d0 00000000 		.4byte	.LFB110
 285 01d4 04000000 		.4byte	.LFE110-.LFB110
 286 01d8 01       		.uleb128 0x1
 287 01d9 9C       		.byte	0x9c
 288 01da EE010000 		.4byte	0x1ee
 289 01de 0B       		.uleb128 0xb
ARM GAS  C:\Users\91819\AppData\Local\Temp\cc18liJ3.s 			page 7


 290 01df E9030000 		.4byte	.LASF62
 291 01e3 01       		.byte	0x1
 292 01e4 2A       		.byte	0x2a
 293 01e5 F4010000 		.4byte	0x1f4
 294 01e9 00000000 		.4byte	.LLST0
 295 01ed 00       		.byte	0
 296 01ee 0C       		.uleb128 0xc
 297 01ef 04       		.byte	0x4
 298 01f0 BA010000 		.4byte	0x1ba
 299 01f4 0D       		.uleb128 0xd
 300 01f5 EE010000 		.4byte	0x1ee
 301 01f9 0E       		.uleb128 0xe
 302 01fa 76040000 		.4byte	.LASF51
 303 01fe 08       		.byte	0x8
 304 01ff 40       		.byte	0x40
 305 0200 C9000000 		.4byte	0xc9
 306 0204 0E       		.uleb128 0xe
 307 0205 C5010000 		.4byte	.LASF52
 308 0209 08       		.byte	0x8
 309 020a 47       		.byte	0x47
 310 020b D4000000 		.4byte	0xd4
 311 020f 0E       		.uleb128 0xe
 312 0210 EE030000 		.4byte	.LASF53
 313 0214 08       		.byte	0x8
 314 0215 4A       		.byte	0x4a
 315 0216 C9000000 		.4byte	0xc9
 316 021a 0E       		.uleb128 0xe
 317 021b 70010000 		.4byte	.LASF54
 318 021f 09       		.byte	0x9
 319 0220 48       		.byte	0x48
 320 0221 DF000000 		.4byte	0xdf
 321 0225 0E       		.uleb128 0xe
 322 0226 5B010000 		.4byte	.LASF55
 323 022a 0A       		.byte	0xa
 324 022b 44       		.byte	0x44
 325 022c C9000000 		.4byte	0xc9
 326 0230 0F       		.uleb128 0xf
 327 0231 50040000 		.4byte	.LASF56
 328 0235 0B       		.byte	0xb
 329 0236 1207     		.2byte	0x712
 330 0238 3C020000 		.4byte	0x23c
 331 023c 10       		.uleb128 0x10
 332 023d 8C000000 		.4byte	0x8c
 333 0241 00       		.byte	0
 334              		.section	.debug_abbrev,"",%progbits
 335              	.Ldebug_abbrev0:
 336 0000 01       		.uleb128 0x1
 337 0001 11       		.uleb128 0x11
 338 0002 01       		.byte	0x1
 339 0003 25       		.uleb128 0x25
 340 0004 0E       		.uleb128 0xe
 341 0005 13       		.uleb128 0x13
 342 0006 0B       		.uleb128 0xb
 343 0007 03       		.uleb128 0x3
 344 0008 0E       		.uleb128 0xe
 345 0009 1B       		.uleb128 0x1b
 346 000a 0E       		.uleb128 0xe
ARM GAS  C:\Users\91819\AppData\Local\Temp\cc18liJ3.s 			page 8


 347 000b 55       		.uleb128 0x55
 348 000c 17       		.uleb128 0x17
 349 000d 11       		.uleb128 0x11
 350 000e 01       		.uleb128 0x1
 351 000f 10       		.uleb128 0x10
 352 0010 17       		.uleb128 0x17
 353 0011 00       		.byte	0
 354 0012 00       		.byte	0
 355 0013 02       		.uleb128 0x2
 356 0014 24       		.uleb128 0x24
 357 0015 00       		.byte	0
 358 0016 0B       		.uleb128 0xb
 359 0017 0B       		.uleb128 0xb
 360 0018 3E       		.uleb128 0x3e
 361 0019 0B       		.uleb128 0xb
 362 001a 03       		.uleb128 0x3
 363 001b 0E       		.uleb128 0xe
 364 001c 00       		.byte	0
 365 001d 00       		.byte	0
 366 001e 03       		.uleb128 0x3
 367 001f 16       		.uleb128 0x16
 368 0020 00       		.byte	0
 369 0021 03       		.uleb128 0x3
 370 0022 0E       		.uleb128 0xe
 371 0023 3A       		.uleb128 0x3a
 372 0024 0B       		.uleb128 0xb
 373 0025 3B       		.uleb128 0x3b
 374 0026 0B       		.uleb128 0xb
 375 0027 49       		.uleb128 0x49
 376 0028 13       		.uleb128 0x13
 377 0029 00       		.byte	0
 378 002a 00       		.byte	0
 379 002b 04       		.uleb128 0x4
 380 002c 24       		.uleb128 0x24
 381 002d 00       		.byte	0
 382 002e 0B       		.uleb128 0xb
 383 002f 0B       		.uleb128 0xb
 384 0030 3E       		.uleb128 0x3e
 385 0031 0B       		.uleb128 0xb
 386 0032 03       		.uleb128 0x3
 387 0033 08       		.uleb128 0x8
 388 0034 00       		.byte	0
 389 0035 00       		.byte	0
 390 0036 05       		.uleb128 0x5
 391 0037 04       		.uleb128 0x4
 392 0038 01       		.byte	0x1
 393 0039 0B       		.uleb128 0xb
 394 003a 0B       		.uleb128 0xb
 395 003b 49       		.uleb128 0x49
 396 003c 13       		.uleb128 0x13
 397 003d 3A       		.uleb128 0x3a
 398 003e 0B       		.uleb128 0xb
 399 003f 3B       		.uleb128 0x3b
 400 0040 0B       		.uleb128 0xb
 401 0041 01       		.uleb128 0x1
 402 0042 13       		.uleb128 0x13
 403 0043 00       		.byte	0
ARM GAS  C:\Users\91819\AppData\Local\Temp\cc18liJ3.s 			page 9


 404 0044 00       		.byte	0
 405 0045 06       		.uleb128 0x6
 406 0046 28       		.uleb128 0x28
 407 0047 00       		.byte	0
 408 0048 03       		.uleb128 0x3
 409 0049 0E       		.uleb128 0xe
 410 004a 1C       		.uleb128 0x1c
 411 004b 0B       		.uleb128 0xb
 412 004c 00       		.byte	0
 413 004d 00       		.byte	0
 414 004e 07       		.uleb128 0x7
 415 004f 28       		.uleb128 0x28
 416 0050 00       		.byte	0
 417 0051 03       		.uleb128 0x3
 418 0052 0E       		.uleb128 0xe
 419 0053 1C       		.uleb128 0x1c
 420 0054 0D       		.uleb128 0xd
 421 0055 00       		.byte	0
 422 0056 00       		.byte	0
 423 0057 08       		.uleb128 0x8
 424 0058 13       		.uleb128 0x13
 425 0059 01       		.byte	0x1
 426 005a 0B       		.uleb128 0xb
 427 005b 0B       		.uleb128 0xb
 428 005c 3A       		.uleb128 0x3a
 429 005d 0B       		.uleb128 0xb
 430 005e 3B       		.uleb128 0x3b
 431 005f 0B       		.uleb128 0xb
 432 0060 01       		.uleb128 0x1
 433 0061 13       		.uleb128 0x13
 434 0062 00       		.byte	0
 435 0063 00       		.byte	0
 436 0064 09       		.uleb128 0x9
 437 0065 0D       		.uleb128 0xd
 438 0066 00       		.byte	0
 439 0067 03       		.uleb128 0x3
 440 0068 0E       		.uleb128 0xe
 441 0069 3A       		.uleb128 0x3a
 442 006a 0B       		.uleb128 0xb
 443 006b 3B       		.uleb128 0x3b
 444 006c 0B       		.uleb128 0xb
 445 006d 49       		.uleb128 0x49
 446 006e 13       		.uleb128 0x13
 447 006f 38       		.uleb128 0x38
 448 0070 0B       		.uleb128 0xb
 449 0071 00       		.byte	0
 450 0072 00       		.byte	0
 451 0073 0A       		.uleb128 0xa
 452 0074 2E       		.uleb128 0x2e
 453 0075 01       		.byte	0x1
 454 0076 3F       		.uleb128 0x3f
 455 0077 19       		.uleb128 0x19
 456 0078 03       		.uleb128 0x3
 457 0079 0E       		.uleb128 0xe
 458 007a 3A       		.uleb128 0x3a
 459 007b 0B       		.uleb128 0xb
 460 007c 3B       		.uleb128 0x3b
ARM GAS  C:\Users\91819\AppData\Local\Temp\cc18liJ3.s 			page 10


 461 007d 0B       		.uleb128 0xb
 462 007e 27       		.uleb128 0x27
 463 007f 19       		.uleb128 0x19
 464 0080 49       		.uleb128 0x49
 465 0081 13       		.uleb128 0x13
 466 0082 11       		.uleb128 0x11
 467 0083 01       		.uleb128 0x1
 468 0084 12       		.uleb128 0x12
 469 0085 06       		.uleb128 0x6
 470 0086 40       		.uleb128 0x40
 471 0087 18       		.uleb128 0x18
 472 0088 9742     		.uleb128 0x2117
 473 008a 19       		.uleb128 0x19
 474 008b 01       		.uleb128 0x1
 475 008c 13       		.uleb128 0x13
 476 008d 00       		.byte	0
 477 008e 00       		.byte	0
 478 008f 0B       		.uleb128 0xb
 479 0090 05       		.uleb128 0x5
 480 0091 00       		.byte	0
 481 0092 03       		.uleb128 0x3
 482 0093 0E       		.uleb128 0xe
 483 0094 3A       		.uleb128 0x3a
 484 0095 0B       		.uleb128 0xb
 485 0096 3B       		.uleb128 0x3b
 486 0097 0B       		.uleb128 0xb
 487 0098 49       		.uleb128 0x49
 488 0099 13       		.uleb128 0x13
 489 009a 02       		.uleb128 0x2
 490 009b 17       		.uleb128 0x17
 491 009c 00       		.byte	0
 492 009d 00       		.byte	0
 493 009e 0C       		.uleb128 0xc
 494 009f 0F       		.uleb128 0xf
 495 00a0 00       		.byte	0
 496 00a1 0B       		.uleb128 0xb
 497 00a2 0B       		.uleb128 0xb
 498 00a3 49       		.uleb128 0x49
 499 00a4 13       		.uleb128 0x13
 500 00a5 00       		.byte	0
 501 00a6 00       		.byte	0
 502 00a7 0D       		.uleb128 0xd
 503 00a8 26       		.uleb128 0x26
 504 00a9 00       		.byte	0
 505 00aa 49       		.uleb128 0x49
 506 00ab 13       		.uleb128 0x13
 507 00ac 00       		.byte	0
 508 00ad 00       		.byte	0
 509 00ae 0E       		.uleb128 0xe
 510 00af 34       		.uleb128 0x34
 511 00b0 00       		.byte	0
 512 00b1 03       		.uleb128 0x3
 513 00b2 0E       		.uleb128 0xe
 514 00b3 3A       		.uleb128 0x3a
 515 00b4 0B       		.uleb128 0xb
 516 00b5 3B       		.uleb128 0x3b
 517 00b6 0B       		.uleb128 0xb
ARM GAS  C:\Users\91819\AppData\Local\Temp\cc18liJ3.s 			page 11


 518 00b7 49       		.uleb128 0x49
 519 00b8 13       		.uleb128 0x13
 520 00b9 3F       		.uleb128 0x3f
 521 00ba 19       		.uleb128 0x19
 522 00bb 3C       		.uleb128 0x3c
 523 00bc 19       		.uleb128 0x19
 524 00bd 00       		.byte	0
 525 00be 00       		.byte	0
 526 00bf 0F       		.uleb128 0xf
 527 00c0 34       		.uleb128 0x34
 528 00c1 00       		.byte	0
 529 00c2 03       		.uleb128 0x3
 530 00c3 0E       		.uleb128 0xe
 531 00c4 3A       		.uleb128 0x3a
 532 00c5 0B       		.uleb128 0xb
 533 00c6 3B       		.uleb128 0x3b
 534 00c7 05       		.uleb128 0x5
 535 00c8 49       		.uleb128 0x49
 536 00c9 13       		.uleb128 0x13
 537 00ca 3F       		.uleb128 0x3f
 538 00cb 19       		.uleb128 0x19
 539 00cc 3C       		.uleb128 0x3c
 540 00cd 19       		.uleb128 0x19
 541 00ce 00       		.byte	0
 542 00cf 00       		.byte	0
 543 00d0 10       		.uleb128 0x10
 544 00d1 35       		.uleb128 0x35
 545 00d2 00       		.byte	0
 546 00d3 49       		.uleb128 0x49
 547 00d4 13       		.uleb128 0x13
 548 00d5 00       		.byte	0
 549 00d6 00       		.byte	0
 550 00d7 00       		.byte	0
 551              		.section	.debug_loc,"",%progbits
 552              	.Ldebug_loc0:
 553              	.LLST0:
 554 0000 00000000 		.4byte	.LVL0
 555 0004 02000000 		.4byte	.LVL1
 556 0008 0100     		.2byte	0x1
 557 000a 50       		.byte	0x50
 558 000b 02000000 		.4byte	.LVL1
 559 000f 04000000 		.4byte	.LFE110
 560 0013 0400     		.2byte	0x4
 561 0015 F3       		.byte	0xf3
 562 0016 01       		.uleb128 0x1
 563 0017 50       		.byte	0x50
 564 0018 9F       		.byte	0x9f
 565 0019 00000000 		.4byte	0
 566 001d 00000000 		.4byte	0
 567              		.section	.debug_aranges,"",%progbits
 568 0000 1C000000 		.4byte	0x1c
 569 0004 0200     		.2byte	0x2
 570 0006 00000000 		.4byte	.Ldebug_info0
 571 000a 04       		.byte	0x4
 572 000b 00       		.byte	0
 573 000c 0000     		.2byte	0
 574 000e 0000     		.2byte	0
ARM GAS  C:\Users\91819\AppData\Local\Temp\cc18liJ3.s 			page 12


 575 0010 00000000 		.4byte	.LFB110
 576 0014 04000000 		.4byte	.LFE110-.LFB110
 577 0018 00000000 		.4byte	0
 578 001c 00000000 		.4byte	0
 579              		.section	.debug_ranges,"",%progbits
 580              	.Ldebug_ranges0:
 581 0000 00000000 		.4byte	.LFB110
 582 0004 04000000 		.4byte	.LFE110
 583 0008 00000000 		.4byte	0
 584 000c 00000000 		.4byte	0
 585              		.section	.debug_line,"",%progbits
 586              	.Ldebug_line0:
 587 0000 37020000 		.section	.debug_str,"MS",%progbits,1
 587      02001F02 
 587      00000201 
 587      FB0E0D00 
 587      01010101 
 588              	.LASF37:
 589 0000 52435F45 		.ascii	"RC_ERROR_READ_ONLY\000"
 589      52524F52 
 589      5F524541 
 589      445F4F4E 
 589      4C5900
 590              	.LASF23:
 591 0013 52435F53 		.ascii	"RC_SUCCESS\000"
 591      55434345 
 591      535300
 592              	.LASF38:
 593 001e 52435F45 		.ascii	"RC_ERROR_WRITE_ONLY\000"
 593      52524F52 
 593      5F575249 
 593      54455F4F 
 593      4E4C5900 
 594              	.LASF2:
 595 0032 73686F72 		.ascii	"short int\000"
 595      7420696E 
 595      7400
 596              	.LASF29:
 597 003c 52435F45 		.ascii	"RC_ERROR_OVERRUN\000"
 597      52524F52 
 597      5F4F5645 
 597      5252554E 
 597      00
 598              	.LASF41:
 599 004d 52435F45 		.ascii	"RC_ERROR_WRITE_FAILS\000"
 599      52524F52 
 599      5F575249 
 599      54455F46 
 599      41494C53 
 600              	.LASF22:
 601 0062 73697A65 		.ascii	"sizetype\000"
 601      74797065 
 601      00
 602              	.LASF26:
 603 006b 52435F45 		.ascii	"RC_ERROR_ZERO\000"
 603      52524F52 
 603      5F5A4552 
ARM GAS  C:\Users\91819\AppData\Local\Temp\cc18liJ3.s 			page 13


 603      4F00
 604              	.LASF20:
 605 0079 45455F46 		.ascii	"EE_FREG\000"
 605      52454700 
 606              	.LASF40:
 607 0081 52435F45 		.ascii	"RC_ERROR_READ_FAILS\000"
 607      52524F52 
 607      5F524541 
 607      445F4641 
 607      494C5300 
 608              	.LASF59:
 609 0095 433A5C55 		.ascii	"C:\\Users\\91819\\Documents\\HDA_Sem2\\EAA\\Lab\\Wo"
 609      73657273 
 609      5C393138 
 609      31395C44 
 609      6F63756D 
 610 00c1 726B7370 		.ascii	"rkspace01\\Workspace03\\electronicClock_v3.cydsn\\e"
 610      61636530 
 610      315C576F 
 610      726B7370 
 610      61636530 
 611 00f1 6C656374 		.ascii	"lectronicClock_v3.cydsn\\electronicClock.cydsn\000"
 611      726F6E69 
 611      63436C6F 
 611      636B5F76 
 611      332E6379 
 612              	.LASF18:
 613 011f 45455F55 		.ascii	"EE_UINT32\000"
 613      494E5433 
 613      3200
 614              	.LASF21:
 615 0129 45455F54 		.ascii	"EE_TID\000"
 615      494400
 616              	.LASF11:
 617 0130 75696E74 		.ascii	"uint8_t\000"
 617      385F7400 
 618              	.LASF46:
 619 0138 52435F45 		.ascii	"RC_ERROR_INVALID_STATE\000"
 619      52524F52 
 619      5F494E56 
 619      414C4944 
 619      5F535441 
 620              	.LASF60:
 621 014f 62757474 		.ascii	"buttonPress\000"
 621      6F6E5072 
 621      65737300 
 622              	.LASF55:
 623 015b 45455F49 		.ascii	"EE_IRQ_nesting_level\000"
 623      52515F6E 
 623      65737469 
 623      6E675F6C 
 623      6576656C 
 624              	.LASF54:
 625 0170 45455F73 		.ascii	"EE_std_endcycle_next_tid\000"
 625      74645F65 
 625      6E646379 
 625      636C655F 
ARM GAS  C:\Users\91819\AppData\Local\Temp\cc18liJ3.s 			page 14


 625      6E657874 
 626              	.LASF28:
 627 0189 52435F45 		.ascii	"RC_ERROR_RANGE\000"
 627      52524F52 
 627      5F52414E 
 627      474500
 628              	.LASF13:
 629 0198 666C6F61 		.ascii	"float\000"
 629      7400
 630              	.LASF48:
 631 019e 52435F45 		.ascii	"RC_ERROR_NOT_IMPLEMENTED\000"
 631      52524F52 
 631      5F4E4F54 
 631      5F494D50 
 631      4C454D45 
 632              	.LASF8:
 633 01b7 6C6F6E67 		.ascii	"long long int\000"
 633      206C6F6E 
 633      6720696E 
 633      7400
 634              	.LASF52:
 635 01c5 45455F6F 		.ascii	"EE_oo_IRQ_suspend_status\000"
 635      6F5F4952 
 635      515F7375 
 635      7370656E 
 635      645F7374 
 636              	.LASF42:
 637 01de 52435F45 		.ascii	"RC_ERROR_NOT_MATCH\000"
 637      52524F52 
 637      5F4E4F54 
 637      5F4D4154 
 637      434800
 638              	.LASF47:
 639 01f1 52435F45 		.ascii	"RC_ERROR_UNKNOWN\000"
 639      52524F52 
 639      5F554E4B 
 639      4E4F574E 
 639      00
 640              	.LASF6:
 641 0202 6C6F6E67 		.ascii	"long int\000"
 641      20696E74 
 641      00
 642              	.LASF30:
 643 020b 52435F45 		.ascii	"RC_ERROR_UNDERRUN\000"
 643      52524F52 
 643      5F554E44 
 643      45525255 
 643      4E00
 644              	.LASF33:
 645 021d 52435F45 		.ascii	"RC_ERROR_BUSY\000"
 645      52524F52 
 645      5F425553 
 645      5900
 646              	.LASF4:
 647 022b 5F5F7569 		.ascii	"__uint8_t\000"
 647      6E74385F 
 647      7400
ARM GAS  C:\Users\91819\AppData\Local\Temp\cc18liJ3.s 			page 15


 648              	.LASF39:
 649 0235 52435F45 		.ascii	"RC_ERROR_INVALID\000"
 649      52524F52 
 649      5F494E56 
 649      414C4944 
 649      00
 650              	.LASF44:
 651 0246 52435F45 		.ascii	"RC_ERROR_BAD_DATA\000"
 651      52524F52 
 651      5F424144 
 651      5F444154 
 651      4100
 652              	.LASF16:
 653 0258 6C6F6E67 		.ascii	"long double\000"
 653      20646F75 
 653      626C6500 
 654              	.LASF1:
 655 0264 756E7369 		.ascii	"unsigned char\000"
 655      676E6564 
 655      20636861 
 655      7200
 656              	.LASF50:
 657 0272 53435F45 		.ascii	"SC_EVENT_data_t\000"
 657      56454E54 
 657      5F646174 
 657      615F7400 
 658              	.LASF0:
 659 0282 7369676E 		.ascii	"signed char\000"
 659      65642063 
 659      68617200 
 660              	.LASF9:
 661 028e 6C6F6E67 		.ascii	"long long unsigned int\000"
 661      206C6F6E 
 661      6720756E 
 661      7369676E 
 661      65642069 
 662              	.LASF10:
 663 02a5 756E7369 		.ascii	"unsigned int\000"
 663      676E6564 
 663      20696E74 
 663      00
 664              	.LASF35:
 665 02b2 52435F45 		.ascii	"RC_ERROR_OPEN\000"
 665      52524F52 
 665      5F4F5045 
 665      4E00
 666              	.LASF25:
 667 02c0 52435F45 		.ascii	"RC_ERROR_NULL\000"
 667      52524F52 
 667      5F4E554C 
 667      4C00
 668              	.LASF32:
 669 02ce 52435F45 		.ascii	"RC_ERROR_BUFFER_EMTPY\000"
 669      52524F52 
 669      5F425546 
 669      4645525F 
 669      454D5450 
ARM GAS  C:\Users\91819\AppData\Local\Temp\cc18liJ3.s 			page 16


 670              	.LASF17:
 671 02e4 45455F49 		.ascii	"EE_INT32\000"
 671      4E543332 
 671      00
 672              	.LASF61:
 673 02ed 53435F45 		.ascii	"SC_EVENT_driverIn\000"
 673      56454E54 
 673      5F647269 
 673      76657249 
 673      6E00
 674              	.LASF3:
 675 02ff 73686F72 		.ascii	"short unsigned int\000"
 675      7420756E 
 675      7369676E 
 675      65642069 
 675      6E7400
 676              	.LASF57:
 677 0312 474E5520 		.ascii	"GNU C11 5.4.1 20160609 (release) [ARM/embedded-5-br"
 677      43313120 
 677      352E342E 
 677      31203230 
 677      31363036 
 678 0345 616E6368 		.ascii	"anch revision 237715] -mcpu=cortex-m3 -mthumb -g -O"
 678      20726576 
 678      6973696F 
 678      6E203233 
 678      37373135 
 679 0378 67202D66 		.ascii	"g -ffunction-sections -ffat-lto-objects\000"
 679      66756E63 
 679      74696F6E 
 679      2D736563 
 679      74696F6E 
 680              	.LASF15:
 681 03a0 63686172 		.ascii	"char\000"
 681      00
 682              	.LASF31:
 683 03a5 52435F45 		.ascii	"RC_ERROR_BUFFER_FULL\000"
 683      52524F52 
 683      5F425546 
 683      4645525F 
 683      46554C4C 
 684              	.LASF12:
 685 03ba 696E7433 		.ascii	"int32_t\000"
 685      325F7400 
 686              	.LASF43:
 687 03c2 52435F45 		.ascii	"RC_ERROR_BAD_PARAM\000"
 687      52524F52 
 687      5F424144 
 687      5F504152 
 687      414D00
 688              	.LASF58:
 689 03d5 7274655C 		.ascii	"rte\\sc_event_type.c\000"
 689      73635F65 
 689      76656E74 
 689      5F747970 
 689      652E6300 
 690              	.LASF62:
ARM GAS  C:\Users\91819\AppData\Local\Temp\cc18liJ3.s 			page 17


 691 03e9 64617461 		.ascii	"data\000"
 691      00
 692              	.LASF53:
 693 03ee 45455F41 		.ascii	"EE_ApplicationMode\000"
 693      70706C69 
 693      63617469 
 693      6F6E4D6F 
 693      646500
 694              	.LASF7:
 695 0401 6C6F6E67 		.ascii	"long unsigned int\000"
 695      20756E73 
 695      69676E65 
 695      6420696E 
 695      7400
 696              	.LASF14:
 697 0413 646F7562 		.ascii	"double\000"
 697      6C6500
 698              	.LASF36:
 699 041a 52435F45 		.ascii	"RC_ERROR_CHECKSUM\000"
 699      52524F52 
 699      5F434845 
 699      434B5355 
 699      4D00
 700              	.LASF19:
 701 042c 45455F55 		.ascii	"EE_UREG\000"
 701      52454700 
 702              	.LASF5:
 703 0434 5F5F696E 		.ascii	"__int32_t\000"
 703      7433325F 
 703      7400
 704              	.LASF45:
 705 043e 52435F45 		.ascii	"RC_ERROR_CANCELED\000"
 705      52524F52 
 705      5F43414E 
 705      43454C45 
 705      4400
 706              	.LASF56:
 707 0450 49544D5F 		.ascii	"ITM_RxBuffer\000"
 707      52784275 
 707      66666572 
 707      00
 708              	.LASF24:
 709 045d 52435F45 		.ascii	"RC_ERROR\000"
 709      52524F52 
 709      00
 710              	.LASF27:
 711 0466 52435F45 		.ascii	"RC_ERROR_MEMORY\000"
 711      52524F52 
 711      5F4D454D 
 711      4F525900 
 712              	.LASF51:
 713 0476 45455F6F 		.ascii	"EE_oo_IRQ_disable_count\000"
 713      6F5F4952 
 713      515F6469 
 713      7361626C 
 713      655F636F 
 714              	.LASF49:
ARM GAS  C:\Users\91819\AppData\Local\Temp\cc18liJ3.s 			page 18


 715 048e 52435F74 		.ascii	"RC_t\000"
 715      00
 716              	.LASF34:
 717 0493 52435F45 		.ascii	"RC_ERROR_TIME_OUT\000"
 717      52524F52 
 717      5F54494D 
 717      455F4F55 
 717      5400
 718              		.ident	"GCC: (GNU Tools for ARM Embedded Processors) 5.4.1 20160609 (release) [ARM/embedded-5-bran
