ARM GAS  C:\Users\91819\AppData\Local\Temp\ccCzb2c8.s 			page 1


   1              		.syntax unified
   2              		.cpu cortex-m3
   3              		.fpu softvfp
   4              		.eabi_attribute 20, 1
   5              		.eabi_attribute 21, 1
   6              		.eabi_attribute 23, 3
   7              		.eabi_attribute 24, 1
   8              		.eabi_attribute 25, 1
   9              		.eabi_attribute 26, 1
  10              		.eabi_attribute 30, 1
  11              		.eabi_attribute 34, 1
  12              		.eabi_attribute 18, 4
  13              		.thumb
  14              		.syntax unified
  15              		.file	"statemachine.c"
  16              		.text
  17              	.Ltext0:
  18              		.cfi_sections	.debug_frame
  19              		.section	.text.STATE__getIndexCurrentState,"ax",%progbits
  20              		.align	2
  21              		.global	STATE__getIndexCurrentState
  22              		.thumb
  23              		.thumb_func
  24              		.type	STATE__getIndexCurrentState, %function
  25              	STATE__getIndexCurrentState:
  26              	.LFB114:
  27              		.file 1 "asw\\statemachine.c"
   1:asw/statemachine.c **** /**
   2:asw/statemachine.c **** * \file <filename>
   3:asw/statemachine.c **** * \author <author-name>
   4:asw/statemachine.c **** * \date <date>
   5:asw/statemachine.c **** *
   6:asw/statemachine.c **** * \brief <Symbolic File name>
   7:asw/statemachine.c **** *
   8:asw/statemachine.c **** * \copyright Copyright ©2016
   9:asw/statemachine.c **** * Department of electrical engineering and information technology, Hochschule Darmstadt - Universit
  10:asw/statemachine.c **** * Permission to use, copy, modify, and distribute this software and its documentation for education
  11:asw/statemachine.c **** * (unless permitted by h_da) and official h_da projects, is hereby granted for enrolled students of
  12:asw/statemachine.c **** * this paragraph and the following paragraph appear in all copies, modifications, and distributions
  13:asw/statemachine.c **** * Contact Prof.Dr.-Ing. Peter Fromm, peter.fromm@h-da.de, Birkenweg 8 64295 Darmstadt - GERMANY for
  14:asw/statemachine.c **** *
  15:asw/statemachine.c **** * \warning This software is a PROTOTYPE version and is not designed or intended for use in producti
  16:asw/statemachine.c **** * The user represents and warrants that it will NOT use or redistribute the Software for such purpo
  17:asw/statemachine.c **** * This prototype is for research purposes only. This software is provided "AS IS," without a warran
  18:asw/statemachine.c **** */
  19:asw/statemachine.c **** 
  20:asw/statemachine.c **** /*****************************************************************************/
  21:asw/statemachine.c **** /* Include files                                                             */
  22:asw/statemachine.c **** /*****************************************************************************/
  23:asw/statemachine.c **** #include "statemachine.h"
  24:asw/statemachine.c **** #include "logging.h"
  25:asw/statemachine.c **** 
  26:asw/statemachine.c **** /*****************************************************************************/
  27:asw/statemachine.c **** /* Local pre-processor symbols/macros ('#define')                            */
  28:asw/statemachine.c **** /*****************************************************************************/
  29:asw/statemachine.c **** 
  30:asw/statemachine.c **** /*****************************************************************************/
ARM GAS  C:\Users\91819\AppData\Local\Temp\ccCzb2c8.s 			page 2


  31:asw/statemachine.c **** /* Global variable definitions (declared in header file with 'extern')       */
  32:asw/statemachine.c **** /*****************************************************************************/
  33:asw/statemachine.c **** 
  34:asw/statemachine.c **** /*****************************************************************************/
  35:asw/statemachine.c **** /* Local type definitions ('typedef')                                        */
  36:asw/statemachine.c **** /*****************************************************************************/
  37:asw/statemachine.c **** 
  38:asw/statemachine.c **** /*****************************************************************************/
  39:asw/statemachine.c **** /* Local variable definitions ('static')                                     */
  40:asw/statemachine.c **** /*****************************************************************************/
  41:asw/statemachine.c **** 
  42:asw/statemachine.c **** 
  43:asw/statemachine.c **** 
  44:asw/statemachine.c **** /*****************************************************************************/
  45:asw/statemachine.c **** /* Local function prototypes ('static')                                      */
  46:asw/statemachine.c **** /*****************************************************************************/
  47:asw/statemachine.c **** 
  48:asw/statemachine.c **** 
  49:asw/statemachine.c **** /*****************************************************************************/
  50:asw/statemachine.c **** /* Function implementation - global ('extern') and local ('static')          */
  51:asw/statemachine.c **** /*****************************************************************************/
  52:asw/statemachine.c **** 
  53:asw/statemachine.c **** #define INVALIDINDEX -1
  54:asw/statemachine.c **** 
  55:asw/statemachine.c **** /** return the index of the provided state in the given table 
  56:asw/statemachine.c ****  **/
  57:asw/statemachine.c **** sint16_t STATE__getIndexCurrentState(STATE_t * const me)
  58:asw/statemachine.c **** {
  28              		.loc 1 58 0
  29              		.cfi_startproc
  30              		@ args = 0, pretend = 0, frame = 0
  31              		@ frame_needed = 0, uses_anonymous_args = 0
  32              		@ link register save eliminated.
  33              	.LVL0:
  34 0000 10B4     		push	{r4}
  35              		.cfi_def_cfa_offset 4
  36              		.cfi_offset 4, -4
  37              	.LVL1:
  38              	.LBB2:
  59:asw/statemachine.c ****     
  60:asw/statemachine.c ****     sint16_t result = INVALIDINDEX; //error
  61:asw/statemachine.c ****     
  62:asw/statemachine.c ****     for (uint16_t i = 0; i < me->m_transitionTableSize; i++)
  39              		.loc 1 62 0
  40 0002 0023     		movs	r3, #0
  41 0004 0BE0     		b	.L2
  42              	.LVL2:
  43              	.L5:
  63:asw/statemachine.c ****     {
  64:asw/statemachine.c ****         if ((*me->m_transitionTable)[i].fromState == me->m_state)
  44              		.loc 1 64 0
  45 0006 0468     		ldr	r4, [r0]
  46 0008 03EB4301 		add	r1, r3, r3, lsl #1
  47 000c 8A00     		lsls	r2, r1, #2
  48 000e A15A     		ldrh	r1, [r4, r2]
  49 0010 C289     		ldrh	r2, [r0, #14]
  50 0012 9142     		cmp	r1, r2
ARM GAS  C:\Users\91819\AppData\Local\Temp\ccCzb2c8.s 			page 3


  51 0014 01D1     		bne	.L3
  65:asw/statemachine.c ****         {
  66:asw/statemachine.c ****             return i;
  52              		.loc 1 66 0
  53 0016 18B2     		sxth	r0, r3
  54              	.LVL3:
  55 0018 06E0     		b	.L4
  56              	.LVL4:
  57              	.L3:
  62:asw/statemachine.c ****     {
  58              		.loc 1 62 0 discriminator 2
  59 001a 0133     		adds	r3, r3, #1
  60              	.LVL5:
  61 001c 9BB2     		uxth	r3, r3
  62              	.LVL6:
  63              	.L2:
  62:asw/statemachine.c ****     {
  64              		.loc 1 62 0 is_stmt 0 discriminator 1
  65 001e 8288     		ldrh	r2, [r0, #4]
  66 0020 9342     		cmp	r3, r2
  67 0022 F0D3     		bcc	.L5
  68              	.LBE2:
  67:asw/statemachine.c ****         }
  68:asw/statemachine.c ****     }
  69:asw/statemachine.c ****     
  70:asw/statemachine.c ****     return INVALIDINDEX;
  69              		.loc 1 70 0 is_stmt 1
  70 0024 4FF0FF30 		mov	r0, #-1
  71              	.LVL7:
  72              	.L4:
  71:asw/statemachine.c **** }
  73              		.loc 1 71 0
  74 0028 10BC     		pop	{r4}
  75              		.cfi_restore 4
  76              		.cfi_def_cfa_offset 0
  77 002a 7047     		bx	lr
  78              		.cfi_endproc
  79              	.LFE114:
  80              		.size	STATE__getIndexCurrentState, .-STATE__getIndexCurrentState
  81              		.section	.text.STATE_initState,"ax",%progbits
  82              		.align	2
  83              		.global	STATE_initState
  84              		.thumb
  85              		.thumb_func
  86              		.type	STATE_initState, %function
  87              	STATE_initState:
  88              	.LFB115:
  72:asw/statemachine.c **** 
  73:asw/statemachine.c **** /**
  74:asw/statemachine.c ****  * This function will initialise the state machine and process any state actions of the initial sta
  75:asw/statemachine.c ****  * The state machine is implemented as a generic object, Several instances and configurations are s
  76:asw/statemachine.c ****  * \param STATE_t * const me            : IN - Pointer to the state machine object
  77:asw/statemachine.c ****  * \return RC_SUCCESS or error
  78:asw/statemachine.c ****  */
  79:asw/statemachine.c **** RC_t STATE_initState(STATE_t * const me)
  80:asw/statemachine.c **** {
  89              		.loc 1 80 0
ARM GAS  C:\Users\91819\AppData\Local\Temp\ccCzb2c8.s 			page 4


  90              		.cfi_startproc
  91              		@ args = 0, pretend = 0, frame = 0
  92              		@ frame_needed = 0, uses_anonymous_args = 0
  93              	.LVL8:
  94 0000 38B5     		push	{r3, r4, r5, lr}
  95              		.cfi_def_cfa_offset 16
  96              		.cfi_offset 3, -16
  97              		.cfi_offset 4, -12
  98              		.cfi_offset 5, -8
  99              		.cfi_offset 14, -4
 100              	.LVL9:
  81:asw/statemachine.c ****     
  82:asw/statemachine.c ****     STATE_ActionPtr_t acEntry = 0;
  83:asw/statemachine.c ****     
  84:asw/statemachine.c ****     me->m_state = 0;
 101              		.loc 1 84 0
 102 0002 0023     		movs	r3, #0
 103 0004 C381     		strh	r3, [r0, #14]	@ movhi
  85:asw/statemachine.c ****     
  86:asw/statemachine.c ****     //Check if entry actios are present in the init state
  87:asw/statemachine.c ****     if (0 != me->m_actionTable)
 104              		.loc 1 87 0
 105 0006 8368     		ldr	r3, [r0, #8]
 106 0008 83B9     		cbnz	r3, .L12
 107              	.LBB3:
 108 000a 38BD     		pop	{r3, r4, r5, pc}
 109              	.LVL10:
 110              	.L11:
  88:asw/statemachine.c ****     {
  89:asw/statemachine.c ****         for (uint16_t j = 0; j < me->m_actionTableSize; j++)
  90:asw/statemachine.c ****         {
  91:asw/statemachine.c **** 
  92:asw/statemachine.c ****             if (0 == (*me->m_actionTable)[j].state)
 111              		.loc 1 92 0
 112 000c A968     		ldr	r1, [r5, #8]
 113 000e 04EB4402 		add	r2, r4, r4, lsl #1
 114 0012 9300     		lsls	r3, r2, #2
 115 0014 CB5A     		ldrh	r3, [r1, r3]
 116 0016 33B9     		cbnz	r3, .L10
  93:asw/statemachine.c ****             {
  94:asw/statemachine.c ****                 acEntry = (*me->m_actionTable)[j].actionEntry;
 117              		.loc 1 94 0
 118 0018 04EB4402 		add	r2, r4, r4, lsl #1
 119 001c 9300     		lsls	r3, r2, #2
 120 001e 0B44     		add	r3, r3, r1
 121 0020 5B68     		ldr	r3, [r3, #4]
 122              	.LVL11:
  95:asw/statemachine.c ****                 if (0 != acEntry) acEntry();
 123              		.loc 1 95 0
 124 0022 03B1     		cbz	r3, .L10
 125              		.loc 1 95 0 is_stmt 0 discriminator 1
 126 0024 9847     		blx	r3
 127              	.LVL12:
 128              	.L10:
  89:asw/statemachine.c ****         {
 129              		.loc 1 89 0 is_stmt 1 discriminator 2
 130 0026 0134     		adds	r4, r4, #1
ARM GAS  C:\Users\91819\AppData\Local\Temp\ccCzb2c8.s 			page 5


 131              	.LVL13:
 132 0028 A4B2     		uxth	r4, r4
 133              	.LVL14:
 134 002a 01E0     		b	.L8
 135              	.LVL15:
 136              	.L12:
 137 002c 0546     		mov	r5, r0
 138              	.LBE3:
 139 002e 0024     		movs	r4, #0
 140              	.LVL16:
 141              	.L8:
 142              	.LBB4:
  89:asw/statemachine.c ****         {
 143              		.loc 1 89 0 is_stmt 0 discriminator 1
 144 0030 AB89     		ldrh	r3, [r5, #12]
 145 0032 9C42     		cmp	r4, r3
 146 0034 EAD3     		bcc	.L11
 147              	.LBE4:
  96:asw/statemachine.c ****             }
  97:asw/statemachine.c ****         }
  98:asw/statemachine.c ****     }
  99:asw/statemachine.c ****     
 100:asw/statemachine.c **** }
 148              		.loc 1 100 0 is_stmt 1
 149 0036 38BD     		pop	{r3, r4, r5, pc}
 150              		.cfi_endproc
 151              	.LFE115:
 152              		.size	STATE_initState, .-STATE_initState
 153              		.section	.text.STATE_processEvent,"ax",%progbits
 154              		.align	2
 155              		.global	STATE_processEvent
 156              		.thumb
 157              		.thumb_func
 158              		.type	STATE_processEvent, %function
 159              	STATE_processEvent:
 160              	.LFB116:
 101:asw/statemachine.c **** 
 102:asw/statemachine.c **** /**
 103:asw/statemachine.c ****  * This function will process the event with the defined state machine
 104:asw/statemachine.c ****  * The state machine is implemented as a generic object, Several instances and configurations are s
 105:asw/statemachine.c ****  * \param STATE_t * const me            : IN/OUT - Pointer to the state machine object
 106:asw/statemachine.c ****  * \param uint16_t      ev              : IN - Event to be processed
 107:asw/statemachine.c ****  * \return RC_SUCCESS or error
 108:asw/statemachine.c ****  */
 109:asw/statemachine.c **** RC_t STATE_processEvent(STATE_t * const me,
 110:asw/statemachine.c ****                         uint16_t ev)
 111:asw/statemachine.c **** {
 161              		.loc 1 111 0
 162              		.cfi_startproc
 163              		@ args = 0, pretend = 0, frame = 0
 164              		@ frame_needed = 0, uses_anonymous_args = 0
 165              	.LVL17:
 166 0000 2DE9F047 		push	{r4, r5, r6, r7, r8, r9, r10, lr}
 167              		.cfi_def_cfa_offset 32
 168              		.cfi_offset 4, -32
 169              		.cfi_offset 5, -28
 170              		.cfi_offset 6, -24
ARM GAS  C:\Users\91819\AppData\Local\Temp\ccCzb2c8.s 			page 6


 171              		.cfi_offset 7, -20
 172              		.cfi_offset 8, -16
 173              		.cfi_offset 9, -12
 174              		.cfi_offset 10, -8
 175              		.cfi_offset 14, -4
 176 0004 8146     		mov	r9, r0
 177 0006 8846     		mov	r8, r1
 178              	.LVL18:
 112:asw/statemachine.c ****     STATE_GuardPtr_t guard = 0;
 113:asw/statemachine.c ****     STATE_ActionPtr_t acTransition = 0;
 114:asw/statemachine.c ****     STATE_ActionPtr_t acEntry = 0;
 115:asw/statemachine.c ****     STATE_ActionPtr_t acExit = 0;
 116:asw/statemachine.c ****     
 117:asw/statemachine.c ****     
 118:asw/statemachine.c ****     //Read the state from the watchdog object;
 119:asw/statemachine.c ****     uint16_t currentState = me->m_state;
 179              		.loc 1 119 0
 180 0008 B0F80EA0 		ldrh	r10, [r0, #14]
 181              	.LVL19:
 120:asw/statemachine.c ****     uint16_t toState = currentState; //Just in case
 121:asw/statemachine.c ****     
 122:asw/statemachine.c ****     //Calculate the table index of the outer table
 123:asw/statemachine.c **** 
 124:asw/statemachine.c ****     sint16_t index = STATE__getIndexCurrentState(me);
 182              		.loc 1 124 0
 183 000c FFF7FEFF 		bl	STATE__getIndexCurrentState
 184              	.LVL20:
 125:asw/statemachine.c ****     
 126:asw/statemachine.c ****     //This should never happen
 127:asw/statemachine.c ****     if (INVALIDINDEX == index)
 185              		.loc 1 127 0
 186 0010 B0F1FF3F 		cmp	r0, #-1
 187 0014 6FD0     		beq	.L30
 128:asw/statemachine.c ****     {
 129:asw/statemachine.c ****         return RC_ERROR_BAD_PARAM;
 130:asw/statemachine.c ****     }
 131:asw/statemachine.c ****     
 132:asw/statemachine.c ****     STATE_stateInnerTransitionTable_t const* const pInnerTable = (*me->m_transitionTable)[index].pI
 188              		.loc 1 132 0
 189 0016 D9F80010 		ldr	r1, [r9]
 190 001a 00EB4002 		add	r2, r0, r0, lsl #1
 191 001e 9300     		lsls	r3, r2, #2
 192 0020 1A46     		mov	r2, r3
 193 0022 0B44     		add	r3, r3, r1
 194 0024 5D68     		ldr	r5, [r3, #4]
 195              	.LVL21:
 133:asw/statemachine.c **** 	
 134:asw/statemachine.c ****     uint16_t innerTableSize = 0;
 135:asw/statemachine.c **** 	if (0 != pInnerTable)
 196              		.loc 1 135 0
 197 0026 1DB1     		cbz	r5, .L31
 136:asw/statemachine.c **** 	{
 137:asw/statemachine.c **** 		innerTableSize = (*me->m_transitionTable)[index].size;
 198              		.loc 1 137 0
 199 0028 1346     		mov	r3, r2
 200 002a 0B44     		add	r3, r3, r1
 201 002c 1E89     		ldrh	r6, [r3, #8]
ARM GAS  C:\Users\91819\AppData\Local\Temp\ccCzb2c8.s 			page 7


 202              	.LVL22:
 203 002e 00E0     		b	.L16
 204              	.LVL23:
 205              	.L31:
 134:asw/statemachine.c **** 	if (0 != pInnerTable)
 206              		.loc 1 134 0
 207 0030 0026     		movs	r6, #0
 208              	.LVL24:
 209              	.L16:
 138:asw/statemachine.c **** 	}
 139:asw/statemachine.c ****     
 140:asw/statemachine.c ****     if (0 == pInnerTable || 0 == innerTableSize)
 210              		.loc 1 140 0
 211 0032 002D     		cmp	r5, #0
 212 0034 63D0     		beq	.L32
 213              		.loc 1 140 0 is_stmt 0 discriminator 1
 214 0036 002E     		cmp	r6, #0
 215 0038 65D0     		beq	.L33
 216 003a 0024     		movs	r4, #0
 217 003c 56E0     		b	.L17
 218              	.LVL25:
 219              	.L29:
 220              	.LBB5:
 141:asw/statemachine.c ****     {
 142:asw/statemachine.c ****         //No transitions in this state
 143:asw/statemachine.c ****         return RC_ERROR_INVALID_STATE;
 144:asw/statemachine.c ****     }
 145:asw/statemachine.c ****     
 146:asw/statemachine.c ****     //Iterate through the inner table and find correct transition
 147:asw/statemachine.c ****     for (uint16_t i = 0; i < innerTableSize; i++)
 148:asw/statemachine.c ****     {
 149:asw/statemachine.c ****         if ((*pInnerTable)[i].event == ev)
 221              		.loc 1 149 0 is_stmt 1
 222 003e 2746     		mov	r7, r4
 223 0040 04EB4402 		add	r2, r4, r4, lsl #1
 224 0044 9300     		lsls	r3, r2, #2
 225 0046 EB5A     		ldrh	r3, [r5, r3]
 226 0048 4345     		cmp	r3, r8
 227 004a 4DD1     		bne	.L18
 150:asw/statemachine.c ****         {
 151:asw/statemachine.c ****             //Transition found, let's check the guard
 152:asw/statemachine.c ****             guard = (*pInnerTable)[i].guard;
 228              		.loc 1 152 0
 229 004c 04EB4402 		add	r2, r4, r4, lsl #1
 230 0050 9300     		lsls	r3, r2, #2
 231 0052 2B44     		add	r3, r3, r5
 232 0054 5B68     		ldr	r3, [r3, #4]
 233              	.LVL26:
 153:asw/statemachine.c ****             if (0 == guard || TRUE == guard())
 234              		.loc 1 153 0
 235 0056 13B1     		cbz	r3, .L19
 236              		.loc 1 153 0 is_stmt 0 discriminator 1
 237 0058 9847     		blx	r3
 238              	.LVL27:
 239 005a 0128     		cmp	r0, #1
 240 005c 44D1     		bne	.L18
 241              	.L19:
ARM GAS  C:\Users\91819\AppData\Local\Temp\ccCzb2c8.s 			page 8


 154:asw/statemachine.c ****             {
 155:asw/statemachine.c ****                 //Transition is valid
 156:asw/statemachine.c ****                 acTransition = (*pInnerTable)[i].actionTransition;
 242              		.loc 1 156 0 is_stmt 1
 243 005e 7A00     		lsls	r2, r7, #1
 244 0060 D119     		adds	r1, r2, r7
 245 0062 8B00     		lsls	r3, r1, #2
 246 0064 1946     		mov	r1, r3
 247 0066 2B44     		add	r3, r3, r5
 248 0068 9E68     		ldr	r6, [r3, #8]
 249              	.LVL28:
 157:asw/statemachine.c ****                 toState = (*pInnerTable)[i].toState;
 250              		.loc 1 157 0
 251 006a 0D44     		add	r5, r5, r1
 252              	.LVL29:
 253 006c 6D88     		ldrh	r5, [r5, #2]
 254              	.LVL30:
 158:asw/statemachine.c ****                 
 159:asw/statemachine.c ****                 //Now lets find exit actions. Note: their might be more than one
 160:asw/statemachine.c ****                 if (0 != me->m_actionTable)
 255              		.loc 1 160 0
 256 006e D9F80830 		ldr	r3, [r9, #8]
 257 0072 93B9     		cbnz	r3, .L34
 258              	.LBB6:
 259 0074 16E0     		b	.L21
 260              	.LVL31:
 261              	.L23:
 161:asw/statemachine.c ****                 {
 162:asw/statemachine.c ****                     for (uint16_t j = 0; j < me->m_actionTableSize; j++)
 163:asw/statemachine.c ****                     {
 164:asw/statemachine.c ****                         if (currentState == (*me->m_actionTable)[j].state)
 262              		.loc 1 164 0
 263 0076 D9F80810 		ldr	r1, [r9, #8]
 264 007a 04EB4402 		add	r2, r4, r4, lsl #1
 265 007e 9300     		lsls	r3, r2, #2
 266 0080 CB5A     		ldrh	r3, [r1, r3]
 267 0082 9A45     		cmp	r10, r3
 268 0084 06D1     		bne	.L22
 165:asw/statemachine.c ****                         {
 166:asw/statemachine.c ****                             acExit = (*me->m_actionTable)[j].actionExit;
 269              		.loc 1 166 0
 270 0086 04EB4402 		add	r2, r4, r4, lsl #1
 271 008a 9300     		lsls	r3, r2, #2
 272 008c 1944     		add	r1, r1, r3
 273 008e 8B68     		ldr	r3, [r1, #8]
 274              	.LVL32:
 167:asw/statemachine.c ****                             if (0 != acExit) acExit();
 275              		.loc 1 167 0
 276 0090 03B1     		cbz	r3, .L22
 277              		.loc 1 167 0 is_stmt 0 discriminator 1
 278 0092 9847     		blx	r3
 279              	.LVL33:
 280              	.L22:
 162:asw/statemachine.c ****                     {
 281              		.loc 1 162 0 is_stmt 1 discriminator 2
 282 0094 0134     		adds	r4, r4, #1
 283              	.LVL34:
ARM GAS  C:\Users\91819\AppData\Local\Temp\ccCzb2c8.s 			page 9


 284 0096 A4B2     		uxth	r4, r4
 285              	.LVL35:
 286 0098 00E0     		b	.L20
 287              	.LVL36:
 288              	.L34:
 289              	.LBE6:
 290 009a 0024     		movs	r4, #0
 291              	.LVL37:
 292              	.L20:
 293              	.LBB7:
 162:asw/statemachine.c ****                     {
 294              		.loc 1 162 0 is_stmt 0 discriminator 1
 295 009c B9F80C30 		ldrh	r3, [r9, #12]
 296 00a0 9C42     		cmp	r4, r3
 297 00a2 E8D3     		bcc	.L23
 298              	.LVL38:
 299              	.L21:
 300              	.LBE7:
 168:asw/statemachine.c ****                         }
 169:asw/statemachine.c ****                     }
 170:asw/statemachine.c ****                 }
 171:asw/statemachine.c **** 
 172:asw/statemachine.c ****                 //Lets call the transition action
 173:asw/statemachine.c ****                 if (0 != acTransition) acTransition();
 301              		.loc 1 173 0 is_stmt 1
 302 00a4 06B1     		cbz	r6, .L24
 303              		.loc 1 173 0 is_stmt 0 discriminator 1
 304 00a6 B047     		blx	r6
 305              	.LVL39:
 306              	.L24:
 174:asw/statemachine.c ****                 
 175:asw/statemachine.c ****                 //Now lets find the entry actions. Note: their might be more than one
 176:asw/statemachine.c ****                 if (0 != me->m_actionTable)
 307              		.loc 1 176 0 is_stmt 1
 308 00a8 D9F80830 		ldr	r3, [r9, #8]
 309 00ac 93B9     		cbnz	r3, .L35
 310              	.LBB8:
 311 00ae 16E0     		b	.L26
 312              	.LVL40:
 313              	.L28:
 177:asw/statemachine.c ****                 {
 178:asw/statemachine.c ****                     for (uint16_t j = 0; j < me->m_actionTableSize; j++)
 179:asw/statemachine.c ****                     {
 180:asw/statemachine.c **** 
 181:asw/statemachine.c ****                         if (toState == (*me->m_actionTable)[j].state)
 314              		.loc 1 181 0
 315 00b0 D9F80810 		ldr	r1, [r9, #8]
 316 00b4 04EB4402 		add	r2, r4, r4, lsl #1
 317 00b8 9300     		lsls	r3, r2, #2
 318 00ba CB5A     		ldrh	r3, [r1, r3]
 319 00bc 9D42     		cmp	r5, r3
 320 00be 06D1     		bne	.L27
 182:asw/statemachine.c ****                         {
 183:asw/statemachine.c ****                             acEntry = (*me->m_actionTable)[j].actionEntry;
 321              		.loc 1 183 0
 322 00c0 04EB4402 		add	r2, r4, r4, lsl #1
 323 00c4 9300     		lsls	r3, r2, #2
ARM GAS  C:\Users\91819\AppData\Local\Temp\ccCzb2c8.s 			page 10


 324 00c6 1944     		add	r1, r1, r3
 325 00c8 4B68     		ldr	r3, [r1, #4]
 326              	.LVL41:
 184:asw/statemachine.c ****                             if (0 != acEntry) acEntry();
 327              		.loc 1 184 0
 328 00ca 03B1     		cbz	r3, .L27
 329              		.loc 1 184 0 is_stmt 0 discriminator 1
 330 00cc 9847     		blx	r3
 331              	.LVL42:
 332              	.L27:
 178:asw/statemachine.c ****                     {
 333              		.loc 1 178 0 is_stmt 1 discriminator 2
 334 00ce 0134     		adds	r4, r4, #1
 335              	.LVL43:
 336 00d0 A4B2     		uxth	r4, r4
 337              	.LVL44:
 338 00d2 00E0     		b	.L25
 339              	.LVL45:
 340              	.L35:
 341              	.LBE8:
 342 00d4 0024     		movs	r4, #0
 343              	.LVL46:
 344              	.L25:
 345              	.LBB9:
 178:asw/statemachine.c ****                     {
 346              		.loc 1 178 0 is_stmt 0 discriminator 1
 347 00d6 B9F80C30 		ldrh	r3, [r9, #12]
 348 00da 9C42     		cmp	r4, r3
 349 00dc E8D3     		bcc	.L28
 350              	.LVL47:
 351              	.L26:
 352              	.LBE9:
 185:asw/statemachine.c ****                         }
 186:asw/statemachine.c ****                     }
 187:asw/statemachine.c ****                 }
 188:asw/statemachine.c ****                 
 189:asw/statemachine.c ****                 me->m_state = toState;
 353              		.loc 1 189 0 is_stmt 1
 354 00de A9F80E50 		strh	r5, [r9, #14]	@ movhi
 355              	.LBE5:
 190:asw/statemachine.c ****                 
 191:asw/statemachine.c ****                 //Only one transition will be fired
 192:asw/statemachine.c ****                 break;
 193:asw/statemachine.c ****             }
 194:asw/statemachine.c ****         }
 195:asw/statemachine.c ****     }
 196:asw/statemachine.c **** 
 197:asw/statemachine.c ****     return RC_SUCCESS;
 356              		.loc 1 197 0
 357 00e2 0020     		movs	r0, #0
 358              	.LBB10:
 192:asw/statemachine.c ****             }
 359              		.loc 1 192 0
 360 00e4 BDE8F087 		pop	{r4, r5, r6, r7, r8, r9, r10, pc}
 361              	.LVL48:
 362              	.L18:
 147:asw/statemachine.c ****     {
ARM GAS  C:\Users\91819\AppData\Local\Temp\ccCzb2c8.s 			page 11


 363              		.loc 1 147 0 discriminator 2
 364 00e8 0134     		adds	r4, r4, #1
 365              	.LVL49:
 366 00ea A4B2     		uxth	r4, r4
 367              	.LVL50:
 368              	.L17:
 147:asw/statemachine.c ****     {
 369              		.loc 1 147 0 is_stmt 0 discriminator 1
 370 00ec A642     		cmp	r6, r4
 371 00ee A6D8     		bhi	.L29
 372              	.LBE10:
 373              		.loc 1 197 0 is_stmt 1
 374 00f0 0020     		movs	r0, #0
 375              	.LBB11:
 376 00f2 BDE8F087 		pop	{r4, r5, r6, r7, r8, r9, r10, pc}
 377              	.LVL51:
 378              	.L30:
 379              	.LBE11:
 129:asw/statemachine.c ****     }
 380              		.loc 1 129 0
 381 00f6 6FF01300 		mvn	r0, #19
 382              	.LVL52:
 383 00fa BDE8F087 		pop	{r4, r5, r6, r7, r8, r9, r10, pc}
 384              	.LVL53:
 385              	.L32:
 143:asw/statemachine.c ****     }
 386              		.loc 1 143 0
 387 00fe 6FF01600 		mvn	r0, #22
 388              	.LVL54:
 389 0102 BDE8F087 		pop	{r4, r5, r6, r7, r8, r9, r10, pc}
 390              	.LVL55:
 391              	.L33:
 392 0106 6FF01600 		mvn	r0, #22
 393              	.LVL56:
 198:asw/statemachine.c **** }
 394              		.loc 1 198 0
 395 010a BDE8F087 		pop	{r4, r5, r6, r7, r8, r9, r10, pc}
 396              		.cfi_endproc
 397              	.LFE116:
 398              		.size	STATE_processEvent, .-STATE_processEvent
 399 010e 00BF     		.section	.text.STATE_getCurrentState,"ax",%progbits
 400              		.align	2
 401              		.global	STATE_getCurrentState
 402              		.thumb
 403              		.thumb_func
 404              		.type	STATE_getCurrentState, %function
 405              	STATE_getCurrentState:
 406              	.LFB117:
 199:asw/statemachine.c **** 
 200:asw/statemachine.c **** 
 201:asw/statemachine.c **** /**
 202:asw/statemachine.c ****  * This function will return the current state in case it is required for additional application lo
 203:asw/statemachine.c ****  * \param STATE_t * const me            : IN - Pointer to the state machine object
 204:asw/statemachine.c ****  * \return Current State of the State machine
 205:asw/statemachine.c ****  */
 206:asw/statemachine.c **** uint16_t STATE_getCurrentState(STATE_t * const me)
 207:asw/statemachine.c **** {
ARM GAS  C:\Users\91819\AppData\Local\Temp\ccCzb2c8.s 			page 12


 407              		.loc 1 207 0
 408              		.cfi_startproc
 409              		@ args = 0, pretend = 0, frame = 0
 410              		@ frame_needed = 0, uses_anonymous_args = 0
 411              		@ link register save eliminated.
 412              	.LVL57:
 208:asw/statemachine.c ****     return me->m_state;
 209:asw/statemachine.c **** }
 413              		.loc 1 209 0
 414 0000 C089     		ldrh	r0, [r0, #14]
 415              	.LVL58:
 416 0002 7047     		bx	lr
 417              		.cfi_endproc
 418              	.LFE117:
 419              		.size	STATE_getCurrentState, .-STATE_getCurrentState
 420              		.text
 421              	.Letext0:
 422              		.file 2 ".\\bsw/global.h"
 423              		.file 3 "asw\\statemachine.h"
 424              		.file 4 "c:\\program files (x86)\\cypress\\psoc creator\\4.4\\psoc creator\\import\\gnu\\arm\\5.4.
 425              		.file 5 "c:\\program files (x86)\\cypress\\psoc creator\\4.4\\psoc creator\\import\\gnu\\arm\\5.4.
 426              		.file 6 "Generated_Source\\PSoC5/ErikaOS_1_common_ee_types.inc"
 427              		.file 7 "Generated_Source\\PSoC5/ErikaOS_1_cortex_mx_ee_cpu.inc"
 428              		.file 8 "Generated_Source\\PSoC5/ErikaOS_1_ee_oo_intfunc.inc"
 429              		.file 9 "Generated_Source\\PSoC5/ErikaOS_1_cortex_mx_ee_context.inc"
 430              		.file 10 "Generated_Source\\PSoC5/ErikaOS_1_common_ee_primitives.inc"
 431              		.file 11 "Generated_Source\\PSoC5/core_cm3.h"
 432              		.section	.debug_info,"",%progbits
 433              	.Ldebug_info0:
 434 0000 3E050000 		.4byte	0x53e
 435 0004 0400     		.2byte	0x4
 436 0006 00000000 		.4byte	.Ldebug_abbrev0
 437 000a 04       		.byte	0x4
 438 000b 01       		.uleb128 0x1
 439 000c 43050000 		.4byte	.LASF90
 440 0010 0C       		.byte	0xc
 441 0011 FD030000 		.4byte	.LASF91
 442 0015 E4000000 		.4byte	.LASF92
 443 0019 68000000 		.4byte	.Ldebug_ranges0+0x68
 444 001d 00000000 		.4byte	0
 445 0021 00000000 		.4byte	.Ldebug_line0
 446 0025 02       		.uleb128 0x2
 447 0026 01       		.byte	0x1
 448 0027 06       		.byte	0x6
 449 0028 56030000 		.4byte	.LASF0
 450 002c 02       		.uleb128 0x2
 451 002d 01       		.byte	0x1
 452 002e 08       		.byte	0x8
 453 002f 1F030000 		.4byte	.LASF1
 454 0033 03       		.uleb128 0x3
 455 0034 7B020000 		.4byte	.LASF3
 456 0038 02       		.byte	0x2
 457 0039 92       		.byte	0x92
 458 003a 3E000000 		.4byte	0x3e
 459 003e 02       		.uleb128 0x2
 460 003f 02       		.byte	0x2
 461 0040 05       		.byte	0x5
ARM GAS  C:\Users\91819\AppData\Local\Temp\ccCzb2c8.s 			page 13


 462 0041 63000000 		.4byte	.LASF2
 463 0045 03       		.uleb128 0x3
 464 0046 94030000 		.4byte	.LASF4
 465 004a 02       		.byte	0x2
 466 004b 93       		.byte	0x93
 467 004c 50000000 		.4byte	0x50
 468 0050 02       		.uleb128 0x2
 469 0051 02       		.byte	0x2
 470 0052 07       		.byte	0x7
 471 0053 EA030000 		.4byte	.LASF5
 472 0057 02       		.uleb128 0x2
 473 0058 04       		.byte	0x4
 474 0059 05       		.byte	0x5
 475 005a 32040000 		.4byte	.LASF6
 476 005e 02       		.uleb128 0x2
 477 005f 04       		.byte	0x4
 478 0060 07       		.byte	0x7
 479 0061 A5040000 		.4byte	.LASF7
 480 0065 02       		.uleb128 0x2
 481 0066 04       		.byte	0x4
 482 0067 04       		.byte	0x4
 483 0068 FD010000 		.4byte	.LASF8
 484 006c 02       		.uleb128 0x2
 485 006d 08       		.byte	0x8
 486 006e 04       		.byte	0x4
 487 006f B7040000 		.4byte	.LASF9
 488 0073 02       		.uleb128 0x2
 489 0074 08       		.byte	0x8
 490 0075 05       		.byte	0x5
 491 0076 30020000 		.4byte	.LASF10
 492 007a 02       		.uleb128 0x2
 493 007b 08       		.byte	0x8
 494 007c 07       		.byte	0x7
 495 007d 62030000 		.4byte	.LASF11
 496 0081 03       		.uleb128 0x3
 497 0082 F6020000 		.4byte	.LASF12
 498 0086 02       		.byte	0x2
 499 0087 9C       		.byte	0x9c
 500 0088 2C000000 		.4byte	0x2c
 501 008c 02       		.uleb128 0x2
 502 008d 01       		.byte	0x1
 503 008e 08       		.byte	0x8
 504 008f 2D040000 		.4byte	.LASF13
 505 0093 04       		.uleb128 0x4
 506 0094 01       		.byte	0x1
 507 0095 25000000 		.4byte	0x25
 508 0099 02       		.byte	0x2
 509 009a CF       		.byte	0xcf
 510 009b 3C010000 		.4byte	0x13c
 511 009f 05       		.uleb128 0x5
 512 00a0 21000000 		.4byte	.LASF14
 513 00a4 00       		.byte	0
 514 00a5 06       		.uleb128 0x6
 515 00a6 78040000 		.4byte	.LASF15
 516 00aa 7F       		.sleb128 -1
 517 00ab 06       		.uleb128 0x6
 518 00ac AF030000 		.4byte	.LASF16
ARM GAS  C:\Users\91819\AppData\Local\Temp\ccCzb2c8.s 			page 14


 519 00b0 7E       		.sleb128 -2
 520 00b1 06       		.uleb128 0x6
 521 00b2 B2000000 		.4byte	.LASF17
 522 00b6 7D       		.sleb128 -3
 523 00b7 06       		.uleb128 0x6
 524 00b8 D1050000 		.4byte	.LASF18
 525 00bc 7C       		.sleb128 -4
 526 00bd 06       		.uleb128 0x6
 527 00be DC010000 		.4byte	.LASF19
 528 00c2 7B       		.sleb128 -5
 529 00c3 06       		.uleb128 0x6
 530 00c4 6D000000 		.4byte	.LASF20
 531 00c8 7A       		.sleb128 -6
 532 00c9 06       		.uleb128 0x6
 533 00ca 8C020000 		.4byte	.LASF21
 534 00ce 79       		.sleb128 -7
 535 00cf 06       		.uleb128 0x6
 536 00d0 3B040000 		.4byte	.LASF22
 537 00d4 78       		.sleb128 -8
 538 00d5 06       		.uleb128 0x6
 539 00d6 24060000 		.4byte	.LASF23
 540 00da 77       		.sleb128 -9
 541 00db 06       		.uleb128 0x6
 542 00dc BA020000 		.4byte	.LASF24
 543 00e0 76       		.sleb128 -10
 544 00e1 06       		.uleb128 0x6
 545 00e2 3F060000 		.4byte	.LASF25
 546 00e6 75       		.sleb128 -11
 547 00e7 06       		.uleb128 0x6
 548 00e8 86030000 		.4byte	.LASF26
 549 00ec 74       		.sleb128 -12
 550 00ed 06       		.uleb128 0x6
 551 00ee BE040000 		.4byte	.LASF27
 552 00f2 73       		.sleb128 -13
 553 00f3 06       		.uleb128 0x6
 554 00f4 00030000 		.4byte	.LASF28
 555 00f8 72       		.sleb128 -14
 556 00f9 06       		.uleb128 0x6
 557 00fa 03020000 		.4byte	.LASF29
 558 00fe 71       		.sleb128 -15
 559 00ff 06       		.uleb128 0x6
 560 0100 D3020000 		.4byte	.LASF30
 561 0104 70       		.sleb128 -16
 562 0105 06       		.uleb128 0x6
 563 0106 C8000000 		.4byte	.LASF31
 564 010a 6F       		.sleb128 -17
 565 010b 06       		.uleb128 0x6
 566 010c 7E000000 		.4byte	.LASF32
 567 0110 6E       		.sleb128 -18
 568 0111 06       		.uleb128 0x6
 569 0112 57020000 		.4byte	.LASF33
 570 0116 6D       		.sleb128 -19
 571 0117 06       		.uleb128 0x6
 572 0118 65040000 		.4byte	.LASF34
 573 011c 6C       		.sleb128 -20
 574 011d 06       		.uleb128 0x6
 575 011e E4020000 		.4byte	.LASF35
ARM GAS  C:\Users\91819\AppData\Local\Temp\ccCzb2c8.s 			page 15


 576 0122 6B       		.sleb128 -21
 577 0123 06       		.uleb128 0x6
 578 0124 0C050000 		.4byte	.LASF36
 579 0128 6A       		.sleb128 -22
 580 0129 06       		.uleb128 0x6
 581 012a 97010000 		.4byte	.LASF37
 582 012e 69       		.sleb128 -23
 583 012f 06       		.uleb128 0x6
 584 0130 6A020000 		.4byte	.LASF38
 585 0134 68       		.sleb128 -24
 586 0135 06       		.uleb128 0x6
 587 0136 17020000 		.4byte	.LASF39
 588 013a 67       		.sleb128 -25
 589 013b 00       		.byte	0
 590 013c 03       		.uleb128 0x3
 591 013d 3A060000 		.4byte	.LASF40
 592 0141 02       		.byte	0x2
 593 0142 EA       		.byte	0xea
 594 0143 93000000 		.4byte	0x93
 595 0147 03       		.uleb128 0x3
 596 0148 EB010000 		.4byte	.LASF41
 597 014c 03       		.byte	0x3
 598 014d 32       		.byte	0x32
 599 014e 52010000 		.4byte	0x152
 600 0152 07       		.uleb128 0x7
 601 0153 04       		.byte	0x4
 602 0154 58010000 		.4byte	0x158
 603 0158 08       		.uleb128 0x8
 604 0159 5F010000 		.4byte	0x15f
 605 015d 09       		.uleb128 0x9
 606 015e 00       		.byte	0
 607 015f 03       		.uleb128 0x3
 608 0160 D9030000 		.4byte	.LASF42
 609 0164 03       		.byte	0x3
 610 0165 37       		.byte	0x37
 611 0166 6A010000 		.4byte	0x16a
 612 016a 07       		.uleb128 0x7
 613 016b 04       		.byte	0x4
 614 016c 70010000 		.4byte	0x170
 615 0170 0A       		.uleb128 0xa
 616 0171 81000000 		.4byte	0x81
 617 0175 7B010000 		.4byte	0x17b
 618 0179 09       		.uleb128 0x9
 619 017a 00       		.byte	0
 620 017b 0B       		.uleb128 0xb
 621 017c 0C       		.byte	0xc
 622 017d 03       		.byte	0x3
 623 017e 3E       		.byte	0x3e
 624 017f B4010000 		.4byte	0x1b4
 625 0183 0C       		.uleb128 0xc
 626 0184 6E010000 		.4byte	.LASF43
 627 0188 03       		.byte	0x3
 628 0189 40       		.byte	0x40
 629 018a 45000000 		.4byte	0x45
 630 018e 00       		.byte	0
 631 018f 0C       		.uleb128 0xc
 632 0190 1C060000 		.4byte	.LASF44
ARM GAS  C:\Users\91819\AppData\Local\Temp\ccCzb2c8.s 			page 16


 633 0194 03       		.byte	0x3
 634 0195 41       		.byte	0x41
 635 0196 45000000 		.4byte	0x45
 636 019a 02       		.byte	0x2
 637 019b 0C       		.uleb128 0xc
 638 019c 5D000000 		.4byte	.LASF45
 639 01a0 03       		.byte	0x3
 640 01a1 42       		.byte	0x42
 641 01a2 5F010000 		.4byte	0x15f
 642 01a6 04       		.byte	0x4
 643 01a7 0C       		.uleb128 0xc
 644 01a8 81040000 		.4byte	.LASF46
 645 01ac 03       		.byte	0x3
 646 01ad 43       		.byte	0x43
 647 01ae 47010000 		.4byte	0x147
 648 01b2 08       		.byte	0x8
 649 01b3 00       		.byte	0
 650 01b4 03       		.uleb128 0x3
 651 01b5 10040000 		.4byte	.LASF47
 652 01b9 03       		.byte	0x3
 653 01ba 45       		.byte	0x45
 654 01bb 7B010000 		.4byte	0x17b
 655 01bf 0D       		.uleb128 0xd
 656 01c0 B4010000 		.4byte	0x1b4
 657 01c4 CA010000 		.4byte	0x1ca
 658 01c8 0E       		.uleb128 0xe
 659 01c9 00       		.byte	0
 660 01ca 0B       		.uleb128 0xb
 661 01cb 0C       		.byte	0xc
 662 01cc 03       		.byte	0x3
 663 01cd 4C       		.byte	0x4c
 664 01ce F7010000 		.4byte	0x1f7
 665 01d2 0C       		.uleb128 0xc
 666 01d3 07000000 		.4byte	.LASF48
 667 01d7 03       		.byte	0x3
 668 01d8 4E       		.byte	0x4e
 669 01d9 45000000 		.4byte	0x45
 670 01dd 00       		.byte	0
 671 01de 0C       		.uleb128 0xc
 672 01df F9050000 		.4byte	.LASF49
 673 01e3 03       		.byte	0x3
 674 01e4 4F       		.byte	0x4f
 675 01e5 FD010000 		.4byte	0x1fd
 676 01e9 04       		.byte	0x4
 677 01ea 0C       		.uleb128 0xc
 678 01eb D0040000 		.4byte	.LASF50
 679 01ef 03       		.byte	0x3
 680 01f0 50       		.byte	0x50
 681 01f1 02020000 		.4byte	0x202
 682 01f5 08       		.byte	0x8
 683 01f6 00       		.byte	0
 684 01f7 07       		.uleb128 0x7
 685 01f8 04       		.byte	0x4
 686 01f9 BF010000 		.4byte	0x1bf
 687 01fd 0F       		.uleb128 0xf
 688 01fe F7010000 		.4byte	0x1f7
 689 0202 0F       		.uleb128 0xf
ARM GAS  C:\Users\91819\AppData\Local\Temp\ccCzb2c8.s 			page 17


 690 0203 45000000 		.4byte	0x45
 691 0207 03       		.uleb128 0x3
 692 0208 2C000000 		.4byte	.LASF51
 693 020c 03       		.byte	0x3
 694 020d 51       		.byte	0x51
 695 020e CA010000 		.4byte	0x1ca
 696 0212 0D       		.uleb128 0xd
 697 0213 07020000 		.4byte	0x207
 698 0217 1D020000 		.4byte	0x21d
 699 021b 0E       		.uleb128 0xe
 700 021c 00       		.byte	0
 701 021d 0B       		.uleb128 0xb
 702 021e 0C       		.byte	0xc
 703 021f 03       		.byte	0x3
 704 0220 5A       		.byte	0x5a
 705 0221 4A020000 		.4byte	0x24a
 706 0225 0C       		.uleb128 0xc
 707 0226 57000000 		.4byte	.LASF52
 708 022a 03       		.byte	0x3
 709 022b 5C       		.byte	0x5c
 710 022c 45000000 		.4byte	0x45
 711 0230 00       		.byte	0
 712 0231 0C       		.uleb128 0xc
 713 0232 1E050000 		.4byte	.LASF53
 714 0236 03       		.byte	0x3
 715 0237 5D       		.byte	0x5d
 716 0238 47010000 		.4byte	0x147
 717 023c 04       		.byte	0x4
 718 023d 0C       		.uleb128 0xc
 719 023e C8020000 		.4byte	.LASF54
 720 0242 03       		.byte	0x3
 721 0243 5E       		.byte	0x5e
 722 0244 47010000 		.4byte	0x147
 723 0248 08       		.byte	0x8
 724 0249 00       		.byte	0
 725 024a 03       		.uleb128 0x3
 726 024b D5040000 		.4byte	.LASF55
 727 024f 03       		.byte	0x3
 728 0250 5F       		.byte	0x5f
 729 0251 1D020000 		.4byte	0x21d
 730 0255 0D       		.uleb128 0xd
 731 0256 4A020000 		.4byte	0x24a
 732 025a 60020000 		.4byte	0x260
 733 025e 0E       		.uleb128 0xe
 734 025f 00       		.byte	0
 735 0260 0B       		.uleb128 0xb
 736 0261 10       		.byte	0x10
 737 0262 03       		.byte	0x3
 738 0263 66       		.byte	0x66
 739 0264 A5020000 		.4byte	0x2a5
 740 0268 0C       		.uleb128 0xc
 741 0269 FA040000 		.4byte	.LASF56
 742 026d 03       		.byte	0x3
 743 026e 68       		.byte	0x68
 744 026f A5020000 		.4byte	0x2a5
 745 0273 00       		.byte	0
 746 0274 0C       		.uleb128 0xc
ARM GAS  C:\Users\91819\AppData\Local\Temp\ccCzb2c8.s 			page 18


 747 0275 74010000 		.4byte	.LASF57
 748 0279 03       		.byte	0x3
 749 027a 69       		.byte	0x69
 750 027b 02020000 		.4byte	0x202
 751 027f 04       		.byte	0x4
 752 0280 0C       		.uleb128 0xc
 753 0281 49000000 		.4byte	.LASF58
 754 0285 03       		.byte	0x3
 755 0286 6A       		.byte	0x6a
 756 0287 AB020000 		.4byte	0x2ab
 757 028b 08       		.byte	0x8
 758 028c 0C       		.uleb128 0xc
 759 028d 9D030000 		.4byte	.LASF59
 760 0291 03       		.byte	0x3
 761 0292 6B       		.byte	0x6b
 762 0293 02020000 		.4byte	0x202
 763 0297 0C       		.byte	0xc
 764 0298 0C       		.uleb128 0xc
 765 0299 11000000 		.4byte	.LASF60
 766 029d 03       		.byte	0x3
 767 029e 6C       		.byte	0x6c
 768 029f 45000000 		.4byte	0x45
 769 02a3 0E       		.byte	0xe
 770 02a4 00       		.byte	0
 771 02a5 07       		.uleb128 0x7
 772 02a6 04       		.byte	0x4
 773 02a7 12020000 		.4byte	0x212
 774 02ab 07       		.uleb128 0x7
 775 02ac 04       		.byte	0x4
 776 02ad 55020000 		.4byte	0x255
 777 02b1 03       		.uleb128 0x3
 778 02b2 84020000 		.4byte	.LASF61
 779 02b6 03       		.byte	0x3
 780 02b7 6E       		.byte	0x6e
 781 02b8 60020000 		.4byte	0x260
 782 02bc 03       		.uleb128 0x3
 783 02bd E9040000 		.4byte	.LASF62
 784 02c1 04       		.byte	0x4
 785 02c2 3F       		.byte	0x3f
 786 02c3 57000000 		.4byte	0x57
 787 02c7 10       		.uleb128 0x10
 788 02c8 04       		.byte	0x4
 789 02c9 05       		.byte	0x5
 790 02ca 696E7400 		.ascii	"int\000"
 791 02ce 02       		.uleb128 0x2
 792 02cf 04       		.byte	0x4
 793 02d0 07       		.byte	0x7
 794 02d1 79030000 		.4byte	.LASF63
 795 02d5 03       		.uleb128 0x3
 796 02d6 50040000 		.4byte	.LASF64
 797 02da 05       		.byte	0x5
 798 02db 2C       		.byte	0x2c
 799 02dc BC020000 		.4byte	0x2bc
 800 02e0 02       		.uleb128 0x2
 801 02e1 08       		.byte	0x8
 802 02e2 04       		.byte	0x4
 803 02e3 13030000 		.4byte	.LASF65
ARM GAS  C:\Users\91819\AppData\Local\Temp\ccCzb2c8.s 			page 19


 804 02e7 03       		.uleb128 0x3
 805 02e8 D0030000 		.4byte	.LASF66
 806 02ec 06       		.byte	0x6
 807 02ed 53       		.byte	0x53
 808 02ee C7020000 		.4byte	0x2c7
 809 02f2 03       		.uleb128 0x3
 810 02f3 4C030000 		.4byte	.LASF67
 811 02f7 06       		.byte	0x6
 812 02f8 54       		.byte	0x54
 813 02f9 CE020000 		.4byte	0x2ce
 814 02fd 03       		.uleb128 0x3
 815 02fe 19000000 		.4byte	.LASF68
 816 0302 07       		.byte	0x7
 817 0303 4D       		.byte	0x4d
 818 0304 F2020000 		.4byte	0x2f2
 819 0308 03       		.uleb128 0x3
 820 0309 C0000000 		.4byte	.LASF69
 821 030d 07       		.byte	0x7
 822 030e 4F       		.byte	0x4f
 823 030f F2020000 		.4byte	0x2f2
 824 0313 03       		.uleb128 0x3
 825 0314 8A010000 		.4byte	.LASF70
 826 0318 07       		.byte	0x7
 827 0319 78       		.byte	0x78
 828 031a E7020000 		.4byte	0x2e7
 829 031e 02       		.uleb128 0x2
 830 031f 04       		.byte	0x4
 831 0320 07       		.byte	0x7
 832 0321 93000000 		.4byte	.LASF71
 833 0325 11       		.uleb128 0x11
 834 0326 9E020000 		.4byte	.LASF73
 835 032a 01       		.byte	0x1
 836 032b 39       		.byte	0x39
 837 032c 33000000 		.4byte	0x33
 838 0330 00000000 		.4byte	.LFB114
 839 0334 2C000000 		.4byte	.LFE114-.LFB114
 840 0338 01       		.uleb128 0x1
 841 0339 9C       		.byte	0x9c
 842 033a 70030000 		.4byte	0x370
 843 033e 12       		.uleb128 0x12
 844 033f 6D6500   		.ascii	"me\000"
 845 0342 01       		.byte	0x1
 846 0343 39       		.byte	0x39
 847 0344 76030000 		.4byte	0x376
 848 0348 00000000 		.4byte	.LLST0
 849 034c 13       		.uleb128 0x13
 850 034d 00000000 		.4byte	.LASF72
 851 0351 01       		.byte	0x1
 852 0352 3C       		.byte	0x3c
 853 0353 33000000 		.4byte	0x33
 854 0357 7F       		.sleb128 -1
 855 0358 14       		.uleb128 0x14
 856 0359 02000000 		.4byte	.LBB2
 857 035d 22000000 		.4byte	.LBE2-.LBB2
 858 0361 15       		.uleb128 0x15
 859 0362 6900     		.ascii	"i\000"
 860 0364 01       		.byte	0x1
ARM GAS  C:\Users\91819\AppData\Local\Temp\ccCzb2c8.s 			page 20


 861 0365 3E       		.byte	0x3e
 862 0366 45000000 		.4byte	0x45
 863 036a 3A000000 		.4byte	.LLST1
 864 036e 00       		.byte	0
 865 036f 00       		.byte	0
 866 0370 07       		.uleb128 0x7
 867 0371 04       		.byte	0x4
 868 0372 B1020000 		.4byte	0x2b1
 869 0376 0F       		.uleb128 0xf
 870 0377 70030000 		.4byte	0x370
 871 037b 16       		.uleb128 0x16
 872 037c 2D030000 		.4byte	.LASF74
 873 0380 01       		.byte	0x1
 874 0381 4F       		.byte	0x4f
 875 0382 3C010000 		.4byte	0x13c
 876 0386 00000000 		.4byte	.LFB115
 877 038a 38000000 		.4byte	.LFE115-.LFB115
 878 038e 01       		.uleb128 0x1
 879 038f 9C       		.byte	0x9c
 880 0390 C5030000 		.4byte	0x3c5
 881 0394 12       		.uleb128 0x12
 882 0395 6D6500   		.ascii	"me\000"
 883 0398 01       		.byte	0x1
 884 0399 4F       		.byte	0x4f
 885 039a 76030000 		.4byte	0x376
 886 039e 64000000 		.4byte	.LLST2
 887 03a2 17       		.uleb128 0x17
 888 03a3 DC000000 		.4byte	.LASF75
 889 03a7 01       		.byte	0x1
 890 03a8 52       		.byte	0x52
 891 03a9 47010000 		.4byte	0x147
 892 03ad 98000000 		.4byte	.LLST3
 893 03b1 18       		.uleb128 0x18
 894 03b2 00000000 		.4byte	.Ldebug_ranges0+0
 895 03b6 15       		.uleb128 0x15
 896 03b7 6A00     		.ascii	"j\000"
 897 03b9 01       		.byte	0x1
 898 03ba 59       		.byte	0x59
 899 03bb 45000000 		.4byte	0x45
 900 03bf C3000000 		.4byte	.LLST4
 901 03c3 00       		.byte	0
 902 03c4 00       		.byte	0
 903 03c5 16       		.uleb128 0x16
 904 03c6 BD030000 		.4byte	.LASF76
 905 03ca 01       		.byte	0x1
 906 03cb 6D       		.byte	0x6d
 907 03cc 3C010000 		.4byte	0x13c
 908 03d0 00000000 		.4byte	.LFB116
 909 03d4 0E010000 		.4byte	.LFE116-.LFB116
 910 03d8 01       		.uleb128 0x1
 911 03d9 9C       		.byte	0x9c
 912 03da D1040000 		.4byte	0x4d1
 913 03de 12       		.uleb128 0x12
 914 03df 6D6500   		.ascii	"me\000"
 915 03e2 01       		.byte	0x1
 916 03e3 6D       		.byte	0x6d
 917 03e4 76030000 		.4byte	0x376
ARM GAS  C:\Users\91819\AppData\Local\Temp\ccCzb2c8.s 			page 21


 918 03e8 EC000000 		.4byte	.LLST5
 919 03ec 12       		.uleb128 0x12
 920 03ed 657600   		.ascii	"ev\000"
 921 03f0 01       		.byte	0x1
 922 03f1 6E       		.byte	0x6e
 923 03f2 45000000 		.4byte	0x45
 924 03f6 0A010000 		.4byte	.LLST6
 925 03fa 17       		.uleb128 0x17
 926 03fb 5D000000 		.4byte	.LASF45
 927 03ff 01       		.byte	0x1
 928 0400 70       		.byte	0x70
 929 0401 5F010000 		.4byte	0x15f
 930 0405 2B010000 		.4byte	.LLST7
 931 0409 17       		.uleb128 0x17
 932 040a 0F060000 		.4byte	.LASF77
 933 040e 01       		.byte	0x1
 934 040f 71       		.byte	0x71
 935 0410 47010000 		.4byte	0x147
 936 0414 56010000 		.4byte	.LLST8
 937 0418 17       		.uleb128 0x17
 938 0419 DC000000 		.4byte	.LASF75
 939 041d 01       		.byte	0x1
 940 041e 72       		.byte	0x72
 941 041f 47010000 		.4byte	0x147
 942 0423 81010000 		.4byte	.LLST9
 943 0427 17       		.uleb128 0x17
 944 0428 F3040000 		.4byte	.LASF78
 945 042c 01       		.byte	0x1
 946 042d 73       		.byte	0x73
 947 042e 47010000 		.4byte	0x147
 948 0432 B8010000 		.4byte	.LLST10
 949 0436 19       		.uleb128 0x19
 950 0437 58040000 		.4byte	.LASF79
 951 043b 01       		.byte	0x1
 952 043c 77       		.byte	0x77
 953 043d 45000000 		.4byte	0x45
 954 0441 01       		.uleb128 0x1
 955 0442 5A       		.byte	0x5a
 956 0443 17       		.uleb128 0x17
 957 0444 1C060000 		.4byte	.LASF44
 958 0448 01       		.byte	0x1
 959 0449 78       		.byte	0x78
 960 044a 45000000 		.4byte	0x45
 961 044e EF010000 		.4byte	.LLST11
 962 0452 17       		.uleb128 0x17
 963 0453 91010000 		.4byte	.LASF80
 964 0457 01       		.byte	0x1
 965 0458 7C       		.byte	0x7c
 966 0459 33000000 		.4byte	0x33
 967 045d 18020000 		.4byte	.LLST12
 968 0461 17       		.uleb128 0x17
 969 0462 2A050000 		.4byte	.LASF81
 970 0466 01       		.byte	0x1
 971 0467 84       		.byte	0x84
 972 0468 FD010000 		.4byte	0x1fd
 973 046c 4C020000 		.4byte	.LLST13
 974 0470 17       		.uleb128 0x17
ARM GAS  C:\Users\91819\AppData\Local\Temp\ccCzb2c8.s 			page 22


 975 0471 3D030000 		.4byte	.LASF82
 976 0475 01       		.byte	0x1
 977 0476 86       		.byte	0x86
 978 0477 45000000 		.4byte	0x45
 979 047b 75020000 		.4byte	.LLST14
 980 047f 1A       		.uleb128 0x1a
 981 0480 18000000 		.4byte	.Ldebug_ranges0+0x18
 982 0484 C0040000 		.4byte	0x4c0
 983 0488 15       		.uleb128 0x15
 984 0489 6900     		.ascii	"i\000"
 985 048b 01       		.byte	0x1
 986 048c 93       		.byte	0x93
 987 048d 45000000 		.4byte	0x45
 988 0491 C1020000 		.4byte	.LLST15
 989 0495 1A       		.uleb128 0x1a
 990 0496 38000000 		.4byte	.Ldebug_ranges0+0x38
 991 049a AC040000 		.4byte	0x4ac
 992 049e 15       		.uleb128 0x15
 993 049f 6A00     		.ascii	"j\000"
 994 04a1 01       		.byte	0x1
 995 04a2 A2       		.byte	0xa2
 996 04a3 45000000 		.4byte	0x45
 997 04a7 F5020000 		.4byte	.LLST16
 998 04ab 00       		.byte	0
 999 04ac 18       		.uleb128 0x18
 1000 04ad 50000000 		.4byte	.Ldebug_ranges0+0x50
 1001 04b1 15       		.uleb128 0x15
 1002 04b2 6A00     		.ascii	"j\000"
 1003 04b4 01       		.byte	0x1
 1004 04b5 B2       		.byte	0xb2
 1005 04b6 45000000 		.4byte	0x45
 1006 04ba 1E030000 		.4byte	.LLST17
 1007 04be 00       		.byte	0
 1008 04bf 00       		.byte	0
 1009 04c0 1B       		.uleb128 0x1b
 1010 04c1 10000000 		.4byte	.LVL20
 1011 04c5 25030000 		.4byte	0x325
 1012 04c9 1C       		.uleb128 0x1c
 1013 04ca 01       		.uleb128 0x1
 1014 04cb 50       		.byte	0x50
 1015 04cc 02       		.uleb128 0x2
 1016 04cd 79       		.byte	0x79
 1017 04ce 00       		.sleb128 0
 1018 04cf 00       		.byte	0
 1019 04d0 00       		.byte	0
 1020 04d1 11       		.uleb128 0x11
 1021 04d2 9C000000 		.4byte	.LASF83
 1022 04d6 01       		.byte	0x1
 1023 04d7 CE       		.byte	0xce
 1024 04d8 45000000 		.4byte	0x45
 1025 04dc 00000000 		.4byte	.LFB117
 1026 04e0 04000000 		.4byte	.LFE117-.LFB117
 1027 04e4 01       		.uleb128 0x1
 1028 04e5 9C       		.byte	0x9c
 1029 04e6 F9040000 		.4byte	0x4f9
 1030 04ea 12       		.uleb128 0x12
 1031 04eb 6D6500   		.ascii	"me\000"
ARM GAS  C:\Users\91819\AppData\Local\Temp\ccCzb2c8.s 			page 23


 1032 04ee 01       		.byte	0x1
 1033 04ef CE       		.byte	0xce
 1034 04f0 76030000 		.4byte	0x376
 1035 04f4 47030000 		.4byte	.LLST18
 1036 04f8 00       		.byte	0
 1037 04f9 1D       		.uleb128 0x1d
 1038 04fa E1050000 		.4byte	.LASF84
 1039 04fe 08       		.byte	0x8
 1040 04ff 40       		.byte	0x40
 1041 0500 FD020000 		.4byte	0x2fd
 1042 0504 1D       		.uleb128 0x1d
 1043 0505 3E020000 		.4byte	.LASF85
 1044 0509 08       		.byte	0x8
 1045 050a 47       		.byte	0x47
 1046 050b 08030000 		.4byte	0x308
 1047 050f 1D       		.uleb128 0x1d
 1048 0510 92040000 		.4byte	.LASF86
 1049 0514 08       		.byte	0x8
 1050 0515 4A       		.byte	0x4a
 1051 0516 FD020000 		.4byte	0x2fd
 1052 051a 1D       		.uleb128 0x1d
 1053 051b C3010000 		.4byte	.LASF87
 1054 051f 09       		.byte	0x9
 1055 0520 48       		.byte	0x48
 1056 0521 13030000 		.4byte	0x313
 1057 0525 1D       		.uleb128 0x1d
 1058 0526 AE010000 		.4byte	.LASF88
 1059 052a 0A       		.byte	0xa
 1060 052b 44       		.byte	0x44
 1061 052c FD020000 		.4byte	0x2fd
 1062 0530 1E       		.uleb128 0x1e
 1063 0531 36050000 		.4byte	.LASF89
 1064 0535 0B       		.byte	0xb
 1065 0536 1207     		.2byte	0x712
 1066 0538 3C050000 		.4byte	0x53c
 1067 053c 1F       		.uleb128 0x1f
 1068 053d D5020000 		.4byte	0x2d5
 1069 0541 00       		.byte	0
 1070              		.section	.debug_abbrev,"",%progbits
 1071              	.Ldebug_abbrev0:
 1072 0000 01       		.uleb128 0x1
 1073 0001 11       		.uleb128 0x11
 1074 0002 01       		.byte	0x1
 1075 0003 25       		.uleb128 0x25
 1076 0004 0E       		.uleb128 0xe
 1077 0005 13       		.uleb128 0x13
 1078 0006 0B       		.uleb128 0xb
 1079 0007 03       		.uleb128 0x3
 1080 0008 0E       		.uleb128 0xe
 1081 0009 1B       		.uleb128 0x1b
 1082 000a 0E       		.uleb128 0xe
 1083 000b 55       		.uleb128 0x55
 1084 000c 17       		.uleb128 0x17
 1085 000d 11       		.uleb128 0x11
 1086 000e 01       		.uleb128 0x1
 1087 000f 10       		.uleb128 0x10
 1088 0010 17       		.uleb128 0x17
ARM GAS  C:\Users\91819\AppData\Local\Temp\ccCzb2c8.s 			page 24


 1089 0011 00       		.byte	0
 1090 0012 00       		.byte	0
 1091 0013 02       		.uleb128 0x2
 1092 0014 24       		.uleb128 0x24
 1093 0015 00       		.byte	0
 1094 0016 0B       		.uleb128 0xb
 1095 0017 0B       		.uleb128 0xb
 1096 0018 3E       		.uleb128 0x3e
 1097 0019 0B       		.uleb128 0xb
 1098 001a 03       		.uleb128 0x3
 1099 001b 0E       		.uleb128 0xe
 1100 001c 00       		.byte	0
 1101 001d 00       		.byte	0
 1102 001e 03       		.uleb128 0x3
 1103 001f 16       		.uleb128 0x16
 1104 0020 00       		.byte	0
 1105 0021 03       		.uleb128 0x3
 1106 0022 0E       		.uleb128 0xe
 1107 0023 3A       		.uleb128 0x3a
 1108 0024 0B       		.uleb128 0xb
 1109 0025 3B       		.uleb128 0x3b
 1110 0026 0B       		.uleb128 0xb
 1111 0027 49       		.uleb128 0x49
 1112 0028 13       		.uleb128 0x13
 1113 0029 00       		.byte	0
 1114 002a 00       		.byte	0
 1115 002b 04       		.uleb128 0x4
 1116 002c 04       		.uleb128 0x4
 1117 002d 01       		.byte	0x1
 1118 002e 0B       		.uleb128 0xb
 1119 002f 0B       		.uleb128 0xb
 1120 0030 49       		.uleb128 0x49
 1121 0031 13       		.uleb128 0x13
 1122 0032 3A       		.uleb128 0x3a
 1123 0033 0B       		.uleb128 0xb
 1124 0034 3B       		.uleb128 0x3b
 1125 0035 0B       		.uleb128 0xb
 1126 0036 01       		.uleb128 0x1
 1127 0037 13       		.uleb128 0x13
 1128 0038 00       		.byte	0
 1129 0039 00       		.byte	0
 1130 003a 05       		.uleb128 0x5
 1131 003b 28       		.uleb128 0x28
 1132 003c 00       		.byte	0
 1133 003d 03       		.uleb128 0x3
 1134 003e 0E       		.uleb128 0xe
 1135 003f 1C       		.uleb128 0x1c
 1136 0040 0B       		.uleb128 0xb
 1137 0041 00       		.byte	0
 1138 0042 00       		.byte	0
 1139 0043 06       		.uleb128 0x6
 1140 0044 28       		.uleb128 0x28
 1141 0045 00       		.byte	0
 1142 0046 03       		.uleb128 0x3
 1143 0047 0E       		.uleb128 0xe
 1144 0048 1C       		.uleb128 0x1c
 1145 0049 0D       		.uleb128 0xd
ARM GAS  C:\Users\91819\AppData\Local\Temp\ccCzb2c8.s 			page 25


 1146 004a 00       		.byte	0
 1147 004b 00       		.byte	0
 1148 004c 07       		.uleb128 0x7
 1149 004d 0F       		.uleb128 0xf
 1150 004e 00       		.byte	0
 1151 004f 0B       		.uleb128 0xb
 1152 0050 0B       		.uleb128 0xb
 1153 0051 49       		.uleb128 0x49
 1154 0052 13       		.uleb128 0x13
 1155 0053 00       		.byte	0
 1156 0054 00       		.byte	0
 1157 0055 08       		.uleb128 0x8
 1158 0056 15       		.uleb128 0x15
 1159 0057 01       		.byte	0x1
 1160 0058 01       		.uleb128 0x1
 1161 0059 13       		.uleb128 0x13
 1162 005a 00       		.byte	0
 1163 005b 00       		.byte	0
 1164 005c 09       		.uleb128 0x9
 1165 005d 18       		.uleb128 0x18
 1166 005e 00       		.byte	0
 1167 005f 00       		.byte	0
 1168 0060 00       		.byte	0
 1169 0061 0A       		.uleb128 0xa
 1170 0062 15       		.uleb128 0x15
 1171 0063 01       		.byte	0x1
 1172 0064 49       		.uleb128 0x49
 1173 0065 13       		.uleb128 0x13
 1174 0066 01       		.uleb128 0x1
 1175 0067 13       		.uleb128 0x13
 1176 0068 00       		.byte	0
 1177 0069 00       		.byte	0
 1178 006a 0B       		.uleb128 0xb
 1179 006b 13       		.uleb128 0x13
 1180 006c 01       		.byte	0x1
 1181 006d 0B       		.uleb128 0xb
 1182 006e 0B       		.uleb128 0xb
 1183 006f 3A       		.uleb128 0x3a
 1184 0070 0B       		.uleb128 0xb
 1185 0071 3B       		.uleb128 0x3b
 1186 0072 0B       		.uleb128 0xb
 1187 0073 01       		.uleb128 0x1
 1188 0074 13       		.uleb128 0x13
 1189 0075 00       		.byte	0
 1190 0076 00       		.byte	0
 1191 0077 0C       		.uleb128 0xc
 1192 0078 0D       		.uleb128 0xd
 1193 0079 00       		.byte	0
 1194 007a 03       		.uleb128 0x3
 1195 007b 0E       		.uleb128 0xe
 1196 007c 3A       		.uleb128 0x3a
 1197 007d 0B       		.uleb128 0xb
 1198 007e 3B       		.uleb128 0x3b
 1199 007f 0B       		.uleb128 0xb
 1200 0080 49       		.uleb128 0x49
 1201 0081 13       		.uleb128 0x13
 1202 0082 38       		.uleb128 0x38
ARM GAS  C:\Users\91819\AppData\Local\Temp\ccCzb2c8.s 			page 26


 1203 0083 0B       		.uleb128 0xb
 1204 0084 00       		.byte	0
 1205 0085 00       		.byte	0
 1206 0086 0D       		.uleb128 0xd
 1207 0087 01       		.uleb128 0x1
 1208 0088 01       		.byte	0x1
 1209 0089 49       		.uleb128 0x49
 1210 008a 13       		.uleb128 0x13
 1211 008b 01       		.uleb128 0x1
 1212 008c 13       		.uleb128 0x13
 1213 008d 00       		.byte	0
 1214 008e 00       		.byte	0
 1215 008f 0E       		.uleb128 0xe
 1216 0090 21       		.uleb128 0x21
 1217 0091 00       		.byte	0
 1218 0092 00       		.byte	0
 1219 0093 00       		.byte	0
 1220 0094 0F       		.uleb128 0xf
 1221 0095 26       		.uleb128 0x26
 1222 0096 00       		.byte	0
 1223 0097 49       		.uleb128 0x49
 1224 0098 13       		.uleb128 0x13
 1225 0099 00       		.byte	0
 1226 009a 00       		.byte	0
 1227 009b 10       		.uleb128 0x10
 1228 009c 24       		.uleb128 0x24
 1229 009d 00       		.byte	0
 1230 009e 0B       		.uleb128 0xb
 1231 009f 0B       		.uleb128 0xb
 1232 00a0 3E       		.uleb128 0x3e
 1233 00a1 0B       		.uleb128 0xb
 1234 00a2 03       		.uleb128 0x3
 1235 00a3 08       		.uleb128 0x8
 1236 00a4 00       		.byte	0
 1237 00a5 00       		.byte	0
 1238 00a6 11       		.uleb128 0x11
 1239 00a7 2E       		.uleb128 0x2e
 1240 00a8 01       		.byte	0x1
 1241 00a9 3F       		.uleb128 0x3f
 1242 00aa 19       		.uleb128 0x19
 1243 00ab 03       		.uleb128 0x3
 1244 00ac 0E       		.uleb128 0xe
 1245 00ad 3A       		.uleb128 0x3a
 1246 00ae 0B       		.uleb128 0xb
 1247 00af 3B       		.uleb128 0x3b
 1248 00b0 0B       		.uleb128 0xb
 1249 00b1 27       		.uleb128 0x27
 1250 00b2 19       		.uleb128 0x19
 1251 00b3 49       		.uleb128 0x49
 1252 00b4 13       		.uleb128 0x13
 1253 00b5 11       		.uleb128 0x11
 1254 00b6 01       		.uleb128 0x1
 1255 00b7 12       		.uleb128 0x12
 1256 00b8 06       		.uleb128 0x6
 1257 00b9 40       		.uleb128 0x40
 1258 00ba 18       		.uleb128 0x18
 1259 00bb 9742     		.uleb128 0x2117
ARM GAS  C:\Users\91819\AppData\Local\Temp\ccCzb2c8.s 			page 27


 1260 00bd 19       		.uleb128 0x19
 1261 00be 01       		.uleb128 0x1
 1262 00bf 13       		.uleb128 0x13
 1263 00c0 00       		.byte	0
 1264 00c1 00       		.byte	0
 1265 00c2 12       		.uleb128 0x12
 1266 00c3 05       		.uleb128 0x5
 1267 00c4 00       		.byte	0
 1268 00c5 03       		.uleb128 0x3
 1269 00c6 08       		.uleb128 0x8
 1270 00c7 3A       		.uleb128 0x3a
 1271 00c8 0B       		.uleb128 0xb
 1272 00c9 3B       		.uleb128 0x3b
 1273 00ca 0B       		.uleb128 0xb
 1274 00cb 49       		.uleb128 0x49
 1275 00cc 13       		.uleb128 0x13
 1276 00cd 02       		.uleb128 0x2
 1277 00ce 17       		.uleb128 0x17
 1278 00cf 00       		.byte	0
 1279 00d0 00       		.byte	0
 1280 00d1 13       		.uleb128 0x13
 1281 00d2 34       		.uleb128 0x34
 1282 00d3 00       		.byte	0
 1283 00d4 03       		.uleb128 0x3
 1284 00d5 0E       		.uleb128 0xe
 1285 00d6 3A       		.uleb128 0x3a
 1286 00d7 0B       		.uleb128 0xb
 1287 00d8 3B       		.uleb128 0x3b
 1288 00d9 0B       		.uleb128 0xb
 1289 00da 49       		.uleb128 0x49
 1290 00db 13       		.uleb128 0x13
 1291 00dc 1C       		.uleb128 0x1c
 1292 00dd 0D       		.uleb128 0xd
 1293 00de 00       		.byte	0
 1294 00df 00       		.byte	0
 1295 00e0 14       		.uleb128 0x14
 1296 00e1 0B       		.uleb128 0xb
 1297 00e2 01       		.byte	0x1
 1298 00e3 11       		.uleb128 0x11
 1299 00e4 01       		.uleb128 0x1
 1300 00e5 12       		.uleb128 0x12
 1301 00e6 06       		.uleb128 0x6
 1302 00e7 00       		.byte	0
 1303 00e8 00       		.byte	0
 1304 00e9 15       		.uleb128 0x15
 1305 00ea 34       		.uleb128 0x34
 1306 00eb 00       		.byte	0
 1307 00ec 03       		.uleb128 0x3
 1308 00ed 08       		.uleb128 0x8
 1309 00ee 3A       		.uleb128 0x3a
 1310 00ef 0B       		.uleb128 0xb
 1311 00f0 3B       		.uleb128 0x3b
 1312 00f1 0B       		.uleb128 0xb
 1313 00f2 49       		.uleb128 0x49
 1314 00f3 13       		.uleb128 0x13
 1315 00f4 02       		.uleb128 0x2
 1316 00f5 17       		.uleb128 0x17
ARM GAS  C:\Users\91819\AppData\Local\Temp\ccCzb2c8.s 			page 28


 1317 00f6 00       		.byte	0
 1318 00f7 00       		.byte	0
 1319 00f8 16       		.uleb128 0x16
 1320 00f9 2E       		.uleb128 0x2e
 1321 00fa 01       		.byte	0x1
 1322 00fb 3F       		.uleb128 0x3f
 1323 00fc 19       		.uleb128 0x19
 1324 00fd 03       		.uleb128 0x3
 1325 00fe 0E       		.uleb128 0xe
 1326 00ff 3A       		.uleb128 0x3a
 1327 0100 0B       		.uleb128 0xb
 1328 0101 3B       		.uleb128 0x3b
 1329 0102 0B       		.uleb128 0xb
 1330 0103 27       		.uleb128 0x27
 1331 0104 19       		.uleb128 0x19
 1332 0105 49       		.uleb128 0x49
 1333 0106 13       		.uleb128 0x13
 1334 0107 11       		.uleb128 0x11
 1335 0108 01       		.uleb128 0x1
 1336 0109 12       		.uleb128 0x12
 1337 010a 06       		.uleb128 0x6
 1338 010b 40       		.uleb128 0x40
 1339 010c 18       		.uleb128 0x18
 1340 010d 9642     		.uleb128 0x2116
 1341 010f 19       		.uleb128 0x19
 1342 0110 01       		.uleb128 0x1
 1343 0111 13       		.uleb128 0x13
 1344 0112 00       		.byte	0
 1345 0113 00       		.byte	0
 1346 0114 17       		.uleb128 0x17
 1347 0115 34       		.uleb128 0x34
 1348 0116 00       		.byte	0
 1349 0117 03       		.uleb128 0x3
 1350 0118 0E       		.uleb128 0xe
 1351 0119 3A       		.uleb128 0x3a
 1352 011a 0B       		.uleb128 0xb
 1353 011b 3B       		.uleb128 0x3b
 1354 011c 0B       		.uleb128 0xb
 1355 011d 49       		.uleb128 0x49
 1356 011e 13       		.uleb128 0x13
 1357 011f 02       		.uleb128 0x2
 1358 0120 17       		.uleb128 0x17
 1359 0121 00       		.byte	0
 1360 0122 00       		.byte	0
 1361 0123 18       		.uleb128 0x18
 1362 0124 0B       		.uleb128 0xb
 1363 0125 01       		.byte	0x1
 1364 0126 55       		.uleb128 0x55
 1365 0127 17       		.uleb128 0x17
 1366 0128 00       		.byte	0
 1367 0129 00       		.byte	0
 1368 012a 19       		.uleb128 0x19
 1369 012b 34       		.uleb128 0x34
 1370 012c 00       		.byte	0
 1371 012d 03       		.uleb128 0x3
 1372 012e 0E       		.uleb128 0xe
 1373 012f 3A       		.uleb128 0x3a
ARM GAS  C:\Users\91819\AppData\Local\Temp\ccCzb2c8.s 			page 29


 1374 0130 0B       		.uleb128 0xb
 1375 0131 3B       		.uleb128 0x3b
 1376 0132 0B       		.uleb128 0xb
 1377 0133 49       		.uleb128 0x49
 1378 0134 13       		.uleb128 0x13
 1379 0135 02       		.uleb128 0x2
 1380 0136 18       		.uleb128 0x18
 1381 0137 00       		.byte	0
 1382 0138 00       		.byte	0
 1383 0139 1A       		.uleb128 0x1a
 1384 013a 0B       		.uleb128 0xb
 1385 013b 01       		.byte	0x1
 1386 013c 55       		.uleb128 0x55
 1387 013d 17       		.uleb128 0x17
 1388 013e 01       		.uleb128 0x1
 1389 013f 13       		.uleb128 0x13
 1390 0140 00       		.byte	0
 1391 0141 00       		.byte	0
 1392 0142 1B       		.uleb128 0x1b
 1393 0143 898201   		.uleb128 0x4109
 1394 0146 01       		.byte	0x1
 1395 0147 11       		.uleb128 0x11
 1396 0148 01       		.uleb128 0x1
 1397 0149 31       		.uleb128 0x31
 1398 014a 13       		.uleb128 0x13
 1399 014b 00       		.byte	0
 1400 014c 00       		.byte	0
 1401 014d 1C       		.uleb128 0x1c
 1402 014e 8A8201   		.uleb128 0x410a
 1403 0151 00       		.byte	0
 1404 0152 02       		.uleb128 0x2
 1405 0153 18       		.uleb128 0x18
 1406 0154 9142     		.uleb128 0x2111
 1407 0156 18       		.uleb128 0x18
 1408 0157 00       		.byte	0
 1409 0158 00       		.byte	0
 1410 0159 1D       		.uleb128 0x1d
 1411 015a 34       		.uleb128 0x34
 1412 015b 00       		.byte	0
 1413 015c 03       		.uleb128 0x3
 1414 015d 0E       		.uleb128 0xe
 1415 015e 3A       		.uleb128 0x3a
 1416 015f 0B       		.uleb128 0xb
 1417 0160 3B       		.uleb128 0x3b
 1418 0161 0B       		.uleb128 0xb
 1419 0162 49       		.uleb128 0x49
 1420 0163 13       		.uleb128 0x13
 1421 0164 3F       		.uleb128 0x3f
 1422 0165 19       		.uleb128 0x19
 1423 0166 3C       		.uleb128 0x3c
 1424 0167 19       		.uleb128 0x19
 1425 0168 00       		.byte	0
 1426 0169 00       		.byte	0
 1427 016a 1E       		.uleb128 0x1e
 1428 016b 34       		.uleb128 0x34
 1429 016c 00       		.byte	0
 1430 016d 03       		.uleb128 0x3
ARM GAS  C:\Users\91819\AppData\Local\Temp\ccCzb2c8.s 			page 30


 1431 016e 0E       		.uleb128 0xe
 1432 016f 3A       		.uleb128 0x3a
 1433 0170 0B       		.uleb128 0xb
 1434 0171 3B       		.uleb128 0x3b
 1435 0172 05       		.uleb128 0x5
 1436 0173 49       		.uleb128 0x49
 1437 0174 13       		.uleb128 0x13
 1438 0175 3F       		.uleb128 0x3f
 1439 0176 19       		.uleb128 0x19
 1440 0177 3C       		.uleb128 0x3c
 1441 0178 19       		.uleb128 0x19
 1442 0179 00       		.byte	0
 1443 017a 00       		.byte	0
 1444 017b 1F       		.uleb128 0x1f
 1445 017c 35       		.uleb128 0x35
 1446 017d 00       		.byte	0
 1447 017e 49       		.uleb128 0x49
 1448 017f 13       		.uleb128 0x13
 1449 0180 00       		.byte	0
 1450 0181 00       		.byte	0
 1451 0182 00       		.byte	0
 1452              		.section	.debug_loc,"",%progbits
 1453              	.Ldebug_loc0:
 1454              	.LLST0:
 1455 0000 00000000 		.4byte	.LVL0
 1456 0004 18000000 		.4byte	.LVL3
 1457 0008 0100     		.2byte	0x1
 1458 000a 50       		.byte	0x50
 1459 000b 18000000 		.4byte	.LVL3
 1460 000f 1A000000 		.4byte	.LVL4
 1461 0013 0400     		.2byte	0x4
 1462 0015 F3       		.byte	0xf3
 1463 0016 01       		.uleb128 0x1
 1464 0017 50       		.byte	0x50
 1465 0018 9F       		.byte	0x9f
 1466 0019 1A000000 		.4byte	.LVL4
 1467 001d 28000000 		.4byte	.LVL7
 1468 0021 0100     		.2byte	0x1
 1469 0023 50       		.byte	0x50
 1470 0024 28000000 		.4byte	.LVL7
 1471 0028 2C000000 		.4byte	.LFE114
 1472 002c 0400     		.2byte	0x4
 1473 002e F3       		.byte	0xf3
 1474 002f 01       		.uleb128 0x1
 1475 0030 50       		.byte	0x50
 1476 0031 9F       		.byte	0x9f
 1477 0032 00000000 		.4byte	0
 1478 0036 00000000 		.4byte	0
 1479              	.LLST1:
 1480 003a 02000000 		.4byte	.LVL1
 1481 003e 06000000 		.4byte	.LVL2
 1482 0042 0200     		.2byte	0x2
 1483 0044 30       		.byte	0x30
 1484 0045 9F       		.byte	0x9f
 1485 0046 06000000 		.4byte	.LVL2
 1486 004a 1C000000 		.4byte	.LVL5
 1487 004e 0100     		.2byte	0x1
ARM GAS  C:\Users\91819\AppData\Local\Temp\ccCzb2c8.s 			page 31


 1488 0050 53       		.byte	0x53
 1489 0051 1E000000 		.4byte	.LVL6
 1490 0055 2C000000 		.4byte	.LFE114
 1491 0059 0100     		.2byte	0x1
 1492 005b 53       		.byte	0x53
 1493 005c 00000000 		.4byte	0
 1494 0060 00000000 		.4byte	0
 1495              	.LLST2:
 1496 0064 00000000 		.4byte	.LVL8
 1497 0068 0C000000 		.4byte	.LVL10
 1498 006c 0100     		.2byte	0x1
 1499 006e 50       		.byte	0x50
 1500 006f 0C000000 		.4byte	.LVL10
 1501 0073 2C000000 		.4byte	.LVL15
 1502 0077 0100     		.2byte	0x1
 1503 0079 55       		.byte	0x55
 1504 007a 2C000000 		.4byte	.LVL15
 1505 007e 30000000 		.4byte	.LVL16
 1506 0082 0100     		.2byte	0x1
 1507 0084 50       		.byte	0x50
 1508 0085 30000000 		.4byte	.LVL16
 1509 0089 38000000 		.4byte	.LFE115
 1510 008d 0100     		.2byte	0x1
 1511 008f 55       		.byte	0x55
 1512 0090 00000000 		.4byte	0
 1513 0094 00000000 		.4byte	0
 1514              	.LLST3:
 1515 0098 02000000 		.4byte	.LVL9
 1516 009c 0C000000 		.4byte	.LVL10
 1517 00a0 0200     		.2byte	0x2
 1518 00a2 30       		.byte	0x30
 1519 00a3 9F       		.byte	0x9f
 1520 00a4 22000000 		.4byte	.LVL11
 1521 00a8 25000000 		.4byte	.LVL12-1
 1522 00ac 0100     		.2byte	0x1
 1523 00ae 53       		.byte	0x53
 1524 00af 2C000000 		.4byte	.LVL15
 1525 00b3 30000000 		.4byte	.LVL16
 1526 00b7 0200     		.2byte	0x2
 1527 00b9 30       		.byte	0x30
 1528 00ba 9F       		.byte	0x9f
 1529 00bb 00000000 		.4byte	0
 1530 00bf 00000000 		.4byte	0
 1531              	.LLST4:
 1532 00c3 0C000000 		.4byte	.LVL10
 1533 00c7 28000000 		.4byte	.LVL13
 1534 00cb 0100     		.2byte	0x1
 1535 00cd 54       		.byte	0x54
 1536 00ce 2A000000 		.4byte	.LVL14
 1537 00d2 2C000000 		.4byte	.LVL15
 1538 00d6 0100     		.2byte	0x1
 1539 00d8 54       		.byte	0x54
 1540 00d9 30000000 		.4byte	.LVL16
 1541 00dd 38000000 		.4byte	.LFE115
 1542 00e1 0100     		.2byte	0x1
 1543 00e3 54       		.byte	0x54
 1544 00e4 00000000 		.4byte	0
ARM GAS  C:\Users\91819\AppData\Local\Temp\ccCzb2c8.s 			page 32


 1545 00e8 00000000 		.4byte	0
 1546              	.LLST5:
 1547 00ec 00000000 		.4byte	.LVL17
 1548 00f0 0F000000 		.4byte	.LVL20-1
 1549 00f4 0100     		.2byte	0x1
 1550 00f6 50       		.byte	0x50
 1551 00f7 0F000000 		.4byte	.LVL20-1
 1552 00fb 0E010000 		.4byte	.LFE116
 1553 00ff 0100     		.2byte	0x1
 1554 0101 59       		.byte	0x59
 1555 0102 00000000 		.4byte	0
 1556 0106 00000000 		.4byte	0
 1557              	.LLST6:
 1558 010a 00000000 		.4byte	.LVL17
 1559 010e 0F000000 		.4byte	.LVL20-1
 1560 0112 0100     		.2byte	0x1
 1561 0114 51       		.byte	0x51
 1562 0115 0F000000 		.4byte	.LVL20-1
 1563 0119 0E010000 		.4byte	.LFE116
 1564 011d 0400     		.2byte	0x4
 1565 011f F3       		.byte	0xf3
 1566 0120 01       		.uleb128 0x1
 1567 0121 51       		.byte	0x51
 1568 0122 9F       		.byte	0x9f
 1569 0123 00000000 		.4byte	0
 1570 0127 00000000 		.4byte	0
 1571              	.LLST7:
 1572 012b 08000000 		.4byte	.LVL18
 1573 012f 3E000000 		.4byte	.LVL25
 1574 0133 0200     		.2byte	0x2
 1575 0135 30       		.byte	0x30
 1576 0136 9F       		.byte	0x9f
 1577 0137 56000000 		.4byte	.LVL26
 1578 013b 59000000 		.4byte	.LVL27-1
 1579 013f 0100     		.2byte	0x1
 1580 0141 53       		.byte	0x53
 1581 0142 F6000000 		.4byte	.LVL51
 1582 0146 0E010000 		.4byte	.LFE116
 1583 014a 0200     		.2byte	0x2
 1584 014c 30       		.byte	0x30
 1585 014d 9F       		.byte	0x9f
 1586 014e 00000000 		.4byte	0
 1587 0152 00000000 		.4byte	0
 1588              	.LLST8:
 1589 0156 08000000 		.4byte	.LVL18
 1590 015a 6A000000 		.4byte	.LVL28
 1591 015e 0200     		.2byte	0x2
 1592 0160 30       		.byte	0x30
 1593 0161 9F       		.byte	0x9f
 1594 0162 6A000000 		.4byte	.LVL28
 1595 0166 E8000000 		.4byte	.LVL48
 1596 016a 0100     		.2byte	0x1
 1597 016c 56       		.byte	0x56
 1598 016d E8000000 		.4byte	.LVL48
 1599 0171 0E010000 		.4byte	.LFE116
 1600 0175 0200     		.2byte	0x2
 1601 0177 30       		.byte	0x30
ARM GAS  C:\Users\91819\AppData\Local\Temp\ccCzb2c8.s 			page 33


 1602 0178 9F       		.byte	0x9f
 1603 0179 00000000 		.4byte	0
 1604 017d 00000000 		.4byte	0
 1605              	.LLST9:
 1606 0181 08000000 		.4byte	.LVL18
 1607 0185 B0000000 		.4byte	.LVL40
 1608 0189 0200     		.2byte	0x2
 1609 018b 30       		.byte	0x30
 1610 018c 9F       		.byte	0x9f
 1611 018d CA000000 		.4byte	.LVL41
 1612 0191 CD000000 		.4byte	.LVL42-1
 1613 0195 0100     		.2byte	0x1
 1614 0197 53       		.byte	0x53
 1615 0198 D4000000 		.4byte	.LVL45
 1616 019c D6000000 		.4byte	.LVL46
 1617 01a0 0200     		.2byte	0x2
 1618 01a2 30       		.byte	0x30
 1619 01a3 9F       		.byte	0x9f
 1620 01a4 E8000000 		.4byte	.LVL48
 1621 01a8 0E010000 		.4byte	.LFE116
 1622 01ac 0200     		.2byte	0x2
 1623 01ae 30       		.byte	0x30
 1624 01af 9F       		.byte	0x9f
 1625 01b0 00000000 		.4byte	0
 1626 01b4 00000000 		.4byte	0
 1627              	.LLST10:
 1628 01b8 08000000 		.4byte	.LVL18
 1629 01bc 76000000 		.4byte	.LVL31
 1630 01c0 0200     		.2byte	0x2
 1631 01c2 30       		.byte	0x30
 1632 01c3 9F       		.byte	0x9f
 1633 01c4 90000000 		.4byte	.LVL32
 1634 01c8 93000000 		.4byte	.LVL33-1
 1635 01cc 0100     		.2byte	0x1
 1636 01ce 53       		.byte	0x53
 1637 01cf 9A000000 		.4byte	.LVL36
 1638 01d3 9C000000 		.4byte	.LVL37
 1639 01d7 0200     		.2byte	0x2
 1640 01d9 30       		.byte	0x30
 1641 01da 9F       		.byte	0x9f
 1642 01db E8000000 		.4byte	.LVL48
 1643 01df 0E010000 		.4byte	.LFE116
 1644 01e3 0200     		.2byte	0x2
 1645 01e5 30       		.byte	0x30
 1646 01e6 9F       		.byte	0x9f
 1647 01e7 00000000 		.4byte	0
 1648 01eb 00000000 		.4byte	0
 1649              	.LLST11:
 1650 01ef 0C000000 		.4byte	.LVL19
 1651 01f3 6E000000 		.4byte	.LVL30
 1652 01f7 0100     		.2byte	0x1
 1653 01f9 5A       		.byte	0x5a
 1654 01fa 6E000000 		.4byte	.LVL30
 1655 01fe E8000000 		.4byte	.LVL48
 1656 0202 0100     		.2byte	0x1
 1657 0204 55       		.byte	0x55
 1658 0205 E8000000 		.4byte	.LVL48
ARM GAS  C:\Users\91819\AppData\Local\Temp\ccCzb2c8.s 			page 34


 1659 0209 0E010000 		.4byte	.LFE116
 1660 020d 0100     		.2byte	0x1
 1661 020f 5A       		.byte	0x5a
 1662 0210 00000000 		.4byte	0
 1663 0214 00000000 		.4byte	0
 1664              	.LLST12:
 1665 0218 10000000 		.4byte	.LVL20
 1666 021c 3E000000 		.4byte	.LVL25
 1667 0220 0100     		.2byte	0x1
 1668 0222 50       		.byte	0x50
 1669 0223 F6000000 		.4byte	.LVL51
 1670 0227 FA000000 		.4byte	.LVL52
 1671 022b 0100     		.2byte	0x1
 1672 022d 50       		.byte	0x50
 1673 022e FE000000 		.4byte	.LVL53
 1674 0232 02010000 		.4byte	.LVL54
 1675 0236 0100     		.2byte	0x1
 1676 0238 50       		.byte	0x50
 1677 0239 06010000 		.4byte	.LVL55
 1678 023d 0A010000 		.4byte	.LVL56
 1679 0241 0100     		.2byte	0x1
 1680 0243 50       		.byte	0x50
 1681 0244 00000000 		.4byte	0
 1682 0248 00000000 		.4byte	0
 1683              	.LLST13:
 1684 024c 26000000 		.4byte	.LVL21
 1685 0250 6C000000 		.4byte	.LVL29
 1686 0254 0100     		.2byte	0x1
 1687 0256 55       		.byte	0x55
 1688 0257 E8000000 		.4byte	.LVL48
 1689 025b F6000000 		.4byte	.LVL51
 1690 025f 0100     		.2byte	0x1
 1691 0261 55       		.byte	0x55
 1692 0262 FE000000 		.4byte	.LVL53
 1693 0266 0E010000 		.4byte	.LFE116
 1694 026a 0100     		.2byte	0x1
 1695 026c 55       		.byte	0x55
 1696 026d 00000000 		.4byte	0
 1697 0271 00000000 		.4byte	0
 1698              	.LLST14:
 1699 0275 26000000 		.4byte	.LVL21
 1700 0279 2E000000 		.4byte	.LVL22
 1701 027d 0200     		.2byte	0x2
 1702 027f 30       		.byte	0x30
 1703 0280 9F       		.byte	0x9f
 1704 0281 2E000000 		.4byte	.LVL22
 1705 0285 30000000 		.4byte	.LVL23
 1706 0289 0100     		.2byte	0x1
 1707 028b 56       		.byte	0x56
 1708 028c 30000000 		.4byte	.LVL23
 1709 0290 32000000 		.4byte	.LVL24
 1710 0294 0200     		.2byte	0x2
 1711 0296 30       		.byte	0x30
 1712 0297 9F       		.byte	0x9f
 1713 0298 32000000 		.4byte	.LVL24
 1714 029c 6A000000 		.4byte	.LVL28
 1715 02a0 0100     		.2byte	0x1
ARM GAS  C:\Users\91819\AppData\Local\Temp\ccCzb2c8.s 			page 35


 1716 02a2 56       		.byte	0x56
 1717 02a3 E8000000 		.4byte	.LVL48
 1718 02a7 F6000000 		.4byte	.LVL51
 1719 02ab 0100     		.2byte	0x1
 1720 02ad 56       		.byte	0x56
 1721 02ae FE000000 		.4byte	.LVL53
 1722 02b2 0E010000 		.4byte	.LFE116
 1723 02b6 0100     		.2byte	0x1
 1724 02b8 56       		.byte	0x56
 1725 02b9 00000000 		.4byte	0
 1726 02bd 00000000 		.4byte	0
 1727              	.LLST15:
 1728 02c1 3E000000 		.4byte	.LVL25
 1729 02c5 76000000 		.4byte	.LVL31
 1730 02c9 0100     		.2byte	0x1
 1731 02cb 54       		.byte	0x54
 1732 02cc 9A000000 		.4byte	.LVL36
 1733 02d0 9C000000 		.4byte	.LVL37
 1734 02d4 0100     		.2byte	0x1
 1735 02d6 54       		.byte	0x54
 1736 02d7 E8000000 		.4byte	.LVL48
 1737 02db EA000000 		.4byte	.LVL49
 1738 02df 0100     		.2byte	0x1
 1739 02e1 54       		.byte	0x54
 1740 02e2 EC000000 		.4byte	.LVL50
 1741 02e6 F6000000 		.4byte	.LVL51
 1742 02ea 0100     		.2byte	0x1
 1743 02ec 54       		.byte	0x54
 1744 02ed 00000000 		.4byte	0
 1745 02f1 00000000 		.4byte	0
 1746              	.LLST16:
 1747 02f5 76000000 		.4byte	.LVL31
 1748 02f9 96000000 		.4byte	.LVL34
 1749 02fd 0100     		.2byte	0x1
 1750 02ff 54       		.byte	0x54
 1751 0300 98000000 		.4byte	.LVL35
 1752 0304 9A000000 		.4byte	.LVL36
 1753 0308 0100     		.2byte	0x1
 1754 030a 54       		.byte	0x54
 1755 030b 9C000000 		.4byte	.LVL37
 1756 030f A4000000 		.4byte	.LVL38
 1757 0313 0100     		.2byte	0x1
 1758 0315 54       		.byte	0x54
 1759 0316 00000000 		.4byte	0
 1760 031a 00000000 		.4byte	0
 1761              	.LLST17:
 1762 031e B0000000 		.4byte	.LVL40
 1763 0322 D0000000 		.4byte	.LVL43
 1764 0326 0100     		.2byte	0x1
 1765 0328 54       		.byte	0x54
 1766 0329 D2000000 		.4byte	.LVL44
 1767 032d D4000000 		.4byte	.LVL45
 1768 0331 0100     		.2byte	0x1
 1769 0333 54       		.byte	0x54
 1770 0334 D6000000 		.4byte	.LVL46
 1771 0338 DE000000 		.4byte	.LVL47
 1772 033c 0100     		.2byte	0x1
ARM GAS  C:\Users\91819\AppData\Local\Temp\ccCzb2c8.s 			page 36


 1773 033e 54       		.byte	0x54
 1774 033f 00000000 		.4byte	0
 1775 0343 00000000 		.4byte	0
 1776              	.LLST18:
 1777 0347 00000000 		.4byte	.LVL57
 1778 034b 02000000 		.4byte	.LVL58
 1779 034f 0100     		.2byte	0x1
 1780 0351 50       		.byte	0x50
 1781 0352 02000000 		.4byte	.LVL58
 1782 0356 04000000 		.4byte	.LFE117
 1783 035a 0400     		.2byte	0x4
 1784 035c F3       		.byte	0xf3
 1785 035d 01       		.uleb128 0x1
 1786 035e 50       		.byte	0x50
 1787 035f 9F       		.byte	0x9f
 1788 0360 00000000 		.4byte	0
 1789 0364 00000000 		.4byte	0
 1790              		.section	.debug_aranges,"",%progbits
 1791 0000 34000000 		.4byte	0x34
 1792 0004 0200     		.2byte	0x2
 1793 0006 00000000 		.4byte	.Ldebug_info0
 1794 000a 04       		.byte	0x4
 1795 000b 00       		.byte	0
 1796 000c 0000     		.2byte	0
 1797 000e 0000     		.2byte	0
 1798 0010 00000000 		.4byte	.LFB114
 1799 0014 2C000000 		.4byte	.LFE114-.LFB114
 1800 0018 00000000 		.4byte	.LFB115
 1801 001c 38000000 		.4byte	.LFE115-.LFB115
 1802 0020 00000000 		.4byte	.LFB116
 1803 0024 0E010000 		.4byte	.LFE116-.LFB116
 1804 0028 00000000 		.4byte	.LFB117
 1805 002c 04000000 		.4byte	.LFE117-.LFB117
 1806 0030 00000000 		.4byte	0
 1807 0034 00000000 		.4byte	0
 1808              		.section	.debug_ranges,"",%progbits
 1809              	.Ldebug_ranges0:
 1810 0000 0A000000 		.4byte	.LBB3
 1811 0004 2E000000 		.4byte	.LBE3
 1812 0008 30000000 		.4byte	.LBB4
 1813 000c 36000000 		.4byte	.LBE4
 1814 0010 00000000 		.4byte	0
 1815 0014 00000000 		.4byte	0
 1816 0018 3E000000 		.4byte	.LBB5
 1817 001c E2000000 		.4byte	.LBE5
 1818 0020 E4000000 		.4byte	.LBB10
 1819 0024 F0000000 		.4byte	.LBE10
 1820 0028 F2000000 		.4byte	.LBB11
 1821 002c F6000000 		.4byte	.LBE11
 1822 0030 00000000 		.4byte	0
 1823 0034 00000000 		.4byte	0
 1824 0038 74000000 		.4byte	.LBB6
 1825 003c 9A000000 		.4byte	.LBE6
 1826 0040 9C000000 		.4byte	.LBB7
 1827 0044 A4000000 		.4byte	.LBE7
 1828 0048 00000000 		.4byte	0
 1829 004c 00000000 		.4byte	0
ARM GAS  C:\Users\91819\AppData\Local\Temp\ccCzb2c8.s 			page 37


 1830 0050 AE000000 		.4byte	.LBB8
 1831 0054 D4000000 		.4byte	.LBE8
 1832 0058 D6000000 		.4byte	.LBB9
 1833 005c DE000000 		.4byte	.LBE9
 1834 0060 00000000 		.4byte	0
 1835 0064 00000000 		.4byte	0
 1836 0068 00000000 		.4byte	.LFB114
 1837 006c 2C000000 		.4byte	.LFE114
 1838 0070 00000000 		.4byte	.LFB115
 1839 0074 38000000 		.4byte	.LFE115
 1840 0078 00000000 		.4byte	.LFB116
 1841 007c 0E010000 		.4byte	.LFE116
 1842 0080 00000000 		.4byte	.LFB117
 1843 0084 04000000 		.4byte	.LFE117
 1844 0088 00000000 		.4byte	0
 1845 008c 00000000 		.4byte	0
 1846              		.section	.debug_line,"",%progbits
 1847              	.Ldebug_line0:
 1848 0000 08030000 		.section	.debug_str,"MS",%progbits,1
 1848      02001D02 
 1848      00000201 
 1848      FB0E0D00 
 1848      01010101 
 1849              	.LASF72:
 1850 0000 72657375 		.ascii	"result\000"
 1850      6C7400
 1851              	.LASF48:
 1852 0007 66726F6D 		.ascii	"fromState\000"
 1852      53746174 
 1852      6500
 1853              	.LASF60:
 1854 0011 6D5F7374 		.ascii	"m_state\000"
 1854      61746500 
 1855              	.LASF68:
 1856 0019 45455F55 		.ascii	"EE_UREG\000"
 1856      52454700 
 1857              	.LASF14:
 1858 0021 52435F53 		.ascii	"RC_SUCCESS\000"
 1858      55434345 
 1858      535300
 1859              	.LASF51:
 1860 002c 53544154 		.ascii	"STATE_stateOuterTransition_t\000"
 1860      455F7374 
 1860      6174654F 
 1860      75746572 
 1860      5472616E 
 1861              	.LASF58:
 1862 0049 6D5F6163 		.ascii	"m_actionTable\000"
 1862      74696F6E 
 1862      5461626C 
 1862      6500
 1863              	.LASF52:
 1864 0057 73746174 		.ascii	"state\000"
 1864      6500
 1865              	.LASF45:
 1866 005d 67756172 		.ascii	"guard\000"
 1866      6400
ARM GAS  C:\Users\91819\AppData\Local\Temp\ccCzb2c8.s 			page 38


 1867              	.LASF2:
 1868 0063 73686F72 		.ascii	"short int\000"
 1868      7420696E 
 1868      7400
 1869              	.LASF20:
 1870 006d 52435F45 		.ascii	"RC_ERROR_OVERRUN\000"
 1870      52524F52 
 1870      5F4F5645 
 1870      5252554E 
 1870      00
 1871              	.LASF32:
 1872 007e 52435F45 		.ascii	"RC_ERROR_WRITE_FAILS\000"
 1872      52524F52 
 1872      5F575249 
 1872      54455F46 
 1872      41494C53 
 1873              	.LASF71:
 1874 0093 73697A65 		.ascii	"sizetype\000"
 1874      74797065 
 1874      00
 1875              	.LASF83:
 1876 009c 53544154 		.ascii	"STATE_getCurrentState\000"
 1876      455F6765 
 1876      74437572 
 1876      72656E74 
 1876      53746174 
 1877              	.LASF17:
 1878 00b2 52435F45 		.ascii	"RC_ERROR_ZERO\000"
 1878      52524F52 
 1878      5F5A4552 
 1878      4F00
 1879              	.LASF69:
 1880 00c0 45455F46 		.ascii	"EE_FREG\000"
 1880      52454700 
 1881              	.LASF31:
 1882 00c8 52435F45 		.ascii	"RC_ERROR_READ_FAILS\000"
 1882      52524F52 
 1882      5F524541 
 1882      445F4641 
 1882      494C5300 
 1883              	.LASF75:
 1884 00dc 6163456E 		.ascii	"acEntry\000"
 1884      74727900 
 1885              	.LASF92:
 1886 00e4 433A5C55 		.ascii	"C:\\Users\\91819\\Documents\\HDA_Sem2\\EAA\\Lab\\Wo"
 1886      73657273 
 1886      5C393138 
 1886      31395C44 
 1886      6F63756D 
 1887 0110 726B7370 		.ascii	"rkspace01\\Workspace03\\electronicClock_v3.cydsn\\e"
 1887      61636530 
 1887      315C576F 
 1887      726B7370 
 1887      61636530 
 1888 0140 6C656374 		.ascii	"lectronicClock_v3.cydsn\\electronicClock.cydsn\000"
 1888      726F6E69 
 1888      63436C6F 
ARM GAS  C:\Users\91819\AppData\Local\Temp\ccCzb2c8.s 			page 39


 1888      636B5F76 
 1888      332E6379 
 1889              	.LASF43:
 1890 016e 6576656E 		.ascii	"event\000"
 1890      7400
 1891              	.LASF57:
 1892 0174 6D5F7472 		.ascii	"m_transitionTableSize\000"
 1892      616E7369 
 1892      74696F6E 
 1892      5461626C 
 1892      6553697A 
 1893              	.LASF70:
 1894 018a 45455F54 		.ascii	"EE_TID\000"
 1894      494400
 1895              	.LASF80:
 1896 0191 696E6465 		.ascii	"index\000"
 1896      7800
 1897              	.LASF37:
 1898 0197 52435F45 		.ascii	"RC_ERROR_INVALID_STATE\000"
 1898      52524F52 
 1898      5F494E56 
 1898      414C4944 
 1898      5F535441 
 1899              	.LASF88:
 1900 01ae 45455F49 		.ascii	"EE_IRQ_nesting_level\000"
 1900      52515F6E 
 1900      65737469 
 1900      6E675F6C 
 1900      6576656C 
 1901              	.LASF87:
 1902 01c3 45455F73 		.ascii	"EE_std_endcycle_next_tid\000"
 1902      74645F65 
 1902      6E646379 
 1902      636C655F 
 1902      6E657874 
 1903              	.LASF19:
 1904 01dc 52435F45 		.ascii	"RC_ERROR_RANGE\000"
 1904      52524F52 
 1904      5F52414E 
 1904      474500
 1905              	.LASF41:
 1906 01eb 53544154 		.ascii	"STATE_ActionPtr_t\000"
 1906      455F4163 
 1906      74696F6E 
 1906      5074725F 
 1906      7400
 1907              	.LASF8:
 1908 01fd 666C6F61 		.ascii	"float\000"
 1908      7400
 1909              	.LASF29:
 1910 0203 52435F45 		.ascii	"RC_ERROR_WRITE_ONLY\000"
 1910      52524F52 
 1910      5F575249 
 1910      54455F4F 
 1910      4E4C5900 
 1911              	.LASF39:
 1912 0217 52435F45 		.ascii	"RC_ERROR_NOT_IMPLEMENTED\000"
ARM GAS  C:\Users\91819\AppData\Local\Temp\ccCzb2c8.s 			page 40


 1912      52524F52 
 1912      5F4E4F54 
 1912      5F494D50 
 1912      4C454D45 
 1913              	.LASF10:
 1914 0230 6C6F6E67 		.ascii	"long long int\000"
 1914      206C6F6E 
 1914      6720696E 
 1914      7400
 1915              	.LASF85:
 1916 023e 45455F6F 		.ascii	"EE_oo_IRQ_suspend_status\000"
 1916      6F5F4952 
 1916      515F7375 
 1916      7370656E 
 1916      645F7374 
 1917              	.LASF33:
 1918 0257 52435F45 		.ascii	"RC_ERROR_NOT_MATCH\000"
 1918      52524F52 
 1918      5F4E4F54 
 1918      5F4D4154 
 1918      434800
 1919              	.LASF38:
 1920 026a 52435F45 		.ascii	"RC_ERROR_UNKNOWN\000"
 1920      52524F52 
 1920      5F554E4B 
 1920      4E4F574E 
 1920      00
 1921              	.LASF3:
 1922 027b 73696E74 		.ascii	"sint16_t\000"
 1922      31365F74 
 1922      00
 1923              	.LASF61:
 1924 0284 53544154 		.ascii	"STATE_t\000"
 1924      455F7400 
 1925              	.LASF21:
 1926 028c 52435F45 		.ascii	"RC_ERROR_UNDERRUN\000"
 1926      52524F52 
 1926      5F554E44 
 1926      45525255 
 1926      4E00
 1927              	.LASF73:
 1928 029e 53544154 		.ascii	"STATE__getIndexCurrentState\000"
 1928      455F5F67 
 1928      6574496E 
 1928      64657843 
 1928      75727265 
 1929              	.LASF24:
 1930 02ba 52435F45 		.ascii	"RC_ERROR_BUSY\000"
 1930      52524F52 
 1930      5F425553 
 1930      5900
 1931              	.LASF54:
 1932 02c8 61637469 		.ascii	"actionExit\000"
 1932      6F6E4578 
 1932      697400
 1933              	.LASF30:
 1934 02d3 52435F45 		.ascii	"RC_ERROR_INVALID\000"
ARM GAS  C:\Users\91819\AppData\Local\Temp\ccCzb2c8.s 			page 41


 1934      52524F52 
 1934      5F494E56 
 1934      414C4944 
 1934      00
 1935              	.LASF35:
 1936 02e4 52435F45 		.ascii	"RC_ERROR_BAD_DATA\000"
 1936      52524F52 
 1936      5F424144 
 1936      5F444154 
 1936      4100
 1937              	.LASF12:
 1938 02f6 626F6F6C 		.ascii	"boolean_t\000"
 1938      65616E5F 
 1938      7400
 1939              	.LASF28:
 1940 0300 52435F45 		.ascii	"RC_ERROR_READ_ONLY\000"
 1940      52524F52 
 1940      5F524541 
 1940      445F4F4E 
 1940      4C5900
 1941              	.LASF65:
 1942 0313 6C6F6E67 		.ascii	"long double\000"
 1942      20646F75 
 1942      626C6500 
 1943              	.LASF1:
 1944 031f 756E7369 		.ascii	"unsigned char\000"
 1944      676E6564 
 1944      20636861 
 1944      7200
 1945              	.LASF74:
 1946 032d 53544154 		.ascii	"STATE_initState\000"
 1946      455F696E 
 1946      69745374 
 1946      61746500 
 1947              	.LASF82:
 1948 033d 696E6E65 		.ascii	"innerTableSize\000"
 1948      72546162 
 1948      6C655369 
 1948      7A6500
 1949              	.LASF67:
 1950 034c 45455F55 		.ascii	"EE_UINT32\000"
 1950      494E5433 
 1950      3200
 1951              	.LASF0:
 1952 0356 7369676E 		.ascii	"signed char\000"
 1952      65642063 
 1952      68617200 
 1953              	.LASF11:
 1954 0362 6C6F6E67 		.ascii	"long long unsigned int\000"
 1954      206C6F6E 
 1954      6720756E 
 1954      7369676E 
 1954      65642069 
 1955              	.LASF63:
 1956 0379 756E7369 		.ascii	"unsigned int\000"
 1956      676E6564 
 1956      20696E74 
ARM GAS  C:\Users\91819\AppData\Local\Temp\ccCzb2c8.s 			page 42


 1956      00
 1957              	.LASF26:
 1958 0386 52435F45 		.ascii	"RC_ERROR_OPEN\000"
 1958      52524F52 
 1958      5F4F5045 
 1958      4E00
 1959              	.LASF4:
 1960 0394 75696E74 		.ascii	"uint16_t\000"
 1960      31365F74 
 1960      00
 1961              	.LASF59:
 1962 039d 6D5F6163 		.ascii	"m_actionTableSize\000"
 1962      74696F6E 
 1962      5461626C 
 1962      6553697A 
 1962      6500
 1963              	.LASF16:
 1964 03af 52435F45 		.ascii	"RC_ERROR_NULL\000"
 1964      52524F52 
 1964      5F4E554C 
 1964      4C00
 1965              	.LASF76:
 1966 03bd 53544154 		.ascii	"STATE_processEvent\000"
 1966      455F7072 
 1966      6F636573 
 1966      73457665 
 1966      6E7400
 1967              	.LASF66:
 1968 03d0 45455F49 		.ascii	"EE_INT32\000"
 1968      4E543332 
 1968      00
 1969              	.LASF42:
 1970 03d9 53544154 		.ascii	"STATE_GuardPtr_t\000"
 1970      455F4775 
 1970      61726450 
 1970      74725F74 
 1970      00
 1971              	.LASF5:
 1972 03ea 73686F72 		.ascii	"short unsigned int\000"
 1972      7420756E 
 1972      7369676E 
 1972      65642069 
 1972      6E7400
 1973              	.LASF91:
 1974 03fd 6173775C 		.ascii	"asw\\statemachine.c\000"
 1974      73746174 
 1974      656D6163 
 1974      68696E65 
 1974      2E6300
 1975              	.LASF47:
 1976 0410 53544154 		.ascii	"STATE_stateInnerTransition_t\000"
 1976      455F7374 
 1976      61746549 
 1976      6E6E6572 
 1976      5472616E 
 1977              	.LASF13:
 1978 042d 63686172 		.ascii	"char\000"
ARM GAS  C:\Users\91819\AppData\Local\Temp\ccCzb2c8.s 			page 43


 1978      00
 1979              	.LASF6:
 1980 0432 6C6F6E67 		.ascii	"long int\000"
 1980      20696E74 
 1980      00
 1981              	.LASF22:
 1982 043b 52435F45 		.ascii	"RC_ERROR_BUFFER_FULL\000"
 1982      52524F52 
 1982      5F425546 
 1982      4645525F 
 1982      46554C4C 
 1983              	.LASF64:
 1984 0450 696E7433 		.ascii	"int32_t\000"
 1984      325F7400 
 1985              	.LASF79:
 1986 0458 63757272 		.ascii	"currentState\000"
 1986      656E7453 
 1986      74617465 
 1986      00
 1987              	.LASF34:
 1988 0465 52435F45 		.ascii	"RC_ERROR_BAD_PARAM\000"
 1988      52524F52 
 1988      5F424144 
 1988      5F504152 
 1988      414D00
 1989              	.LASF15:
 1990 0478 52435F45 		.ascii	"RC_ERROR\000"
 1990      52524F52 
 1990      00
 1991              	.LASF46:
 1992 0481 61637469 		.ascii	"actionTransition\000"
 1992      6F6E5472 
 1992      616E7369 
 1992      74696F6E 
 1992      00
 1993              	.LASF86:
 1994 0492 45455F41 		.ascii	"EE_ApplicationMode\000"
 1994      70706C69 
 1994      63617469 
 1994      6F6E4D6F 
 1994      646500
 1995              	.LASF7:
 1996 04a5 6C6F6E67 		.ascii	"long unsigned int\000"
 1996      20756E73 
 1996      69676E65 
 1996      6420696E 
 1996      7400
 1997              	.LASF9:
 1998 04b7 646F7562 		.ascii	"double\000"
 1998      6C6500
 1999              	.LASF27:
 2000 04be 52435F45 		.ascii	"RC_ERROR_CHECKSUM\000"
 2000      52524F52 
 2000      5F434845 
 2000      434B5355 
 2000      4D00
 2001              	.LASF50:
ARM GAS  C:\Users\91819\AppData\Local\Temp\ccCzb2c8.s 			page 44


 2002 04d0 73697A65 		.ascii	"size\000"
 2002      00
 2003              	.LASF55:
 2004 04d5 53544154 		.ascii	"STATE_stateAction_t\000"
 2004      455F7374 
 2004      61746541 
 2004      6374696F 
 2004      6E5F7400 
 2005              	.LASF62:
 2006 04e9 5F5F696E 		.ascii	"__int32_t\000"
 2006      7433325F 
 2006      7400
 2007              	.LASF78:
 2008 04f3 61634578 		.ascii	"acExit\000"
 2008      697400
 2009              	.LASF56:
 2010 04fa 6D5F7472 		.ascii	"m_transitionTable\000"
 2010      616E7369 
 2010      74696F6E 
 2010      5461626C 
 2010      6500
 2011              	.LASF36:
 2012 050c 52435F45 		.ascii	"RC_ERROR_CANCELED\000"
 2012      52524F52 
 2012      5F43414E 
 2012      43454C45 
 2012      4400
 2013              	.LASF53:
 2014 051e 61637469 		.ascii	"actionEntry\000"
 2014      6F6E456E 
 2014      74727900 
 2015              	.LASF81:
 2016 052a 70496E6E 		.ascii	"pInnerTable\000"
 2016      65725461 
 2016      626C6500 
 2017              	.LASF89:
 2018 0536 49544D5F 		.ascii	"ITM_RxBuffer\000"
 2018      52784275 
 2018      66666572 
 2018      00
 2019              	.LASF90:
 2020 0543 474E5520 		.ascii	"GNU C11 5.4.1 20160609 (release) [ARM/embedded-5-br"
 2020      43313120 
 2020      352E342E 
 2020      31203230 
 2020      31363036 
 2021 0576 616E6368 		.ascii	"anch revision 237715] -mcpu=cortex-m3 -mthumb -g -O"
 2021      20726576 
 2021      6973696F 
 2021      6E203233 
 2021      37373135 
 2022 05a9 67202D66 		.ascii	"g -ffunction-sections -ffat-lto-objects\000"
 2022      66756E63 
 2022      74696F6E 
 2022      2D736563 
 2022      74696F6E 
 2023              	.LASF18:
ARM GAS  C:\Users\91819\AppData\Local\Temp\ccCzb2c8.s 			page 45


 2024 05d1 52435F45 		.ascii	"RC_ERROR_MEMORY\000"
 2024      52524F52 
 2024      5F4D454D 
 2024      4F525900 
 2025              	.LASF84:
 2026 05e1 45455F6F 		.ascii	"EE_oo_IRQ_disable_count\000"
 2026      6F5F4952 
 2026      515F6469 
 2026      7361626C 
 2026      655F636F 
 2027              	.LASF49:
 2028 05f9 70496E6E 		.ascii	"pInnerTransitionTable\000"
 2028      65725472 
 2028      616E7369 
 2028      74696F6E 
 2028      5461626C 
 2029              	.LASF77:
 2030 060f 61635472 		.ascii	"acTransition\000"
 2030      616E7369 
 2030      74696F6E 
 2030      00
 2031              	.LASF44:
 2032 061c 746F5374 		.ascii	"toState\000"
 2032      61746500 
 2033              	.LASF23:
 2034 0624 52435F45 		.ascii	"RC_ERROR_BUFFER_EMTPY\000"
 2034      52524F52 
 2034      5F425546 
 2034      4645525F 
 2034      454D5450 
 2035              	.LASF40:
 2036 063a 52435F74 		.ascii	"RC_t\000"
 2036      00
 2037              	.LASF25:
 2038 063f 52435F45 		.ascii	"RC_ERROR_TIME_OUT\000"
 2038      52524F52 
 2038      5F54494D 
 2038      455F4F55 
 2038      5400
 2039              		.ident	"GCC: (GNU Tools for ARM Embedded Processors) 5.4.1 20160609 (release) [ARM/embedded-5-bran
