ARM GAS  C:\Users\91819\AppData\Local\Temp\ccvQn4ll.s 			page 1


   1              		.syntax unified
   2              		.cpu cortex-m3
   3              		.fpu softvfp
   4              		.eabi_attribute 20, 1
   5              		.eabi_attribute 21, 1
   6              		.eabi_attribute 23, 3
   7              		.eabi_attribute 24, 1
   8              		.eabi_attribute 25, 1
   9              		.eabi_attribute 26, 1
  10              		.eabi_attribute 30, 1
  11              		.eabi_attribute 34, 1
  12              		.eabi_attribute 18, 4
  13              		.thumb
  14              		.syntax unified
  15              		.file	"tsk_control.c"
  16              		.text
  17              	.Ltext0:
  18              		.cfi_sections	.debug_frame
  19              		.section	.text.Functsk_control,"ax",%progbits
  20              		.align	2
  21              		.global	Functsk_control
  22              		.thumb
  23              		.thumb_func
  24              		.type	Functsk_control, %function
  25              	Functsk_control:
  26              	.LFB111:
  27              		.file 1 "asw\\tsk_control.c"
   1:asw/tsk_control.c **** 
   2:asw/tsk_control.c **** 
   3:asw/tsk_control.c **** /*
   4:asw/tsk_control.c ****  * Filename: tsk_control.c
   5:asw/tsk_control.c ****  *
   6:asw/tsk_control.c ****  * Author: Autogenerated by H-DA RTE Generator, (c) Prof. Fromm
   7:asw/tsk_control.c ****  */
   8:asw/tsk_control.c **** 
   9:asw/tsk_control.c **** #include "project.h"
  10:asw/tsk_control.c **** #include "global.h"
  11:asw/tsk_control.c **** #include "rte.h"
  12:asw/tsk_control.c **** #include "rte_types.h"
  13:asw/tsk_control.c **** #include "tsk_control.h"
  14:asw/tsk_control.c **** #include "button.h"
  15:asw/tsk_control.c **** #include "sc_event_type.h"
  16:asw/tsk_control.c **** 
  17:asw/tsk_control.c **** extern SC_EVENT_data_t buttonStatus;
  18:asw/tsk_control.c **** 
  19:asw/tsk_control.c **** 
  20:asw/tsk_control.c **** 
  21:asw/tsk_control.c **** /* USER CODE START TSK_CONTROL_INCLUDE */
  22:asw/tsk_control.c **** 
  23:asw/tsk_control.c **** /* USER CODE END TSK_CONTROL_INCLUDE */
  24:asw/tsk_control.c **** 
  25:asw/tsk_control.c **** #include "swc_clock.h"
  26:asw/tsk_control.c **** 
  27:asw/tsk_control.c **** 
  28:asw/tsk_control.c **** 
  29:asw/tsk_control.c **** /* USER CODE START TSK_CONTROL_USERDEFINITIONS */
  30:asw/tsk_control.c **** 
ARM GAS  C:\Users\91819\AppData\Local\Temp\ccvQn4ll.s 			page 2


  31:asw/tsk_control.c **** /* USER CODE END TSK_CONTROL_USERDEFINITIONS */
  32:asw/tsk_control.c **** 
  33:asw/tsk_control.c **** /*******************************************************************************
  34:asw/tsk_control.c ****  * Runnable Tables from Activation Engine
  35:asw/tsk_control.c ****  *******************************************************************************/
  36:asw/tsk_control.c **** 
  37:asw/tsk_control.c **** /* Event Table */
  38:asw/tsk_control.c **** const RTE_eventTable_t RTE_eventActivationTable_tsk_control[] = {
  39:asw/tsk_control.c ****     { CLOCK_control_run, ev_event_onData },  //Runnable
  40:asw/tsk_control.c ****     { CLOCK_control_run, ev_1min },  //Runnable
  41:asw/tsk_control.c ****     { CLOCK_control_run, ev_250ms },  //Runnable
  42:asw/tsk_control.c **** }; 
  43:asw/tsk_control.c **** const uint16_t RTE_eventActivation_tsk_control_size = sizeof (RTE_eventActivationTable_tsk_control)
  44:asw/tsk_control.c **** 
  45:asw/tsk_control.c **** /*******************************************************************************
  46:asw/tsk_control.c ****  * Task Body
  47:asw/tsk_control.c ****  *******************************************************************************/
  48:asw/tsk_control.c **** 
  49:asw/tsk_control.c **** 
  50:asw/tsk_control.c **** /*
  51:asw/tsk_control.c **** * description: To perform clock logic operations
  52:asw/tsk_control.c **** * events: ev_event_onData|ev_1min|ev_250ms
  53:asw/tsk_control.c **** * mode: Event
  54:asw/tsk_control.c **** * name: tsk_control
  55:asw/tsk_control.c **** * shortname: control
  56:asw/tsk_control.c **** * signalpoolsRO: sp_common
  57:asw/tsk_control.c **** * signalpoolsRW: sp_common
  58:asw/tsk_control.c **** * tickEvent: ev_event_onData
  59:asw/tsk_control.c **** * timertickperiod: 0
  60:asw/tsk_control.c **** */
  61:asw/tsk_control.c **** TASK(tsk_control)
  62:asw/tsk_control.c **** {
  28              		.loc 1 62 0
  29              		.cfi_startproc
  30              		@ args = 0, pretend = 0, frame = 8
  31              		@ frame_needed = 0, uses_anonymous_args = 0
  32 0000 00B5     		push	{lr}
  33              		.cfi_def_cfa_offset 4
  34              		.cfi_offset 14, -4
  35 0002 83B0     		sub	sp, sp, #12
  36              		.cfi_def_cfa_offset 16
  63:asw/tsk_control.c ****     EventMaskType ev = 0;
  37              		.loc 1 63 0
  38 0004 0023     		movs	r3, #0
  39 0006 0193     		str	r3, [sp, #4]
  40              	.L2:
  64:asw/tsk_control.c ****     
  65:asw/tsk_control.c ****     while(1)
  66:asw/tsk_control.c ****     {
  67:asw/tsk_control.c ****         //Wait, read and clear the event
  68:asw/tsk_control.c ****         WaitEvent(ev_event_onData|ev_1min|ev_250ms);
  41              		.loc 1 68 0 discriminator 1
  42 0008 0720     		movs	r0, #7
  43 000a FFF7FEFF 		bl	EE_oo_WaitEvent
  44              	.LVL0:
  69:asw/tsk_control.c ****         GetEvent(tsk_control,&ev);
  45              		.loc 1 69 0 discriminator 1
ARM GAS  C:\Users\91819\AppData\Local\Temp\ccvQn4ll.s 			page 3


  46 000e 01A9     		add	r1, sp, #4
  47 0010 0320     		movs	r0, #3
  48 0012 FFF7FEFF 		bl	EE_oo_GetEvent
  49              	.LVL1:
  70:asw/tsk_control.c ****         ClearEvent(ev);
  50              		.loc 1 70 0 discriminator 1
  51 0016 0198     		ldr	r0, [sp, #4]
  52 0018 FFF7FEFF 		bl	EE_oo_ClearEvent
  53              	.LVL2:
  71:asw/tsk_control.c **** 		
  72:asw/tsk_control.c **** 		/* USER CODE START TSK_CONTROL_TASKBOBY_PRE */
  73:asw/tsk_control.c **** 
  74:asw/tsk_control.c **** 		/* USER CODE END TSK_CONTROL_TASKBODY_PRE */
  75:asw/tsk_control.c ****     
  76:asw/tsk_control.c **** 
  77:asw/tsk_control.c ****         //Process Event table on event
  78:asw/tsk_control.c ****         RTE_ProcessEventTable(RTE_eventActivationTable_tsk_control, RTE_eventActivation_tsk_control
  54              		.loc 1 78 0 discriminator 1
  55 001c 019A     		ldr	r2, [sp, #4]
  56 001e 0321     		movs	r1, #3
  57 0020 0148     		ldr	r0, .L4
  58 0022 FFF7FEFF 		bl	RTE_ProcessEventTable
  59              	.LVL3:
  60 0026 EFE7     		b	.L2
  61              	.L5:
  62              		.align	2
  63              	.L4:
  64 0028 00000000 		.word	.LANCHOR0
  65              		.cfi_endproc
  66              	.LFE111:
  67              		.size	Functsk_control, .-Functsk_control
  68              		.global	RTE_eventActivation_tsk_control_size
  69              		.global	RTE_eventActivationTable_tsk_control
  70              		.section	.rodata
  71              		.align	2
  72              		.set	.LANCHOR0,. + 0
  73              		.type	RTE_eventActivationTable_tsk_control, %object
  74              		.size	RTE_eventActivationTable_tsk_control, 24
  75              	RTE_eventActivationTable_tsk_control:
  76 0000 00000000 		.word	CLOCK_control_run
  77 0004 01000000 		.word	1
  78 0008 00000000 		.word	CLOCK_control_run
  79 000c 02000000 		.word	2
  80 0010 00000000 		.word	CLOCK_control_run
  81 0014 04000000 		.word	4
  82              		.type	RTE_eventActivation_tsk_control_size, %object
  83              		.size	RTE_eventActivation_tsk_control_size, 2
  84              	RTE_eventActivation_tsk_control_size:
  85 0018 0300     		.short	3
  86              		.text
  87              	.Letext0:
  88              		.file 2 "c:\\program files (x86)\\cypress\\psoc creator\\4.4\\psoc creator\\import\\gnu\\arm\\5.4.
  89              		.file 3 "c:\\program files (x86)\\cypress\\psoc creator\\4.4\\psoc creator\\import\\gnu\\arm\\5.4.
  90              		.file 4 "Generated_Source\\PSoC5/ErikaOS_1_common_ee_types.inc"
  91              		.file 5 "Generated_Source\\PSoC5/ErikaOS_1_cortex_mx_ee_cpu.inc"
  92              		.file 6 "Generated_Source\\PSoC5/ErikaOS_1_ee_oo_common.inc"
  93              		.file 7 ".\\rte/rte_types.h"
ARM GAS  C:\Users\91819\AppData\Local\Temp\ccvQn4ll.s 			page 4


  94              		.file 8 ".\\rte/rte.h"
  95              		.file 9 "Generated_Source\\PSoC5/ErikaOS_1_ee_oo_intfunc.inc"
  96              		.file 10 "Generated_Source\\PSoC5/ErikaOS_1_cortex_mx_ee_context.inc"
  97              		.file 11 "Generated_Source\\PSoC5/ErikaOS_1_common_ee_primitives.inc"
  98              		.file 12 "Generated_Source\\PSoC5/core_cm3.h"
  99              		.file 13 "Generated_Source\\PSoC5/ErikaOS_1_ee_oo_kernel.inc"
 100              		.section	.debug_info,"",%progbits
 101              	.Ldebug_info0:
 102 0000 75020000 		.4byte	0x275
 103 0004 0400     		.2byte	0x4
 104 0006 00000000 		.4byte	.Ldebug_abbrev0
 105 000a 04       		.byte	0x4
 106 000b 01       		.uleb128 0x1
 107 000c F7000000 		.4byte	.LASF40
 108 0010 0C       		.byte	0xc
 109 0011 95000000 		.4byte	.LASF41
 110 0015 89020000 		.4byte	.LASF42
 111 0019 00000000 		.4byte	.Ldebug_ranges0+0
 112 001d 00000000 		.4byte	0
 113 0021 00000000 		.4byte	.Ldebug_line0
 114 0025 02       		.uleb128 0x2
 115 0026 01       		.byte	0x1
 116 0027 06       		.byte	0x6
 117 0028 58030000 		.4byte	.LASF0
 118 002c 02       		.uleb128 0x2
 119 002d 01       		.byte	0x1
 120 002e 08       		.byte	0x8
 121 002f E9000000 		.4byte	.LASF1
 122 0033 02       		.uleb128 0x2
 123 0034 02       		.byte	0x2
 124 0035 05       		.byte	0x5
 125 0036 30030000 		.4byte	.LASF2
 126 003a 03       		.uleb128 0x3
 127 003b D8010000 		.4byte	.LASF4
 128 003f 02       		.byte	0x2
 129 0040 2B       		.byte	0x2b
 130 0041 45000000 		.4byte	0x45
 131 0045 02       		.uleb128 0x2
 132 0046 02       		.byte	0x2
 133 0047 07       		.byte	0x7
 134 0048 A0010000 		.4byte	.LASF3
 135 004c 03       		.uleb128 0x3
 136 004d 31000000 		.4byte	.LASF5
 137 0051 02       		.byte	0x2
 138 0052 3F       		.byte	0x3f
 139 0053 57000000 		.4byte	0x57
 140 0057 02       		.uleb128 0x2
 141 0058 04       		.byte	0x4
 142 0059 05       		.byte	0x5
 143 005a 43030000 		.4byte	.LASF6
 144 005e 02       		.uleb128 0x2
 145 005f 04       		.byte	0x4
 146 0060 07       		.byte	0x7
 147 0061 8E010000 		.4byte	.LASF7
 148 0065 02       		.uleb128 0x2
 149 0066 08       		.byte	0x8
 150 0067 05       		.byte	0x5
ARM GAS  C:\Users\91819\AppData\Local\Temp\ccvQn4ll.s 			page 5


 151 0068 7B020000 		.4byte	.LASF8
 152 006c 02       		.uleb128 0x2
 153 006d 08       		.byte	0x8
 154 006e 07       		.byte	0x7
 155 006f D2000000 		.4byte	.LASF9
 156 0073 04       		.uleb128 0x4
 157 0074 04       		.byte	0x4
 158 0075 05       		.byte	0x5
 159 0076 696E7400 		.ascii	"int\000"
 160 007a 02       		.uleb128 0x2
 161 007b 04       		.byte	0x4
 162 007c 07       		.byte	0x7
 163 007d 1D020000 		.4byte	.LASF10
 164 0081 03       		.uleb128 0x3
 165 0082 3A030000 		.4byte	.LASF11
 166 0086 03       		.byte	0x3
 167 0087 24       		.byte	0x24
 168 0088 3A000000 		.4byte	0x3a
 169 008c 03       		.uleb128 0x3
 170 008d 6A020000 		.4byte	.LASF12
 171 0091 03       		.byte	0x3
 172 0092 2C       		.byte	0x2c
 173 0093 4C000000 		.4byte	0x4c
 174 0097 02       		.uleb128 0x2
 175 0098 04       		.byte	0x4
 176 0099 04       		.byte	0x4
 177 009a A7000000 		.4byte	.LASF13
 178 009e 02       		.uleb128 0x2
 179 009f 08       		.byte	0x8
 180 00a0 04       		.byte	0x4
 181 00a1 6E000000 		.4byte	.LASF14
 182 00a5 02       		.uleb128 0x2
 183 00a6 01       		.byte	0x1
 184 00a7 08       		.byte	0x8
 185 00a8 3C020000 		.4byte	.LASF15
 186 00ac 02       		.uleb128 0x2
 187 00ad 08       		.byte	0x8
 188 00ae 04       		.byte	0x4
 189 00af 4C030000 		.4byte	.LASF16
 190 00b3 03       		.uleb128 0x3
 191 00b4 85010000 		.4byte	.LASF17
 192 00b8 04       		.byte	0x4
 193 00b9 53       		.byte	0x53
 194 00ba 73000000 		.4byte	0x73
 195 00be 03       		.uleb128 0x3
 196 00bf 32020000 		.4byte	.LASF18
 197 00c3 04       		.byte	0x4
 198 00c4 54       		.byte	0x54
 199 00c5 7A000000 		.4byte	0x7a
 200 00c9 03       		.uleb128 0x3
 201 00ca 13030000 		.4byte	.LASF19
 202 00ce 05       		.byte	0x5
 203 00cf 4D       		.byte	0x4d
 204 00d0 BE000000 		.4byte	0xbe
 205 00d4 03       		.uleb128 0x3
 206 00d5 2A020000 		.4byte	.LASF20
 207 00d9 05       		.byte	0x5
ARM GAS  C:\Users\91819\AppData\Local\Temp\ccvQn4ll.s 			page 6


 208 00da 4F       		.byte	0x4f
 209 00db BE000000 		.4byte	0xbe
 210 00df 03       		.uleb128 0x3
 211 00e0 8E000000 		.4byte	.LASF21
 212 00e4 05       		.byte	0x5
 213 00e5 78       		.byte	0x78
 214 00e6 B3000000 		.4byte	0xb3
 215 00ea 05       		.uleb128 0x5
 216 00eb 3B000000 		.4byte	.LASF22
 217 00ef 06       		.byte	0x6
 218 00f0 2C02     		.2byte	0x22c
 219 00f2 C9000000 		.4byte	0xc9
 220 00f6 02       		.uleb128 0x2
 221 00f7 04       		.byte	0x4
 222 00f8 07       		.byte	0x7
 223 00f9 72020000 		.4byte	.LASF23
 224 00fd 03       		.uleb128 0x3
 225 00fe E3010000 		.4byte	.LASF24
 226 0102 07       		.byte	0x7
 227 0103 21       		.byte	0x21
 228 0104 EA000000 		.4byte	0xea
 229 0108 03       		.uleb128 0x3
 230 0109 64030000 		.4byte	.LASF25
 231 010d 08       		.byte	0x8
 232 010e 66       		.byte	0x66
 233 010f 13010000 		.4byte	0x113
 234 0113 06       		.uleb128 0x6
 235 0114 04       		.byte	0x4
 236 0115 19010000 		.4byte	0x119
 237 0119 07       		.uleb128 0x7
 238 011a 24010000 		.4byte	0x124
 239 011e 08       		.uleb128 0x8
 240 011f FD000000 		.4byte	0xfd
 241 0123 00       		.byte	0
 242 0124 09       		.uleb128 0x9
 243 0125 08       		.byte	0x8
 244 0126 08       		.byte	0x8
 245 0127 74       		.byte	0x74
 246 0128 45010000 		.4byte	0x145
 247 012c 0A       		.uleb128 0xa
 248 012d 72756E00 		.ascii	"run\000"
 249 0131 08       		.byte	0x8
 250 0132 76       		.byte	0x76
 251 0133 08010000 		.4byte	0x108
 252 0137 00       		.byte	0
 253 0138 0B       		.uleb128 0xb
 254 0139 FE010000 		.4byte	.LASF26
 255 013d 08       		.byte	0x8
 256 013e 77       		.byte	0x77
 257 013f EA000000 		.4byte	0xea
 258 0143 04       		.byte	0x4
 259 0144 00       		.byte	0
 260 0145 03       		.uleb128 0x3
 261 0146 20000000 		.4byte	.LASF27
 262 014a 08       		.byte	0x8
 263 014b 78       		.byte	0x78
 264 014c 24010000 		.4byte	0x124
ARM GAS  C:\Users\91819\AppData\Local\Temp\ccvQn4ll.s 			page 7


 265 0150 0C       		.uleb128 0xc
 266 0151 00000000 		.4byte	.LASF43
 267 0155 01       		.byte	0x1
 268 0156 3D       		.byte	0x3d
 269 0157 00000000 		.4byte	.LFB111
 270 015b 2C000000 		.4byte	.LFE111-.LFB111
 271 015f 01       		.uleb128 0x1
 272 0160 9C       		.byte	0x9c
 273 0161 C0010000 		.4byte	0x1c0
 274 0165 0D       		.uleb128 0xd
 275 0166 657600   		.ascii	"ev\000"
 276 0169 01       		.byte	0x1
 277 016a 3F       		.byte	0x3f
 278 016b EA000000 		.4byte	0xea
 279 016f 02       		.uleb128 0x2
 280 0170 91       		.byte	0x91
 281 0171 74       		.sleb128 -12
 282 0172 0E       		.uleb128 0xe
 283 0173 0E000000 		.4byte	.LVL0
 284 0177 49020000 		.4byte	0x249
 285 017b 85010000 		.4byte	0x185
 286 017f 0F       		.uleb128 0xf
 287 0180 01       		.uleb128 0x1
 288 0181 50       		.byte	0x50
 289 0182 01       		.uleb128 0x1
 290 0183 37       		.byte	0x37
 291 0184 00       		.byte	0
 292 0185 0E       		.uleb128 0xe
 293 0186 16000000 		.4byte	.LVL1
 294 018a 55020000 		.4byte	0x255
 295 018e 9E010000 		.4byte	0x19e
 296 0192 0F       		.uleb128 0xf
 297 0193 01       		.uleb128 0x1
 298 0194 50       		.byte	0x50
 299 0195 01       		.uleb128 0x1
 300 0196 33       		.byte	0x33
 301 0197 0F       		.uleb128 0xf
 302 0198 01       		.uleb128 0x1
 303 0199 51       		.byte	0x51
 304 019a 02       		.uleb128 0x2
 305 019b 91       		.byte	0x91
 306 019c 74       		.sleb128 -12
 307 019d 00       		.byte	0
 308 019e 10       		.uleb128 0x10
 309 019f 1C000000 		.4byte	.LVL2
 310 01a3 61020000 		.4byte	0x261
 311 01a7 11       		.uleb128 0x11
 312 01a8 26000000 		.4byte	.LVL3
 313 01ac 6D020000 		.4byte	0x26d
 314 01b0 0F       		.uleb128 0xf
 315 01b1 01       		.uleb128 0x1
 316 01b2 50       		.byte	0x50
 317 01b3 05       		.uleb128 0x5
 318 01b4 03       		.byte	0x3
 319 01b5 00000000 		.4byte	.LANCHOR0
 320 01b9 0F       		.uleb128 0xf
 321 01ba 01       		.uleb128 0x1
ARM GAS  C:\Users\91819\AppData\Local\Temp\ccvQn4ll.s 			page 8


 322 01bb 51       		.byte	0x51
 323 01bc 01       		.uleb128 0x1
 324 01bd 33       		.byte	0x33
 325 01be 00       		.byte	0
 326 01bf 00       		.byte	0
 327 01c0 12       		.uleb128 0x12
 328 01c1 B3010000 		.4byte	.LASF28
 329 01c5 09       		.byte	0x9
 330 01c6 40       		.byte	0x40
 331 01c7 C9000000 		.4byte	0xc9
 332 01cb 12       		.uleb128 0x12
 333 01cc 75000000 		.4byte	.LASF29
 334 01d0 09       		.byte	0x9
 335 01d1 47       		.byte	0x47
 336 01d2 D4000000 		.4byte	0xd4
 337 01d6 12       		.uleb128 0x12
 338 01d7 41020000 		.4byte	.LASF30
 339 01db 09       		.byte	0x9
 340 01dc 4A       		.byte	0x4a
 341 01dd C9000000 		.4byte	0xc9
 342 01e1 12       		.uleb128 0x12
 343 01e2 04020000 		.4byte	.LASF31
 344 01e6 0A       		.byte	0xa
 345 01e7 48       		.byte	0x48
 346 01e8 DF000000 		.4byte	0xdf
 347 01ec 12       		.uleb128 0x12
 348 01ed 1B030000 		.4byte	.LASF32
 349 01f1 0B       		.byte	0xb
 350 01f2 44       		.byte	0x44
 351 01f3 C9000000 		.4byte	0xc9
 352 01f7 13       		.uleb128 0x13
 353 01f8 CB010000 		.4byte	.LASF33
 354 01fc 0C       		.byte	0xc
 355 01fd 1207     		.2byte	0x712
 356 01ff 03020000 		.4byte	0x203
 357 0203 14       		.uleb128 0x14
 358 0204 8C000000 		.4byte	0x8c
 359 0208 15       		.uleb128 0x15
 360 0209 18020000 		.4byte	0x218
 361 020d 18020000 		.4byte	0x218
 362 0211 16       		.uleb128 0x16
 363 0212 F6000000 		.4byte	0xf6
 364 0216 02       		.byte	0x2
 365 0217 00       		.byte	0
 366 0218 17       		.uleb128 0x17
 367 0219 45010000 		.4byte	0x145
 368 021d 18       		.uleb128 0x18
 369 021e AD000000 		.4byte	.LASF34
 370 0222 01       		.byte	0x1
 371 0223 26       		.byte	0x26
 372 0224 2E020000 		.4byte	0x22e
 373 0228 05       		.uleb128 0x5
 374 0229 03       		.byte	0x3
 375 022a 00000000 		.4byte	RTE_eventActivationTable_tsk_control
 376 022e 17       		.uleb128 0x17
 377 022f 08020000 		.4byte	0x208
 378 0233 18       		.uleb128 0x18
ARM GAS  C:\Users\91819\AppData\Local\Temp\ccvQn4ll.s 			page 9


 379 0234 49000000 		.4byte	.LASF35
 380 0238 01       		.byte	0x1
 381 0239 2B       		.byte	0x2b
 382 023a 44020000 		.4byte	0x244
 383 023e 05       		.uleb128 0x5
 384 023f 03       		.byte	0x3
 385 0240 00000000 		.4byte	RTE_eventActivation_tsk_control_size
 386 0244 17       		.uleb128 0x17
 387 0245 81000000 		.4byte	0x81
 388 0249 19       		.uleb128 0x19
 389 024a 10000000 		.4byte	.LASF36
 390 024e 10000000 		.4byte	.LASF36
 391 0252 0D       		.byte	0xd
 392 0253 5901     		.2byte	0x159
 393 0255 19       		.uleb128 0x19
 394 0256 72030000 		.4byte	.LASF37
 395 025a 72030000 		.4byte	.LASF37
 396 025e 0D       		.byte	0xd
 397 025f 5401     		.2byte	0x154
 398 0261 19       		.uleb128 0x19
 399 0262 ED010000 		.4byte	.LASF38
 400 0266 ED010000 		.4byte	.LASF38
 401 026a 0D       		.byte	0xd
 402 026b 4F01     		.2byte	0x14f
 403 026d 1A       		.uleb128 0x1a
 404 026e 54020000 		.4byte	.LASF39
 405 0272 54020000 		.4byte	.LASF39
 406 0276 08       		.byte	0x8
 407 0277 97       		.byte	0x97
 408 0278 00       		.byte	0
 409              		.section	.debug_abbrev,"",%progbits
 410              	.Ldebug_abbrev0:
 411 0000 01       		.uleb128 0x1
 412 0001 11       		.uleb128 0x11
 413 0002 01       		.byte	0x1
 414 0003 25       		.uleb128 0x25
 415 0004 0E       		.uleb128 0xe
 416 0005 13       		.uleb128 0x13
 417 0006 0B       		.uleb128 0xb
 418 0007 03       		.uleb128 0x3
 419 0008 0E       		.uleb128 0xe
 420 0009 1B       		.uleb128 0x1b
 421 000a 0E       		.uleb128 0xe
 422 000b 55       		.uleb128 0x55
 423 000c 17       		.uleb128 0x17
 424 000d 11       		.uleb128 0x11
 425 000e 01       		.uleb128 0x1
 426 000f 10       		.uleb128 0x10
 427 0010 17       		.uleb128 0x17
 428 0011 00       		.byte	0
 429 0012 00       		.byte	0
 430 0013 02       		.uleb128 0x2
 431 0014 24       		.uleb128 0x24
 432 0015 00       		.byte	0
 433 0016 0B       		.uleb128 0xb
 434 0017 0B       		.uleb128 0xb
 435 0018 3E       		.uleb128 0x3e
ARM GAS  C:\Users\91819\AppData\Local\Temp\ccvQn4ll.s 			page 10


 436 0019 0B       		.uleb128 0xb
 437 001a 03       		.uleb128 0x3
 438 001b 0E       		.uleb128 0xe
 439 001c 00       		.byte	0
 440 001d 00       		.byte	0
 441 001e 03       		.uleb128 0x3
 442 001f 16       		.uleb128 0x16
 443 0020 00       		.byte	0
 444 0021 03       		.uleb128 0x3
 445 0022 0E       		.uleb128 0xe
 446 0023 3A       		.uleb128 0x3a
 447 0024 0B       		.uleb128 0xb
 448 0025 3B       		.uleb128 0x3b
 449 0026 0B       		.uleb128 0xb
 450 0027 49       		.uleb128 0x49
 451 0028 13       		.uleb128 0x13
 452 0029 00       		.byte	0
 453 002a 00       		.byte	0
 454 002b 04       		.uleb128 0x4
 455 002c 24       		.uleb128 0x24
 456 002d 00       		.byte	0
 457 002e 0B       		.uleb128 0xb
 458 002f 0B       		.uleb128 0xb
 459 0030 3E       		.uleb128 0x3e
 460 0031 0B       		.uleb128 0xb
 461 0032 03       		.uleb128 0x3
 462 0033 08       		.uleb128 0x8
 463 0034 00       		.byte	0
 464 0035 00       		.byte	0
 465 0036 05       		.uleb128 0x5
 466 0037 16       		.uleb128 0x16
 467 0038 00       		.byte	0
 468 0039 03       		.uleb128 0x3
 469 003a 0E       		.uleb128 0xe
 470 003b 3A       		.uleb128 0x3a
 471 003c 0B       		.uleb128 0xb
 472 003d 3B       		.uleb128 0x3b
 473 003e 05       		.uleb128 0x5
 474 003f 49       		.uleb128 0x49
 475 0040 13       		.uleb128 0x13
 476 0041 00       		.byte	0
 477 0042 00       		.byte	0
 478 0043 06       		.uleb128 0x6
 479 0044 0F       		.uleb128 0xf
 480 0045 00       		.byte	0
 481 0046 0B       		.uleb128 0xb
 482 0047 0B       		.uleb128 0xb
 483 0048 49       		.uleb128 0x49
 484 0049 13       		.uleb128 0x13
 485 004a 00       		.byte	0
 486 004b 00       		.byte	0
 487 004c 07       		.uleb128 0x7
 488 004d 15       		.uleb128 0x15
 489 004e 01       		.byte	0x1
 490 004f 27       		.uleb128 0x27
 491 0050 19       		.uleb128 0x19
 492 0051 01       		.uleb128 0x1
ARM GAS  C:\Users\91819\AppData\Local\Temp\ccvQn4ll.s 			page 11


 493 0052 13       		.uleb128 0x13
 494 0053 00       		.byte	0
 495 0054 00       		.byte	0
 496 0055 08       		.uleb128 0x8
 497 0056 05       		.uleb128 0x5
 498 0057 00       		.byte	0
 499 0058 49       		.uleb128 0x49
 500 0059 13       		.uleb128 0x13
 501 005a 00       		.byte	0
 502 005b 00       		.byte	0
 503 005c 09       		.uleb128 0x9
 504 005d 13       		.uleb128 0x13
 505 005e 01       		.byte	0x1
 506 005f 0B       		.uleb128 0xb
 507 0060 0B       		.uleb128 0xb
 508 0061 3A       		.uleb128 0x3a
 509 0062 0B       		.uleb128 0xb
 510 0063 3B       		.uleb128 0x3b
 511 0064 0B       		.uleb128 0xb
 512 0065 01       		.uleb128 0x1
 513 0066 13       		.uleb128 0x13
 514 0067 00       		.byte	0
 515 0068 00       		.byte	0
 516 0069 0A       		.uleb128 0xa
 517 006a 0D       		.uleb128 0xd
 518 006b 00       		.byte	0
 519 006c 03       		.uleb128 0x3
 520 006d 08       		.uleb128 0x8
 521 006e 3A       		.uleb128 0x3a
 522 006f 0B       		.uleb128 0xb
 523 0070 3B       		.uleb128 0x3b
 524 0071 0B       		.uleb128 0xb
 525 0072 49       		.uleb128 0x49
 526 0073 13       		.uleb128 0x13
 527 0074 38       		.uleb128 0x38
 528 0075 0B       		.uleb128 0xb
 529 0076 00       		.byte	0
 530 0077 00       		.byte	0
 531 0078 0B       		.uleb128 0xb
 532 0079 0D       		.uleb128 0xd
 533 007a 00       		.byte	0
 534 007b 03       		.uleb128 0x3
 535 007c 0E       		.uleb128 0xe
 536 007d 3A       		.uleb128 0x3a
 537 007e 0B       		.uleb128 0xb
 538 007f 3B       		.uleb128 0x3b
 539 0080 0B       		.uleb128 0xb
 540 0081 49       		.uleb128 0x49
 541 0082 13       		.uleb128 0x13
 542 0083 38       		.uleb128 0x38
 543 0084 0B       		.uleb128 0xb
 544 0085 00       		.byte	0
 545 0086 00       		.byte	0
 546 0087 0C       		.uleb128 0xc
 547 0088 2E       		.uleb128 0x2e
 548 0089 01       		.byte	0x1
 549 008a 3F       		.uleb128 0x3f
ARM GAS  C:\Users\91819\AppData\Local\Temp\ccvQn4ll.s 			page 12


 550 008b 19       		.uleb128 0x19
 551 008c 03       		.uleb128 0x3
 552 008d 0E       		.uleb128 0xe
 553 008e 3A       		.uleb128 0x3a
 554 008f 0B       		.uleb128 0xb
 555 0090 3B       		.uleb128 0x3b
 556 0091 0B       		.uleb128 0xb
 557 0092 27       		.uleb128 0x27
 558 0093 19       		.uleb128 0x19
 559 0094 8701     		.uleb128 0x87
 560 0096 19       		.uleb128 0x19
 561 0097 11       		.uleb128 0x11
 562 0098 01       		.uleb128 0x1
 563 0099 12       		.uleb128 0x12
 564 009a 06       		.uleb128 0x6
 565 009b 40       		.uleb128 0x40
 566 009c 18       		.uleb128 0x18
 567 009d 9742     		.uleb128 0x2117
 568 009f 19       		.uleb128 0x19
 569 00a0 01       		.uleb128 0x1
 570 00a1 13       		.uleb128 0x13
 571 00a2 00       		.byte	0
 572 00a3 00       		.byte	0
 573 00a4 0D       		.uleb128 0xd
 574 00a5 34       		.uleb128 0x34
 575 00a6 00       		.byte	0
 576 00a7 03       		.uleb128 0x3
 577 00a8 08       		.uleb128 0x8
 578 00a9 3A       		.uleb128 0x3a
 579 00aa 0B       		.uleb128 0xb
 580 00ab 3B       		.uleb128 0x3b
 581 00ac 0B       		.uleb128 0xb
 582 00ad 49       		.uleb128 0x49
 583 00ae 13       		.uleb128 0x13
 584 00af 02       		.uleb128 0x2
 585 00b0 18       		.uleb128 0x18
 586 00b1 00       		.byte	0
 587 00b2 00       		.byte	0
 588 00b3 0E       		.uleb128 0xe
 589 00b4 898201   		.uleb128 0x4109
 590 00b7 01       		.byte	0x1
 591 00b8 11       		.uleb128 0x11
 592 00b9 01       		.uleb128 0x1
 593 00ba 31       		.uleb128 0x31
 594 00bb 13       		.uleb128 0x13
 595 00bc 01       		.uleb128 0x1
 596 00bd 13       		.uleb128 0x13
 597 00be 00       		.byte	0
 598 00bf 00       		.byte	0
 599 00c0 0F       		.uleb128 0xf
 600 00c1 8A8201   		.uleb128 0x410a
 601 00c4 00       		.byte	0
 602 00c5 02       		.uleb128 0x2
 603 00c6 18       		.uleb128 0x18
 604 00c7 9142     		.uleb128 0x2111
 605 00c9 18       		.uleb128 0x18
 606 00ca 00       		.byte	0
ARM GAS  C:\Users\91819\AppData\Local\Temp\ccvQn4ll.s 			page 13


 607 00cb 00       		.byte	0
 608 00cc 10       		.uleb128 0x10
 609 00cd 898201   		.uleb128 0x4109
 610 00d0 00       		.byte	0
 611 00d1 11       		.uleb128 0x11
 612 00d2 01       		.uleb128 0x1
 613 00d3 31       		.uleb128 0x31
 614 00d4 13       		.uleb128 0x13
 615 00d5 00       		.byte	0
 616 00d6 00       		.byte	0
 617 00d7 11       		.uleb128 0x11
 618 00d8 898201   		.uleb128 0x4109
 619 00db 01       		.byte	0x1
 620 00dc 11       		.uleb128 0x11
 621 00dd 01       		.uleb128 0x1
 622 00de 31       		.uleb128 0x31
 623 00df 13       		.uleb128 0x13
 624 00e0 00       		.byte	0
 625 00e1 00       		.byte	0
 626 00e2 12       		.uleb128 0x12
 627 00e3 34       		.uleb128 0x34
 628 00e4 00       		.byte	0
 629 00e5 03       		.uleb128 0x3
 630 00e6 0E       		.uleb128 0xe
 631 00e7 3A       		.uleb128 0x3a
 632 00e8 0B       		.uleb128 0xb
 633 00e9 3B       		.uleb128 0x3b
 634 00ea 0B       		.uleb128 0xb
 635 00eb 49       		.uleb128 0x49
 636 00ec 13       		.uleb128 0x13
 637 00ed 3F       		.uleb128 0x3f
 638 00ee 19       		.uleb128 0x19
 639 00ef 3C       		.uleb128 0x3c
 640 00f0 19       		.uleb128 0x19
 641 00f1 00       		.byte	0
 642 00f2 00       		.byte	0
 643 00f3 13       		.uleb128 0x13
 644 00f4 34       		.uleb128 0x34
 645 00f5 00       		.byte	0
 646 00f6 03       		.uleb128 0x3
 647 00f7 0E       		.uleb128 0xe
 648 00f8 3A       		.uleb128 0x3a
 649 00f9 0B       		.uleb128 0xb
 650 00fa 3B       		.uleb128 0x3b
 651 00fb 05       		.uleb128 0x5
 652 00fc 49       		.uleb128 0x49
 653 00fd 13       		.uleb128 0x13
 654 00fe 3F       		.uleb128 0x3f
 655 00ff 19       		.uleb128 0x19
 656 0100 3C       		.uleb128 0x3c
 657 0101 19       		.uleb128 0x19
 658 0102 00       		.byte	0
 659 0103 00       		.byte	0
 660 0104 14       		.uleb128 0x14
 661 0105 35       		.uleb128 0x35
 662 0106 00       		.byte	0
 663 0107 49       		.uleb128 0x49
ARM GAS  C:\Users\91819\AppData\Local\Temp\ccvQn4ll.s 			page 14


 664 0108 13       		.uleb128 0x13
 665 0109 00       		.byte	0
 666 010a 00       		.byte	0
 667 010b 15       		.uleb128 0x15
 668 010c 01       		.uleb128 0x1
 669 010d 01       		.byte	0x1
 670 010e 49       		.uleb128 0x49
 671 010f 13       		.uleb128 0x13
 672 0110 01       		.uleb128 0x1
 673 0111 13       		.uleb128 0x13
 674 0112 00       		.byte	0
 675 0113 00       		.byte	0
 676 0114 16       		.uleb128 0x16
 677 0115 21       		.uleb128 0x21
 678 0116 00       		.byte	0
 679 0117 49       		.uleb128 0x49
 680 0118 13       		.uleb128 0x13
 681 0119 2F       		.uleb128 0x2f
 682 011a 0B       		.uleb128 0xb
 683 011b 00       		.byte	0
 684 011c 00       		.byte	0
 685 011d 17       		.uleb128 0x17
 686 011e 26       		.uleb128 0x26
 687 011f 00       		.byte	0
 688 0120 49       		.uleb128 0x49
 689 0121 13       		.uleb128 0x13
 690 0122 00       		.byte	0
 691 0123 00       		.byte	0
 692 0124 18       		.uleb128 0x18
 693 0125 34       		.uleb128 0x34
 694 0126 00       		.byte	0
 695 0127 03       		.uleb128 0x3
 696 0128 0E       		.uleb128 0xe
 697 0129 3A       		.uleb128 0x3a
 698 012a 0B       		.uleb128 0xb
 699 012b 3B       		.uleb128 0x3b
 700 012c 0B       		.uleb128 0xb
 701 012d 49       		.uleb128 0x49
 702 012e 13       		.uleb128 0x13
 703 012f 3F       		.uleb128 0x3f
 704 0130 19       		.uleb128 0x19
 705 0131 02       		.uleb128 0x2
 706 0132 18       		.uleb128 0x18
 707 0133 00       		.byte	0
 708 0134 00       		.byte	0
 709 0135 19       		.uleb128 0x19
 710 0136 2E       		.uleb128 0x2e
 711 0137 00       		.byte	0
 712 0138 3F       		.uleb128 0x3f
 713 0139 19       		.uleb128 0x19
 714 013a 3C       		.uleb128 0x3c
 715 013b 19       		.uleb128 0x19
 716 013c 6E       		.uleb128 0x6e
 717 013d 0E       		.uleb128 0xe
 718 013e 03       		.uleb128 0x3
 719 013f 0E       		.uleb128 0xe
 720 0140 3A       		.uleb128 0x3a
ARM GAS  C:\Users\91819\AppData\Local\Temp\ccvQn4ll.s 			page 15


 721 0141 0B       		.uleb128 0xb
 722 0142 3B       		.uleb128 0x3b
 723 0143 05       		.uleb128 0x5
 724 0144 00       		.byte	0
 725 0145 00       		.byte	0
 726 0146 1A       		.uleb128 0x1a
 727 0147 2E       		.uleb128 0x2e
 728 0148 00       		.byte	0
 729 0149 3F       		.uleb128 0x3f
 730 014a 19       		.uleb128 0x19
 731 014b 3C       		.uleb128 0x3c
 732 014c 19       		.uleb128 0x19
 733 014d 6E       		.uleb128 0x6e
 734 014e 0E       		.uleb128 0xe
 735 014f 03       		.uleb128 0x3
 736 0150 0E       		.uleb128 0xe
 737 0151 3A       		.uleb128 0x3a
 738 0152 0B       		.uleb128 0xb
 739 0153 3B       		.uleb128 0x3b
 740 0154 0B       		.uleb128 0xb
 741 0155 00       		.byte	0
 742 0156 00       		.byte	0
 743 0157 00       		.byte	0
 744              		.section	.debug_aranges,"",%progbits
 745 0000 1C000000 		.4byte	0x1c
 746 0004 0200     		.2byte	0x2
 747 0006 00000000 		.4byte	.Ldebug_info0
 748 000a 04       		.byte	0x4
 749 000b 00       		.byte	0
 750 000c 0000     		.2byte	0
 751 000e 0000     		.2byte	0
 752 0010 00000000 		.4byte	.LFB111
 753 0014 2C000000 		.4byte	.LFE111-.LFB111
 754 0018 00000000 		.4byte	0
 755 001c 00000000 		.4byte	0
 756              		.section	.debug_ranges,"",%progbits
 757              	.Ldebug_ranges0:
 758 0000 00000000 		.4byte	.LFB111
 759 0004 2C000000 		.4byte	.LFE111
 760 0008 00000000 		.4byte	0
 761 000c 00000000 		.4byte	0
 762              		.section	.debug_line,"",%progbits
 763              	.Ldebug_line0:
 764 0000 7C020000 		.section	.debug_str,"MS",%progbits,1
 764      02005202 
 764      00000201 
 764      FB0E0D00 
 764      01010101 
 765              	.LASF43:
 766 0000 46756E63 		.ascii	"Functsk_control\000"
 766      74736B5F 
 766      636F6E74 
 766      726F6C00 
 767              	.LASF36:
 768 0010 45455F6F 		.ascii	"EE_oo_WaitEvent\000"
 768      6F5F5761 
 768      69744576 
ARM GAS  C:\Users\91819\AppData\Local\Temp\ccvQn4ll.s 			page 16


 768      656E7400 
 769              	.LASF27:
 770 0020 5254455F 		.ascii	"RTE_eventTable_t\000"
 770      6576656E 
 770      74546162 
 770      6C655F74 
 770      00
 771              	.LASF5:
 772 0031 5F5F696E 		.ascii	"__int32_t\000"
 772      7433325F 
 772      7400
 773              	.LASF22:
 774 003b 4576656E 		.ascii	"EventMaskType\000"
 774      744D6173 
 774      6B547970 
 774      6500
 775              	.LASF35:
 776 0049 5254455F 		.ascii	"RTE_eventActivation_tsk_control_size\000"
 776      6576656E 
 776      74416374 
 776      69766174 
 776      696F6E5F 
 777              	.LASF14:
 778 006e 646F7562 		.ascii	"double\000"
 778      6C6500
 779              	.LASF29:
 780 0075 45455F6F 		.ascii	"EE_oo_IRQ_suspend_status\000"
 780      6F5F4952 
 780      515F7375 
 780      7370656E 
 780      645F7374 
 781              	.LASF21:
 782 008e 45455F54 		.ascii	"EE_TID\000"
 782      494400
 783              	.LASF41:
 784 0095 6173775C 		.ascii	"asw\\tsk_control.c\000"
 784      74736B5F 
 784      636F6E74 
 784      726F6C2E 
 784      6300
 785              	.LASF13:
 786 00a7 666C6F61 		.ascii	"float\000"
 786      7400
 787              	.LASF34:
 788 00ad 5254455F 		.ascii	"RTE_eventActivationTable_tsk_control\000"
 788      6576656E 
 788      74416374 
 788      69766174 
 788      696F6E54 
 789              	.LASF9:
 790 00d2 6C6F6E67 		.ascii	"long long unsigned int\000"
 790      206C6F6E 
 790      6720756E 
 790      7369676E 
 790      65642069 
 791              	.LASF1:
 792 00e9 756E7369 		.ascii	"unsigned char\000"
ARM GAS  C:\Users\91819\AppData\Local\Temp\ccvQn4ll.s 			page 17


 792      676E6564 
 792      20636861 
 792      7200
 793              	.LASF40:
 794 00f7 474E5520 		.ascii	"GNU C11 5.4.1 20160609 (release) [ARM/embedded-5-br"
 794      43313120 
 794      352E342E 
 794      31203230 
 794      31363036 
 795 012a 616E6368 		.ascii	"anch revision 237715] -mcpu=cortex-m3 -mthumb -g -O"
 795      20726576 
 795      6973696F 
 795      6E203233 
 795      37373135 
 796 015d 67202D66 		.ascii	"g -ffunction-sections -ffat-lto-objects\000"
 796      66756E63 
 796      74696F6E 
 796      2D736563 
 796      74696F6E 
 797              	.LASF17:
 798 0185 45455F49 		.ascii	"EE_INT32\000"
 798      4E543332 
 798      00
 799              	.LASF7:
 800 018e 6C6F6E67 		.ascii	"long unsigned int\000"
 800      20756E73 
 800      69676E65 
 800      6420696E 
 800      7400
 801              	.LASF3:
 802 01a0 73686F72 		.ascii	"short unsigned int\000"
 802      7420756E 
 802      7369676E 
 802      65642069 
 802      6E7400
 803              	.LASF28:
 804 01b3 45455F6F 		.ascii	"EE_oo_IRQ_disable_count\000"
 804      6F5F4952 
 804      515F6469 
 804      7361626C 
 804      655F636F 
 805              	.LASF33:
 806 01cb 49544D5F 		.ascii	"ITM_RxBuffer\000"
 806      52784275 
 806      66666572 
 806      00
 807              	.LASF4:
 808 01d8 5F5F7569 		.ascii	"__uint16_t\000"
 808      6E743136 
 808      5F7400
 809              	.LASF24:
 810 01e3 5254455F 		.ascii	"RTE_event\000"
 810      6576656E 
 810      7400
 811              	.LASF38:
 812 01ed 45455F6F 		.ascii	"EE_oo_ClearEvent\000"
 812      6F5F436C 
ARM GAS  C:\Users\91819\AppData\Local\Temp\ccvQn4ll.s 			page 18


 812      65617245 
 812      76656E74 
 812      00
 813              	.LASF26:
 814 01fe 6576656E 		.ascii	"event\000"
 814      7400
 815              	.LASF31:
 816 0204 45455F73 		.ascii	"EE_std_endcycle_next_tid\000"
 816      74645F65 
 816      6E646379 
 816      636C655F 
 816      6E657874 
 817              	.LASF10:
 818 021d 756E7369 		.ascii	"unsigned int\000"
 818      676E6564 
 818      20696E74 
 818      00
 819              	.LASF20:
 820 022a 45455F46 		.ascii	"EE_FREG\000"
 820      52454700 
 821              	.LASF18:
 822 0232 45455F55 		.ascii	"EE_UINT32\000"
 822      494E5433 
 822      3200
 823              	.LASF15:
 824 023c 63686172 		.ascii	"char\000"
 824      00
 825              	.LASF30:
 826 0241 45455F41 		.ascii	"EE_ApplicationMode\000"
 826      70706C69 
 826      63617469 
 826      6F6E4D6F 
 826      646500
 827              	.LASF39:
 828 0254 5254455F 		.ascii	"RTE_ProcessEventTable\000"
 828      50726F63 
 828      65737345 
 828      76656E74 
 828      5461626C 
 829              	.LASF12:
 830 026a 696E7433 		.ascii	"int32_t\000"
 830      325F7400 
 831              	.LASF23:
 832 0272 73697A65 		.ascii	"sizetype\000"
 832      74797065 
 832      00
 833              	.LASF8:
 834 027b 6C6F6E67 		.ascii	"long long int\000"
 834      206C6F6E 
 834      6720696E 
 834      7400
 835              	.LASF42:
 836 0289 433A5C55 		.ascii	"C:\\Users\\91819\\Documents\\HDA_Sem2\\EAA\\Lab\\Wo"
 836      73657273 
 836      5C393138 
 836      31395C44 
 836      6F63756D 
ARM GAS  C:\Users\91819\AppData\Local\Temp\ccvQn4ll.s 			page 19


 837 02b5 726B7370 		.ascii	"rkspace01\\Workspace03\\electronicClock_v3.cydsn\\e"
 837      61636530 
 837      315C576F 
 837      726B7370 
 837      61636530 
 838 02e5 6C656374 		.ascii	"lectronicClock_v3.cydsn\\electronicClock.cydsn\000"
 838      726F6E69 
 838      63436C6F 
 838      636B5F76 
 838      332E6379 
 839              	.LASF19:
 840 0313 45455F55 		.ascii	"EE_UREG\000"
 840      52454700 
 841              	.LASF32:
 842 031b 45455F49 		.ascii	"EE_IRQ_nesting_level\000"
 842      52515F6E 
 842      65737469 
 842      6E675F6C 
 842      6576656C 
 843              	.LASF2:
 844 0330 73686F72 		.ascii	"short int\000"
 844      7420696E 
 844      7400
 845              	.LASF11:
 846 033a 75696E74 		.ascii	"uint16_t\000"
 846      31365F74 
 846      00
 847              	.LASF6:
 848 0343 6C6F6E67 		.ascii	"long int\000"
 848      20696E74 
 848      00
 849              	.LASF16:
 850 034c 6C6F6E67 		.ascii	"long double\000"
 850      20646F75 
 850      626C6500 
 851              	.LASF0:
 852 0358 7369676E 		.ascii	"signed char\000"
 852      65642063 
 852      68617200 
 853              	.LASF25:
 854 0364 5254455F 		.ascii	"RTE_pRunnable\000"
 854      7052756E 
 854      6E61626C 
 854      6500
 855              	.LASF37:
 856 0372 45455F6F 		.ascii	"EE_oo_GetEvent\000"
 856      6F5F4765 
 856      74457665 
 856      6E7400
 857              		.ident	"GCC: (GNU Tools for ARM Embedded Processors) 5.4.1 20160609 (release) [ARM/embedded-5-bran
