ARM GAS  C:\Users\91819\AppData\Local\Temp\ccXErJZc.s 			page 1


   1              		.syntax unified
   2              		.cpu cortex-m3
   3              		.fpu softvfp
   4              		.eabi_attribute 20, 1
   5              		.eabi_attribute 21, 1
   6              		.eabi_attribute 23, 3
   7              		.eabi_attribute 24, 1
   8              		.eabi_attribute 25, 1
   9              		.eabi_attribute 26, 1
  10              		.eabi_attribute 30, 1
  11              		.eabi_attribute 34, 1
  12              		.eabi_attribute 18, 4
  13              		.thumb
  14              		.syntax unified
  15              		.file	"tsk_tft.c"
  16              		.text
  17              	.Ltext0:
  18              		.cfi_sections	.debug_frame
  19              		.section	.text.Functsk_tft,"ax",%progbits
  20              		.align	2
  21              		.global	Functsk_tft
  22              		.thumb
  23              		.thumb_func
  24              		.type	Functsk_tft, %function
  25              	Functsk_tft:
  26              	.LFB111:
  27              		.file 1 "asw\\tsk_tft.c"
   1:asw/tsk_tft.c **** 
   2:asw/tsk_tft.c **** 
   3:asw/tsk_tft.c **** /*
   4:asw/tsk_tft.c ****  * Filename: tsk_tft.c
   5:asw/tsk_tft.c ****  *
   6:asw/tsk_tft.c ****  * Author: Autogenerated by H-DA RTE Generator, (c) Prof. Fromm
   7:asw/tsk_tft.c ****  */
   8:asw/tsk_tft.c **** 
   9:asw/tsk_tft.c **** #include "project.h"
  10:asw/tsk_tft.c **** #include "global.h"
  11:asw/tsk_tft.c **** #include "rte.h"
  12:asw/tsk_tft.c **** #include "rte_types.h"
  13:asw/tsk_tft.c **** #include "tsk_tft.h"
  14:asw/tsk_tft.c **** 
  15:asw/tsk_tft.c **** 
  16:asw/tsk_tft.c **** 
  17:asw/tsk_tft.c **** /* USER CODE START TSK_TFT_INCLUDE */
  18:asw/tsk_tft.c **** 
  19:asw/tsk_tft.c **** /* USER CODE END TSK_TFT_INCLUDE */
  20:asw/tsk_tft.c **** 
  21:asw/tsk_tft.c **** #include "swc_clock.h"
  22:asw/tsk_tft.c **** 
  23:asw/tsk_tft.c **** 
  24:asw/tsk_tft.c **** 
  25:asw/tsk_tft.c **** /* USER CODE START TSK_TFT_USERDEFINITIONS */
  26:asw/tsk_tft.c **** 
  27:asw/tsk_tft.c **** /* USER CODE END TSK_TFT_USERDEFINITIONS */
  28:asw/tsk_tft.c **** 
  29:asw/tsk_tft.c **** /*******************************************************************************
  30:asw/tsk_tft.c ****  * Runnable Tables from Activation Engine
ARM GAS  C:\Users\91819\AppData\Local\Temp\ccXErJZc.s 			page 2


  31:asw/tsk_tft.c ****  *******************************************************************************/
  32:asw/tsk_tft.c **** 
  33:asw/tsk_tft.c **** /* Cyclic Table */
  34:asw/tsk_tft.c **** 
  35:asw/tsk_tft.c **** const RTE_cyclicTable_t RTE_cyclicActivationTable_tsk_tft[] = {
  36:asw/tsk_tft.c **** 	{ CLOCK_display_run, 250 },	//Runnable 
  37:asw/tsk_tft.c **** };
  38:asw/tsk_tft.c **** const uint16_t RTE_cyclicActivation_tsk_tft_size = sizeof (RTE_cyclicActivationTable_tsk_tft) / siz
  39:asw/tsk_tft.c **** 
  40:asw/tsk_tft.c **** /*******************************************************************************
  41:asw/tsk_tft.c ****  * Task Body
  42:asw/tsk_tft.c ****  *******************************************************************************/
  43:asw/tsk_tft.c **** 
  44:asw/tsk_tft.c **** 
  45:asw/tsk_tft.c **** /*
  46:asw/tsk_tft.c **** * description: Task doing work
  47:asw/tsk_tft.c **** * events: 
  48:asw/tsk_tft.c **** * mode: Cyclic 
  49:asw/tsk_tft.c **** * name: tsk_tft
  50:asw/tsk_tft.c **** * shortname: tft
  51:asw/tsk_tft.c **** * signalpoolsRO: sp_common
  52:asw/tsk_tft.c **** * signalpoolsRW: sp_common
  53:asw/tsk_tft.c **** * tickEvent: 0
  54:asw/tsk_tft.c **** * timertickperiod: 250
  55:asw/tsk_tft.c **** */
  56:asw/tsk_tft.c **** TASK(tsk_tft)
  57:asw/tsk_tft.c **** {
  28              		.loc 1 57 0
  29              		.cfi_startproc
  30              		@ args = 0, pretend = 0, frame = 0
  31              		@ frame_needed = 0, uses_anonymous_args = 0
  32 0000 10B5     		push	{r4, lr}
  33              		.cfi_def_cfa_offset 8
  34              		.cfi_offset 4, -8
  35              		.cfi_offset 14, -4
  58:asw/tsk_tft.c **** 	/* ticktime of the task */
  59:asw/tsk_tft.c **** 	static uint32_t ticktime = 0;
  60:asw/tsk_tft.c **** 	
  61:asw/tsk_tft.c ****     
  62:asw/tsk_tft.c **** 		/* USER CODE START TSK_TFT_TASKBOBY_PRE */
  63:asw/tsk_tft.c **** 
  64:asw/tsk_tft.c **** 		/* USER CODE END TSK_TFT_TASKBODY_PRE */
  65:asw/tsk_tft.c ****         
  66:asw/tsk_tft.c ****             //Process Cyclic table on tick
  67:asw/tsk_tft.c ****             RTE_ProcessCyclicTable(RTE_cyclicActivationTable_tsk_tft, RTE_cyclicActivation_tsk_tft_
  36              		.loc 1 67 0
  37 0002 074C     		ldr	r4, .L4
  38 0004 2268     		ldr	r2, [r4]
  39 0006 0121     		movs	r1, #1
  40 0008 0648     		ldr	r0, .L4+4
  41 000a FFF7FEFF 		bl	RTE_ProcessCyclicTable
  42              	.LVL0:
  68:asw/tsk_tft.c **** 
  69:asw/tsk_tft.c **** 			ticktime += 250;
  43              		.loc 1 69 0
  44 000e 2368     		ldr	r3, [r4]
  45 0010 FA33     		adds	r3, r3, #250
ARM GAS  C:\Users\91819\AppData\Local\Temp\ccXErJZc.s 			page 3


  46 0012 2360     		str	r3, [r4]
  70:asw/tsk_tft.c **** 			if (ticktime > 0xFFFFFF00) ticktime = 0;
  47              		.loc 1 70 0
  48 0014 13F5807F 		cmn	r3, #256
  49 0018 01D9     		bls	.L1
  50              		.loc 1 70 0 is_stmt 0 discriminator 1
  51 001a 0022     		movs	r2, #0
  52 001c 2260     		str	r2, [r4]
  53              	.L1:
  54 001e 10BD     		pop	{r4, pc}
  55              	.L5:
  56              		.align	2
  57              	.L4:
  58 0020 00000000 		.word	.LANCHOR0
  59 0024 00000000 		.word	.LANCHOR1
  60              		.cfi_endproc
  61              	.LFE111:
  62              		.size	Functsk_tft, .-Functsk_tft
  63              		.global	RTE_cyclicActivation_tsk_tft_size
  64              		.global	RTE_cyclicActivationTable_tsk_tft
  65              		.section	.rodata
  66              		.align	2
  67              		.set	.LANCHOR1,. + 0
  68              		.type	RTE_cyclicActivationTable_tsk_tft, %object
  69              		.size	RTE_cyclicActivationTable_tsk_tft, 8
  70              	RTE_cyclicActivationTable_tsk_tft:
  71 0000 00000000 		.word	CLOCK_display_run
  72 0004 FA00     		.short	250
  73 0006 0000     		.space	2
  74              		.type	RTE_cyclicActivation_tsk_tft_size, %object
  75              		.size	RTE_cyclicActivation_tsk_tft_size, 2
  76              	RTE_cyclicActivation_tsk_tft_size:
  77 0008 0100     		.short	1
  78              		.bss
  79              		.align	2
  80              		.set	.LANCHOR0,. + 0
  81              		.type	ticktime.8342, %object
  82              		.size	ticktime.8342, 4
  83              	ticktime.8342:
  84 0000 00000000 		.space	4
  85              		.text
  86              	.Letext0:
  87              		.file 2 "c:\\program files (x86)\\cypress\\psoc creator\\4.4\\psoc creator\\import\\gnu\\arm\\5.4.
  88              		.file 3 "c:\\program files (x86)\\cypress\\psoc creator\\4.4\\psoc creator\\import\\gnu\\arm\\5.4.
  89              		.file 4 "Generated_Source\\PSoC5/ErikaOS_1_common_ee_types.inc"
  90              		.file 5 "Generated_Source\\PSoC5/ErikaOS_1_cortex_mx_ee_cpu.inc"
  91              		.file 6 "Generated_Source\\PSoC5/ErikaOS_1_ee_oo_common.inc"
  92              		.file 7 ".\\rte/rte_types.h"
  93              		.file 8 ".\\rte/rte.h"
  94              		.file 9 "Generated_Source\\PSoC5/ErikaOS_1_ee_oo_intfunc.inc"
  95              		.file 10 "Generated_Source\\PSoC5/ErikaOS_1_cortex_mx_ee_context.inc"
  96              		.file 11 "Generated_Source\\PSoC5/ErikaOS_1_common_ee_primitives.inc"
  97              		.file 12 "Generated_Source\\PSoC5/core_cm3.h"
  98              		.section	.debug_info,"",%progbits
  99              	.Ldebug_info0:
 100 0000 36020000 		.4byte	0x236
 101 0004 0400     		.2byte	0x4
ARM GAS  C:\Users\91819\AppData\Local\Temp\ccXErJZc.s 			page 4


 102 0006 00000000 		.4byte	.Ldebug_abbrev0
 103 000a 04       		.byte	0x4
 104 000b 01       		.uleb128 0x1
 105 000c D2000000 		.4byte	.LASF38
 106 0010 0C       		.byte	0xc
 107 0011 CE020000 		.4byte	.LASF39
 108 0015 44020000 		.4byte	.LASF40
 109 0019 00000000 		.4byte	.Ldebug_ranges0+0
 110 001d 00000000 		.4byte	0
 111 0021 00000000 		.4byte	.Ldebug_line0
 112 0025 02       		.uleb128 0x2
 113 0026 01       		.byte	0x1
 114 0027 06       		.byte	0x6
 115 0028 4C030000 		.4byte	.LASF0
 116 002c 02       		.uleb128 0x2
 117 002d 01       		.byte	0x1
 118 002e 08       		.byte	0x8
 119 002f C4000000 		.4byte	.LASF1
 120 0033 02       		.uleb128 0x2
 121 0034 02       		.byte	0x2
 122 0035 05       		.byte	0x5
 123 0036 1B030000 		.4byte	.LASF2
 124 003a 03       		.uleb128 0x3
 125 003b B3010000 		.4byte	.LASF4
 126 003f 02       		.byte	0x2
 127 0040 2B       		.byte	0x2b
 128 0041 45000000 		.4byte	0x45
 129 0045 02       		.uleb128 0x2
 130 0046 02       		.byte	0x2
 131 0047 07       		.byte	0x7
 132 0048 7B010000 		.4byte	.LASF3
 133 004c 03       		.uleb128 0x3
 134 004d 12000000 		.4byte	.LASF5
 135 0051 02       		.byte	0x2
 136 0052 3F       		.byte	0x3f
 137 0053 57000000 		.4byte	0x57
 138 0057 02       		.uleb128 0x2
 139 0058 04       		.byte	0x4
 140 0059 05       		.byte	0x5
 141 005a 37030000 		.4byte	.LASF6
 142 005e 03       		.uleb128 0x3
 143 005f C8010000 		.4byte	.LASF7
 144 0063 02       		.byte	0x2
 145 0064 41       		.byte	0x41
 146 0065 69000000 		.4byte	0x69
 147 0069 02       		.uleb128 0x2
 148 006a 04       		.byte	0x4
 149 006b 07       		.byte	0x7
 150 006c 69010000 		.4byte	.LASF8
 151 0070 02       		.uleb128 0x2
 152 0071 08       		.byte	0x8
 153 0072 05       		.byte	0x5
 154 0073 36020000 		.4byte	.LASF9
 155 0077 02       		.uleb128 0x2
 156 0078 08       		.byte	0x8
 157 0079 07       		.byte	0x7
 158 007a A3000000 		.4byte	.LASF10
ARM GAS  C:\Users\91819\AppData\Local\Temp\ccXErJZc.s 			page 5


 159 007e 04       		.uleb128 0x4
 160 007f 04       		.byte	0x4
 161 0080 05       		.byte	0x5
 162 0081 696E7400 		.ascii	"int\000"
 163 0085 02       		.uleb128 0x2
 164 0086 04       		.byte	0x4
 165 0087 07       		.byte	0x7
 166 0088 E5010000 		.4byte	.LASF11
 167 008c 03       		.uleb128 0x3
 168 008d 25030000 		.4byte	.LASF12
 169 0091 03       		.byte	0x3
 170 0092 24       		.byte	0x24
 171 0093 3A000000 		.4byte	0x3a
 172 0097 03       		.uleb128 0x3
 173 0098 25020000 		.4byte	.LASF13
 174 009c 03       		.byte	0x3
 175 009d 2C       		.byte	0x2c
 176 009e 4C000000 		.4byte	0x4c
 177 00a2 03       		.uleb128 0x3
 178 00a3 2E030000 		.4byte	.LASF14
 179 00a7 03       		.byte	0x3
 180 00a8 30       		.byte	0x30
 181 00a9 5E000000 		.4byte	0x5e
 182 00ad 02       		.uleb128 0x2
 183 00ae 04       		.byte	0x4
 184 00af 04       		.byte	0x4
 185 00b0 0C000000 		.4byte	.LASF15
 186 00b4 02       		.uleb128 0x2
 187 00b5 08       		.byte	0x8
 188 00b6 04       		.byte	0x4
 189 00b7 4C000000 		.4byte	.LASF16
 190 00bb 02       		.uleb128 0x2
 191 00bc 01       		.byte	0x1
 192 00bd 08       		.byte	0x8
 193 00be 0D020000 		.4byte	.LASF17
 194 00c2 02       		.uleb128 0x2
 195 00c3 08       		.byte	0x8
 196 00c4 04       		.byte	0x4
 197 00c5 40030000 		.4byte	.LASF18
 198 00c9 03       		.uleb128 0x3
 199 00ca 60010000 		.4byte	.LASF19
 200 00ce 04       		.byte	0x4
 201 00cf 53       		.byte	0x53
 202 00d0 7E000000 		.4byte	0x7e
 203 00d4 03       		.uleb128 0x3
 204 00d5 FA010000 		.4byte	.LASF20
 205 00d9 04       		.byte	0x4
 206 00da 54       		.byte	0x54
 207 00db 85000000 		.4byte	0x85
 208 00df 03       		.uleb128 0x3
 209 00e0 DC020000 		.4byte	.LASF21
 210 00e4 05       		.byte	0x5
 211 00e5 4D       		.byte	0x4d
 212 00e6 D4000000 		.4byte	0xd4
 213 00ea 03       		.uleb128 0x3
 214 00eb F2010000 		.4byte	.LASF22
 215 00ef 05       		.byte	0x5
ARM GAS  C:\Users\91819\AppData\Local\Temp\ccXErJZc.s 			page 6


 216 00f0 4F       		.byte	0x4f
 217 00f1 D4000000 		.4byte	0xd4
 218 00f5 03       		.uleb128 0x3
 219 00f6 6C000000 		.4byte	.LASF23
 220 00fa 05       		.byte	0x5
 221 00fb 78       		.byte	0x78
 222 00fc C9000000 		.4byte	0xc9
 223 0100 05       		.uleb128 0x5
 224 0101 1C000000 		.4byte	.LASF24
 225 0105 06       		.byte	0x6
 226 0106 2C02     		.2byte	0x22c
 227 0108 DF000000 		.4byte	0xdf
 228 010c 02       		.uleb128 0x2
 229 010d 04       		.byte	0x4
 230 010e 07       		.byte	0x7
 231 010f 2D020000 		.4byte	.LASF25
 232 0113 03       		.uleb128 0x3
 233 0114 BE010000 		.4byte	.LASF26
 234 0118 07       		.byte	0x7
 235 0119 21       		.byte	0x21
 236 011a 00010000 		.4byte	0x100
 237 011e 03       		.uleb128 0x3
 238 011f 58030000 		.4byte	.LASF27
 239 0123 08       		.byte	0x8
 240 0124 66       		.byte	0x66
 241 0125 29010000 		.4byte	0x129
 242 0129 06       		.uleb128 0x6
 243 012a 04       		.byte	0x4
 244 012b 2F010000 		.4byte	0x12f
 245 012f 07       		.uleb128 0x7
 246 0130 3A010000 		.4byte	0x13a
 247 0134 08       		.uleb128 0x8
 248 0135 13010000 		.4byte	0x113
 249 0139 00       		.byte	0
 250 013a 09       		.uleb128 0x9
 251 013b 08       		.byte	0x8
 252 013c 08       		.byte	0x8
 253 013d 6B       		.byte	0x6b
 254 013e 5B010000 		.4byte	0x15b
 255 0142 0A       		.uleb128 0xa
 256 0143 72756E00 		.ascii	"run\000"
 257 0147 08       		.byte	0x8
 258 0148 6D       		.byte	0x6d
 259 0149 1E010000 		.4byte	0x11e
 260 014d 00       		.byte	0
 261 014e 0B       		.uleb128 0xb
 262 014f BA000000 		.4byte	.LASF28
 263 0153 08       		.byte	0x8
 264 0154 6E       		.byte	0x6e
 265 0155 8C000000 		.4byte	0x8c
 266 0159 04       		.byte	0x4
 267 015a 00       		.byte	0
 268 015b 03       		.uleb128 0x3
 269 015c D3010000 		.4byte	.LASF29
 270 0160 08       		.byte	0x8
 271 0161 6F       		.byte	0x6f
 272 0162 3A010000 		.4byte	0x13a
ARM GAS  C:\Users\91819\AppData\Local\Temp\ccXErJZc.s 			page 7


 273 0166 0C       		.uleb128 0xc
 274 0167 00000000 		.4byte	.LASF41
 275 016b 01       		.byte	0x1
 276 016c 38       		.byte	0x38
 277 016d 00000000 		.4byte	.LFB111
 278 0171 28000000 		.4byte	.LFE111-.LFB111
 279 0175 01       		.uleb128 0x1
 280 0176 9C       		.byte	0x9c
 281 0177 A5010000 		.4byte	0x1a5
 282 017b 0D       		.uleb128 0xd
 283 017c 04020000 		.4byte	.LASF42
 284 0180 01       		.byte	0x1
 285 0181 3B       		.byte	0x3b
 286 0182 A2000000 		.4byte	0xa2
 287 0186 05       		.uleb128 0x5
 288 0187 03       		.byte	0x3
 289 0188 00000000 		.4byte	ticktime.8342
 290 018c 0E       		.uleb128 0xe
 291 018d 0E000000 		.4byte	.LVL0
 292 0191 2E020000 		.4byte	0x22e
 293 0195 0F       		.uleb128 0xf
 294 0196 01       		.uleb128 0x1
 295 0197 50       		.byte	0x50
 296 0198 05       		.uleb128 0x5
 297 0199 03       		.byte	0x3
 298 019a 00000000 		.4byte	.LANCHOR1
 299 019e 0F       		.uleb128 0xf
 300 019f 01       		.uleb128 0x1
 301 01a0 51       		.byte	0x51
 302 01a1 01       		.uleb128 0x1
 303 01a2 31       		.byte	0x31
 304 01a3 00       		.byte	0
 305 01a4 00       		.byte	0
 306 01a5 10       		.uleb128 0x10
 307 01a6 8E010000 		.4byte	.LASF30
 308 01aa 09       		.byte	0x9
 309 01ab 40       		.byte	0x40
 310 01ac DF000000 		.4byte	0xdf
 311 01b0 10       		.uleb128 0x10
 312 01b1 53000000 		.4byte	.LASF31
 313 01b5 09       		.byte	0x9
 314 01b6 47       		.byte	0x47
 315 01b7 EA000000 		.4byte	0xea
 316 01bb 10       		.uleb128 0x10
 317 01bc 12020000 		.4byte	.LASF32
 318 01c0 09       		.byte	0x9
 319 01c1 4A       		.byte	0x4a
 320 01c2 DF000000 		.4byte	0xdf
 321 01c6 10       		.uleb128 0x10
 322 01c7 8A000000 		.4byte	.LASF33
 323 01cb 0A       		.byte	0xa
 324 01cc 48       		.byte	0x48
 325 01cd F5000000 		.4byte	0xf5
 326 01d1 10       		.uleb128 0x10
 327 01d2 E4020000 		.4byte	.LASF34
 328 01d6 0B       		.byte	0xb
 329 01d7 44       		.byte	0x44
ARM GAS  C:\Users\91819\AppData\Local\Temp\ccXErJZc.s 			page 8


 330 01d8 DF000000 		.4byte	0xdf
 331 01dc 11       		.uleb128 0x11
 332 01dd A6010000 		.4byte	.LASF35
 333 01e1 0C       		.byte	0xc
 334 01e2 1207     		.2byte	0x712
 335 01e4 E8010000 		.4byte	0x1e8
 336 01e8 12       		.uleb128 0x12
 337 01e9 97000000 		.4byte	0x97
 338 01ed 13       		.uleb128 0x13
 339 01ee FD010000 		.4byte	0x1fd
 340 01f2 FD010000 		.4byte	0x1fd
 341 01f6 14       		.uleb128 0x14
 342 01f7 0C010000 		.4byte	0x10c
 343 01fb 00       		.byte	0
 344 01fc 00       		.byte	0
 345 01fd 15       		.uleb128 0x15
 346 01fe 5B010000 		.4byte	0x15b
 347 0202 16       		.uleb128 0x16
 348 0203 2A000000 		.4byte	.LASF36
 349 0207 01       		.byte	0x1
 350 0208 23       		.byte	0x23
 351 0209 13020000 		.4byte	0x213
 352 020d 05       		.uleb128 0x5
 353 020e 03       		.byte	0x3
 354 020f 00000000 		.4byte	RTE_cyclicActivationTable_tsk_tft
 355 0213 15       		.uleb128 0x15
 356 0214 ED010000 		.4byte	0x1ed
 357 0218 16       		.uleb128 0x16
 358 0219 F9020000 		.4byte	.LASF37
 359 021d 01       		.byte	0x1
 360 021e 26       		.byte	0x26
 361 021f 29020000 		.4byte	0x229
 362 0223 05       		.uleb128 0x5
 363 0224 03       		.byte	0x3
 364 0225 00000000 		.4byte	RTE_cyclicActivation_tsk_tft_size
 365 0229 15       		.uleb128 0x15
 366 022a 8C000000 		.4byte	0x8c
 367 022e 17       		.uleb128 0x17
 368 022f 73000000 		.4byte	.LASF43
 369 0233 73000000 		.4byte	.LASF43
 370 0237 08       		.byte	0x8
 371 0238 8E       		.byte	0x8e
 372 0239 00       		.byte	0
 373              		.section	.debug_abbrev,"",%progbits
 374              	.Ldebug_abbrev0:
 375 0000 01       		.uleb128 0x1
 376 0001 11       		.uleb128 0x11
 377 0002 01       		.byte	0x1
 378 0003 25       		.uleb128 0x25
 379 0004 0E       		.uleb128 0xe
 380 0005 13       		.uleb128 0x13
 381 0006 0B       		.uleb128 0xb
 382 0007 03       		.uleb128 0x3
 383 0008 0E       		.uleb128 0xe
 384 0009 1B       		.uleb128 0x1b
 385 000a 0E       		.uleb128 0xe
 386 000b 55       		.uleb128 0x55
ARM GAS  C:\Users\91819\AppData\Local\Temp\ccXErJZc.s 			page 9


 387 000c 17       		.uleb128 0x17
 388 000d 11       		.uleb128 0x11
 389 000e 01       		.uleb128 0x1
 390 000f 10       		.uleb128 0x10
 391 0010 17       		.uleb128 0x17
 392 0011 00       		.byte	0
 393 0012 00       		.byte	0
 394 0013 02       		.uleb128 0x2
 395 0014 24       		.uleb128 0x24
 396 0015 00       		.byte	0
 397 0016 0B       		.uleb128 0xb
 398 0017 0B       		.uleb128 0xb
 399 0018 3E       		.uleb128 0x3e
 400 0019 0B       		.uleb128 0xb
 401 001a 03       		.uleb128 0x3
 402 001b 0E       		.uleb128 0xe
 403 001c 00       		.byte	0
 404 001d 00       		.byte	0
 405 001e 03       		.uleb128 0x3
 406 001f 16       		.uleb128 0x16
 407 0020 00       		.byte	0
 408 0021 03       		.uleb128 0x3
 409 0022 0E       		.uleb128 0xe
 410 0023 3A       		.uleb128 0x3a
 411 0024 0B       		.uleb128 0xb
 412 0025 3B       		.uleb128 0x3b
 413 0026 0B       		.uleb128 0xb
 414 0027 49       		.uleb128 0x49
 415 0028 13       		.uleb128 0x13
 416 0029 00       		.byte	0
 417 002a 00       		.byte	0
 418 002b 04       		.uleb128 0x4
 419 002c 24       		.uleb128 0x24
 420 002d 00       		.byte	0
 421 002e 0B       		.uleb128 0xb
 422 002f 0B       		.uleb128 0xb
 423 0030 3E       		.uleb128 0x3e
 424 0031 0B       		.uleb128 0xb
 425 0032 03       		.uleb128 0x3
 426 0033 08       		.uleb128 0x8
 427 0034 00       		.byte	0
 428 0035 00       		.byte	0
 429 0036 05       		.uleb128 0x5
 430 0037 16       		.uleb128 0x16
 431 0038 00       		.byte	0
 432 0039 03       		.uleb128 0x3
 433 003a 0E       		.uleb128 0xe
 434 003b 3A       		.uleb128 0x3a
 435 003c 0B       		.uleb128 0xb
 436 003d 3B       		.uleb128 0x3b
 437 003e 05       		.uleb128 0x5
 438 003f 49       		.uleb128 0x49
 439 0040 13       		.uleb128 0x13
 440 0041 00       		.byte	0
 441 0042 00       		.byte	0
 442 0043 06       		.uleb128 0x6
 443 0044 0F       		.uleb128 0xf
ARM GAS  C:\Users\91819\AppData\Local\Temp\ccXErJZc.s 			page 10


 444 0045 00       		.byte	0
 445 0046 0B       		.uleb128 0xb
 446 0047 0B       		.uleb128 0xb
 447 0048 49       		.uleb128 0x49
 448 0049 13       		.uleb128 0x13
 449 004a 00       		.byte	0
 450 004b 00       		.byte	0
 451 004c 07       		.uleb128 0x7
 452 004d 15       		.uleb128 0x15
 453 004e 01       		.byte	0x1
 454 004f 27       		.uleb128 0x27
 455 0050 19       		.uleb128 0x19
 456 0051 01       		.uleb128 0x1
 457 0052 13       		.uleb128 0x13
 458 0053 00       		.byte	0
 459 0054 00       		.byte	0
 460 0055 08       		.uleb128 0x8
 461 0056 05       		.uleb128 0x5
 462 0057 00       		.byte	0
 463 0058 49       		.uleb128 0x49
 464 0059 13       		.uleb128 0x13
 465 005a 00       		.byte	0
 466 005b 00       		.byte	0
 467 005c 09       		.uleb128 0x9
 468 005d 13       		.uleb128 0x13
 469 005e 01       		.byte	0x1
 470 005f 0B       		.uleb128 0xb
 471 0060 0B       		.uleb128 0xb
 472 0061 3A       		.uleb128 0x3a
 473 0062 0B       		.uleb128 0xb
 474 0063 3B       		.uleb128 0x3b
 475 0064 0B       		.uleb128 0xb
 476 0065 01       		.uleb128 0x1
 477 0066 13       		.uleb128 0x13
 478 0067 00       		.byte	0
 479 0068 00       		.byte	0
 480 0069 0A       		.uleb128 0xa
 481 006a 0D       		.uleb128 0xd
 482 006b 00       		.byte	0
 483 006c 03       		.uleb128 0x3
 484 006d 08       		.uleb128 0x8
 485 006e 3A       		.uleb128 0x3a
 486 006f 0B       		.uleb128 0xb
 487 0070 3B       		.uleb128 0x3b
 488 0071 0B       		.uleb128 0xb
 489 0072 49       		.uleb128 0x49
 490 0073 13       		.uleb128 0x13
 491 0074 38       		.uleb128 0x38
 492 0075 0B       		.uleb128 0xb
 493 0076 00       		.byte	0
 494 0077 00       		.byte	0
 495 0078 0B       		.uleb128 0xb
 496 0079 0D       		.uleb128 0xd
 497 007a 00       		.byte	0
 498 007b 03       		.uleb128 0x3
 499 007c 0E       		.uleb128 0xe
 500 007d 3A       		.uleb128 0x3a
ARM GAS  C:\Users\91819\AppData\Local\Temp\ccXErJZc.s 			page 11


 501 007e 0B       		.uleb128 0xb
 502 007f 3B       		.uleb128 0x3b
 503 0080 0B       		.uleb128 0xb
 504 0081 49       		.uleb128 0x49
 505 0082 13       		.uleb128 0x13
 506 0083 38       		.uleb128 0x38
 507 0084 0B       		.uleb128 0xb
 508 0085 00       		.byte	0
 509 0086 00       		.byte	0
 510 0087 0C       		.uleb128 0xc
 511 0088 2E       		.uleb128 0x2e
 512 0089 01       		.byte	0x1
 513 008a 3F       		.uleb128 0x3f
 514 008b 19       		.uleb128 0x19
 515 008c 03       		.uleb128 0x3
 516 008d 0E       		.uleb128 0xe
 517 008e 3A       		.uleb128 0x3a
 518 008f 0B       		.uleb128 0xb
 519 0090 3B       		.uleb128 0x3b
 520 0091 0B       		.uleb128 0xb
 521 0092 27       		.uleb128 0x27
 522 0093 19       		.uleb128 0x19
 523 0094 11       		.uleb128 0x11
 524 0095 01       		.uleb128 0x1
 525 0096 12       		.uleb128 0x12
 526 0097 06       		.uleb128 0x6
 527 0098 40       		.uleb128 0x40
 528 0099 18       		.uleb128 0x18
 529 009a 9742     		.uleb128 0x2117
 530 009c 19       		.uleb128 0x19
 531 009d 01       		.uleb128 0x1
 532 009e 13       		.uleb128 0x13
 533 009f 00       		.byte	0
 534 00a0 00       		.byte	0
 535 00a1 0D       		.uleb128 0xd
 536 00a2 34       		.uleb128 0x34
 537 00a3 00       		.byte	0
 538 00a4 03       		.uleb128 0x3
 539 00a5 0E       		.uleb128 0xe
 540 00a6 3A       		.uleb128 0x3a
 541 00a7 0B       		.uleb128 0xb
 542 00a8 3B       		.uleb128 0x3b
 543 00a9 0B       		.uleb128 0xb
 544 00aa 49       		.uleb128 0x49
 545 00ab 13       		.uleb128 0x13
 546 00ac 02       		.uleb128 0x2
 547 00ad 18       		.uleb128 0x18
 548 00ae 00       		.byte	0
 549 00af 00       		.byte	0
 550 00b0 0E       		.uleb128 0xe
 551 00b1 898201   		.uleb128 0x4109
 552 00b4 01       		.byte	0x1
 553 00b5 11       		.uleb128 0x11
 554 00b6 01       		.uleb128 0x1
 555 00b7 31       		.uleb128 0x31
 556 00b8 13       		.uleb128 0x13
 557 00b9 00       		.byte	0
ARM GAS  C:\Users\91819\AppData\Local\Temp\ccXErJZc.s 			page 12


 558 00ba 00       		.byte	0
 559 00bb 0F       		.uleb128 0xf
 560 00bc 8A8201   		.uleb128 0x410a
 561 00bf 00       		.byte	0
 562 00c0 02       		.uleb128 0x2
 563 00c1 18       		.uleb128 0x18
 564 00c2 9142     		.uleb128 0x2111
 565 00c4 18       		.uleb128 0x18
 566 00c5 00       		.byte	0
 567 00c6 00       		.byte	0
 568 00c7 10       		.uleb128 0x10
 569 00c8 34       		.uleb128 0x34
 570 00c9 00       		.byte	0
 571 00ca 03       		.uleb128 0x3
 572 00cb 0E       		.uleb128 0xe
 573 00cc 3A       		.uleb128 0x3a
 574 00cd 0B       		.uleb128 0xb
 575 00ce 3B       		.uleb128 0x3b
 576 00cf 0B       		.uleb128 0xb
 577 00d0 49       		.uleb128 0x49
 578 00d1 13       		.uleb128 0x13
 579 00d2 3F       		.uleb128 0x3f
 580 00d3 19       		.uleb128 0x19
 581 00d4 3C       		.uleb128 0x3c
 582 00d5 19       		.uleb128 0x19
 583 00d6 00       		.byte	0
 584 00d7 00       		.byte	0
 585 00d8 11       		.uleb128 0x11
 586 00d9 34       		.uleb128 0x34
 587 00da 00       		.byte	0
 588 00db 03       		.uleb128 0x3
 589 00dc 0E       		.uleb128 0xe
 590 00dd 3A       		.uleb128 0x3a
 591 00de 0B       		.uleb128 0xb
 592 00df 3B       		.uleb128 0x3b
 593 00e0 05       		.uleb128 0x5
 594 00e1 49       		.uleb128 0x49
 595 00e2 13       		.uleb128 0x13
 596 00e3 3F       		.uleb128 0x3f
 597 00e4 19       		.uleb128 0x19
 598 00e5 3C       		.uleb128 0x3c
 599 00e6 19       		.uleb128 0x19
 600 00e7 00       		.byte	0
 601 00e8 00       		.byte	0
 602 00e9 12       		.uleb128 0x12
 603 00ea 35       		.uleb128 0x35
 604 00eb 00       		.byte	0
 605 00ec 49       		.uleb128 0x49
 606 00ed 13       		.uleb128 0x13
 607 00ee 00       		.byte	0
 608 00ef 00       		.byte	0
 609 00f0 13       		.uleb128 0x13
 610 00f1 01       		.uleb128 0x1
 611 00f2 01       		.byte	0x1
 612 00f3 49       		.uleb128 0x49
 613 00f4 13       		.uleb128 0x13
 614 00f5 01       		.uleb128 0x1
ARM GAS  C:\Users\91819\AppData\Local\Temp\ccXErJZc.s 			page 13


 615 00f6 13       		.uleb128 0x13
 616 00f7 00       		.byte	0
 617 00f8 00       		.byte	0
 618 00f9 14       		.uleb128 0x14
 619 00fa 21       		.uleb128 0x21
 620 00fb 00       		.byte	0
 621 00fc 49       		.uleb128 0x49
 622 00fd 13       		.uleb128 0x13
 623 00fe 2F       		.uleb128 0x2f
 624 00ff 0B       		.uleb128 0xb
 625 0100 00       		.byte	0
 626 0101 00       		.byte	0
 627 0102 15       		.uleb128 0x15
 628 0103 26       		.uleb128 0x26
 629 0104 00       		.byte	0
 630 0105 49       		.uleb128 0x49
 631 0106 13       		.uleb128 0x13
 632 0107 00       		.byte	0
 633 0108 00       		.byte	0
 634 0109 16       		.uleb128 0x16
 635 010a 34       		.uleb128 0x34
 636 010b 00       		.byte	0
 637 010c 03       		.uleb128 0x3
 638 010d 0E       		.uleb128 0xe
 639 010e 3A       		.uleb128 0x3a
 640 010f 0B       		.uleb128 0xb
 641 0110 3B       		.uleb128 0x3b
 642 0111 0B       		.uleb128 0xb
 643 0112 49       		.uleb128 0x49
 644 0113 13       		.uleb128 0x13
 645 0114 3F       		.uleb128 0x3f
 646 0115 19       		.uleb128 0x19
 647 0116 02       		.uleb128 0x2
 648 0117 18       		.uleb128 0x18
 649 0118 00       		.byte	0
 650 0119 00       		.byte	0
 651 011a 17       		.uleb128 0x17
 652 011b 2E       		.uleb128 0x2e
 653 011c 00       		.byte	0
 654 011d 3F       		.uleb128 0x3f
 655 011e 19       		.uleb128 0x19
 656 011f 3C       		.uleb128 0x3c
 657 0120 19       		.uleb128 0x19
 658 0121 6E       		.uleb128 0x6e
 659 0122 0E       		.uleb128 0xe
 660 0123 03       		.uleb128 0x3
 661 0124 0E       		.uleb128 0xe
 662 0125 3A       		.uleb128 0x3a
 663 0126 0B       		.uleb128 0xb
 664 0127 3B       		.uleb128 0x3b
 665 0128 0B       		.uleb128 0xb
 666 0129 00       		.byte	0
 667 012a 00       		.byte	0
 668 012b 00       		.byte	0
 669              		.section	.debug_aranges,"",%progbits
 670 0000 1C000000 		.4byte	0x1c
 671 0004 0200     		.2byte	0x2
ARM GAS  C:\Users\91819\AppData\Local\Temp\ccXErJZc.s 			page 14


 672 0006 00000000 		.4byte	.Ldebug_info0
 673 000a 04       		.byte	0x4
 674 000b 00       		.byte	0
 675 000c 0000     		.2byte	0
 676 000e 0000     		.2byte	0
 677 0010 00000000 		.4byte	.LFB111
 678 0014 28000000 		.4byte	.LFE111-.LFB111
 679 0018 00000000 		.4byte	0
 680 001c 00000000 		.4byte	0
 681              		.section	.debug_ranges,"",%progbits
 682              	.Ldebug_ranges0:
 683 0000 00000000 		.4byte	.LFB111
 684 0004 28000000 		.4byte	.LFE111
 685 0008 00000000 		.4byte	0
 686 000c 00000000 		.4byte	0
 687              		.section	.debug_line,"",%progbits
 688              	.Ldebug_line0:
 689 0000 50020000 		.section	.debug_str,"MS",%progbits,1
 689      02003002 
 689      00000201 
 689      FB0E0D00 
 689      01010101 
 690              	.LASF41:
 691 0000 46756E63 		.ascii	"Functsk_tft\000"
 691      74736B5F 
 691      74667400 
 692              	.LASF15:
 693 000c 666C6F61 		.ascii	"float\000"
 693      7400
 694              	.LASF5:
 695 0012 5F5F696E 		.ascii	"__int32_t\000"
 695      7433325F 
 695      7400
 696              	.LASF24:
 697 001c 4576656E 		.ascii	"EventMaskType\000"
 697      744D6173 
 697      6B547970 
 697      6500
 698              	.LASF36:
 699 002a 5254455F 		.ascii	"RTE_cyclicActivationTable_tsk_tft\000"
 699      6379636C 
 699      69634163 
 699      74697661 
 699      74696F6E 
 700              	.LASF16:
 701 004c 646F7562 		.ascii	"double\000"
 701      6C6500
 702              	.LASF31:
 703 0053 45455F6F 		.ascii	"EE_oo_IRQ_suspend_status\000"
 703      6F5F4952 
 703      515F7375 
 703      7370656E 
 703      645F7374 
 704              	.LASF23:
 705 006c 45455F54 		.ascii	"EE_TID\000"
 705      494400
 706              	.LASF43:
ARM GAS  C:\Users\91819\AppData\Local\Temp\ccXErJZc.s 			page 15


 707 0073 5254455F 		.ascii	"RTE_ProcessCyclicTable\000"
 707      50726F63 
 707      65737343 
 707      79636C69 
 707      63546162 
 708              	.LASF33:
 709 008a 45455F73 		.ascii	"EE_std_endcycle_next_tid\000"
 709      74645F65 
 709      6E646379 
 709      636C655F 
 709      6E657874 
 710              	.LASF10:
 711 00a3 6C6F6E67 		.ascii	"long long unsigned int\000"
 711      206C6F6E 
 711      6720756E 
 711      7369676E 
 711      65642069 
 712              	.LASF28:
 713 00ba 6379636C 		.ascii	"cycleTime\000"
 713      6554696D 
 713      6500
 714              	.LASF1:
 715 00c4 756E7369 		.ascii	"unsigned char\000"
 715      676E6564 
 715      20636861 
 715      7200
 716              	.LASF38:
 717 00d2 474E5520 		.ascii	"GNU C11 5.4.1 20160609 (release) [ARM/embedded-5-br"
 717      43313120 
 717      352E342E 
 717      31203230 
 717      31363036 
 718 0105 616E6368 		.ascii	"anch revision 237715] -mcpu=cortex-m3 -mthumb -g -O"
 718      20726576 
 718      6973696F 
 718      6E203233 
 718      37373135 
 719 0138 67202D66 		.ascii	"g -ffunction-sections -ffat-lto-objects\000"
 719      66756E63 
 719      74696F6E 
 719      2D736563 
 719      74696F6E 
 720              	.LASF19:
 721 0160 45455F49 		.ascii	"EE_INT32\000"
 721      4E543332 
 721      00
 722              	.LASF8:
 723 0169 6C6F6E67 		.ascii	"long unsigned int\000"
 723      20756E73 
 723      69676E65 
 723      6420696E 
 723      7400
 724              	.LASF3:
 725 017b 73686F72 		.ascii	"short unsigned int\000"
 725      7420756E 
 725      7369676E 
 725      65642069 
ARM GAS  C:\Users\91819\AppData\Local\Temp\ccXErJZc.s 			page 16


 725      6E7400
 726              	.LASF30:
 727 018e 45455F6F 		.ascii	"EE_oo_IRQ_disable_count\000"
 727      6F5F4952 
 727      515F6469 
 727      7361626C 
 727      655F636F 
 728              	.LASF35:
 729 01a6 49544D5F 		.ascii	"ITM_RxBuffer\000"
 729      52784275 
 729      66666572 
 729      00
 730              	.LASF4:
 731 01b3 5F5F7569 		.ascii	"__uint16_t\000"
 731      6E743136 
 731      5F7400
 732              	.LASF26:
 733 01be 5254455F 		.ascii	"RTE_event\000"
 733      6576656E 
 733      7400
 734              	.LASF7:
 735 01c8 5F5F7569 		.ascii	"__uint32_t\000"
 735      6E743332 
 735      5F7400
 736              	.LASF29:
 737 01d3 5254455F 		.ascii	"RTE_cyclicTable_t\000"
 737      6379636C 
 737      69635461 
 737      626C655F 
 737      7400
 738              	.LASF11:
 739 01e5 756E7369 		.ascii	"unsigned int\000"
 739      676E6564 
 739      20696E74 
 739      00
 740              	.LASF22:
 741 01f2 45455F46 		.ascii	"EE_FREG\000"
 741      52454700 
 742              	.LASF20:
 743 01fa 45455F55 		.ascii	"EE_UINT32\000"
 743      494E5433 
 743      3200
 744              	.LASF42:
 745 0204 7469636B 		.ascii	"ticktime\000"
 745      74696D65 
 745      00
 746              	.LASF17:
 747 020d 63686172 		.ascii	"char\000"
 747      00
 748              	.LASF32:
 749 0212 45455F41 		.ascii	"EE_ApplicationMode\000"
 749      70706C69 
 749      63617469 
 749      6F6E4D6F 
 749      646500
 750              	.LASF13:
 751 0225 696E7433 		.ascii	"int32_t\000"
ARM GAS  C:\Users\91819\AppData\Local\Temp\ccXErJZc.s 			page 17


 751      325F7400 
 752              	.LASF25:
 753 022d 73697A65 		.ascii	"sizetype\000"
 753      74797065 
 753      00
 754              	.LASF9:
 755 0236 6C6F6E67 		.ascii	"long long int\000"
 755      206C6F6E 
 755      6720696E 
 755      7400
 756              	.LASF40:
 757 0244 433A5C55 		.ascii	"C:\\Users\\91819\\Documents\\HDA_Sem2\\EAA\\Lab\\Wo"
 757      73657273 
 757      5C393138 
 757      31395C44 
 757      6F63756D 
 758 0270 726B7370 		.ascii	"rkspace01\\Workspace03\\electronicClock_v3.cydsn\\e"
 758      61636530 
 758      315C576F 
 758      726B7370 
 758      61636530 
 759 02a0 6C656374 		.ascii	"lectronicClock_v3.cydsn\\electronicClock.cydsn\000"
 759      726F6E69 
 759      63436C6F 
 759      636B5F76 
 759      332E6379 
 760              	.LASF39:
 761 02ce 6173775C 		.ascii	"asw\\tsk_tft.c\000"
 761      74736B5F 
 761      7466742E 
 761      6300
 762              	.LASF21:
 763 02dc 45455F55 		.ascii	"EE_UREG\000"
 763      52454700 
 764              	.LASF34:
 765 02e4 45455F49 		.ascii	"EE_IRQ_nesting_level\000"
 765      52515F6E 
 765      65737469 
 765      6E675F6C 
 765      6576656C 
 766              	.LASF37:
 767 02f9 5254455F 		.ascii	"RTE_cyclicActivation_tsk_tft_size\000"
 767      6379636C 
 767      69634163 
 767      74697661 
 767      74696F6E 
 768              	.LASF2:
 769 031b 73686F72 		.ascii	"short int\000"
 769      7420696E 
 769      7400
 770              	.LASF12:
 771 0325 75696E74 		.ascii	"uint16_t\000"
 771      31365F74 
 771      00
 772              	.LASF14:
 773 032e 75696E74 		.ascii	"uint32_t\000"
 773      33325F74 
ARM GAS  C:\Users\91819\AppData\Local\Temp\ccXErJZc.s 			page 18


 773      00
 774              	.LASF6:
 775 0337 6C6F6E67 		.ascii	"long int\000"
 775      20696E74 
 775      00
 776              	.LASF18:
 777 0340 6C6F6E67 		.ascii	"long double\000"
 777      20646F75 
 777      626C6500 
 778              	.LASF0:
 779 034c 7369676E 		.ascii	"signed char\000"
 779      65642063 
 779      68617200 
 780              	.LASF27:
 781 0358 5254455F 		.ascii	"RTE_pRunnable\000"
 781      7052756E 
 781      6E61626C 
 781      6500
 782              		.ident	"GCC: (GNU Tools for ARM Embedded Processors) 5.4.1 20160609 (release) [ARM/embedded-5-bran
