ARM GAS  C:\Users\91819\AppData\Local\Temp\cc1YztOB.s 			page 1


   1              		.syntax unified
   2              		.cpu cortex-m3
   3              		.fpu softvfp
   4              		.eabi_attribute 20, 1
   5              		.eabi_attribute 21, 1
   6              		.eabi_attribute 23, 3
   7              		.eabi_attribute 24, 1
   8              		.eabi_attribute 25, 1
   9              		.eabi_attribute 26, 1
  10              		.eabi_attribute 30, 1
  11              		.eabi_attribute 34, 1
  12              		.eabi_attribute 18, 4
  13              		.thumb
  14              		.syntax unified
  15              		.file	"tsk_io.c"
  16              		.text
  17              	.Ltext0:
  18              		.cfi_sections	.debug_frame
  19              		.section	.text.Functsk_io,"ax",%progbits
  20              		.align	2
  21              		.global	Functsk_io
  22              		.thumb
  23              		.thumb_func
  24              		.type	Functsk_io, %function
  25              	Functsk_io:
  26              	.LFB131:
  27              		.file 1 "asw\\tsk_io.c"
   1:asw/tsk_io.c  **** 
   2:asw/tsk_io.c  **** 
   3:asw/tsk_io.c  **** /*
   4:asw/tsk_io.c  ****  * Filename: tsk_io.c
   5:asw/tsk_io.c  ****  *
   6:asw/tsk_io.c  ****  * Author: Autogenerated by H-DA RTE Generator, (c) Prof. Fromm
   7:asw/tsk_io.c  ****  */
   8:asw/tsk_io.c  **** 
   9:asw/tsk_io.c  **** #include "project.h"
  10:asw/tsk_io.c  **** #include "global.h"
  11:asw/tsk_io.c  **** #include "rte.h"
  12:asw/tsk_io.c  **** #include "rte_types.h"
  13:asw/tsk_io.c  **** #include "tsk_io.h"
  14:asw/tsk_io.c  **** 
  15:asw/tsk_io.c  **** 
  16:asw/tsk_io.c  **** 
  17:asw/tsk_io.c  **** /* USER CODE START TSK_IO_INCLUDE */
  18:asw/tsk_io.c  **** 
  19:asw/tsk_io.c  **** /* USER CODE END TSK_IO_INCLUDE */
  20:asw/tsk_io.c  **** 
  21:asw/tsk_io.c  **** #include "swc_clock.h"
  22:asw/tsk_io.c  **** #include "sp_common.h"
  23:asw/tsk_io.c  **** #include "sc_event_type.h"
  24:asw/tsk_io.c  **** 
  25:asw/tsk_io.c  **** 
  26:asw/tsk_io.c  **** /* USER CODE START TSK_IO_USERDEFINITIONS */
  27:asw/tsk_io.c  **** 
  28:asw/tsk_io.c  **** /* USER CODE END TSK_IO_USERDEFINITIONS */
  29:asw/tsk_io.c  **** 
  30:asw/tsk_io.c  **** /*******************************************************************************
ARM GAS  C:\Users\91819\AppData\Local\Temp\cc1YztOB.s 			page 2


  31:asw/tsk_io.c  ****  * Runnable Tables from Activation Engine
  32:asw/tsk_io.c  ****  *******************************************************************************/
  33:asw/tsk_io.c  **** 
  34:asw/tsk_io.c  **** /* Cyclic Table */
  35:asw/tsk_io.c  **** 
  36:asw/tsk_io.c  **** const RTE_cyclicTable_t RTE_cyclicActivationTable_tsk_io[] = {
  37:asw/tsk_io.c  **** 	{ CLOCK_input_run, 50 },	//Runnable
  38:asw/tsk_io.c  **** };
  39:asw/tsk_io.c  **** const uint16_t RTE_cyclicActivation_tsk_io_size = sizeof (RTE_cyclicActivationTable_tsk_io) / sizeo
  40:asw/tsk_io.c  **** 
  41:asw/tsk_io.c  **** 
  42:asw/tsk_io.c  **** /*******************************************************************************
  43:asw/tsk_io.c  ****  * Task Body
  44:asw/tsk_io.c  ****  *******************************************************************************/
  45:asw/tsk_io.c  **** 
  46:asw/tsk_io.c  **** 
  47:asw/tsk_io.c  **** /*
  48:asw/tsk_io.c  **** * description: Task to perform input output 
  49:asw/tsk_io.c  **** * events: 
  50:asw/tsk_io.c  **** * mode: Cyclic
  51:asw/tsk_io.c  **** * name: tsk_io
  52:asw/tsk_io.c  **** * shortname: io
  53:asw/tsk_io.c  **** * signalpoolsRO: sp_common
  54:asw/tsk_io.c  **** * signalpoolsRW: sp_common
  55:asw/tsk_io.c  **** * tickEvent: 0
  56:asw/tsk_io.c  **** * timertickperiod: 50
  57:asw/tsk_io.c  **** */
  58:asw/tsk_io.c  **** TASK(tsk_io)
  59:asw/tsk_io.c  **** {
  28              		.loc 1 59 0
  29              		.cfi_startproc
  30              		@ args = 0, pretend = 0, frame = 0
  31              		@ frame_needed = 0, uses_anonymous_args = 0
  32 0000 10B5     		push	{r4, lr}
  33              		.cfi_def_cfa_offset 8
  34              		.cfi_offset 4, -8
  35              		.cfi_offset 14, -4
  60:asw/tsk_io.c  **** 	/* ticktime of the task */
  61:asw/tsk_io.c  **** 	static uint32_t ticktime = 0;
  62:asw/tsk_io.c  **** 
  63:asw/tsk_io.c  **** 	/* USER CODE START TSK_IO_TASKBOBY_PRE */
  64:asw/tsk_io.c  **** 
  65:asw/tsk_io.c  **** 	/* USER CODE END TSK_IO_TASKBODY_PRE */
  66:asw/tsk_io.c  ****     
  67:asw/tsk_io.c  ****     //Process all cyclic runnables which are due
  68:asw/tsk_io.c  ****     RTE_ProcessCyclicTable(RTE_cyclicActivationTable_tsk_io, RTE_cyclicActivation_tsk_io_size, tick
  36              		.loc 1 68 0
  37 0002 074C     		ldr	r4, .L4
  38 0004 2268     		ldr	r2, [r4]
  39 0006 0121     		movs	r1, #1
  40 0008 0648     		ldr	r0, .L4+4
  41 000a FFF7FEFF 		bl	RTE_ProcessCyclicTable
  42              	.LVL0:
  69:asw/tsk_io.c  **** 	
  70:asw/tsk_io.c  **** 	/* USER CODE START TSK_IO_TASKBODY_POST */
  71:asw/tsk_io.c  **** 
  72:asw/tsk_io.c  **** 	/* USER CODE END TSK_IO_TASKBODY_POST */
ARM GAS  C:\Users\91819\AppData\Local\Temp\cc1YztOB.s 			page 3


  73:asw/tsk_io.c  **** 
  74:asw/tsk_io.c  **** 	ticktime += 50;
  43              		.loc 1 74 0
  44 000e 2368     		ldr	r3, [r4]
  45 0010 3233     		adds	r3, r3, #50
  46 0012 2360     		str	r3, [r4]
  75:asw/tsk_io.c  **** 	if (ticktime > 0xFFFFFF00) ticktime = 0;
  47              		.loc 1 75 0
  48 0014 13F5807F 		cmn	r3, #256
  49 0018 01D9     		bls	.L1
  50              		.loc 1 75 0 is_stmt 0 discriminator 1
  51 001a 0022     		movs	r2, #0
  52 001c 2260     		str	r2, [r4]
  53              	.L1:
  54 001e 10BD     		pop	{r4, pc}
  55              	.L5:
  56              		.align	2
  57              	.L4:
  58 0020 00000000 		.word	.LANCHOR0
  59 0024 00000000 		.word	.LANCHOR1
  60              		.cfi_endproc
  61              	.LFE131:
  62              		.size	Functsk_io, .-Functsk_io
  63              		.global	RTE_cyclicActivation_tsk_io_size
  64              		.global	RTE_cyclicActivationTable_tsk_io
  65              		.section	.rodata
  66              		.align	2
  67              		.set	.LANCHOR1,. + 0
  68              		.type	RTE_cyclicActivationTable_tsk_io, %object
  69              		.size	RTE_cyclicActivationTable_tsk_io, 8
  70              	RTE_cyclicActivationTable_tsk_io:
  71 0000 00000000 		.word	CLOCK_input_run
  72 0004 3200     		.short	50
  73 0006 0000     		.space	2
  74              		.type	RTE_cyclicActivation_tsk_io_size, %object
  75              		.size	RTE_cyclicActivation_tsk_io_size, 2
  76              	RTE_cyclicActivation_tsk_io_size:
  77 0008 0100     		.short	1
  78              		.bss
  79              		.align	2
  80              		.set	.LANCHOR0,. + 0
  81              		.type	ticktime.8542, %object
  82              		.size	ticktime.8542, 4
  83              	ticktime.8542:
  84 0000 00000000 		.space	4
  85              		.text
  86              	.Letext0:
  87              		.file 2 "c:\\program files (x86)\\cypress\\psoc creator\\4.4\\psoc creator\\import\\gnu\\arm\\5.4.
  88              		.file 3 "c:\\program files (x86)\\cypress\\psoc creator\\4.4\\psoc creator\\import\\gnu\\arm\\5.4.
  89              		.file 4 "Generated_Source\\PSoC5/ErikaOS_1_common_ee_types.inc"
  90              		.file 5 "Generated_Source\\PSoC5/ErikaOS_1_cortex_mx_ee_cpu.inc"
  91              		.file 6 "Generated_Source\\PSoC5/ErikaOS_1_ee_oo_common.inc"
  92              		.file 7 ".\\rte/rte_types.h"
  93              		.file 8 ".\\rte/rte.h"
  94              		.file 9 "Generated_Source\\PSoC5/ErikaOS_1_ee_oo_intfunc.inc"
  95              		.file 10 "Generated_Source\\PSoC5/ErikaOS_1_cortex_mx_ee_context.inc"
  96              		.file 11 "Generated_Source\\PSoC5/ErikaOS_1_common_ee_primitives.inc"
ARM GAS  C:\Users\91819\AppData\Local\Temp\cc1YztOB.s 			page 4


  97              		.file 12 "Generated_Source\\PSoC5/core_cm3.h"
  98              		.section	.debug_info,"",%progbits
  99              	.Ldebug_info0:
 100 0000 36020000 		.4byte	0x236
 101 0004 0400     		.2byte	0x4
 102 0006 00000000 		.4byte	.Ldebug_abbrev0
 103 000a 04       		.byte	0x4
 104 000b 01       		.uleb128 0x1
 105 000c A4000000 		.4byte	.LASF38
 106 0010 0C       		.byte	0xc
 107 0011 34030000 		.4byte	.LASF39
 108 0015 37020000 		.4byte	.LASF40
 109 0019 00000000 		.4byte	.Ldebug_ranges0+0
 110 001d 00000000 		.4byte	0
 111 0021 00000000 		.4byte	.Ldebug_line0
 112 0025 02       		.uleb128 0x2
 113 0026 01       		.byte	0x1
 114 0027 06       		.byte	0x6
 115 0028 1A030000 		.4byte	.LASF0
 116 002c 02       		.uleb128 0x2
 117 002d 01       		.byte	0x1
 118 002e 08       		.byte	0x8
 119 002f 96000000 		.4byte	.LASF1
 120 0033 02       		.uleb128 0x2
 121 0034 02       		.byte	0x2
 122 0035 05       		.byte	0x5
 123 0036 E9020000 		.4byte	.LASF2
 124 003a 03       		.uleb128 0x3
 125 003b 85010000 		.4byte	.LASF4
 126 003f 02       		.byte	0x2
 127 0040 2B       		.byte	0x2b
 128 0041 45000000 		.4byte	0x45
 129 0045 02       		.uleb128 0x2
 130 0046 02       		.byte	0x2
 131 0047 07       		.byte	0x7
 132 0048 4D010000 		.4byte	.LASF3
 133 004c 03       		.uleb128 0x3
 134 004d 06000000 		.4byte	.LASF5
 135 0051 02       		.byte	0x2
 136 0052 3F       		.byte	0x3f
 137 0053 57000000 		.4byte	0x57
 138 0057 02       		.uleb128 0x2
 139 0058 04       		.byte	0x4
 140 0059 05       		.byte	0x5
 141 005a 05030000 		.4byte	.LASF6
 142 005e 03       		.uleb128 0x3
 143 005f 9A010000 		.4byte	.LASF7
 144 0063 02       		.byte	0x2
 145 0064 41       		.byte	0x41
 146 0065 69000000 		.4byte	0x69
 147 0069 02       		.uleb128 0x2
 148 006a 04       		.byte	0x4
 149 006b 07       		.byte	0x7
 150 006c 3B010000 		.4byte	.LASF8
 151 0070 02       		.uleb128 0x2
 152 0071 08       		.byte	0x8
 153 0072 05       		.byte	0x5
ARM GAS  C:\Users\91819\AppData\Local\Temp\cc1YztOB.s 			page 5


 154 0073 29020000 		.4byte	.LASF9
 155 0077 02       		.uleb128 0x2
 156 0078 08       		.byte	0x8
 157 0079 07       		.byte	0x7
 158 007a 75000000 		.4byte	.LASF10
 159 007e 04       		.uleb128 0x4
 160 007f 04       		.byte	0x4
 161 0080 05       		.byte	0x5
 162 0081 696E7400 		.ascii	"int\000"
 163 0085 02       		.uleb128 0x2
 164 0086 04       		.byte	0x4
 165 0087 07       		.byte	0x7
 166 0088 B7010000 		.4byte	.LASF11
 167 008c 03       		.uleb128 0x3
 168 008d F3020000 		.4byte	.LASF12
 169 0091 03       		.byte	0x3
 170 0092 24       		.byte	0x24
 171 0093 3A000000 		.4byte	0x3a
 172 0097 03       		.uleb128 0x3
 173 0098 18020000 		.4byte	.LASF13
 174 009c 03       		.byte	0x3
 175 009d 2C       		.byte	0x2c
 176 009e 4C000000 		.4byte	0x4c
 177 00a2 03       		.uleb128 0x3
 178 00a3 FC020000 		.4byte	.LASF14
 179 00a7 03       		.byte	0x3
 180 00a8 30       		.byte	0x30
 181 00a9 5E000000 		.4byte	0x5e
 182 00ad 02       		.uleb128 0x2
 183 00ae 04       		.byte	0x4
 184 00af 04       		.byte	0x4
 185 00b0 00000000 		.4byte	.LASF15
 186 00b4 02       		.uleb128 0x2
 187 00b5 08       		.byte	0x8
 188 00b6 04       		.byte	0x4
 189 00b7 1E000000 		.4byte	.LASF16
 190 00bb 02       		.uleb128 0x2
 191 00bc 01       		.byte	0x1
 192 00bd 08       		.byte	0x8
 193 00be DF010000 		.4byte	.LASF17
 194 00c2 02       		.uleb128 0x2
 195 00c3 08       		.byte	0x8
 196 00c4 04       		.byte	0x4
 197 00c5 0E030000 		.4byte	.LASF18
 198 00c9 03       		.uleb128 0x3
 199 00ca 32010000 		.4byte	.LASF19
 200 00ce 04       		.byte	0x4
 201 00cf 53       		.byte	0x53
 202 00d0 7E000000 		.4byte	0x7e
 203 00d4 03       		.uleb128 0x3
 204 00d5 CC010000 		.4byte	.LASF20
 205 00d9 04       		.byte	0x4
 206 00da 54       		.byte	0x54
 207 00db 85000000 		.4byte	0x85
 208 00df 03       		.uleb128 0x3
 209 00e0 C1020000 		.4byte	.LASF21
 210 00e4 05       		.byte	0x5
ARM GAS  C:\Users\91819\AppData\Local\Temp\cc1YztOB.s 			page 6


 211 00e5 4D       		.byte	0x4d
 212 00e6 D4000000 		.4byte	0xd4
 213 00ea 03       		.uleb128 0x3
 214 00eb C4010000 		.4byte	.LASF22
 215 00ef 05       		.byte	0x5
 216 00f0 4F       		.byte	0x4f
 217 00f1 D4000000 		.4byte	0xd4
 218 00f5 03       		.uleb128 0x3
 219 00f6 3E000000 		.4byte	.LASF23
 220 00fa 05       		.byte	0x5
 221 00fb 78       		.byte	0x78
 222 00fc C9000000 		.4byte	0xc9
 223 0100 05       		.uleb128 0x5
 224 0101 10000000 		.4byte	.LASF24
 225 0105 06       		.byte	0x6
 226 0106 2C02     		.2byte	0x22c
 227 0108 DF000000 		.4byte	0xdf
 228 010c 02       		.uleb128 0x2
 229 010d 04       		.byte	0x4
 230 010e 07       		.byte	0x7
 231 010f 20020000 		.4byte	.LASF25
 232 0113 03       		.uleb128 0x3
 233 0114 90010000 		.4byte	.LASF26
 234 0118 07       		.byte	0x7
 235 0119 21       		.byte	0x21
 236 011a 00010000 		.4byte	0x100
 237 011e 03       		.uleb128 0x3
 238 011f 26030000 		.4byte	.LASF27
 239 0123 08       		.byte	0x8
 240 0124 66       		.byte	0x66
 241 0125 29010000 		.4byte	0x129
 242 0129 06       		.uleb128 0x6
 243 012a 04       		.byte	0x4
 244 012b 2F010000 		.4byte	0x12f
 245 012f 07       		.uleb128 0x7
 246 0130 3A010000 		.4byte	0x13a
 247 0134 08       		.uleb128 0x8
 248 0135 13010000 		.4byte	0x113
 249 0139 00       		.byte	0
 250 013a 09       		.uleb128 0x9
 251 013b 08       		.byte	0x8
 252 013c 08       		.byte	0x8
 253 013d 6B       		.byte	0x6b
 254 013e 5B010000 		.4byte	0x15b
 255 0142 0A       		.uleb128 0xa
 256 0143 72756E00 		.ascii	"run\000"
 257 0147 08       		.byte	0x8
 258 0148 6D       		.byte	0x6d
 259 0149 1E010000 		.4byte	0x11e
 260 014d 00       		.byte	0
 261 014e 0B       		.uleb128 0xb
 262 014f 8C000000 		.4byte	.LASF28
 263 0153 08       		.byte	0x8
 264 0154 6E       		.byte	0x6e
 265 0155 8C000000 		.4byte	0x8c
 266 0159 04       		.byte	0x4
 267 015a 00       		.byte	0
ARM GAS  C:\Users\91819\AppData\Local\Temp\cc1YztOB.s 			page 7


 268 015b 03       		.uleb128 0x3
 269 015c A5010000 		.4byte	.LASF29
 270 0160 08       		.byte	0x8
 271 0161 6F       		.byte	0x6f
 272 0162 3A010000 		.4byte	0x13a
 273 0166 0C       		.uleb128 0xc
 274 0167 8C000000 		.4byte	0x8c
 275 016b 0D       		.uleb128 0xd
 276 016c DE020000 		.4byte	.LASF41
 277 0170 01       		.byte	0x1
 278 0171 3A       		.byte	0x3a
 279 0172 00000000 		.4byte	.LFB131
 280 0176 28000000 		.4byte	.LFE131-.LFB131
 281 017a 01       		.uleb128 0x1
 282 017b 9C       		.byte	0x9c
 283 017c AA010000 		.4byte	0x1aa
 284 0180 0E       		.uleb128 0xe
 285 0181 D6010000 		.4byte	.LASF42
 286 0185 01       		.byte	0x1
 287 0186 3D       		.byte	0x3d
 288 0187 A2000000 		.4byte	0xa2
 289 018b 05       		.uleb128 0x5
 290 018c 03       		.byte	0x3
 291 018d 00000000 		.4byte	ticktime.8542
 292 0191 0F       		.uleb128 0xf
 293 0192 0E000000 		.4byte	.LVL0
 294 0196 2E020000 		.4byte	0x22e
 295 019a 10       		.uleb128 0x10
 296 019b 01       		.uleb128 0x1
 297 019c 50       		.byte	0x50
 298 019d 05       		.uleb128 0x5
 299 019e 03       		.byte	0x3
 300 019f 00000000 		.4byte	.LANCHOR1
 301 01a3 10       		.uleb128 0x10
 302 01a4 01       		.uleb128 0x1
 303 01a5 51       		.byte	0x51
 304 01a6 01       		.uleb128 0x1
 305 01a7 31       		.byte	0x31
 306 01a8 00       		.byte	0
 307 01a9 00       		.byte	0
 308 01aa 11       		.uleb128 0x11
 309 01ab 60010000 		.4byte	.LASF30
 310 01af 09       		.byte	0x9
 311 01b0 40       		.byte	0x40
 312 01b1 DF000000 		.4byte	0xdf
 313 01b5 11       		.uleb128 0x11
 314 01b6 25000000 		.4byte	.LASF31
 315 01ba 09       		.byte	0x9
 316 01bb 47       		.byte	0x47
 317 01bc EA000000 		.4byte	0xea
 318 01c0 11       		.uleb128 0x11
 319 01c1 E4010000 		.4byte	.LASF32
 320 01c5 09       		.byte	0x9
 321 01c6 4A       		.byte	0x4a
 322 01c7 DF000000 		.4byte	0xdf
 323 01cb 11       		.uleb128 0x11
 324 01cc 5C000000 		.4byte	.LASF33
ARM GAS  C:\Users\91819\AppData\Local\Temp\cc1YztOB.s 			page 8


 325 01d0 0A       		.byte	0xa
 326 01d1 48       		.byte	0x48
 327 01d2 F5000000 		.4byte	0xf5
 328 01d6 11       		.uleb128 0x11
 329 01d7 C9020000 		.4byte	.LASF34
 330 01db 0B       		.byte	0xb
 331 01dc 44       		.byte	0x44
 332 01dd DF000000 		.4byte	0xdf
 333 01e1 12       		.uleb128 0x12
 334 01e2 78010000 		.4byte	.LASF35
 335 01e6 0C       		.byte	0xc
 336 01e7 1207     		.2byte	0x712
 337 01e9 ED010000 		.4byte	0x1ed
 338 01ed 13       		.uleb128 0x13
 339 01ee 97000000 		.4byte	0x97
 340 01f2 14       		.uleb128 0x14
 341 01f3 02020000 		.4byte	0x202
 342 01f7 02020000 		.4byte	0x202
 343 01fb 15       		.uleb128 0x15
 344 01fc 0C010000 		.4byte	0x10c
 345 0200 00       		.byte	0
 346 0201 00       		.byte	0
 347 0202 0C       		.uleb128 0xc
 348 0203 5B010000 		.4byte	0x15b
 349 0207 16       		.uleb128 0x16
 350 0208 41030000 		.4byte	.LASF36
 351 020c 01       		.byte	0x1
 352 020d 24       		.byte	0x24
 353 020e 18020000 		.4byte	0x218
 354 0212 05       		.uleb128 0x5
 355 0213 03       		.byte	0x3
 356 0214 00000000 		.4byte	RTE_cyclicActivationTable_tsk_io
 357 0218 0C       		.uleb128 0xc
 358 0219 F2010000 		.4byte	0x1f2
 359 021d 16       		.uleb128 0x16
 360 021e F7010000 		.4byte	.LASF37
 361 0222 01       		.byte	0x1
 362 0223 27       		.byte	0x27
 363 0224 66010000 		.4byte	0x166
 364 0228 05       		.uleb128 0x5
 365 0229 03       		.byte	0x3
 366 022a 00000000 		.4byte	RTE_cyclicActivation_tsk_io_size
 367 022e 17       		.uleb128 0x17
 368 022f 45000000 		.4byte	.LASF43
 369 0233 45000000 		.4byte	.LASF43
 370 0237 08       		.byte	0x8
 371 0238 8E       		.byte	0x8e
 372 0239 00       		.byte	0
 373              		.section	.debug_abbrev,"",%progbits
 374              	.Ldebug_abbrev0:
 375 0000 01       		.uleb128 0x1
 376 0001 11       		.uleb128 0x11
 377 0002 01       		.byte	0x1
 378 0003 25       		.uleb128 0x25
 379 0004 0E       		.uleb128 0xe
 380 0005 13       		.uleb128 0x13
 381 0006 0B       		.uleb128 0xb
ARM GAS  C:\Users\91819\AppData\Local\Temp\cc1YztOB.s 			page 9


 382 0007 03       		.uleb128 0x3
 383 0008 0E       		.uleb128 0xe
 384 0009 1B       		.uleb128 0x1b
 385 000a 0E       		.uleb128 0xe
 386 000b 55       		.uleb128 0x55
 387 000c 17       		.uleb128 0x17
 388 000d 11       		.uleb128 0x11
 389 000e 01       		.uleb128 0x1
 390 000f 10       		.uleb128 0x10
 391 0010 17       		.uleb128 0x17
 392 0011 00       		.byte	0
 393 0012 00       		.byte	0
 394 0013 02       		.uleb128 0x2
 395 0014 24       		.uleb128 0x24
 396 0015 00       		.byte	0
 397 0016 0B       		.uleb128 0xb
 398 0017 0B       		.uleb128 0xb
 399 0018 3E       		.uleb128 0x3e
 400 0019 0B       		.uleb128 0xb
 401 001a 03       		.uleb128 0x3
 402 001b 0E       		.uleb128 0xe
 403 001c 00       		.byte	0
 404 001d 00       		.byte	0
 405 001e 03       		.uleb128 0x3
 406 001f 16       		.uleb128 0x16
 407 0020 00       		.byte	0
 408 0021 03       		.uleb128 0x3
 409 0022 0E       		.uleb128 0xe
 410 0023 3A       		.uleb128 0x3a
 411 0024 0B       		.uleb128 0xb
 412 0025 3B       		.uleb128 0x3b
 413 0026 0B       		.uleb128 0xb
 414 0027 49       		.uleb128 0x49
 415 0028 13       		.uleb128 0x13
 416 0029 00       		.byte	0
 417 002a 00       		.byte	0
 418 002b 04       		.uleb128 0x4
 419 002c 24       		.uleb128 0x24
 420 002d 00       		.byte	0
 421 002e 0B       		.uleb128 0xb
 422 002f 0B       		.uleb128 0xb
 423 0030 3E       		.uleb128 0x3e
 424 0031 0B       		.uleb128 0xb
 425 0032 03       		.uleb128 0x3
 426 0033 08       		.uleb128 0x8
 427 0034 00       		.byte	0
 428 0035 00       		.byte	0
 429 0036 05       		.uleb128 0x5
 430 0037 16       		.uleb128 0x16
 431 0038 00       		.byte	0
 432 0039 03       		.uleb128 0x3
 433 003a 0E       		.uleb128 0xe
 434 003b 3A       		.uleb128 0x3a
 435 003c 0B       		.uleb128 0xb
 436 003d 3B       		.uleb128 0x3b
 437 003e 05       		.uleb128 0x5
 438 003f 49       		.uleb128 0x49
ARM GAS  C:\Users\91819\AppData\Local\Temp\cc1YztOB.s 			page 10


 439 0040 13       		.uleb128 0x13
 440 0041 00       		.byte	0
 441 0042 00       		.byte	0
 442 0043 06       		.uleb128 0x6
 443 0044 0F       		.uleb128 0xf
 444 0045 00       		.byte	0
 445 0046 0B       		.uleb128 0xb
 446 0047 0B       		.uleb128 0xb
 447 0048 49       		.uleb128 0x49
 448 0049 13       		.uleb128 0x13
 449 004a 00       		.byte	0
 450 004b 00       		.byte	0
 451 004c 07       		.uleb128 0x7
 452 004d 15       		.uleb128 0x15
 453 004e 01       		.byte	0x1
 454 004f 27       		.uleb128 0x27
 455 0050 19       		.uleb128 0x19
 456 0051 01       		.uleb128 0x1
 457 0052 13       		.uleb128 0x13
 458 0053 00       		.byte	0
 459 0054 00       		.byte	0
 460 0055 08       		.uleb128 0x8
 461 0056 05       		.uleb128 0x5
 462 0057 00       		.byte	0
 463 0058 49       		.uleb128 0x49
 464 0059 13       		.uleb128 0x13
 465 005a 00       		.byte	0
 466 005b 00       		.byte	0
 467 005c 09       		.uleb128 0x9
 468 005d 13       		.uleb128 0x13
 469 005e 01       		.byte	0x1
 470 005f 0B       		.uleb128 0xb
 471 0060 0B       		.uleb128 0xb
 472 0061 3A       		.uleb128 0x3a
 473 0062 0B       		.uleb128 0xb
 474 0063 3B       		.uleb128 0x3b
 475 0064 0B       		.uleb128 0xb
 476 0065 01       		.uleb128 0x1
 477 0066 13       		.uleb128 0x13
 478 0067 00       		.byte	0
 479 0068 00       		.byte	0
 480 0069 0A       		.uleb128 0xa
 481 006a 0D       		.uleb128 0xd
 482 006b 00       		.byte	0
 483 006c 03       		.uleb128 0x3
 484 006d 08       		.uleb128 0x8
 485 006e 3A       		.uleb128 0x3a
 486 006f 0B       		.uleb128 0xb
 487 0070 3B       		.uleb128 0x3b
 488 0071 0B       		.uleb128 0xb
 489 0072 49       		.uleb128 0x49
 490 0073 13       		.uleb128 0x13
 491 0074 38       		.uleb128 0x38
 492 0075 0B       		.uleb128 0xb
 493 0076 00       		.byte	0
 494 0077 00       		.byte	0
 495 0078 0B       		.uleb128 0xb
ARM GAS  C:\Users\91819\AppData\Local\Temp\cc1YztOB.s 			page 11


 496 0079 0D       		.uleb128 0xd
 497 007a 00       		.byte	0
 498 007b 03       		.uleb128 0x3
 499 007c 0E       		.uleb128 0xe
 500 007d 3A       		.uleb128 0x3a
 501 007e 0B       		.uleb128 0xb
 502 007f 3B       		.uleb128 0x3b
 503 0080 0B       		.uleb128 0xb
 504 0081 49       		.uleb128 0x49
 505 0082 13       		.uleb128 0x13
 506 0083 38       		.uleb128 0x38
 507 0084 0B       		.uleb128 0xb
 508 0085 00       		.byte	0
 509 0086 00       		.byte	0
 510 0087 0C       		.uleb128 0xc
 511 0088 26       		.uleb128 0x26
 512 0089 00       		.byte	0
 513 008a 49       		.uleb128 0x49
 514 008b 13       		.uleb128 0x13
 515 008c 00       		.byte	0
 516 008d 00       		.byte	0
 517 008e 0D       		.uleb128 0xd
 518 008f 2E       		.uleb128 0x2e
 519 0090 01       		.byte	0x1
 520 0091 3F       		.uleb128 0x3f
 521 0092 19       		.uleb128 0x19
 522 0093 03       		.uleb128 0x3
 523 0094 0E       		.uleb128 0xe
 524 0095 3A       		.uleb128 0x3a
 525 0096 0B       		.uleb128 0xb
 526 0097 3B       		.uleb128 0x3b
 527 0098 0B       		.uleb128 0xb
 528 0099 27       		.uleb128 0x27
 529 009a 19       		.uleb128 0x19
 530 009b 11       		.uleb128 0x11
 531 009c 01       		.uleb128 0x1
 532 009d 12       		.uleb128 0x12
 533 009e 06       		.uleb128 0x6
 534 009f 40       		.uleb128 0x40
 535 00a0 18       		.uleb128 0x18
 536 00a1 9742     		.uleb128 0x2117
 537 00a3 19       		.uleb128 0x19
 538 00a4 01       		.uleb128 0x1
 539 00a5 13       		.uleb128 0x13
 540 00a6 00       		.byte	0
 541 00a7 00       		.byte	0
 542 00a8 0E       		.uleb128 0xe
 543 00a9 34       		.uleb128 0x34
 544 00aa 00       		.byte	0
 545 00ab 03       		.uleb128 0x3
 546 00ac 0E       		.uleb128 0xe
 547 00ad 3A       		.uleb128 0x3a
 548 00ae 0B       		.uleb128 0xb
 549 00af 3B       		.uleb128 0x3b
 550 00b0 0B       		.uleb128 0xb
 551 00b1 49       		.uleb128 0x49
 552 00b2 13       		.uleb128 0x13
ARM GAS  C:\Users\91819\AppData\Local\Temp\cc1YztOB.s 			page 12


 553 00b3 02       		.uleb128 0x2
 554 00b4 18       		.uleb128 0x18
 555 00b5 00       		.byte	0
 556 00b6 00       		.byte	0
 557 00b7 0F       		.uleb128 0xf
 558 00b8 898201   		.uleb128 0x4109
 559 00bb 01       		.byte	0x1
 560 00bc 11       		.uleb128 0x11
 561 00bd 01       		.uleb128 0x1
 562 00be 31       		.uleb128 0x31
 563 00bf 13       		.uleb128 0x13
 564 00c0 00       		.byte	0
 565 00c1 00       		.byte	0
 566 00c2 10       		.uleb128 0x10
 567 00c3 8A8201   		.uleb128 0x410a
 568 00c6 00       		.byte	0
 569 00c7 02       		.uleb128 0x2
 570 00c8 18       		.uleb128 0x18
 571 00c9 9142     		.uleb128 0x2111
 572 00cb 18       		.uleb128 0x18
 573 00cc 00       		.byte	0
 574 00cd 00       		.byte	0
 575 00ce 11       		.uleb128 0x11
 576 00cf 34       		.uleb128 0x34
 577 00d0 00       		.byte	0
 578 00d1 03       		.uleb128 0x3
 579 00d2 0E       		.uleb128 0xe
 580 00d3 3A       		.uleb128 0x3a
 581 00d4 0B       		.uleb128 0xb
 582 00d5 3B       		.uleb128 0x3b
 583 00d6 0B       		.uleb128 0xb
 584 00d7 49       		.uleb128 0x49
 585 00d8 13       		.uleb128 0x13
 586 00d9 3F       		.uleb128 0x3f
 587 00da 19       		.uleb128 0x19
 588 00db 3C       		.uleb128 0x3c
 589 00dc 19       		.uleb128 0x19
 590 00dd 00       		.byte	0
 591 00de 00       		.byte	0
 592 00df 12       		.uleb128 0x12
 593 00e0 34       		.uleb128 0x34
 594 00e1 00       		.byte	0
 595 00e2 03       		.uleb128 0x3
 596 00e3 0E       		.uleb128 0xe
 597 00e4 3A       		.uleb128 0x3a
 598 00e5 0B       		.uleb128 0xb
 599 00e6 3B       		.uleb128 0x3b
 600 00e7 05       		.uleb128 0x5
 601 00e8 49       		.uleb128 0x49
 602 00e9 13       		.uleb128 0x13
 603 00ea 3F       		.uleb128 0x3f
 604 00eb 19       		.uleb128 0x19
 605 00ec 3C       		.uleb128 0x3c
 606 00ed 19       		.uleb128 0x19
 607 00ee 00       		.byte	0
 608 00ef 00       		.byte	0
 609 00f0 13       		.uleb128 0x13
ARM GAS  C:\Users\91819\AppData\Local\Temp\cc1YztOB.s 			page 13


 610 00f1 35       		.uleb128 0x35
 611 00f2 00       		.byte	0
 612 00f3 49       		.uleb128 0x49
 613 00f4 13       		.uleb128 0x13
 614 00f5 00       		.byte	0
 615 00f6 00       		.byte	0
 616 00f7 14       		.uleb128 0x14
 617 00f8 01       		.uleb128 0x1
 618 00f9 01       		.byte	0x1
 619 00fa 49       		.uleb128 0x49
 620 00fb 13       		.uleb128 0x13
 621 00fc 01       		.uleb128 0x1
 622 00fd 13       		.uleb128 0x13
 623 00fe 00       		.byte	0
 624 00ff 00       		.byte	0
 625 0100 15       		.uleb128 0x15
 626 0101 21       		.uleb128 0x21
 627 0102 00       		.byte	0
 628 0103 49       		.uleb128 0x49
 629 0104 13       		.uleb128 0x13
 630 0105 2F       		.uleb128 0x2f
 631 0106 0B       		.uleb128 0xb
 632 0107 00       		.byte	0
 633 0108 00       		.byte	0
 634 0109 16       		.uleb128 0x16
 635 010a 34       		.uleb128 0x34
 636 010b 00       		.byte	0
 637 010c 03       		.uleb128 0x3
 638 010d 0E       		.uleb128 0xe
 639 010e 3A       		.uleb128 0x3a
 640 010f 0B       		.uleb128 0xb
 641 0110 3B       		.uleb128 0x3b
 642 0111 0B       		.uleb128 0xb
 643 0112 49       		.uleb128 0x49
 644 0113 13       		.uleb128 0x13
 645 0114 3F       		.uleb128 0x3f
 646 0115 19       		.uleb128 0x19
 647 0116 02       		.uleb128 0x2
 648 0117 18       		.uleb128 0x18
 649 0118 00       		.byte	0
 650 0119 00       		.byte	0
 651 011a 17       		.uleb128 0x17
 652 011b 2E       		.uleb128 0x2e
 653 011c 00       		.byte	0
 654 011d 3F       		.uleb128 0x3f
 655 011e 19       		.uleb128 0x19
 656 011f 3C       		.uleb128 0x3c
 657 0120 19       		.uleb128 0x19
 658 0121 6E       		.uleb128 0x6e
 659 0122 0E       		.uleb128 0xe
 660 0123 03       		.uleb128 0x3
 661 0124 0E       		.uleb128 0xe
 662 0125 3A       		.uleb128 0x3a
 663 0126 0B       		.uleb128 0xb
 664 0127 3B       		.uleb128 0x3b
 665 0128 0B       		.uleb128 0xb
 666 0129 00       		.byte	0
ARM GAS  C:\Users\91819\AppData\Local\Temp\cc1YztOB.s 			page 14


 667 012a 00       		.byte	0
 668 012b 00       		.byte	0
 669              		.section	.debug_aranges,"",%progbits
 670 0000 1C000000 		.4byte	0x1c
 671 0004 0200     		.2byte	0x2
 672 0006 00000000 		.4byte	.Ldebug_info0
 673 000a 04       		.byte	0x4
 674 000b 00       		.byte	0
 675 000c 0000     		.2byte	0
 676 000e 0000     		.2byte	0
 677 0010 00000000 		.4byte	.LFB131
 678 0014 28000000 		.4byte	.LFE131-.LFB131
 679 0018 00000000 		.4byte	0
 680 001c 00000000 		.4byte	0
 681              		.section	.debug_ranges,"",%progbits
 682              	.Ldebug_ranges0:
 683 0000 00000000 		.4byte	.LFB131
 684 0004 28000000 		.4byte	.LFE131
 685 0008 00000000 		.4byte	0
 686 000c 00000000 		.4byte	0
 687              		.section	.debug_line,"",%progbits
 688              	.Ldebug_line0:
 689 0000 4F020000 		.section	.debug_str,"MS",%progbits,1
 689      02002F02 
 689      00000201 
 689      FB0E0D00 
 689      01010101 
 690              	.LASF15:
 691 0000 666C6F61 		.ascii	"float\000"
 691      7400
 692              	.LASF5:
 693 0006 5F5F696E 		.ascii	"__int32_t\000"
 693      7433325F 
 693      7400
 694              	.LASF24:
 695 0010 4576656E 		.ascii	"EventMaskType\000"
 695      744D6173 
 695      6B547970 
 695      6500
 696              	.LASF16:
 697 001e 646F7562 		.ascii	"double\000"
 697      6C6500
 698              	.LASF31:
 699 0025 45455F6F 		.ascii	"EE_oo_IRQ_suspend_status\000"
 699      6F5F4952 
 699      515F7375 
 699      7370656E 
 699      645F7374 
 700              	.LASF23:
 701 003e 45455F54 		.ascii	"EE_TID\000"
 701      494400
 702              	.LASF43:
 703 0045 5254455F 		.ascii	"RTE_ProcessCyclicTable\000"
 703      50726F63 
 703      65737343 
 703      79636C69 
 703      63546162 
ARM GAS  C:\Users\91819\AppData\Local\Temp\cc1YztOB.s 			page 15


 704              	.LASF33:
 705 005c 45455F73 		.ascii	"EE_std_endcycle_next_tid\000"
 705      74645F65 
 705      6E646379 
 705      636C655F 
 705      6E657874 
 706              	.LASF10:
 707 0075 6C6F6E67 		.ascii	"long long unsigned int\000"
 707      206C6F6E 
 707      6720756E 
 707      7369676E 
 707      65642069 
 708              	.LASF28:
 709 008c 6379636C 		.ascii	"cycleTime\000"
 709      6554696D 
 709      6500
 710              	.LASF1:
 711 0096 756E7369 		.ascii	"unsigned char\000"
 711      676E6564 
 711      20636861 
 711      7200
 712              	.LASF38:
 713 00a4 474E5520 		.ascii	"GNU C11 5.4.1 20160609 (release) [ARM/embedded-5-br"
 713      43313120 
 713      352E342E 
 713      31203230 
 713      31363036 
 714 00d7 616E6368 		.ascii	"anch revision 237715] -mcpu=cortex-m3 -mthumb -g -O"
 714      20726576 
 714      6973696F 
 714      6E203233 
 714      37373135 
 715 010a 67202D66 		.ascii	"g -ffunction-sections -ffat-lto-objects\000"
 715      66756E63 
 715      74696F6E 
 715      2D736563 
 715      74696F6E 
 716              	.LASF19:
 717 0132 45455F49 		.ascii	"EE_INT32\000"
 717      4E543332 
 717      00
 718              	.LASF8:
 719 013b 6C6F6E67 		.ascii	"long unsigned int\000"
 719      20756E73 
 719      69676E65 
 719      6420696E 
 719      7400
 720              	.LASF3:
 721 014d 73686F72 		.ascii	"short unsigned int\000"
 721      7420756E 
 721      7369676E 
 721      65642069 
 721      6E7400
 722              	.LASF30:
 723 0160 45455F6F 		.ascii	"EE_oo_IRQ_disable_count\000"
 723      6F5F4952 
 723      515F6469 
ARM GAS  C:\Users\91819\AppData\Local\Temp\cc1YztOB.s 			page 16


 723      7361626C 
 723      655F636F 
 724              	.LASF35:
 725 0178 49544D5F 		.ascii	"ITM_RxBuffer\000"
 725      52784275 
 725      66666572 
 725      00
 726              	.LASF4:
 727 0185 5F5F7569 		.ascii	"__uint16_t\000"
 727      6E743136 
 727      5F7400
 728              	.LASF26:
 729 0190 5254455F 		.ascii	"RTE_event\000"
 729      6576656E 
 729      7400
 730              	.LASF7:
 731 019a 5F5F7569 		.ascii	"__uint32_t\000"
 731      6E743332 
 731      5F7400
 732              	.LASF29:
 733 01a5 5254455F 		.ascii	"RTE_cyclicTable_t\000"
 733      6379636C 
 733      69635461 
 733      626C655F 
 733      7400
 734              	.LASF11:
 735 01b7 756E7369 		.ascii	"unsigned int\000"
 735      676E6564 
 735      20696E74 
 735      00
 736              	.LASF22:
 737 01c4 45455F46 		.ascii	"EE_FREG\000"
 737      52454700 
 738              	.LASF20:
 739 01cc 45455F55 		.ascii	"EE_UINT32\000"
 739      494E5433 
 739      3200
 740              	.LASF42:
 741 01d6 7469636B 		.ascii	"ticktime\000"
 741      74696D65 
 741      00
 742              	.LASF17:
 743 01df 63686172 		.ascii	"char\000"
 743      00
 744              	.LASF32:
 745 01e4 45455F41 		.ascii	"EE_ApplicationMode\000"
 745      70706C69 
 745      63617469 
 745      6F6E4D6F 
 745      646500
 746              	.LASF37:
 747 01f7 5254455F 		.ascii	"RTE_cyclicActivation_tsk_io_size\000"
 747      6379636C 
 747      69634163 
 747      74697661 
 747      74696F6E 
 748              	.LASF13:
ARM GAS  C:\Users\91819\AppData\Local\Temp\cc1YztOB.s 			page 17


 749 0218 696E7433 		.ascii	"int32_t\000"
 749      325F7400 
 750              	.LASF25:
 751 0220 73697A65 		.ascii	"sizetype\000"
 751      74797065 
 751      00
 752              	.LASF9:
 753 0229 6C6F6E67 		.ascii	"long long int\000"
 753      206C6F6E 
 753      6720696E 
 753      7400
 754              	.LASF40:
 755 0237 433A5C55 		.ascii	"C:\\Users\\91819\\Documents\\HDA_Sem2\\EAA\\Lab\\Wo"
 755      73657273 
 755      5C393138 
 755      31395C44 
 755      6F63756D 
 756 0263 726B7370 		.ascii	"rkspace01\\Workspace03\\electronicClock_v3.cydsn\\e"
 756      61636530 
 756      315C576F 
 756      726B7370 
 756      61636530 
 757 0293 6C656374 		.ascii	"lectronicClock_v3.cydsn\\electronicClock.cydsn\000"
 757      726F6E69 
 757      63436C6F 
 757      636B5F76 
 757      332E6379 
 758              	.LASF21:
 759 02c1 45455F55 		.ascii	"EE_UREG\000"
 759      52454700 
 760              	.LASF34:
 761 02c9 45455F49 		.ascii	"EE_IRQ_nesting_level\000"
 761      52515F6E 
 761      65737469 
 761      6E675F6C 
 761      6576656C 
 762              	.LASF41:
 763 02de 46756E63 		.ascii	"Functsk_io\000"
 763      74736B5F 
 763      696F00
 764              	.LASF2:
 765 02e9 73686F72 		.ascii	"short int\000"
 765      7420696E 
 765      7400
 766              	.LASF12:
 767 02f3 75696E74 		.ascii	"uint16_t\000"
 767      31365F74 
 767      00
 768              	.LASF14:
 769 02fc 75696E74 		.ascii	"uint32_t\000"
 769      33325F74 
 769      00
 770              	.LASF6:
 771 0305 6C6F6E67 		.ascii	"long int\000"
 771      20696E74 
 771      00
 772              	.LASF18:
ARM GAS  C:\Users\91819\AppData\Local\Temp\cc1YztOB.s 			page 18


 773 030e 6C6F6E67 		.ascii	"long double\000"
 773      20646F75 
 773      626C6500 
 774              	.LASF0:
 775 031a 7369676E 		.ascii	"signed char\000"
 775      65642063 
 775      68617200 
 776              	.LASF27:
 777 0326 5254455F 		.ascii	"RTE_pRunnable\000"
 777      7052756E 
 777      6E61626C 
 777      6500
 778              	.LASF39:
 779 0334 6173775C 		.ascii	"asw\\tsk_io.c\000"
 779      74736B5F 
 779      696F2E63 
 779      00
 780              	.LASF36:
 781 0341 5254455F 		.ascii	"RTE_cyclicActivationTable_tsk_io\000"
 781      6379636C 
 781      69634163 
 781      74697661 
 781      74696F6E 
 782              		.ident	"GCC: (GNU Tools for ARM Embedded Processors) 5.4.1 20160609 (release) [ARM/embedded-5-bran
