ARM GAS  C:\Users\91819\AppData\Local\Temp\cc0bH8Oq.s 			page 1


   1              		.syntax unified
   2              		.cpu cortex-m3
   3              		.fpu softvfp
   4              		.eabi_attribute 20, 1
   5              		.eabi_attribute 21, 1
   6              		.eabi_attribute 23, 3
   7              		.eabi_attribute 24, 1
   8              		.eabi_attribute 25, 1
   9              		.eabi_attribute 26, 1
  10              		.eabi_attribute 30, 1
  11              		.eabi_attribute 34, 1
  12              		.eabi_attribute 18, 4
  13              		.thumb
  14              		.syntax unified
  15              		.file	"cymetadata.c"
  16              		.text
  17              	.Ltext0:
  18              		.cfi_sections	.debug_frame
  19              		.global	cy_metadata
  20              		.global	cy_meta_flashprotect
  21              		.global	cy_meta_wonvl
  22              		.global	cy_meta_custnvl
  23              		.global	cy_meta_configecc
  24              		.section	.cyconfigecc,"a",%progbits
  25              		.align	2
  26              		.type	cy_meta_configecc, %object
  27              		.size	cy_meta_configecc, 1972
  28              	cy_meta_configecc:
  29 0000 04       		.byte	4
  30 0001 52       		.byte	82
  31 0002 00       		.byte	0
  32 0003 40       		.byte	64
  33 0004 01       		.byte	1
  34 0005 5B       		.byte	91
  35 0006 00       		.byte	0
  36 0007 40       		.byte	64
  37 0008 02       		.byte	2
  38 0009 64       		.byte	100
  39 000a 00       		.byte	0
  40 000b 40       		.byte	64
  41 000c 02       		.byte	2
  42 000d 65       		.byte	101
  43 000e 00       		.byte	0
  44 000f 40       		.byte	64
  45 0010 02       		.byte	2
  46 0011 05       		.byte	5
  47 0012 01       		.byte	1
  48 0013 40       		.byte	64
  49 0014 1A       		.byte	26
  50 0015 06       		.byte	6
  51 0016 01       		.byte	1
  52 0017 40       		.byte	64
  53 0018 2E       		.byte	46
  54 0019 07       		.byte	7
  55 001a 01       		.byte	1
  56 001b 40       		.byte	64
  57 001c 2D       		.byte	45
ARM GAS  C:\Users\91819\AppData\Local\Temp\cc0bH8Oq.s 			page 2


  58 001d 08       		.byte	8
  59 001e 01       		.byte	1
  60 001f 40       		.byte	64
  61 0020 39       		.byte	57
  62 0021 09       		.byte	9
  63 0022 01       		.byte	1
  64 0023 40       		.byte	64
  65 0024 31       		.byte	49
  66 0025 0A       		.byte	10
  67 0026 01       		.byte	1
  68 0027 40       		.byte	64
  69 0028 3D       		.byte	61
  70 0029 0B       		.byte	11
  71 002a 01       		.byte	1
  72 002b 40       		.byte	64
  73 002c 34       		.byte	52
  74 002d 0C       		.byte	12
  75 002e 01       		.byte	1
  76 002f 40       		.byte	64
  77 0030 37       		.byte	55
  78 0031 0D       		.byte	13
  79 0032 01       		.byte	1
  80 0033 40       		.byte	64
  81 0034 3B       		.byte	59
  82 0035 0E       		.byte	14
  83 0036 01       		.byte	1
  84 0037 40       		.byte	64
  85 0038 2E       		.byte	46
  86 0039 0F       		.byte	15
  87 003a 01       		.byte	1
  88 003b 40       		.byte	64
  89 003c 05       		.byte	5
  90 003d 15       		.byte	21
  91 003e 01       		.byte	1
  92 003f 40       		.byte	64
  93 0040 0B       		.byte	11
  94 0041 16       		.byte	22
  95 0042 01       		.byte	1
  96 0043 40       		.byte	64
  97 0044 35       		.byte	53
  98 0045 17       		.byte	23
  99 0046 01       		.byte	1
 100 0047 40       		.byte	64
 101 0048 25       		.byte	37
 102 0049 18       		.byte	24
 103 004a 01       		.byte	1
 104 004b 40       		.byte	64
 105 004c 38       		.byte	56
 106 004d 19       		.byte	25
 107 004e 01       		.byte	1
 108 004f 40       		.byte	64
 109 0050 55       		.byte	85
 110 0051 1A       		.byte	26
 111 0052 01       		.byte	1
 112 0053 40       		.byte	64
 113 0054 3F       		.byte	63
 114 0055 1B       		.byte	27
ARM GAS  C:\Users\91819\AppData\Local\Temp\cc0bH8Oq.s 			page 3


 115 0056 01       		.byte	1
 116 0057 40       		.byte	64
 117 0058 09       		.byte	9
 118 0059 40       		.byte	64
 119 005a 01       		.byte	1
 120 005b 40       		.byte	64
 121 005c 0A       		.byte	10
 122 005d 41       		.byte	65
 123 005e 01       		.byte	1
 124 005f 40       		.byte	64
 125 0060 05       		.byte	5
 126 0061 42       		.byte	66
 127 0062 01       		.byte	1
 128 0063 40       		.byte	64
 129 0064 06       		.byte	6
 130 0065 43       		.byte	67
 131 0066 01       		.byte	1
 132 0067 40       		.byte	64
 133 0068 02       		.byte	2
 134 0069 44       		.byte	68
 135 006a 01       		.byte	1
 136 006b 40       		.byte	64
 137 006c 04       		.byte	4
 138 006d 45       		.byte	69
 139 006e 01       		.byte	1
 140 006f 40       		.byte	64
 141 0070 07       		.byte	7
 142 0071 46       		.byte	70
 143 0072 01       		.byte	1
 144 0073 40       		.byte	64
 145 0074 05       		.byte	5
 146 0075 47       		.byte	71
 147 0076 01       		.byte	1
 148 0077 40       		.byte	64
 149 0078 06       		.byte	6
 150 0079 48       		.byte	72
 151 007a 01       		.byte	1
 152 007b 40       		.byte	64
 153 007c 04       		.byte	4
 154 007d 49       		.byte	73
 155 007e 01       		.byte	1
 156 007f 40       		.byte	64
 157 0080 01       		.byte	1
 158 0081 4C       		.byte	76
 159 0082 01       		.byte	1
 160 0083 40       		.byte	64
 161 0084 06       		.byte	6
 162 0085 4D       		.byte	77
 163 0086 01       		.byte	1
 164 0087 40       		.byte	64
 165 0088 0A       		.byte	10
 166 0089 50       		.byte	80
 167 008a 01       		.byte	1
 168 008b 40       		.byte	64
 169 008c 02       		.byte	2
 170 008d 51       		.byte	81
 171 008e 01       		.byte	1
ARM GAS  C:\Users\91819\AppData\Local\Temp\cc0bH8Oq.s 			page 4


 172 008f 40       		.byte	64
 173 0090 00       		.byte	0
 174 0091 02       		.byte	2
 175 0092 01       		.byte	1
 176 0093 03       		.byte	3
 177 0094 10       		.byte	16
 178 0095 10       		.byte	16
 179 0096 64       		.byte	100
 180 0097 40       		.byte	64
 181 0098 27       		.byte	39
 182 0099 84       		.byte	-124
 183 009a 8B       		.byte	-117
 184 009b 01       		.byte	1
 185 009c 8F       		.byte	-113
 186 009d 0F       		.byte	15
 187 009e 89       		.byte	-119
 188 009f 72       		.byte	114
 189 00a0 8B       		.byte	-117
 190 00a1 38       		.byte	56
 191 00a2 8B       		.byte	-117
 192 00a3 10       		.byte	16
 193 00a4 E2       		.byte	-30
 194 00a5 20       		.byte	32
 195 00a6 01       		.byte	1
 196 00a7 01       		.byte	1
 197 00a8 06       		.byte	6
 198 00a9 01       		.byte	1
 199 00aa 08       		.byte	8
 200 00ab 01       		.byte	1
 201 00ac 0C       		.byte	12
 202 00ad 01       		.byte	1
 203 00ae 0D       		.byte	13
 204 00af 01       		.byte	1
 205 00b0 10       		.byte	16
 206 00b1 01       		.byte	1
 207 00b2 17       		.byte	23
 208 00b3 01       		.byte	1
 209 00b4 19       		.byte	25
 210 00b5 01       		.byte	1
 211 00b6 1C       		.byte	28
 212 00b7 01       		.byte	1
 213 00b8 1D       		.byte	29
 214 00b9 01       		.byte	1
 215 00ba 20       		.byte	32
 216 00bb 01       		.byte	1
 217 00bc 21       		.byte	33
 218 00bd 01       		.byte	1
 219 00be 27       		.byte	39
 220 00bf 01       		.byte	1
 221 00c0 2C       		.byte	44
 222 00c1 01       		.byte	1
 223 00c2 33       		.byte	51
 224 00c3 01       		.byte	1
 225 00c4 34       		.byte	52
 226 00c5 01       		.byte	1
 227 00c6 58       		.byte	88
 228 00c7 04       		.byte	4
ARM GAS  C:\Users\91819\AppData\Local\Temp\cc0bH8Oq.s 			page 5


 229 00c8 59       		.byte	89
 230 00c9 04       		.byte	4
 231 00ca 5C       		.byte	92
 232 00cb 11       		.byte	17
 233 00cc 5F       		.byte	95
 234 00cd 01       		.byte	1
 235 00ce A3       		.byte	-93
 236 00cf 01       		.byte	1
 237 00d0 B1       		.byte	-79
 238 00d1 01       		.byte	1
 239 00d2 D8       		.byte	-40
 240 00d3 04       		.byte	4
 241 00d4 D9       		.byte	-39
 242 00d5 04       		.byte	4
 243 00d6 DC       		.byte	-36
 244 00d7 11       		.byte	17
 245 00d8 DF       		.byte	-33
 246 00d9 01       		.byte	1
 247 00da 01       		.byte	1
 248 00db 08       		.byte	8
 249 00dc 02       		.byte	2
 250 00dd 08       		.byte	8
 251 00de 05       		.byte	5
 252 00df 28       		.byte	40
 253 00e0 07       		.byte	7
 254 00e1 01       		.byte	1
 255 00e2 09       		.byte	9
 256 00e3 02       		.byte	2
 257 00e4 0A       		.byte	10
 258 00e5 04       		.byte	4
 259 00e6 0B       		.byte	11
 260 00e7 01       		.byte	1
 261 00e8 0C       		.byte	12
 262 00e9 80       		.byte	-128
 263 00ea 0D       		.byte	13
 264 00eb 02       		.byte	2
 265 00ec 12       		.byte	18
 266 00ed 10       		.byte	16
 267 00ee 13       		.byte	19
 268 00ef 80       		.byte	-128
 269 00f0 16       		.byte	22
 270 00f1 80       		.byte	-128
 271 00f2 17       		.byte	23
 272 00f3 80       		.byte	-128
 273 00f4 1F       		.byte	31
 274 00f5 10       		.byte	16
 275 00f6 22       		.byte	34
 276 00f7 02       		.byte	2
 277 00f8 23       		.byte	35
 278 00f9 80       		.byte	-128
 279 00fa 25       		.byte	37
 280 00fb 08       		.byte	8
 281 00fc 29       		.byte	41
 282 00fd 60       		.byte	96
 283 00fe 2A       		.byte	42
 284 00ff 12       		.byte	18
 285 0100 2C       		.byte	44
ARM GAS  C:\Users\91819\AppData\Local\Temp\cc0bH8Oq.s 			page 6


 286 0101 80       		.byte	-128
 287 0102 2E       		.byte	46
 288 0103 04       		.byte	4
 289 0104 30       		.byte	48
 290 0105 88       		.byte	-120
 291 0106 32       		.byte	50
 292 0107 02       		.byte	2
 293 0108 35       		.byte	53
 294 0109 28       		.byte	40
 295 010a 37       		.byte	55
 296 010b 80       		.byte	-128
 297 010c 38       		.byte	56
 298 010d 80       		.byte	-128
 299 010e 39       		.byte	57
 300 010f 20       		.byte	32
 301 0110 3F       		.byte	63
 302 0111 81       		.byte	-127
 303 0112 80       		.byte	-128
 304 0113 40       		.byte	64
 305 0114 82       		.byte	-126
 306 0115 80       		.byte	-128
 307 0116 83       		.byte	-125
 308 0117 01       		.byte	1
 309 0118 84       		.byte	-124
 310 0119 40       		.byte	64
 311 011a 85       		.byte	-123
 312 011b 10       		.byte	16
 313 011c 86       		.byte	-122
 314 011d 06       		.byte	6
 315 011e 87       		.byte	-121
 316 011f 01       		.byte	1
 317 0120 89       		.byte	-119
 318 0121 08       		.byte	8
 319 0122 97       		.byte	-105
 320 0123 20       		.byte	32
 321 0124 C0       		.byte	-64
 322 0125 E6       		.byte	-26
 323 0126 C2       		.byte	-62
 324 0127 9B       		.byte	-101
 325 0128 C4       		.byte	-60
 326 0129 95       		.byte	-107
 327 012a CA       		.byte	-54
 328 012b CD       		.byte	-51
 329 012c CC       		.byte	-52
 330 012d 7B       		.byte	123
 331 012e CE       		.byte	-50
 332 012f 9C       		.byte	-100
 333 0130 E2       		.byte	-30
 334 0131 03       		.byte	3
 335 0132 E6       		.byte	-26
 336 0133 28       		.byte	40
 337 0134 EE       		.byte	-18
 338 0135 04       		.byte	4
 339 0136 01       		.byte	1
 340 0137 04       		.byte	4
 341 0138 06       		.byte	6
 342 0139 10       		.byte	16
ARM GAS  C:\Users\91819\AppData\Local\Temp\cc0bH8Oq.s 			page 7


 343 013a 07       		.byte	7
 344 013b 01       		.byte	1
 345 013c 09       		.byte	9
 346 013d 20       		.byte	32
 347 013e 0A       		.byte	10
 348 013f 01       		.byte	1
 349 0140 0B       		.byte	11
 350 0141 10       		.byte	16
 351 0142 0D       		.byte	13
 352 0143 40       		.byte	64
 353 0144 0E       		.byte	14
 354 0145 02       		.byte	2
 355 0146 0F       		.byte	15
 356 0147 80       		.byte	-128
 357 0148 13       		.byte	19
 358 0149 02       		.byte	2
 359 014a 14       		.byte	20
 360 014b 08       		.byte	8
 361 014c 17       		.byte	23
 362 014d 08       		.byte	8
 363 014e 18       		.byte	24
 364 014f 01       		.byte	1
 365 0150 19       		.byte	25
 366 0151 08       		.byte	8
 367 0152 1E       		.byte	30
 368 0153 04       		.byte	4
 369 0154 1F       		.byte	31
 370 0155 04       		.byte	4
 371 0156 20       		.byte	32
 372 0157 04       		.byte	4
 373 0158 21       		.byte	33
 374 0159 02       		.byte	2
 375 015a 24       		.byte	36
 376 015b 02       		.byte	2
 377 015c 25       		.byte	37
 378 015d 10       		.byte	16
 379 015e 27       		.byte	39
 380 015f 20       		.byte	32
 381 0160 29       		.byte	41
 382 0161 01       		.byte	1
 383 0162 2A       		.byte	42
 384 0163 08       		.byte	8
 385 0164 2D       		.byte	45
 386 0165 80       		.byte	-128
 387 0166 2F       		.byte	47
 388 0167 40       		.byte	64
 389 0168 34       		.byte	52
 390 0169 1F       		.byte	31
 391 016a 35       		.byte	53
 392 016b FF       		.byte	-1
 393 016c 38       		.byte	56
 394 016d 20       		.byte	32
 395 016e 3B       		.byte	59
 396 016f 08       		.byte	8
 397 0170 3E       		.byte	62
 398 0171 10       		.byte	16
 399 0172 3F       		.byte	63
ARM GAS  C:\Users\91819\AppData\Local\Temp\cc0bH8Oq.s 			page 8


 400 0173 10       		.byte	16
 401 0174 52       		.byte	82
 402 0175 03       		.byte	3
 403 0176 53       		.byte	83
 404 0177 02       		.byte	2
 405 0178 58       		.byte	88
 406 0179 04       		.byte	4
 407 017a 59       		.byte	89
 408 017b 04       		.byte	4
 409 017c 5B       		.byte	91
 410 017d 04       		.byte	4
 411 017e 5C       		.byte	92
 412 017f 21       		.byte	33
 413 0180 5D       		.byte	93
 414 0181 10       		.byte	16
 415 0182 5F       		.byte	95
 416 0183 01       		.byte	1
 417 0184 83       		.byte	-125
 418 0185 01       		.byte	1
 419 0186 B1       		.byte	-79
 420 0187 01       		.byte	1
 421 0188 D8       		.byte	-40
 422 0189 04       		.byte	4
 423 018a D9       		.byte	-39
 424 018b 04       		.byte	4
 425 018c DC       		.byte	-36
 426 018d 11       		.byte	17
 427 018e DF       		.byte	-33
 428 018f 01       		.byte	1
 429 0190 02       		.byte	2
 430 0191 02       		.byte	2
 431 0192 03       		.byte	3
 432 0193 64       		.byte	100
 433 0194 04       		.byte	4
 434 0195 04       		.byte	4
 435 0196 05       		.byte	5
 436 0197 22       		.byte	34
 437 0198 06       		.byte	6
 438 0199 02       		.byte	2
 439 019a 08       		.byte	8
 440 019b 02       		.byte	2
 441 019c 09       		.byte	9
 442 019d 42       		.byte	66
 443 019e 0C       		.byte	12
 444 019f 04       		.byte	4
 445 01a0 0E       		.byte	14
 446 01a1 01       		.byte	1
 447 01a2 0F       		.byte	15
 448 01a3 44       		.byte	68
 449 01a4 11       		.byte	17
 450 01a5 08       		.byte	8
 451 01a6 14       		.byte	20
 452 01a7 82       		.byte	-126
 453 01a8 16       		.byte	22
 454 01a9 10       		.byte	16
 455 01aa 17       		.byte	23
 456 01ab 10       		.byte	16
ARM GAS  C:\Users\91819\AppData\Local\Temp\cc0bH8Oq.s 			page 9


 457 01ac 1F       		.byte	31
 458 01ad 20       		.byte	32
 459 01ae 22       		.byte	34
 460 01af 02       		.byte	2
 461 01b0 24       		.byte	36
 462 01b1 04       		.byte	4
 463 01b2 25       		.byte	37
 464 01b3 08       		.byte	8
 465 01b4 2A       		.byte	42
 466 01b5 80       		.byte	-128
 467 01b6 2B       		.byte	43
 468 01b7 20       		.byte	32
 469 01b8 2D       		.byte	45
 470 01b9 20       		.byte	32
 471 01ba 2E       		.byte	46
 472 01bb 46       		.byte	70
 473 01bc 32       		.byte	50
 474 01bd 02       		.byte	2
 475 01be 33       		.byte	51
 476 01bf 44       		.byte	68
 477 01c0 34       		.byte	52
 478 01c1 84       		.byte	-124
 479 01c2 36       		.byte	54
 480 01c3 02       		.byte	2
 481 01c4 37       		.byte	55
 482 01c5 54       		.byte	84
 483 01c6 39       		.byte	57
 484 01c7 20       		.byte	32
 485 01c8 3A       		.byte	58
 486 01c9 02       		.byte	2
 487 01ca 3B       		.byte	59
 488 01cb 04       		.byte	4
 489 01cc 3D       		.byte	61
 490 01cd 98       		.byte	-104
 491 01ce 3E       		.byte	62
 492 01cf 81       		.byte	-127
 493 01d0 3F       		.byte	63
 494 01d1 44       		.byte	68
 495 01d2 6C       		.byte	108
 496 01d3 04       		.byte	4
 497 01d4 6F       		.byte	111
 498 01d5 02       		.byte	2
 499 01d6 83       		.byte	-125
 500 01d7 04       		.byte	4
 501 01d8 85       		.byte	-123
 502 01d9 50       		.byte	80
 503 01da 91       		.byte	-111
 504 01db 10       		.byte	16
 505 01dc 92       		.byte	-110
 506 01dd 41       		.byte	65
 507 01de 94       		.byte	-108
 508 01df 08       		.byte	8
 509 01e0 99       		.byte	-103
 510 01e1 20       		.byte	32
 511 01e2 9A       		.byte	-102
 512 01e3 02       		.byte	2
 513 01e4 9B       		.byte	-101
ARM GAS  C:\Users\91819\AppData\Local\Temp\cc0bH8Oq.s 			page 10


 514 01e5 14       		.byte	20
 515 01e6 9C       		.byte	-100
 516 01e7 8C       		.byte	-116
 517 01e8 9E       		.byte	-98
 518 01e9 90       		.byte	-112
 519 01ea A1       		.byte	-95
 520 01eb 44       		.byte	68
 521 01ec A5       		.byte	-91
 522 01ed 02       		.byte	2
 523 01ee A6       		.byte	-90
 524 01ef 02       		.byte	2
 525 01f0 A7       		.byte	-89
 526 01f1 02       		.byte	2
 527 01f2 B4       		.byte	-76
 528 01f3 20       		.byte	32
 529 01f4 C0       		.byte	-64
 530 01f5 FF       		.byte	-1
 531 01f6 C2       		.byte	-62
 532 01f7 F9       		.byte	-7
 533 01f8 C4       		.byte	-60
 534 01f9 F4       		.byte	-12
 535 01fa CA       		.byte	-54
 536 01fb FA       		.byte	-6
 537 01fc CC       		.byte	-52
 538 01fd FB       		.byte	-5
 539 01fe CE       		.byte	-50
 540 01ff F7       		.byte	-9
 541 0200 EE       		.byte	-18
 542 0201 04       		.byte	4
 543 0202 52       		.byte	82
 544 0203 80       		.byte	-128
 545 0204 58       		.byte	88
 546 0205 04       		.byte	4
 547 0206 59       		.byte	89
 548 0207 04       		.byte	4
 549 0208 5B       		.byte	91
 550 0209 04       		.byte	4
 551 020a 5C       		.byte	92
 552 020b 11       		.byte	17
 553 020c 5F       		.byte	95
 554 020d 01       		.byte	1
 555 020e 84       		.byte	-124
 556 020f 04       		.byte	4
 557 0210 8A       		.byte	-118
 558 0211 01       		.byte	1
 559 0212 92       		.byte	-110
 560 0213 02       		.byte	2
 561 0214 9A       		.byte	-102
 562 0215 01       		.byte	1
 563 0216 9B       		.byte	-101
 564 0217 02       		.byte	2
 565 0218 A4       		.byte	-92
 566 0219 04       		.byte	4
 567 021a AF       		.byte	-81
 568 021b 01       		.byte	1
 569 021c B2       		.byte	-78
 570 021d 02       		.byte	2
ARM GAS  C:\Users\91819\AppData\Local\Temp\cc0bH8Oq.s 			page 11


 571 021e B3       		.byte	-77
 572 021f 02       		.byte	2
 573 0220 B4       		.byte	-76
 574 0221 04       		.byte	4
 575 0222 B6       		.byte	-74
 576 0223 01       		.byte	1
 577 0224 B7       		.byte	-73
 578 0225 01       		.byte	1
 579 0226 B8       		.byte	-72
 580 0227 20       		.byte	32
 581 0228 BE       		.byte	-66
 582 0229 10       		.byte	16
 583 022a C0       		.byte	-64
 584 022b 30       		.byte	48
 585 022c C1       		.byte	-63
 586 022d 05       		.byte	5
 587 022e C5       		.byte	-59
 588 022f 01       		.byte	1
 589 0230 C6       		.byte	-58
 590 0231 02       		.byte	2
 591 0232 C8       		.byte	-56
 592 0233 05       		.byte	5
 593 0234 C9       		.byte	-55
 594 0235 FF       		.byte	-1
 595 0236 CA       		.byte	-54
 596 0237 FF       		.byte	-1
 597 0238 CB       		.byte	-53
 598 0239 FF       		.byte	-1
 599 023a CD       		.byte	-51
 600 023b A0       		.byte	-96
 601 023c CF       		.byte	-49
 602 023d 04       		.byte	4
 603 023e D0       		.byte	-48
 604 023f 18       		.byte	24
 605 0240 D6       		.byte	-42
 606 0241 02       		.byte	2
 607 0242 D7       		.byte	-41
 608 0243 39       		.byte	57
 609 0244 D8       		.byte	-40
 610 0245 04       		.byte	4
 611 0246 D9       		.byte	-39
 612 0247 04       		.byte	4
 613 0248 DA       		.byte	-38
 614 0249 04       		.byte	4
 615 024a DB       		.byte	-37
 616 024b 0C       		.byte	12
 617 024c DC       		.byte	-36
 618 024d 10       		.byte	16
 619 024e DD       		.byte	-35
 620 024f 10       		.byte	16
 621 0250 DF       		.byte	-33
 622 0251 01       		.byte	1
 623 0252 E0       		.byte	-32
 624 0253 40       		.byte	64
 625 0254 E2       		.byte	-30
 626 0255 C0       		.byte	-64
 627 0256 E4       		.byte	-28
ARM GAS  C:\Users\91819\AppData\Local\Temp\cc0bH8Oq.s 			page 12


 628 0257 40       		.byte	64
 629 0258 E5       		.byte	-27
 630 0259 40       		.byte	64
 631 025a E6       		.byte	-26
 632 025b C0       		.byte	-64
 633 025c E8       		.byte	-24
 634 025d C0       		.byte	-64
 635 025e EA       		.byte	-22
 636 025f C0       		.byte	-64
 637 0260 EC       		.byte	-20
 638 0261 C0       		.byte	-64
 639 0262 EE       		.byte	-18
 640 0263 C0       		.byte	-64
 641 0264 01       		.byte	1
 642 0265 40       		.byte	64
 643 0266 02       		.byte	2
 644 0267 02       		.byte	2
 645 0268 03       		.byte	3
 646 0269 04       		.byte	4
 647 026a 04       		.byte	4
 648 026b 08       		.byte	8
 649 026c 07       		.byte	7
 650 026d 28       		.byte	40
 651 026e 08       		.byte	8
 652 026f 88       		.byte	-120
 653 0270 09       		.byte	9
 654 0271 02       		.byte	2
 655 0272 0F       		.byte	15
 656 0273 48       		.byte	72
 657 0274 11       		.byte	17
 658 0275 88       		.byte	-120
 659 0276 14       		.byte	20
 660 0277 20       		.byte	32
 661 0278 1D       		.byte	29
 662 0279 08       		.byte	8
 663 027a 1E       		.byte	30
 664 027b 02       		.byte	2
 665 027c 1F       		.byte	31
 666 027d 10       		.byte	16
 667 027e 24       		.byte	36
 668 027f 20       		.byte	32
 669 0280 25       		.byte	37
 670 0281 44       		.byte	68
 671 0282 28       		.byte	40
 672 0283 88       		.byte	-120
 673 0284 2A       		.byte	42
 674 0285 80       		.byte	-128
 675 0286 2C       		.byte	44
 676 0287 44       		.byte	68
 677 0288 2E       		.byte	46
 678 0289 40       		.byte	64
 679 028a 31       		.byte	49
 680 028b 02       		.byte	2
 681 028c 33       		.byte	51
 682 028d 04       		.byte	4
 683 028e 34       		.byte	52
 684 028f 88       		.byte	-120
ARM GAS  C:\Users\91819\AppData\Local\Temp\cc0bH8Oq.s 			page 13


 685 0290 35       		.byte	53
 686 0291 20       		.byte	32
 687 0292 36       		.byte	54
 688 0293 02       		.byte	2
 689 0294 38       		.byte	56
 690 0295 20       		.byte	32
 691 0296 39       		.byte	57
 692 0297 40       		.byte	64
 693 0298 3D       		.byte	61
 694 0299 88       		.byte	-120
 695 029a 45       		.byte	69
 696 029b 08       		.byte	8
 697 029c 47       		.byte	71
 698 029d 08       		.byte	8
 699 029e 4F       		.byte	79
 700 029f 88       		.byte	-120
 701 02a0 57       		.byte	87
 702 02a1 40       		.byte	64
 703 02a2 5F       		.byte	95
 704 02a3 20       		.byte	32
 705 02a4 67       		.byte	103
 706 02a5 20       		.byte	32
 707 02a6 6D       		.byte	109
 708 02a7 10       		.byte	16
 709 02a8 6E       		.byte	110
 710 02a9 45       		.byte	69
 711 02aa 6F       		.byte	111
 712 02ab 10       		.byte	16
 713 02ac 73       		.byte	115
 714 02ad 40       		.byte	64
 715 02ae 75       		.byte	117
 716 02af 20       		.byte	32
 717 02b0 76       		.byte	118
 718 02b1 02       		.byte	2
 719 02b2 7F       		.byte	127
 720 02b3 02       		.byte	2
 721 02b4 8E       		.byte	-114
 722 02b5 01       		.byte	1
 723 02b6 94       		.byte	-108
 724 02b7 20       		.byte	32
 725 02b8 96       		.byte	-106
 726 02b9 04       		.byte	4
 727 02ba 98       		.byte	-104
 728 02bb 40       		.byte	64
 729 02bc 9B       		.byte	-101
 730 02bd 04       		.byte	4
 731 02be 9C       		.byte	-100
 732 02bf 88       		.byte	-120
 733 02c0 9E       		.byte	-98
 734 02c1 90       		.byte	-112
 735 02c2 A5       		.byte	-91
 736 02c3 46       		.byte	70
 737 02c4 B4       		.byte	-76
 738 02c5 08       		.byte	8
 739 02c6 B5       		.byte	-75
 740 02c7 02       		.byte	2
 741 02c8 C0       		.byte	-64
ARM GAS  C:\Users\91819\AppData\Local\Temp\cc0bH8Oq.s 			page 14


 742 02c9 63       		.byte	99
 743 02ca C2       		.byte	-62
 744 02cb 5D       		.byte	93
 745 02cc C4       		.byte	-60
 746 02cd 25       		.byte	37
 747 02ce CA       		.byte	-54
 748 02cf BD       		.byte	-67
 749 02d0 CC       		.byte	-52
 750 02d1 F3       		.byte	-13
 751 02d2 CE       		.byte	-50
 752 02d3 5C       		.byte	92
 753 02d4 D0       		.byte	-48
 754 02d5 40       		.byte	64
 755 02d6 D2       		.byte	-46
 756 02d7 10       		.byte	16
 757 02d8 D6       		.byte	-42
 758 02d9 20       		.byte	32
 759 02da D8       		.byte	-40
 760 02db 40       		.byte	64
 761 02dc DE       		.byte	-34
 762 02dd 10       		.byte	16
 763 02de 00       		.byte	0
 764 02df 09       		.byte	9
 765 02e0 02       		.byte	2
 766 02e1 D0       		.byte	-48
 767 02e2 04       		.byte	4
 768 02e3 0C       		.byte	12
 769 02e4 06       		.byte	6
 770 02e5 71       		.byte	113
 771 02e6 09       		.byte	9
 772 02e7 02       		.byte	2
 773 02e8 0A       		.byte	10
 774 02e9 03       		.byte	3
 775 02ea 0C       		.byte	12
 776 02eb 10       		.byte	16
 777 02ec 0E       		.byte	14
 778 02ed AC       		.byte	-84
 779 02ee 11       		.byte	17
 780 02ef 03       		.byte	3
 781 02f0 14       		.byte	20
 782 02f1 DC       		.byte	-36
 783 02f2 16       		.byte	22
 784 02f3 22       		.byte	34
 785 02f4 1E       		.byte	30
 786 02f5 20       		.byte	32
 787 02f6 20       		.byte	32
 788 02f7 10       		.byte	16
 789 02f8 22       		.byte	34
 790 02f9 40       		.byte	64
 791 02fa 27       		.byte	39
 792 02fb 04       		.byte	4
 793 02fc 29       		.byte	41
 794 02fd 03       		.byte	3
 795 02fe 2C       		.byte	44
 796 02ff 14       		.byte	20
 797 0300 2F       		.byte	47
 798 0301 01       		.byte	1
ARM GAS  C:\Users\91819\AppData\Local\Temp\cc0bH8Oq.s 			page 15


 799 0302 32       		.byte	50
 800 0303 E0       		.byte	-32
 801 0304 33       		.byte	51
 802 0305 03       		.byte	3
 803 0306 34       		.byte	52
 804 0307 1F       		.byte	31
 805 0308 35       		.byte	53
 806 0309 04       		.byte	4
 807 030a 39       		.byte	57
 808 030b 08       		.byte	8
 809 030c 3A       		.byte	58
 810 030d 08       		.byte	8
 811 030e 3F       		.byte	63
 812 030f 04       		.byte	4
 813 0310 40       		.byte	64
 814 0311 02       		.byte	2
 815 0312 46       		.byte	70
 816 0313 04       		.byte	4
 817 0314 49       		.byte	73
 818 0315 FF       		.byte	-1
 819 0316 4A       		.byte	74
 820 0317 07       		.byte	7
 821 0318 4B       		.byte	75
 822 0319 FF       		.byte	-1
 823 031a 4C       		.byte	76
 824 031b 40       		.byte	64
 825 031c 4D       		.byte	77
 826 031d 20       		.byte	32
 827 031e 4E       		.byte	78
 828 031f F0       		.byte	-16
 829 0320 4F       		.byte	79
 830 0321 05       		.byte	5
 831 0322 50       		.byte	80
 832 0323 08       		.byte	8
 833 0324 58       		.byte	88
 834 0325 04       		.byte	4
 835 0326 59       		.byte	89
 836 0327 04       		.byte	4
 837 0328 5A       		.byte	90
 838 0329 04       		.byte	4
 839 032a 5C       		.byte	92
 840 032b 12       		.byte	18
 841 032c 5D       		.byte	93
 842 032d 02       		.byte	2
 843 032e 5F       		.byte	95
 844 032f 01       		.byte	1
 845 0330 60       		.byte	96
 846 0331 40       		.byte	64
 847 0332 61       		.byte	97
 848 0333 A8       		.byte	-88
 849 0334 62       		.byte	98
 850 0335 40       		.byte	64
 851 0336 63       		.byte	99
 852 0337 20       		.byte	32
 853 0338 98       		.byte	-104
 854 0339 01       		.byte	1
 855 033a B0       		.byte	-80
ARM GAS  C:\Users\91819\AppData\Local\Temp\cc0bH8Oq.s 			page 16


 856 033b 01       		.byte	1
 857 033c BE       		.byte	-66
 858 033d 01       		.byte	1
 859 033e D8       		.byte	-40
 860 033f 04       		.byte	4
 861 0340 D9       		.byte	-39
 862 0341 04       		.byte	4
 863 0342 DC       		.byte	-36
 864 0343 11       		.byte	17
 865 0344 DF       		.byte	-33
 866 0345 01       		.byte	1
 867 0346 02       		.byte	2
 868 0347 10       		.byte	16
 869 0348 03       		.byte	3
 870 0349 14       		.byte	20
 871 034a 05       		.byte	5
 872 034b 15       		.byte	21
 873 034c 07       		.byte	7
 874 034d 01       		.byte	1
 875 034e 08       		.byte	8
 876 034f 88       		.byte	-120
 877 0350 09       		.byte	9
 878 0351 22       		.byte	34
 879 0352 0B       		.byte	11
 880 0353 01       		.byte	1
 881 0354 0E       		.byte	14
 882 0355 10       		.byte	16
 883 0356 0F       		.byte	15
 884 0357 02       		.byte	2
 885 0358 11       		.byte	17
 886 0359 88       		.byte	-120
 887 035a 16       		.byte	22
 888 035b 41       		.byte	65
 889 035c 1A       		.byte	26
 890 035d 40       		.byte	64
 891 035e 1D       		.byte	29
 892 035f 34       		.byte	52
 893 0360 1F       		.byte	31
 894 0361 04       		.byte	4
 895 0362 27       		.byte	39
 896 0363 24       		.byte	36
 897 0364 28       		.byte	40
 898 0365 88       		.byte	-120
 899 0366 2D       		.byte	45
 900 0367 02       		.byte	2
 901 0368 2E       		.byte	46
 902 0369 04       		.byte	4
 903 036a 2F       		.byte	47
 904 036b 06       		.byte	6
 905 036c 31       		.byte	49
 906 036d 02       		.byte	2
 907 036e 33       		.byte	51
 908 036f 14       		.byte	20
 909 0370 34       		.byte	52
 910 0371 40       		.byte	64
 911 0372 37       		.byte	55
 912 0373 15       		.byte	21
ARM GAS  C:\Users\91819\AppData\Local\Temp\cc0bH8Oq.s 			page 17


 913 0374 38       		.byte	56
 914 0375 20       		.byte	32
 915 0376 3A       		.byte	58
 916 0377 80       		.byte	-128
 917 0378 3D       		.byte	61
 918 0379 08       		.byte	8
 919 037a 3E       		.byte	62
 920 037b 90       		.byte	-112
 921 037c 3F       		.byte	63
 922 037d 01       		.byte	1
 923 037e 44       		.byte	68
 924 037f 40       		.byte	64
 925 0380 45       		.byte	69
 926 0381 02       		.byte	2
 927 0382 47       		.byte	71
 928 0383 20       		.byte	32
 929 0384 54       		.byte	84
 930 0385 02       		.byte	2
 931 0386 56       		.byte	86
 932 0387 40       		.byte	64
 933 0388 57       		.byte	87
 934 0389 03       		.byte	3
 935 038a 82       		.byte	-126
 936 038b 40       		.byte	64
 937 038c 92       		.byte	-110
 938 038d 10       		.byte	16
 939 038e 94       		.byte	-108
 940 038f 20       		.byte	32
 941 0390 99       		.byte	-103
 942 0391 01       		.byte	1
 943 0392 9A       		.byte	-102
 944 0393 01       		.byte	1
 945 0394 9B       		.byte	-101
 946 0395 01       		.byte	1
 947 0396 9C       		.byte	-100
 948 0397 88       		.byte	-120
 949 0398 9D       		.byte	-99
 950 0399 04       		.byte	4
 951 039a 9E       		.byte	-98
 952 039b D0       		.byte	-48
 953 039c 9F       		.byte	-97
 954 039d 04       		.byte	4
 955 039e A4       		.byte	-92
 956 039f 02       		.byte	2
 957 03a0 A5       		.byte	-91
 958 03a1 02       		.byte	2
 959 03a2 A7       		.byte	-89
 960 03a3 01       		.byte	1
 961 03a4 C0       		.byte	-64
 962 03a5 F6       		.byte	-10
 963 03a6 C2       		.byte	-62
 964 03a7 AF       		.byte	-81
 965 03a8 C4       		.byte	-60
 966 03a9 95       		.byte	-107
 967 03aa CA       		.byte	-54
 968 03ab F5       		.byte	-11
 969 03ac CC       		.byte	-52
ARM GAS  C:\Users\91819\AppData\Local\Temp\cc0bH8Oq.s 			page 18


 970 03ad F7       		.byte	-9
 971 03ae CE       		.byte	-50
 972 03af FC       		.byte	-4
 973 03b0 D0       		.byte	-48
 974 03b1 20       		.byte	32
 975 03b2 E0       		.byte	-32
 976 03b3 04       		.byte	4
 977 03b4 58       		.byte	88
 978 03b5 04       		.byte	4
 979 03b6 59       		.byte	89
 980 03b7 04       		.byte	4
 981 03b8 5C       		.byte	92
 982 03b9 11       		.byte	17
 983 03ba 5F       		.byte	95
 984 03bb 01       		.byte	1
 985 03bc 81       		.byte	-127
 986 03bd 10       		.byte	16
 987 03be 82       		.byte	-126
 988 03bf 0C       		.byte	12
 989 03c0 84       		.byte	-124
 990 03c1 51       		.byte	81
 991 03c2 86       		.byte	-122
 992 03c3 0E       		.byte	14
 993 03c4 89       		.byte	-119
 994 03c5 0A       		.byte	10
 995 03c6 8B       		.byte	-117
 996 03c7 04       		.byte	4
 997 03c8 8C       		.byte	-116
 998 03c9 51       		.byte	81
 999 03ca 8E       		.byte	-114
 1000 03cb 06       		.byte	6
 1001 03cc 91       		.byte	-111
 1002 03cd 03       		.byte	3
 1003 03ce 93       		.byte	-109
 1004 03cf 0C       		.byte	12
 1005 03d0 94       		.byte	-108
 1006 03d1 0C       		.byte	12
 1007 03d2 95       		.byte	-107
 1008 03d3 03       		.byte	3
 1009 03d4 96       		.byte	-106
 1010 03d5 53       		.byte	83
 1011 03d6 97       		.byte	-105
 1012 03d7 04       		.byte	4
 1013 03d8 9C       		.byte	-100
 1014 03d9 20       		.byte	32
 1015 03da 9E       		.byte	-98
 1016 03db 43       		.byte	67
 1017 03dc 9F       		.byte	-97
 1018 03dd 08       		.byte	8
 1019 03de A2       		.byte	-94
 1020 03df 08       		.byte	8
 1021 03e0 A6       		.byte	-90
 1022 03e1 40       		.byte	64
 1023 03e2 A9       		.byte	-87
 1024 03e3 03       		.byte	3
 1025 03e4 AB       		.byte	-85
 1026 03e5 04       		.byte	4
ARM GAS  C:\Users\91819\AppData\Local\Temp\cc0bH8Oq.s 			page 19


 1027 03e6 AF       		.byte	-81
 1028 03e7 05       		.byte	5
 1029 03e8 B0       		.byte	-80
 1030 03e9 30       		.byte	48
 1031 03ea B2       		.byte	-78
 1032 03eb 0F       		.byte	15
 1033 03ec B4       		.byte	-76
 1034 03ed 40       		.byte	64
 1035 03ee B5       		.byte	-75
 1036 03ef 10       		.byte	16
 1037 03f0 B7       		.byte	-73
 1038 03f1 0F       		.byte	15
 1039 03f2 B8       		.byte	-72
 1040 03f3 02       		.byte	2
 1041 03f4 BA       		.byte	-70
 1042 03f5 08       		.byte	8
 1043 03f6 BB       		.byte	-69
 1044 03f7 80       		.byte	-128
 1045 03f8 BE       		.byte	-66
 1046 03f9 10       		.byte	16
 1047 03fa BF       		.byte	-65
 1048 03fb 10       		.byte	16
 1049 03fc C0       		.byte	-64
 1050 03fd 45       		.byte	69
 1051 03fe C1       		.byte	-63
 1052 03ff 02       		.byte	2
 1053 0400 C5       		.byte	-59
 1054 0401 E0       		.byte	-32
 1055 0402 C6       		.byte	-58
 1056 0403 C0       		.byte	-64
 1057 0404 C7       		.byte	-57
 1058 0405 B0       		.byte	-80
 1059 0406 C8       		.byte	-56
 1060 0407 2A       		.byte	42
 1061 0408 C9       		.byte	-55
 1062 0409 FF       		.byte	-1
 1063 040a CA       		.byte	-54
 1064 040b FF       		.byte	-1
 1065 040c CB       		.byte	-53
 1066 040d FF       		.byte	-1
 1067 040e CE       		.byte	-50
 1068 040f F0       		.byte	-16
 1069 0410 CF       		.byte	-49
 1070 0411 44       		.byte	68
 1071 0412 D0       		.byte	-48
 1072 0413 0C       		.byte	12
 1073 0414 D4       		.byte	-44
 1074 0415 01       		.byte	1
 1075 0416 D8       		.byte	-40
 1076 0417 04       		.byte	4
 1077 0418 D9       		.byte	-39
 1078 0419 04       		.byte	4
 1079 041a DA       		.byte	-38
 1080 041b 04       		.byte	4
 1081 041c DB       		.byte	-37
 1082 041d 04       		.byte	4
 1083 041e DC       		.byte	-36
ARM GAS  C:\Users\91819\AppData\Local\Temp\cc0bH8Oq.s 			page 20


 1084 041f 22       		.byte	34
 1085 0420 DD       		.byte	-35
 1086 0421 22       		.byte	34
 1087 0422 DF       		.byte	-33
 1088 0423 01       		.byte	1
 1089 0424 E6       		.byte	-26
 1090 0425 C0       		.byte	-64
 1091 0426 EA       		.byte	-22
 1092 0427 40       		.byte	64
 1093 0428 EB       		.byte	-21
 1094 0429 02       		.byte	2
 1095 042a 03       		.byte	3
 1096 042b 04       		.byte	4
 1097 042c 05       		.byte	5
 1098 042d 05       		.byte	5
 1099 042e 07       		.byte	7
 1100 042f 61       		.byte	97
 1101 0430 08       		.byte	8
 1102 0431 88       		.byte	-120
 1103 0432 09       		.byte	9
 1104 0433 02       		.byte	2
 1105 0434 0E       		.byte	14
 1106 0435 10       		.byte	16
 1107 0436 0F       		.byte	15
 1108 0437 02       		.byte	2
 1109 0438 10       		.byte	16
 1110 0439 10       		.byte	16
 1111 043a 11       		.byte	17
 1112 043b 50       		.byte	80
 1113 043c 12       		.byte	18
 1114 043d 10       		.byte	16
 1115 043e 14       		.byte	20
 1116 043f 20       		.byte	32
 1117 0440 16       		.byte	22
 1118 0441 60       		.byte	96
 1119 0442 1D       		.byte	29
 1120 0443 21       		.byte	33
 1121 0444 1E       		.byte	30
 1122 0445 10       		.byte	16
 1123 0446 27       		.byte	39
 1124 0447 09       		.byte	9
 1125 0448 28       		.byte	40
 1126 0449 98       		.byte	-104
 1127 044a 2C       		.byte	44
 1128 044b 02       		.byte	2
 1129 044c 2E       		.byte	46
 1130 044d 20       		.byte	32
 1131 044e 31       		.byte	49
 1132 044f 02       		.byte	2
 1133 0450 33       		.byte	51
 1134 0451 04       		.byte	4
 1135 0452 35       		.byte	53
 1136 0453 04       		.byte	4
 1137 0454 37       		.byte	55
 1138 0455 41       		.byte	65
 1139 0456 38       		.byte	56
 1140 0457 20       		.byte	32
ARM GAS  C:\Users\91819\AppData\Local\Temp\cc0bH8Oq.s 			page 21


 1141 0458 39       		.byte	57
 1142 0459 50       		.byte	80
 1143 045a 3A       		.byte	58
 1144 045b 80       		.byte	-128
 1145 045c 3D       		.byte	61
 1146 045d 01       		.byte	1
 1147 045e 3E       		.byte	62
 1148 045f 10       		.byte	16
 1149 0460 47       		.byte	71
 1150 0461 21       		.byte	33
 1151 0462 4C       		.byte	76
 1152 0463 02       		.byte	2
 1153 0464 4D       		.byte	77
 1154 0465 01       		.byte	1
 1155 0466 56       		.byte	86
 1156 0467 21       		.byte	33
 1157 0468 5C       		.byte	92
 1158 0469 20       		.byte	32
 1159 046a 5D       		.byte	93
 1160 046b 01       		.byte	1
 1161 046c 5E       		.byte	94
 1162 046d 40       		.byte	64
 1163 046e 5F       		.byte	95
 1164 046f 08       		.byte	8
 1165 0470 8D       		.byte	-115
 1166 0471 20       		.byte	32
 1167 0472 8E       		.byte	-114
 1168 0473 40       		.byte	64
 1169 0474 C0       		.byte	-64
 1170 0475 B2       		.byte	-78
 1171 0476 C2       		.byte	-62
 1172 0477 AD       		.byte	-83
 1173 0478 C4       		.byte	-60
 1174 0479 37       		.byte	55
 1175 047a CA       		.byte	-54
 1176 047b 37       		.byte	55
 1177 047c CC       		.byte	-52
 1178 047d D3       		.byte	-45
 1179 047e CE       		.byte	-50
 1180 047f AC       		.byte	-84
 1181 0480 D0       		.byte	-48
 1182 0481 A0       		.byte	-96
 1183 0482 D2       		.byte	-46
 1184 0483 10       		.byte	16
 1185 0484 D6       		.byte	-42
 1186 0485 F0       		.byte	-16
 1187 0486 A9       		.byte	-87
 1188 0487 20       		.byte	32
 1189 0488 B4       		.byte	-76
 1190 0489 02       		.byte	2
 1191 048a E2       		.byte	-30
 1192 048b 04       		.byte	4
 1193 048c EC       		.byte	-20
 1194 048d 20       		.byte	32
 1195 048e EE       		.byte	-18
 1196 048f 01       		.byte	1
 1197 0490 58       		.byte	88
ARM GAS  C:\Users\91819\AppData\Local\Temp\cc0bH8Oq.s 			page 22


 1198 0491 04       		.byte	4
 1199 0492 59       		.byte	89
 1200 0493 04       		.byte	4
 1201 0494 5C       		.byte	92
 1202 0495 11       		.byte	17
 1203 0496 5F       		.byte	95
 1204 0497 01       		.byte	1
 1205 0498 D6       		.byte	-42
 1206 0499 08       		.byte	8
 1207 049a D8       		.byte	-40
 1208 049b 04       		.byte	4
 1209 049c D9       		.byte	-39
 1210 049d 04       		.byte	4
 1211 049e DB       		.byte	-37
 1212 049f 04       		.byte	4
 1213 04a0 DC       		.byte	-36
 1214 04a1 11       		.byte	17
 1215 04a2 DD       		.byte	-35
 1216 04a3 90       		.byte	-112
 1217 04a4 DF       		.byte	-33
 1218 04a5 01       		.byte	1
 1219 04a6 00       		.byte	0
 1220 04a7 82       		.byte	-126
 1221 04a8 01       		.byte	1
 1222 04a9 A0       		.byte	-96
 1223 04aa 05       		.byte	5
 1224 04ab A0       		.byte	-96
 1225 04ac 06       		.byte	6
 1226 04ad 80       		.byte	-128
 1227 04ae 09       		.byte	9
 1228 04af 02       		.byte	2
 1229 04b0 0B       		.byte	11
 1230 04b1 02       		.byte	2
 1231 04b2 0C       		.byte	12
 1232 04b3 80       		.byte	-128
 1233 04b4 0D       		.byte	13
 1234 04b5 02       		.byte	2
 1235 04b6 0F       		.byte	15
 1236 04b7 C0       		.byte	-64
 1237 04b8 10       		.byte	16
 1238 04b9 80       		.byte	-128
 1239 04ba 13       		.byte	19
 1240 04bb 80       		.byte	-128
 1241 04bc 15       		.byte	21
 1242 04bd 01       		.byte	1
 1243 04be 17       		.byte	23
 1244 04bf 80       		.byte	-128
 1245 04c0 29       		.byte	41
 1246 04c1 A0       		.byte	-96
 1247 04c2 2B       		.byte	43
 1248 04c3 40       		.byte	64
 1249 04c4 2C       		.byte	44
 1250 04c5 80       		.byte	-128
 1251 04c6 2E       		.byte	46
 1252 04c7 80       		.byte	-128
 1253 04c8 2F       		.byte	47
 1254 04c9 01       		.byte	1
ARM GAS  C:\Users\91819\AppData\Local\Temp\cc0bH8Oq.s 			page 23


 1255 04ca 30       		.byte	48
 1256 04cb 80       		.byte	-128
 1257 04cc 32       		.byte	50
 1258 04cd 02       		.byte	2
 1259 04ce 35       		.byte	53
 1260 04cf A0       		.byte	-96
 1261 04d0 36       		.byte	54
 1262 04d1 02       		.byte	2
 1263 04d2 38       		.byte	56
 1264 04d3 80       		.byte	-128
 1265 04d4 39       		.byte	57
 1266 04d5 01       		.byte	1
 1267 04d6 3A       		.byte	58
 1268 04d7 80       		.byte	-128
 1269 04d8 3C       		.byte	60
 1270 04d9 02       		.byte	2
 1271 04da 3D       		.byte	61
 1272 04db 01       		.byte	1
 1273 04dc 3F       		.byte	63
 1274 04dd 40       		.byte	64
 1275 04de 5A       		.byte	90
 1276 04df 40       		.byte	64
 1277 04e0 60       		.byte	96
 1278 04e1 02       		.byte	2
 1279 04e2 82       		.byte	-126
 1280 04e3 40       		.byte	64
 1281 04e4 90       		.byte	-112
 1282 04e5 80       		.byte	-128
 1283 04e6 9B       		.byte	-101
 1284 04e7 80       		.byte	-128
 1285 04e8 9D       		.byte	-99
 1286 04e9 20       		.byte	32
 1287 04ea A0       		.byte	-96
 1288 04eb C1       		.byte	-63
 1289 04ec A1       		.byte	-95
 1290 04ed 02       		.byte	2
 1291 04ee A2       		.byte	-94
 1292 04ef 02       		.byte	2
 1293 04f0 A7       		.byte	-89
 1294 04f1 40       		.byte	64
 1295 04f2 A8       		.byte	-88
 1296 04f3 80       		.byte	-128
 1297 04f4 AA       		.byte	-86
 1298 04f5 08       		.byte	8
 1299 04f6 AE       		.byte	-82
 1300 04f7 02       		.byte	2
 1301 04f8 B0       		.byte	-80
 1302 04f9 09       		.byte	9
 1303 04fa B1       		.byte	-79
 1304 04fb 4A       		.byte	74
 1305 04fc C0       		.byte	-64
 1306 04fd DB       		.byte	-37
 1307 04fe C2       		.byte	-62
 1308 04ff 99       		.byte	-103
 1309 0500 C4       		.byte	-60
 1310 0501 99       		.byte	-103
 1311 0502 CA       		.byte	-54
ARM GAS  C:\Users\91819\AppData\Local\Temp\cc0bH8Oq.s 			page 24


 1312 0503 9D       		.byte	-99
 1313 0504 CC       		.byte	-52
 1314 0505 B9       		.byte	-71
 1315 0506 CE       		.byte	-50
 1316 0507 99       		.byte	-103
 1317 0508 D6       		.byte	-42
 1318 0509 08       		.byte	8
 1319 050a D8       		.byte	-40
 1320 050b 08       		.byte	8
 1321 050c E8       		.byte	-24
 1322 050d 02       		.byte	2
 1323 050e EA       		.byte	-22
 1324 050f 04       		.byte	4
 1325 0510 23       		.byte	35
 1326 0511 01       		.byte	1
 1327 0512 31       		.byte	49
 1328 0513 01       		.byte	1
 1329 0514 54       		.byte	84
 1330 0515 01       		.byte	1
 1331 0516 58       		.byte	88
 1332 0517 04       		.byte	4
 1333 0518 59       		.byte	89
 1334 0519 04       		.byte	4
 1335 051a 5B       		.byte	91
 1336 051b 0C       		.byte	12
 1337 051c 5C       		.byte	92
 1338 051d 11       		.byte	17
 1339 051e 5D       		.byte	93
 1340 051f 10       		.byte	16
 1341 0520 5F       		.byte	95
 1342 0521 01       		.byte	1
 1343 0522 81       		.byte	-127
 1344 0523 10       		.byte	16
 1345 0524 85       		.byte	-123
 1346 0525 18       		.byte	24
 1347 0526 89       		.byte	-119
 1348 0527 08       		.byte	8
 1349 0528 8F       		.byte	-113
 1350 0529 43       		.byte	67
 1351 052a 93       		.byte	-109
 1352 052b 04       		.byte	4
 1353 052c 95       		.byte	-107
 1354 052d 7F       		.byte	127
 1355 052e 99       		.byte	-103
 1356 052f 3C       		.byte	60
 1357 0530 9B       		.byte	-101
 1358 0531 41       		.byte	65
 1359 0532 9D       		.byte	-99
 1360 0533 3C       		.byte	60
 1361 0534 9F       		.byte	-97
 1362 0535 42       		.byte	66
 1363 0536 A5       		.byte	-91
 1364 0537 04       		.byte	4
 1365 0538 A7       		.byte	-89
 1366 0539 80       		.byte	-128
 1367 053a A9       		.byte	-87
 1368 053b 67       		.byte	103
ARM GAS  C:\Users\91819\AppData\Local\Temp\cc0bH8Oq.s 			page 25


 1369 053c AB       		.byte	-85
 1370 053d 18       		.byte	24
 1371 053e B1       		.byte	-79
 1372 053f 80       		.byte	-128
 1373 0540 B3       		.byte	-77
 1374 0541 20       		.byte	32
 1375 0542 B5       		.byte	-75
 1376 0543 58       		.byte	88
 1377 0544 B7       		.byte	-73
 1378 0545 1F       		.byte	31
 1379 0546 BB       		.byte	-69
 1380 0547 A0       		.byte	-96
 1381 0548 BF       		.byte	-65
 1382 0549 04       		.byte	4
 1383 054a D6       		.byte	-42
 1384 054b 02       		.byte	2
 1385 054c D7       		.byte	-41
 1386 054d 12       		.byte	18
 1387 054e D8       		.byte	-40
 1388 054f 04       		.byte	4
 1389 0550 D9       		.byte	-39
 1390 0551 04       		.byte	4
 1391 0552 DB       		.byte	-37
 1392 0553 04       		.byte	4
 1393 0554 DC       		.byte	-36
 1394 0555 21       		.byte	33
 1395 0556 DD       		.byte	-35
 1396 0557 20       		.byte	32
 1397 0558 DF       		.byte	-33
 1398 0559 01       		.byte	1
 1399 055a 02       		.byte	2
 1400 055b 02       		.byte	2
 1401 055c 03       		.byte	3
 1402 055d 64       		.byte	100
 1403 055e 06       		.byte	6
 1404 055f 98       		.byte	-104
 1405 0560 0A       		.byte	10
 1406 0561 04       		.byte	4
 1407 0562 0B       		.byte	11
 1408 0563 08       		.byte	8
 1409 0564 0D       		.byte	13
 1410 0565 02       		.byte	2
 1411 0566 0E       		.byte	14
 1412 0567 02       		.byte	2
 1413 0568 0F       		.byte	15
 1414 0569 04       		.byte	4
 1415 056a 11       		.byte	17
 1416 056b 80       		.byte	-128
 1417 056c 13       		.byte	19
 1418 056d 04       		.byte	4
 1419 056e 17       		.byte	23
 1420 056f 04       		.byte	4
 1421 0570 22       		.byte	34
 1422 0571 55       		.byte	85
 1423 0572 26       		.byte	38
 1424 0573 01       		.byte	1
 1425 0574 27       		.byte	39
ARM GAS  C:\Users\91819\AppData\Local\Temp\cc0bH8Oq.s 			page 26


 1426 0575 40       		.byte	64
 1427 0576 28       		.byte	40
 1428 0577 20       		.byte	32
 1429 0578 29       		.byte	41
 1430 0579 20       		.byte	32
 1431 057a 2E       		.byte	46
 1432 057b 89       		.byte	-119
 1433 057c 2F       		.byte	47
 1434 057d 24       		.byte	36
 1435 057e 31       		.byte	49
 1436 057f 08       		.byte	8
 1437 0580 32       		.byte	50
 1438 0581 51       		.byte	81
 1439 0582 36       		.byte	54
 1440 0583 02       		.byte	2
 1441 0584 37       		.byte	55
 1442 0585 44       		.byte	68
 1443 0586 38       		.byte	56
 1444 0587 68       		.byte	104
 1445 0588 3A       		.byte	58
 1446 0589 02       		.byte	2
 1447 058a 3F       		.byte	63
 1448 058b 04       		.byte	4
 1449 058c 5A       		.byte	90
 1450 058d 08       		.byte	8
 1451 058e 5E       		.byte	94
 1452 058f 40       		.byte	64
 1453 0590 69       		.byte	105
 1454 0591 94       		.byte	-108
 1455 0592 70       		.byte	112
 1456 0593 BC       		.byte	-68
 1457 0594 72       		.byte	114
 1458 0595 02       		.byte	2
 1459 0596 7F       		.byte	127
 1460 0597 02       		.byte	2
 1461 0598 92       		.byte	-110
 1462 0599 05       		.byte	5
 1463 059a 93       		.byte	-109
 1464 059b 04       		.byte	4
 1465 059c 9A       		.byte	-102
 1466 059d 90       		.byte	-112
 1467 059e 9B       		.byte	-101
 1468 059f 04       		.byte	4
 1469 05a0 9F       		.byte	-97
 1470 05a1 40       		.byte	64
 1471 05a2 A1       		.byte	-95
 1472 05a3 4A       		.byte	74
 1473 05a4 A2       		.byte	-94
 1474 05a5 02       		.byte	2
 1475 05a6 A3       		.byte	-93
 1476 05a7 22       		.byte	34
 1477 05a8 A9       		.byte	-87
 1478 05a9 04       		.byte	4
 1479 05aa AD       		.byte	-83
 1480 05ab 12       		.byte	18
 1481 05ac AE       		.byte	-82
 1482 05ad 04       		.byte	4
ARM GAS  C:\Users\91819\AppData\Local\Temp\cc0bH8Oq.s 			page 27


 1483 05ae B0       		.byte	-80
 1484 05af 08       		.byte	8
 1485 05b0 B1       		.byte	-79
 1486 05b1 02       		.byte	2
 1487 05b2 B2       		.byte	-78
 1488 05b3 12       		.byte	18
 1489 05b4 B3       		.byte	-77
 1490 05b5 20       		.byte	32
 1491 05b6 C0       		.byte	-64
 1492 05b7 7F       		.byte	127
 1493 05b8 C2       		.byte	-62
 1494 05b9 D2       		.byte	-46
 1495 05ba C4       		.byte	-60
 1496 05bb 25       		.byte	37
 1497 05bc CA       		.byte	-54
 1498 05bd F6       		.byte	-10
 1499 05be CC       		.byte	-52
 1500 05bf DF       		.byte	-33
 1501 05c0 CE       		.byte	-50
 1502 05c1 4F       		.byte	79
 1503 05c2 D6       		.byte	-42
 1504 05c3 12       		.byte	18
 1505 05c4 DE       		.byte	-34
 1506 05c5 10       		.byte	16
 1507 05c6 EA       		.byte	-22
 1508 05c7 80       		.byte	-128
 1509 05c8 EE       		.byte	-18
 1510 05c9 20       		.byte	32
 1511 05ca 01       		.byte	1
 1512 05cb 12       		.byte	18
 1513 05cc 03       		.byte	3
 1514 05cd 8C       		.byte	-116
 1515 05ce 04       		.byte	4
 1516 05cf 82       		.byte	-126
 1517 05d0 05       		.byte	5
 1518 05d1 3F       		.byte	63
 1519 05d2 08       		.byte	8
 1520 05d3 C3       		.byte	-61
 1521 05d4 09       		.byte	9
 1522 05d5 3F       		.byte	63
 1523 05d6 0C       		.byte	12
 1524 05d7 41       		.byte	65
 1525 05d8 0D       		.byte	13
 1526 05d9 01       		.byte	1
 1527 05da 10       		.byte	16
 1528 05db 2C       		.byte	44
 1529 05dc 12       		.byte	18
 1530 05dd D3       		.byte	-45
 1531 05de 14       		.byte	20
 1532 05df 0F       		.byte	15
 1533 05e0 15       		.byte	21
 1534 05e1 08       		.byte	8
 1535 05e2 16       		.byte	22
 1536 05e3 F0       		.byte	-16
 1537 05e4 17       		.byte	23
 1538 05e5 70       		.byte	112
 1539 05e6 18       		.byte	24
ARM GAS  C:\Users\91819\AppData\Local\Temp\cc0bH8Oq.s 			page 28


 1540 05e7 F3       		.byte	-13
 1541 05e8 19       		.byte	25
 1542 05e9 24       		.byte	36
 1543 05ea 1A       		.byte	26
 1544 05eb 0C       		.byte	12
 1545 05ec 1B       		.byte	27
 1546 05ed 8A       		.byte	-118
 1547 05ee 1E       		.byte	30
 1548 05ef E3       		.byte	-29
 1549 05f0 20       		.byte	32
 1550 05f1 08       		.byte	8
 1551 05f2 24       		.byte	36
 1552 05f3 04       		.byte	4
 1553 05f4 28       		.byte	40
 1554 05f5 0C       		.byte	12
 1555 05f6 2C       		.byte	44
 1556 05f7 FF       		.byte	-1
 1557 05f8 30       		.byte	48
 1558 05f9 C0       		.byte	-64
 1559 05fa 31       		.byte	49
 1560 05fb 01       		.byte	1
 1561 05fc 32       		.byte	50
 1562 05fd 2C       		.byte	44
 1563 05fe 33       		.byte	51
 1564 05ff 38       		.byte	56
 1565 0600 34       		.byte	52
 1566 0601 0F       		.byte	15
 1567 0602 35       		.byte	53
 1568 0603 06       		.byte	6
 1569 0604 36       		.byte	54
 1570 0605 10       		.byte	16
 1571 0606 37       		.byte	55
 1572 0607 C0       		.byte	-64
 1573 0608 38       		.byte	56
 1574 0609 80       		.byte	-128
 1575 060a 3A       		.byte	58
 1576 060b 20       		.byte	32
 1577 060c 3F       		.byte	63
 1578 060d 40       		.byte	64
 1579 060e 40       		.byte	64
 1580 060f 24       		.byte	36
 1581 0610 41       		.byte	65
 1582 0611 03       		.byte	3
 1583 0612 42       		.byte	66
 1584 0613 06       		.byte	6
 1585 0614 44       		.byte	68
 1586 0615 01       		.byte	1
 1587 0616 45       		.byte	69
 1588 0617 E0       		.byte	-32
 1589 0618 46       		.byte	70
 1590 0619 C0       		.byte	-64
 1591 061a 48       		.byte	72
 1592 061b 0A       		.byte	10
 1593 061c 49       		.byte	73
 1594 061d FF       		.byte	-1
 1595 061e 4A       		.byte	74
 1596 061f FF       		.byte	-1
ARM GAS  C:\Users\91819\AppData\Local\Temp\cc0bH8Oq.s 			page 29


 1597 0620 4B       		.byte	75
 1598 0621 FF       		.byte	-1
 1599 0622 4C       		.byte	76
 1600 0623 62       		.byte	98
 1601 0624 4D       		.byte	77
 1602 0625 A0       		.byte	-96
 1603 0626 4E       		.byte	78
 1604 0627 F0       		.byte	-16
 1605 0628 4F       		.byte	79
 1606 0629 41       		.byte	65
 1607 062a 50       		.byte	80
 1608 062b 0C       		.byte	12
 1609 062c 58       		.byte	88
 1610 062d 04       		.byte	4
 1611 062e 59       		.byte	89
 1612 062f 04       		.byte	4
 1613 0630 5A       		.byte	90
 1614 0631 04       		.byte	4
 1615 0632 5C       		.byte	92
 1616 0633 22       		.byte	34
 1617 0634 5D       		.byte	93
 1618 0635 02       		.byte	2
 1619 0636 5F       		.byte	95
 1620 0637 01       		.byte	1
 1621 0638 66       		.byte	102
 1622 0639 40       		.byte	64
 1623 063a 67       		.byte	103
 1624 063b 02       		.byte	2
 1625 063c 69       		.byte	105
 1626 063d 10       		.byte	16
 1627 063e 6A       		.byte	106
 1628 063f 30       		.byte	48
 1629 0640 6B       		.byte	107
 1630 0641 10       		.byte	16
 1631 0642 6D       		.byte	109
 1632 0643 10       		.byte	16
 1633 0644 6E       		.byte	110
 1634 0645 10       		.byte	16
 1635 0646 6F       		.byte	111
 1636 0647 12       		.byte	18
 1637 0648 84       		.byte	-124
 1638 0649 01       		.byte	1
 1639 064a 87       		.byte	-121
 1640 064b 03       		.byte	3
 1641 064c 8A       		.byte	-118
 1642 064d 08       		.byte	8
 1643 064e 8E       		.byte	-114
 1644 064f 04       		.byte	4
 1645 0650 92       		.byte	-110
 1646 0651 04       		.byte	4
 1647 0652 96       		.byte	-106
 1648 0653 02       		.byte	2
 1649 0654 9A       		.byte	-102
 1650 0655 01       		.byte	1
 1651 0656 9D       		.byte	-99
 1652 0657 01       		.byte	1
 1653 0658 AA       		.byte	-86
ARM GAS  C:\Users\91819\AppData\Local\Temp\cc0bH8Oq.s 			page 30


 1654 0659 08       		.byte	8
 1655 065a B2       		.byte	-78
 1656 065b 04       		.byte	4
 1657 065c B3       		.byte	-77
 1658 065d 01       		.byte	1
 1659 065e B4       		.byte	-76
 1660 065f 03       		.byte	3
 1661 0660 B6       		.byte	-74
 1662 0661 08       		.byte	8
 1663 0662 B7       		.byte	-73
 1664 0663 02       		.byte	2
 1665 0664 BE       		.byte	-66
 1666 0665 44       		.byte	68
 1667 0666 D4       		.byte	-44
 1668 0667 18       		.byte	24
 1669 0668 D8       		.byte	-40
 1670 0669 04       		.byte	4
 1671 066a D9       		.byte	-39
 1672 066b 0C       		.byte	12
 1673 066c DB       		.byte	-37
 1674 066d 04       		.byte	4
 1675 066e DC       		.byte	-36
 1676 066f 19       		.byte	25
 1677 0670 DD       		.byte	-35
 1678 0671 20       		.byte	32
 1679 0672 DF       		.byte	-33
 1680 0673 01       		.byte	1
 1681 0674 00       		.byte	0
 1682 0675 10       		.byte	16
 1683 0676 01       		.byte	1
 1684 0677 40       		.byte	64
 1685 0678 02       		.byte	2
 1686 0679 20       		.byte	32
 1687 067a 04       		.byte	4
 1688 067b 20       		.byte	32
 1689 067c 05       		.byte	5
 1690 067d 90       		.byte	-112
 1691 067e 07       		.byte	7
 1692 067f 20       		.byte	32
 1693 0680 09       		.byte	9
 1694 0681 20       		.byte	32
 1695 0682 0A       		.byte	10
 1696 0683 A2       		.byte	-94
 1697 0684 0E       		.byte	14
 1698 0685 84       		.byte	-124
 1699 0686 0F       		.byte	15
 1700 0687 20       		.byte	32
 1701 0688 10       		.byte	16
 1702 0689 A9       		.byte	-87
 1703 068a 15       		.byte	21
 1704 068b 20       		.byte	32
 1705 068c 18       		.byte	24
 1706 068d 24       		.byte	36
 1707 068e 19       		.byte	25
 1708 068f A2       		.byte	-94
 1709 0690 1D       		.byte	29
 1710 0691 40       		.byte	64
ARM GAS  C:\Users\91819\AppData\Local\Temp\cc0bH8Oq.s 			page 31


 1711 0692 1E       		.byte	30
 1712 0693 04       		.byte	4
 1713 0694 1F       		.byte	31
 1714 0695 04       		.byte	4
 1715 0696 20       		.byte	32
 1716 0697 51       		.byte	81
 1717 0698 22       		.byte	34
 1718 0699 25       		.byte	37
 1719 069a 26       		.byte	38
 1720 069b 88       		.byte	-120
 1721 069c 27       		.byte	39
 1722 069d 20       		.byte	32
 1723 069e 32       		.byte	50
 1724 069f 24       		.byte	36
 1725 06a0 36       		.byte	54
 1726 06a1 80       		.byte	-128
 1727 06a2 38       		.byte	56
 1728 06a3 02       		.byte	2
 1729 06a4 39       		.byte	57
 1730 06a5 94       		.byte	-108
 1731 06a6 3E       		.byte	62
 1732 06a7 04       		.byte	4
 1733 06a8 40       		.byte	64
 1734 06a9 45       		.byte	69
 1735 06aa 41       		.byte	65
 1736 06ab 28       		.byte	40
 1737 06ac 49       		.byte	73
 1738 06ad 10       		.byte	16
 1739 06ae 4A       		.byte	74
 1740 06af 40       		.byte	64
 1741 06b0 51       		.byte	81
 1742 06b1 10       		.byte	16
 1743 06b2 5D       		.byte	93
 1744 06b3 02       		.byte	2
 1745 06b4 65       		.byte	101
 1746 06b5 40       		.byte	64
 1747 06b6 67       		.byte	103
 1748 06b7 08       		.byte	8
 1749 06b8 7F       		.byte	127
 1750 06b9 02       		.byte	2
 1751 06ba 82       		.byte	-126
 1752 06bb 48       		.byte	72
 1753 06bc 84       		.byte	-124
 1754 06bd 01       		.byte	1
 1755 06be 85       		.byte	-123
 1756 06bf 08       		.byte	8
 1757 06c0 8C       		.byte	-116
 1758 06c1 21       		.byte	33
 1759 06c2 8D       		.byte	-115
 1760 06c3 40       		.byte	64
 1761 06c4 91       		.byte	-111
 1762 06c5 94       		.byte	-108
 1763 06c6 92       		.byte	-110
 1764 06c7 A0       		.byte	-96
 1765 06c8 94       		.byte	-108
 1766 06c9 40       		.byte	64
 1767 06ca 96       		.byte	-106
ARM GAS  C:\Users\91819\AppData\Local\Temp\cc0bH8Oq.s 			page 32


 1768 06cb 40       		.byte	64
 1769 06cc 9C       		.byte	-100
 1770 06cd 20       		.byte	32
 1771 06ce 9D       		.byte	-99
 1772 06cf 20       		.byte	32
 1773 06d0 A0       		.byte	-96
 1774 06d1 A8       		.byte	-88
 1775 06d2 A1       		.byte	-95
 1776 06d3 08       		.byte	8
 1777 06d4 A3       		.byte	-93
 1778 06d5 12       		.byte	18
 1779 06d6 AB       		.byte	-85
 1780 06d7 40       		.byte	64
 1781 06d8 B7       		.byte	-73
 1782 06d9 10       		.byte	16
 1783 06da C0       		.byte	-64
 1784 06db E7       		.byte	-25
 1785 06dc C2       		.byte	-62
 1786 06dd 7F       		.byte	127
 1787 06de C4       		.byte	-60
 1788 06df 4F       		.byte	79
 1789 06e0 CC       		.byte	-52
 1790 06e1 16       		.byte	22
 1791 06e2 CE       		.byte	-50
 1792 06e3 4F       		.byte	79
 1793 06e4 D0       		.byte	-48
 1794 06e5 0F       		.byte	15
 1795 06e6 D2       		.byte	-46
 1796 06e7 04       		.byte	4
 1797 06e8 D6       		.byte	-42
 1798 06e9 80       		.byte	-128
 1799 06ea D8       		.byte	-40
 1800 06eb 30       		.byte	48
 1801 06ec DE       		.byte	-34
 1802 06ed 10       		.byte	16
 1803 06ee E8       		.byte	-24
 1804 06ef 10       		.byte	16
 1805 06f0 EC       		.byte	-20
 1806 06f1 20       		.byte	32
 1807 06f2 11       		.byte	17
 1808 06f3 08       		.byte	8
 1809 06f4 16       		.byte	22
 1810 06f5 80       		.byte	-128
 1811 06f6 33       		.byte	51
 1812 06f7 10       		.byte	16
 1813 06f8 35       		.byte	53
 1814 06f9 80       		.byte	-128
 1815 06fa 3B       		.byte	59
 1816 06fb 02       		.byte	2
 1817 06fc 3E       		.byte	62
 1818 06fd 80       		.byte	-128
 1819 06fe C4       		.byte	-60
 1820 06ff 30       		.byte	48
 1821 0700 CC       		.byte	-52
 1822 0701 30       		.byte	48
 1823 0702 CE       		.byte	-50
 1824 0703 60       		.byte	96
ARM GAS  C:\Users\91819\AppData\Local\Temp\cc0bH8Oq.s 			page 33


 1825 0704 05       		.byte	5
 1826 0705 80       		.byte	-128
 1827 0706 51       		.byte	81
 1828 0707 02       		.byte	2
 1829 0708 5F       		.byte	95
 1830 0709 40       		.byte	64
 1831 070a 97       		.byte	-105
 1832 070b 02       		.byte	2
 1833 070c 9D       		.byte	-99
 1834 070d 80       		.byte	-128
 1835 070e 9F       		.byte	-97
 1836 070f 10       		.byte	16
 1837 0710 A1       		.byte	-95
 1838 0711 04       		.byte	4
 1839 0712 C0       		.byte	-64
 1840 0713 80       		.byte	-128
 1841 0714 D4       		.byte	-44
 1842 0715 80       		.byte	-128
 1843 0716 D6       		.byte	-42
 1844 0717 20       		.byte	32
 1845 0718 8B       		.byte	-117
 1846 0719 40       		.byte	64
 1847 071a 97       		.byte	-105
 1848 071b 42       		.byte	66
 1849 071c 9F       		.byte	-97
 1850 071d 10       		.byte	16
 1851 071e A1       		.byte	-95
 1852 071f 04       		.byte	4
 1853 0720 A5       		.byte	-91
 1854 0721 02       		.byte	2
 1855 0722 89       		.byte	-119
 1856 0723 02       		.byte	2
 1857 0724 9F       		.byte	-97
 1858 0725 10       		.byte	16
 1859 0726 A1       		.byte	-95
 1860 0727 04       		.byte	4
 1861 0728 A5       		.byte	-91
 1862 0729 02       		.byte	2
 1863 072a AB       		.byte	-85
 1864 072b 01       		.byte	1
 1865 072c EE       		.byte	-18
 1866 072d 20       		.byte	32
 1867 072e 70       		.byte	112
 1868 072f 02       		.byte	2
 1869 0730 DC       		.byte	-36
 1870 0731 01       		.byte	1
 1871 0732 5F       		.byte	95
 1872 0733 02       		.byte	2
 1873 0734 80       		.byte	-128
 1874 0735 02       		.byte	2
 1875 0736 A4       		.byte	-92
 1876 0737 02       		.byte	2
 1877 0738 D6       		.byte	-42
 1878 0739 01       		.byte	1
 1879 073a 1B       		.byte	27
 1880 073b 04       		.byte	4
 1881 073c 26       		.byte	38
ARM GAS  C:\Users\91819\AppData\Local\Temp\cc0bH8Oq.s 			page 34


 1882 073d 04       		.byte	4
 1883 073e 8F       		.byte	-113
 1884 073f 02       		.byte	2
 1885 0740 9F       		.byte	-97
 1886 0741 02       		.byte	2
 1887 0742 C6       		.byte	-58
 1888 0743 08       		.byte	8
 1889 0744 C8       		.byte	-56
 1890 0745 01       		.byte	1
 1891 0746 E0       		.byte	-32
 1892 0747 08       		.byte	8
 1893 0748 44       		.byte	68
 1894 0749 01       		.byte	1
 1895 074a AB       		.byte	-85
 1896 074b 04       		.byte	4
 1897 074c B6       		.byte	-74
 1898 074d 04       		.byte	4
 1899 074e D0       		.byte	-48
 1900 074f 04       		.byte	4
 1901 0750 EA       		.byte	-22
 1902 0751 02       		.byte	2
 1903 0752 20       		.byte	32
 1904 0753 80       		.byte	-128
 1905 0754 81       		.byte	-127
 1906 0755 04       		.byte	4
 1907 0756 9F       		.byte	-97
 1908 0757 10       		.byte	16
 1909 0758 A1       		.byte	-95
 1910 0759 04       		.byte	4
 1911 075a C8       		.byte	-56
 1912 075b 40       		.byte	64
 1913 075c E0       		.byte	-32
 1914 075d 20       		.byte	32
 1915 075e 83       		.byte	-125
 1916 075f 10       		.byte	16
 1917 0760 9F       		.byte	-97
 1918 0761 10       		.byte	16
 1919 0762 B0       		.byte	-80
 1920 0763 40       		.byte	64
 1921 0764 E2       		.byte	-30
 1922 0765 20       		.byte	32
 1923 0766 9C       		.byte	-100
 1924 0767 01       		.byte	1
 1925 0768 12       		.byte	18
 1926 0769 80       		.byte	-128
 1927 076a 8E       		.byte	-114
 1928 076b 80       		.byte	-128
 1929 076c B0       		.byte	-80
 1930 076d 01       		.byte	1
 1931 076e C4       		.byte	-60
 1932 076f 08       		.byte	8
 1933 0770 E2       		.byte	-30
 1934 0771 02       		.byte	2
 1935 0772 EC       		.byte	-20
 1936 0773 04       		.byte	4
 1937 0774 00       		.byte	0
 1938 0775 07       		.byte	7
ARM GAS  C:\Users\91819\AppData\Local\Temp\cc0bH8Oq.s 			page 35


 1939 0776 0A       		.byte	10
 1940 0777 02       		.byte	2
 1941 0778 0C       		.byte	12
 1942 0779 07       		.byte	7
 1943 077a 0E       		.byte	14
 1944 077b 06       		.byte	6
 1945 077c 10       		.byte	16
 1946 077d 06       		.byte	6
 1947 077e 11       		.byte	17
 1948 077f 01       		.byte	1
 1949 0780 1A       		.byte	26
 1950 0781 02       		.byte	2
 1951 0782 1B       		.byte	27
 1952 0783 01       		.byte	1
 1953 0784 1C       		.byte	28
 1954 0785 06       		.byte	6
 1955 0786 1D       		.byte	29
 1956 0787 01       		.byte	1
 1957 0788 00       		.byte	0
 1958 0789 0F       		.byte	15
 1959 078a 10       		.byte	16
 1960 078b 0A       		.byte	10
 1961 078c 08       		.byte	8
 1962 078d 40       		.byte	64
 1963 078e 40       		.byte	64
 1964 078f 00       		.byte	0
 1965 0790 00       		.byte	0
 1966 0791 03       		.byte	3
 1967 0792 03       		.byte	3
 1968 0793 00       		.byte	0
 1969 0794 80       		.byte	-128
 1970 0795 00       		.byte	0
 1971 0796 40       		.byte	64
 1972 0797 80       		.byte	-128
 1973 0798 80       		.byte	-128
 1974 0799 00       		.byte	0
 1975 079a 80       		.byte	-128
 1976 079b 00       		.byte	0
 1977 079c 00       		.byte	0
 1978 079d 00       		.byte	0
 1979 079e 00       		.byte	0
 1980 079f 00       		.byte	0
 1981 07a0 00       		.byte	0
 1982 07a1 0B       		.byte	11
 1983 07a2 0B       		.byte	11
 1984 07a3 00       		.byte	0
 1985 07a4 00       		.byte	0
 1986 07a5 00       		.byte	0
 1987 07a6 00       		.byte	0
 1988 07a7 00       		.byte	0
 1989 07a8 00       		.byte	0
 1990 07a9 11       		.byte	17
 1991 07aa 11       		.byte	17
 1992 07ab 00       		.byte	0
 1993 07ac 10       		.byte	16
 1994 07ad 00       		.byte	0
 1995 07ae 00       		.byte	0
ARM GAS  C:\Users\91819\AppData\Local\Temp\cc0bH8Oq.s 			page 36


 1996 07af 00       		.byte	0
 1997 07b0 00       		.byte	0
 1998 07b1 01       		.byte	1
 1999 07b2 00       		.byte	0
 2000 07b3 00       		.byte	0
 2001              		.section	.cywolatch,"a",%progbits
 2002              		.align	2
 2003              		.type	cy_meta_wonvl, %object
 2004              		.size	cy_meta_wonvl, 4
 2005              	cy_meta_wonvl:
 2006 0000 BC       		.byte	-68
 2007 0001 90       		.byte	-112
 2008 0002 AC       		.byte	-84
 2009 0003 AF       		.byte	-81
 2010              		.section	.cycustnvl,"a",%progbits
 2011              		.align	2
 2012              		.type	cy_meta_custnvl, %object
 2013              		.size	cy_meta_custnvl, 4
 2014              	cy_meta_custnvl:
 2015 0000 00       		.byte	0
 2016 0001 00       		.byte	0
 2017 0002 40       		.byte	64
 2018 0003 05       		.byte	5
 2019              		.section	.cymeta,"a",%progbits
 2020              		.align	2
 2021              		.type	cy_metadata, %object
 2022              		.size	cy_metadata, 12
 2023              	cy_metadata:
 2024 0000 00       		.byte	0
 2025 0001 01       		.byte	1
 2026 0002 2E       		.byte	46
 2027 0003 16       		.byte	22
 2028 0004 10       		.byte	16
 2029 0005 69       		.byte	105
 2030 0006 00       		.byte	0
 2031 0007 01       		.byte	1
 2032 0008 00       		.byte	0
 2033 0009 00       		.byte	0
 2034 000a 00       		.byte	0
 2035 000b 00       		.byte	0
 2036              		.section	.cyflashprotect,"a",%progbits
 2037              		.align	2
 2038              		.type	cy_meta_flashprotect, %object
 2039              		.size	cy_meta_flashprotect, 256
 2040              	cy_meta_flashprotect:
 2041 0000 00000000 		.space	256
 2041      00000000 
 2041      00000000 
 2041      00000000 
 2041      00000000 
 2042              		.text
 2043              	.Letext0:
 2044              		.file 1 "c:\\program files (x86)\\cypress\\psoc creator\\4.4\\psoc creator\\import\\gnu\\arm\\5.4.
 2045              		.file 2 "c:\\program files (x86)\\cypress\\psoc creator\\4.4\\psoc creator\\import\\gnu\\arm\\5.4.
 2046              		.file 3 "Generated_Source\\PSoC5\\cymetadata.c"
 2047              		.section	.debug_info,"",%progbits
 2048              	.Ldebug_info0:
ARM GAS  C:\Users\91819\AppData\Local\Temp\cc0bH8Oq.s 			page 37


 2049 0000 35010000 		.4byte	0x135
 2050 0004 0400     		.2byte	0x4
 2051 0006 00000000 		.4byte	.Ldebug_abbrev0
 2052 000a 04       		.byte	0x4
 2053 000b 01       		.uleb128 0x1
 2054 000c 24000000 		.4byte	.LASF17
 2055 0010 0C       		.byte	0xc
 2056 0011 E6010000 		.4byte	.LASF18
 2057 0015 51010000 		.4byte	.LASF19
 2058 0019 00000000 		.4byte	.Ldebug_line0
 2059 001d 02       		.uleb128 0x2
 2060 001e 01       		.byte	0x1
 2061 001f 06       		.byte	0x6
 2062 0020 DA010000 		.4byte	.LASF0
 2063 0024 03       		.uleb128 0x3
 2064 0025 00000000 		.4byte	.LASF9
 2065 0029 01       		.byte	0x1
 2066 002a 1D       		.byte	0x1d
 2067 002b 2F000000 		.4byte	0x2f
 2068 002f 02       		.uleb128 0x2
 2069 0030 01       		.byte	0x1
 2070 0031 08       		.byte	0x8
 2071 0032 16000000 		.4byte	.LASF1
 2072 0036 02       		.uleb128 0x2
 2073 0037 02       		.byte	0x2
 2074 0038 05       		.byte	0x5
 2075 0039 C7010000 		.4byte	.LASF2
 2076 003d 02       		.uleb128 0x2
 2077 003e 02       		.byte	0x2
 2078 003f 07       		.byte	0x7
 2079 0040 C4000000 		.4byte	.LASF3
 2080 0044 02       		.uleb128 0x2
 2081 0045 04       		.byte	0x4
 2082 0046 05       		.byte	0x5
 2083 0047 D1010000 		.4byte	.LASF4
 2084 004b 02       		.uleb128 0x2
 2085 004c 04       		.byte	0x4
 2086 004d 07       		.byte	0x7
 2087 004e B2000000 		.4byte	.LASF5
 2088 0052 02       		.uleb128 0x2
 2089 0053 08       		.byte	0x8
 2090 0054 05       		.byte	0x5
 2091 0055 B9010000 		.4byte	.LASF6
 2092 0059 02       		.uleb128 0x2
 2093 005a 08       		.byte	0x8
 2094 005b 07       		.byte	0x7
 2095 005c 06010000 		.4byte	.LASF7
 2096 0060 04       		.uleb128 0x4
 2097 0061 04       		.byte	0x4
 2098 0062 05       		.byte	0x5
 2099 0063 696E7400 		.ascii	"int\000"
 2100 0067 02       		.uleb128 0x2
 2101 0068 04       		.byte	0x4
 2102 0069 07       		.byte	0x7
 2103 006a F9000000 		.4byte	.LASF8
 2104 006e 03       		.uleb128 0x3
 2105 006f 1D010000 		.4byte	.LASF10
ARM GAS  C:\Users\91819\AppData\Local\Temp\cc0bH8Oq.s 			page 38


 2106 0073 02       		.byte	0x2
 2107 0074 18       		.byte	0x18
 2108 0075 24000000 		.4byte	0x24
 2109 0079 05       		.uleb128 0x5
 2110 007a 91000000 		.4byte	0x91
 2111 007e 8A000000 		.4byte	0x8a
 2112 0082 06       		.uleb128 0x6
 2113 0083 8A000000 		.4byte	0x8a
 2114 0087 B307     		.2byte	0x7b3
 2115 0089 00       		.byte	0
 2116 008a 02       		.uleb128 0x2
 2117 008b 04       		.byte	0x4
 2118 008c 07       		.byte	0x7
 2119 008d 48010000 		.4byte	.LASF11
 2120 0091 07       		.uleb128 0x7
 2121 0092 6E000000 		.4byte	0x6e
 2122 0096 08       		.uleb128 0x8
 2123 0097 E7000000 		.4byte	.LASF12
 2124 009b 03       		.byte	0x3
 2125 009c 1F       		.byte	0x1f
 2126 009d A7000000 		.4byte	0xa7
 2127 00a1 05       		.uleb128 0x5
 2128 00a2 03       		.byte	0x3
 2129 00a3 00000000 		.4byte	cy_meta_configecc
 2130 00a7 07       		.uleb128 0x7
 2131 00a8 79000000 		.4byte	0x79
 2132 00ac 05       		.uleb128 0x5
 2133 00ad 91000000 		.4byte	0x91
 2134 00b1 BC000000 		.4byte	0xbc
 2135 00b5 09       		.uleb128 0x9
 2136 00b6 8A000000 		.4byte	0x8a
 2137 00ba 03       		.byte	0x3
 2138 00bb 00       		.byte	0
 2139 00bc 0A       		.uleb128 0xa
 2140 00bd D7000000 		.4byte	.LASF13
 2141 00c1 03       		.byte	0x3
 2142 00c2 2301     		.2byte	0x123
 2143 00c4 CE000000 		.4byte	0xce
 2144 00c8 05       		.uleb128 0x5
 2145 00c9 03       		.byte	0x3
 2146 00ca 00000000 		.4byte	cy_meta_custnvl
 2147 00ce 07       		.uleb128 0x7
 2148 00cf AC000000 		.4byte	0xac
 2149 00d3 0A       		.uleb128 0xa
 2150 00d4 3A010000 		.4byte	.LASF14
 2151 00d8 03       		.byte	0x3
 2152 00d9 3101     		.2byte	0x131
 2153 00db E5000000 		.4byte	0xe5
 2154 00df 05       		.uleb128 0x5
 2155 00e0 03       		.byte	0x3
 2156 00e1 00000000 		.4byte	cy_meta_wonvl
 2157 00e5 07       		.uleb128 0x7
 2158 00e6 AC000000 		.4byte	0xac
 2159 00ea 05       		.uleb128 0x5
 2160 00eb 91000000 		.4byte	0x91
 2161 00ef FA000000 		.4byte	0xfa
 2162 00f3 09       		.uleb128 0x9
ARM GAS  C:\Users\91819\AppData\Local\Temp\cc0bH8Oq.s 			page 39


 2163 00f4 8A000000 		.4byte	0x8a
 2164 00f8 FF       		.byte	0xff
 2165 00f9 00       		.byte	0
 2166 00fa 0A       		.uleb128 0xa
 2167 00fb 25010000 		.4byte	.LASF15
 2168 00ff 03       		.byte	0x3
 2169 0100 3F01     		.2byte	0x13f
 2170 0102 0C010000 		.4byte	0x10c
 2171 0106 05       		.uleb128 0x5
 2172 0107 03       		.byte	0x3
 2173 0108 00000000 		.4byte	cy_meta_flashprotect
 2174 010c 07       		.uleb128 0x7
 2175 010d EA000000 		.4byte	0xea
 2176 0111 05       		.uleb128 0x5
 2177 0112 91000000 		.4byte	0x91
 2178 0116 21010000 		.4byte	0x121
 2179 011a 09       		.uleb128 0x9
 2180 011b 8A000000 		.4byte	0x8a
 2181 011f 0B       		.byte	0xb
 2182 0120 00       		.byte	0
 2183 0121 0A       		.uleb128 0xa
 2184 0122 0A000000 		.4byte	.LASF16
 2185 0126 03       		.byte	0x3
 2186 0127 6C01     		.2byte	0x16c
 2187 0129 33010000 		.4byte	0x133
 2188 012d 05       		.uleb128 0x5
 2189 012e 03       		.byte	0x3
 2190 012f 00000000 		.4byte	cy_metadata
 2191 0133 07       		.uleb128 0x7
 2192 0134 11010000 		.4byte	0x111
 2193 0138 00       		.byte	0
 2194              		.section	.debug_abbrev,"",%progbits
 2195              	.Ldebug_abbrev0:
 2196 0000 01       		.uleb128 0x1
 2197 0001 11       		.uleb128 0x11
 2198 0002 01       		.byte	0x1
 2199 0003 25       		.uleb128 0x25
 2200 0004 0E       		.uleb128 0xe
 2201 0005 13       		.uleb128 0x13
 2202 0006 0B       		.uleb128 0xb
 2203 0007 03       		.uleb128 0x3
 2204 0008 0E       		.uleb128 0xe
 2205 0009 1B       		.uleb128 0x1b
 2206 000a 0E       		.uleb128 0xe
 2207 000b 10       		.uleb128 0x10
 2208 000c 17       		.uleb128 0x17
 2209 000d 00       		.byte	0
 2210 000e 00       		.byte	0
 2211 000f 02       		.uleb128 0x2
 2212 0010 24       		.uleb128 0x24
 2213 0011 00       		.byte	0
 2214 0012 0B       		.uleb128 0xb
 2215 0013 0B       		.uleb128 0xb
 2216 0014 3E       		.uleb128 0x3e
 2217 0015 0B       		.uleb128 0xb
 2218 0016 03       		.uleb128 0x3
 2219 0017 0E       		.uleb128 0xe
ARM GAS  C:\Users\91819\AppData\Local\Temp\cc0bH8Oq.s 			page 40


 2220 0018 00       		.byte	0
 2221 0019 00       		.byte	0
 2222 001a 03       		.uleb128 0x3
 2223 001b 16       		.uleb128 0x16
 2224 001c 00       		.byte	0
 2225 001d 03       		.uleb128 0x3
 2226 001e 0E       		.uleb128 0xe
 2227 001f 3A       		.uleb128 0x3a
 2228 0020 0B       		.uleb128 0xb
 2229 0021 3B       		.uleb128 0x3b
 2230 0022 0B       		.uleb128 0xb
 2231 0023 49       		.uleb128 0x49
 2232 0024 13       		.uleb128 0x13
 2233 0025 00       		.byte	0
 2234 0026 00       		.byte	0
 2235 0027 04       		.uleb128 0x4
 2236 0028 24       		.uleb128 0x24
 2237 0029 00       		.byte	0
 2238 002a 0B       		.uleb128 0xb
 2239 002b 0B       		.uleb128 0xb
 2240 002c 3E       		.uleb128 0x3e
 2241 002d 0B       		.uleb128 0xb
 2242 002e 03       		.uleb128 0x3
 2243 002f 08       		.uleb128 0x8
 2244 0030 00       		.byte	0
 2245 0031 00       		.byte	0
 2246 0032 05       		.uleb128 0x5
 2247 0033 01       		.uleb128 0x1
 2248 0034 01       		.byte	0x1
 2249 0035 49       		.uleb128 0x49
 2250 0036 13       		.uleb128 0x13
 2251 0037 01       		.uleb128 0x1
 2252 0038 13       		.uleb128 0x13
 2253 0039 00       		.byte	0
 2254 003a 00       		.byte	0
 2255 003b 06       		.uleb128 0x6
 2256 003c 21       		.uleb128 0x21
 2257 003d 00       		.byte	0
 2258 003e 49       		.uleb128 0x49
 2259 003f 13       		.uleb128 0x13
 2260 0040 2F       		.uleb128 0x2f
 2261 0041 05       		.uleb128 0x5
 2262 0042 00       		.byte	0
 2263 0043 00       		.byte	0
 2264 0044 07       		.uleb128 0x7
 2265 0045 26       		.uleb128 0x26
 2266 0046 00       		.byte	0
 2267 0047 49       		.uleb128 0x49
 2268 0048 13       		.uleb128 0x13
 2269 0049 00       		.byte	0
 2270 004a 00       		.byte	0
 2271 004b 08       		.uleb128 0x8
 2272 004c 34       		.uleb128 0x34
 2273 004d 00       		.byte	0
 2274 004e 03       		.uleb128 0x3
 2275 004f 0E       		.uleb128 0xe
 2276 0050 3A       		.uleb128 0x3a
ARM GAS  C:\Users\91819\AppData\Local\Temp\cc0bH8Oq.s 			page 41


 2277 0051 0B       		.uleb128 0xb
 2278 0052 3B       		.uleb128 0x3b
 2279 0053 0B       		.uleb128 0xb
 2280 0054 49       		.uleb128 0x49
 2281 0055 13       		.uleb128 0x13
 2282 0056 3F       		.uleb128 0x3f
 2283 0057 19       		.uleb128 0x19
 2284 0058 02       		.uleb128 0x2
 2285 0059 18       		.uleb128 0x18
 2286 005a 00       		.byte	0
 2287 005b 00       		.byte	0
 2288 005c 09       		.uleb128 0x9
 2289 005d 21       		.uleb128 0x21
 2290 005e 00       		.byte	0
 2291 005f 49       		.uleb128 0x49
 2292 0060 13       		.uleb128 0x13
 2293 0061 2F       		.uleb128 0x2f
 2294 0062 0B       		.uleb128 0xb
 2295 0063 00       		.byte	0
 2296 0064 00       		.byte	0
 2297 0065 0A       		.uleb128 0xa
 2298 0066 34       		.uleb128 0x34
 2299 0067 00       		.byte	0
 2300 0068 03       		.uleb128 0x3
 2301 0069 0E       		.uleb128 0xe
 2302 006a 3A       		.uleb128 0x3a
 2303 006b 0B       		.uleb128 0xb
 2304 006c 3B       		.uleb128 0x3b
 2305 006d 05       		.uleb128 0x5
 2306 006e 49       		.uleb128 0x49
 2307 006f 13       		.uleb128 0x13
 2308 0070 3F       		.uleb128 0x3f
 2309 0071 19       		.uleb128 0x19
 2310 0072 02       		.uleb128 0x2
 2311 0073 18       		.uleb128 0x18
 2312 0074 00       		.byte	0
 2313 0075 00       		.byte	0
 2314 0076 00       		.byte	0
 2315              		.section	.debug_aranges,"",%progbits
 2316 0000 14000000 		.4byte	0x14
 2317 0004 0200     		.2byte	0x2
 2318 0006 00000000 		.4byte	.Ldebug_info0
 2319 000a 04       		.byte	0x4
 2320 000b 00       		.byte	0
 2321 000c 0000     		.2byte	0
 2322 000e 0000     		.2byte	0
 2323 0010 00000000 		.4byte	0
 2324 0014 00000000 		.4byte	0
 2325              		.section	.debug_line,"",%progbits
 2326              	.Ldebug_line0:
 2327 0000 3D010000 		.section	.debug_str,"MS",%progbits,1
 2327      02003701 
 2327      00000201 
 2327      FB0E0D00 
 2327      01010101 
 2328              	.LASF9:
 2329 0000 5F5F7569 		.ascii	"__uint8_t\000"
ARM GAS  C:\Users\91819\AppData\Local\Temp\cc0bH8Oq.s 			page 42


 2329      6E74385F 
 2329      7400
 2330              	.LASF16:
 2331 000a 63795F6D 		.ascii	"cy_metadata\000"
 2331      65746164 
 2331      61746100 
 2332              	.LASF1:
 2333 0016 756E7369 		.ascii	"unsigned char\000"
 2333      676E6564 
 2333      20636861 
 2333      7200
 2334              	.LASF17:
 2335 0024 474E5520 		.ascii	"GNU C11 5.4.1 20160609 (release) [ARM/embedded-5-br"
 2335      43313120 
 2335      352E342E 
 2335      31203230 
 2335      31363036 
 2336 0057 616E6368 		.ascii	"anch revision 237715] -mcpu=cortex-m3 -mthumb -g -O"
 2336      20726576 
 2336      6973696F 
 2336      6E203233 
 2336      37373135 
 2337 008a 67202D66 		.ascii	"g -ffunction-sections -ffat-lto-objects\000"
 2337      66756E63 
 2337      74696F6E 
 2337      2D736563 
 2337      74696F6E 
 2338              	.LASF5:
 2339 00b2 6C6F6E67 		.ascii	"long unsigned int\000"
 2339      20756E73 
 2339      69676E65 
 2339      6420696E 
 2339      7400
 2340              	.LASF3:
 2341 00c4 73686F72 		.ascii	"short unsigned int\000"
 2341      7420756E 
 2341      7369676E 
 2341      65642069 
 2341      6E7400
 2342              	.LASF13:
 2343 00d7 63795F6D 		.ascii	"cy_meta_custnvl\000"
 2343      6574615F 
 2343      63757374 
 2343      6E766C00 
 2344              	.LASF12:
 2345 00e7 63795F6D 		.ascii	"cy_meta_configecc\000"
 2345      6574615F 
 2345      636F6E66 
 2345      69676563 
 2345      6300
 2346              	.LASF8:
 2347 00f9 756E7369 		.ascii	"unsigned int\000"
 2347      676E6564 
 2347      20696E74 
 2347      00
 2348              	.LASF7:
 2349 0106 6C6F6E67 		.ascii	"long long unsigned int\000"
ARM GAS  C:\Users\91819\AppData\Local\Temp\cc0bH8Oq.s 			page 43


 2349      206C6F6E 
 2349      6720756E 
 2349      7369676E 
 2349      65642069 
 2350              	.LASF10:
 2351 011d 75696E74 		.ascii	"uint8_t\000"
 2351      385F7400 
 2352              	.LASF15:
 2353 0125 63795F6D 		.ascii	"cy_meta_flashprotect\000"
 2353      6574615F 
 2353      666C6173 
 2353      6870726F 
 2353      74656374 
 2354              	.LASF14:
 2355 013a 63795F6D 		.ascii	"cy_meta_wonvl\000"
 2355      6574615F 
 2355      776F6E76 
 2355      6C00
 2356              	.LASF11:
 2357 0148 73697A65 		.ascii	"sizetype\000"
 2357      74797065 
 2357      00
 2358              	.LASF19:
 2359 0151 433A5C55 		.ascii	"C:\\Users\\91819\\Documents\\HDA_Sem2\\EAA\\Assignm"
 2359      73657273 
 2359      5C393138 
 2359      31395C44 
 2359      6F63756D 
 2360 017e 656E7473 		.ascii	"ents\\Assignment1_RTE\\autosar_01.cydsn (2)\\autosa"
 2360      5C417373 
 2360      69676E6D 
 2360      656E7431 
 2360      5F525445 
 2361 01ae 725F3031 		.ascii	"r_01.cydsn\000"
 2361      2E637964 
 2361      736E00
 2362              	.LASF6:
 2363 01b9 6C6F6E67 		.ascii	"long long int\000"
 2363      206C6F6E 
 2363      6720696E 
 2363      7400
 2364              	.LASF2:
 2365 01c7 73686F72 		.ascii	"short int\000"
 2365      7420696E 
 2365      7400
 2366              	.LASF4:
 2367 01d1 6C6F6E67 		.ascii	"long int\000"
 2367      20696E74 
 2367      00
 2368              	.LASF0:
 2369 01da 7369676E 		.ascii	"signed char\000"
 2369      65642063 
 2369      68617200 
 2370              	.LASF18:
 2371 01e6 47656E65 		.ascii	"Generated_Source\\PSoC5\\cymetadata.c\000"
 2371      72617465 
 2371      645F536F 
ARM GAS  C:\Users\91819\AppData\Local\Temp\cc0bH8Oq.s 			page 44


 2371      75726365 
 2371      5C50536F 
 2372              		.ident	"GCC: (GNU Tools for ARM Embedded Processors) 5.4.1 20160609 (release) [ARM/embedded-5-bran
