ARM GAS  C:\Users\91819\AppData\Local\Temp\cceB9XAD.s 			page 1


   1              		.syntax unified
   2              		.cpu cortex-m3
   3              		.fpu softvfp
   4              		.eabi_attribute 20, 1
   5              		.eabi_attribute 21, 1
   6              		.eabi_attribute 23, 3
   7              		.eabi_attribute 24, 1
   8              		.eabi_attribute 25, 1
   9              		.eabi_attribute 26, 1
  10              		.eabi_attribute 30, 1
  11              		.eabi_attribute 34, 1
  12              		.eabi_attribute 18, 4
  13              		.thumb
  14              		.syntax unified
  15              		.file	"ErikaOS_1_eecfg.c"
  16              		.text
  17              	.Ltext0:
  18              		.cfi_sections	.debug_frame
  19              		.global	EE_oo_autostart_task_data
  20              		.comm	EE_ApplicationMode,4,4
  21              		.global	EE_oo_action_ROM
  22              		.comm	EE_oo_counter_object_RAM,48,4
  23              		.global	EE_oo_counter_object_ROM
  24              		.global	EE_ALARM_ID
  25              		.global	EE_ALARM_NAME
  26              		.global	EE_alarm_ROM
  27              		.global	EE_counter_RAM
  28              		.global	EE_counter_ROM
  29              		.global	EE_th_is_extended
  30              		.global	EE_th_waswaiting
  31              		.global	EE_th_event_waitmask
  32              		.global	EE_th_event_active
  33              		.global	EE_th_terminate_nextask
  34              		.global	EE_rq_free
  35              		.comm	EE_rq_pairs_tid,24,4
  36              		.global	EE_rq_pairs_next
  37              		.global	EE_rq_link
  38              		.global	EE_th_rnact_max
  39              		.global	EE_th_rnact
  40              		.global	EE_rq_bitmask
  41              		.global	EE_rq_queues_tail
  42              		.global	EE_rq_queues_head
  43              		.global	EE_sys_ceiling
  44              		.global	EE_stkfirst
  45              		.global	EE_th_next
  46              		.global	EE_th_status
  47              		.global	EE_th_dispatch_prio
  48              		.global	EE_EVENT_ID
  49              		.global	EE_EVENT_NAME
  50              		.global	EE_TASK_NAME
  51              		.global	EE_th_ready_prio
  52              		.global	EE_terminate_real_th_body
  53              		.comm	EE_terminate_data,24,4
  54              		.global	EE_hal_thread_body
  55              		.global	EE_cortex_mx_IRQ_tos
  56              		.global	EE_cortex_mx_active_tos
  57              		.global	EE_cortex_mx_system_tos
ARM GAS  C:\Users\91819\AppData\Local\Temp\cceB9XAD.s 			page 2


  58              		.global	EE_std_thread_tos
  59              		.comm	EE_cortex_mx_stack_9,512,4
  60              		.comm	EE_cortex_mx_stack_4,5000,4
  61              		.comm	EE_cortex_mx_stack_3,1000,4
  62              		.section	.rodata
  63              		.align	2
  64              		.type	EE_oo_autostart_task_data, %object
  65              		.size	EE_oo_autostart_task_data, 8
  66              	EE_oo_autostart_task_data:
  67 0000 01000000 		.word	1
  68 0004 08000000 		.word	EE_oo_autostart_task_mode_OSDEFAULTAPPMODE
  69              		.type	EE_oo_autostart_task_mode_OSDEFAULTAPPMODE, %object
  70              		.size	EE_oo_autostart_task_mode_OSDEFAULTAPPMODE, 4
  71              	EE_oo_autostart_task_mode_OSDEFAULTAPPMODE:
  72 0008 00000000 		.space	4
  73              		.type	EE_oo_action_ROM, %object
  74              		.size	EE_oo_action_ROM, 60
  75              	EE_oo_action_ROM:
  76 000c 01       		.byte	1
  77 000d 000000   		.space	3
  78 0010 02000000 		.word	2
  79 0014 04000000 		.word	4
  80 0018 00000000 		.word	0
  81 001c FFFFFFFF 		.word	-1
  82 0020 00       		.byte	0
  83 0021 000000   		.space	3
  84 0024 04000000 		.word	4
  85 0028 00000000 		.word	0
  86 002c 00000000 		.word	0
  87 0030 FFFFFFFF 		.word	-1
  88 0034 00       		.byte	0
  89 0035 000000   		.space	3
  90 0038 05000000 		.word	5
  91 003c 00000000 		.word	0
  92 0040 00000000 		.word	0
  93 0044 FFFFFFFF 		.word	-1
  94              		.type	EE_oo_counter_object_ROM, %object
  95              		.size	EE_oo_counter_object_ROM, 36
  96              	EE_oo_counter_object_ROM:
  97 0048 00000000 		.word	0
  98 004c 00000000 		.word	0
  99 0050 00       		.byte	0
 100 0051 000000   		.space	3
 101 0054 00000000 		.word	0
 102 0058 01000000 		.word	1
 103 005c 00       		.byte	0
 104 005d 000000   		.space	3
 105 0060 00000000 		.word	0
 106 0064 02000000 		.word	2
 107 0068 00       		.byte	0
 108 0069 000000   		.space	3
 109              		.type	EE_ALARM_ID, %object
 110              		.size	EE_ALARM_ID, 12
 111              	EE_ALARM_ID:
 112 006c 00000000 		.word	0
 113 0070 01000000 		.word	1
 114 0074 02000000 		.word	2
ARM GAS  C:\Users\91819\AppData\Local\Temp\cceB9XAD.s 			page 3


 115              		.type	EE_alarm_ROM, %object
 116              		.size	EE_alarm_ROM, 12
 117              	EE_alarm_ROM:
 118 0078 00000000 		.word	0
 119 007c 01000000 		.word	1
 120 0080 02000000 		.word	2
 121              		.type	EE_counter_ROM, %object
 122              		.size	EE_counter_ROM, 12
 123              	EE_counter_ROM:
 124 0084 10270000 		.word	10000
 125 0088 01000000 		.word	1
 126 008c 00000000 		.word	0
 127              		.type	EE_th_is_extended, %object
 128              		.size	EE_th_is_extended, 24
 129              	EE_th_is_extended:
 130 0090 00000000 		.word	0
 131 0094 00000000 		.word	0
 132 0098 01000000 		.word	1
 133 009c 01000000 		.word	1
 134 00a0 00000000 		.word	0
 135 00a4 00000000 		.word	0
 136              		.type	EE_th_rnact_max, %object
 137              		.size	EE_th_rnact_max, 24
 138              	EE_th_rnact_max:
 139 00a8 01000000 		.word	1
 140 00ac 01000000 		.word	1
 141 00b0 01000000 		.word	1
 142 00b4 01000000 		.word	1
 143 00b8 01000000 		.word	1
 144 00bc 01000000 		.word	1
 145              		.type	EE_th_dispatch_prio, %object
 146              		.size	EE_th_dispatch_prio, 24
 147              	EE_th_dispatch_prio:
 148 00c0 80000000 		.word	128
 149 00c4 01000000 		.word	1
 150 00c8 10000000 		.word	16
 151 00cc 04000000 		.word	4
 152 00d0 20000000 		.word	32
 153 00d4 02000000 		.word	2
 154              		.type	EE_EVENT_ID, %object
 155              		.size	EE_EVENT_ID, 12
 156              	EE_EVENT_ID:
 157 00d8 01000000 		.word	1
 158 00dc 02000000 		.word	2
 159 00e0 04000000 		.word	4
 160              		.type	EE_th_ready_prio, %object
 161              		.size	EE_th_ready_prio, 24
 162              	EE_th_ready_prio:
 163 00e4 01000000 		.word	1
 164 00e8 01000000 		.word	1
 165 00ec 10000000 		.word	16
 166 00f0 04000000 		.word	4
 167 00f4 20000000 		.word	32
 168 00f8 02000000 		.word	2
 169              		.type	EE_terminate_real_th_body, %object
 170              		.size	EE_terminate_real_th_body, 24
 171              	EE_terminate_real_th_body:
ARM GAS  C:\Users\91819\AppData\Local\Temp\cceB9XAD.s 			page 4


 172 00fc 00000000 		.word	Functsk_init
 173 0100 00000000 		.word	Functsk_background
 174 0104 00000000 		.word	Functsk_io
 175 0108 00000000 		.word	Functsk_control
 176 010c 00000000 		.word	Functsk_system
 177 0110 00000000 		.word	Functsk_testcase
 178              		.type	EE_hal_thread_body, %object
 179              		.size	EE_hal_thread_body, 24
 180              	EE_hal_thread_body:
 181 0114 00000000 		.word	EE_oo_thread_stub
 182 0118 00000000 		.word	EE_oo_thread_stub
 183 011c 00000000 		.word	EE_oo_thread_stub
 184 0120 00000000 		.word	EE_oo_thread_stub
 185 0124 00000000 		.word	EE_oo_thread_stub
 186 0128 00000000 		.word	EE_oo_thread_stub
 187              		.type	EE_std_thread_tos, %object
 188              		.size	EE_std_thread_tos, 28
 189              	EE_std_thread_tos:
 190 012c 00000000 		.word	0
 191 0130 00000000 		.word	0
 192 0134 00000000 		.word	0
 193 0138 01000000 		.word	1
 194 013c 02000000 		.word	2
 195 0140 00000000 		.word	0
 196 0144 00000000 		.word	0
 197              		.data
 198              		.align	2
 199              		.type	EE_ALARM_NAME, %object
 200              		.size	EE_ALARM_NAME, 12
 201              	EE_ALARM_NAME:
 202 0000 00000000 		.word	.LC0
 203 0004 0C000000 		.word	.LC1
 204 0008 18000000 		.word	.LC2
 205              		.type	EE_counter_RAM, %object
 206              		.size	EE_counter_RAM, 8
 207              	EE_counter_RAM:
 208 000c 00000000 		.word	0
 209 0010 FFFFFFFF 		.word	-1
 210              		.type	EE_th_terminate_nextask, %object
 211              		.size	EE_th_terminate_nextask, 24
 212              	EE_th_terminate_nextask:
 213 0014 FFFFFFFF 		.word	-1
 214 0018 FFFFFFFF 		.word	-1
 215 001c FFFFFFFF 		.word	-1
 216 0020 FFFFFFFF 		.word	-1
 217 0024 FFFFFFFF 		.word	-1
 218 0028 FFFFFFFF 		.word	-1
 219              		.type	EE_rq_pairs_next, %object
 220              		.size	EE_rq_pairs_next, 24
 221              	EE_rq_pairs_next:
 222 002c 01000000 		.word	1
 223 0030 02000000 		.word	2
 224 0034 03000000 		.word	3
 225 0038 04000000 		.word	4
 226 003c 05000000 		.word	5
 227 0040 FFFFFFFF 		.word	-1
 228              		.type	EE_rq_link, %object
ARM GAS  C:\Users\91819\AppData\Local\Temp\cceB9XAD.s 			page 5


 229              		.size	EE_rq_link, 24
 230              	EE_rq_link:
 231 0044 00000000 		.word	0
 232 0048 00000000 		.word	0
 233 004c 04000000 		.word	4
 234 0050 02000000 		.word	2
 235 0054 05000000 		.word	5
 236 0058 01000000 		.word	1
 237              		.type	EE_th_rnact, %object
 238              		.size	EE_th_rnact, 24
 239              	EE_th_rnact:
 240 005c 01000000 		.word	1
 241 0060 01000000 		.word	1
 242 0064 01000000 		.word	1
 243 0068 01000000 		.word	1
 244 006c 01000000 		.word	1
 245 0070 01000000 		.word	1
 246              		.type	EE_rq_queues_tail, %object
 247              		.size	EE_rq_queues_tail, 64
 248              	EE_rq_queues_tail:
 249 0074 FFFFFFFF 		.word	-1
 250 0078 FFFFFFFF 		.word	-1
 251 007c FFFFFFFF 		.word	-1
 252 0080 FFFFFFFF 		.word	-1
 253 0084 FFFFFFFF 		.word	-1
 254 0088 FFFFFFFF 		.word	-1
 255 008c FFFFFFFF 		.word	-1
 256 0090 FFFFFFFF 		.word	-1
 257 0094 FFFFFFFF 		.word	-1
 258 0098 FFFFFFFF 		.word	-1
 259 009c FFFFFFFF 		.word	-1
 260 00a0 FFFFFFFF 		.word	-1
 261 00a4 FFFFFFFF 		.word	-1
 262 00a8 FFFFFFFF 		.word	-1
 263 00ac FFFFFFFF 		.word	-1
 264 00b0 FFFFFFFF 		.word	-1
 265              		.type	EE_rq_queues_head, %object
 266              		.size	EE_rq_queues_head, 64
 267              	EE_rq_queues_head:
 268 00b4 FFFFFFFF 		.word	-1
 269 00b8 FFFFFFFF 		.word	-1
 270 00bc FFFFFFFF 		.word	-1
 271 00c0 FFFFFFFF 		.word	-1
 272 00c4 FFFFFFFF 		.word	-1
 273 00c8 FFFFFFFF 		.word	-1
 274 00cc FFFFFFFF 		.word	-1
 275 00d0 FFFFFFFF 		.word	-1
 276 00d4 FFFFFFFF 		.word	-1
 277 00d8 FFFFFFFF 		.word	-1
 278 00dc FFFFFFFF 		.word	-1
 279 00e0 FFFFFFFF 		.word	-1
 280 00e4 FFFFFFFF 		.word	-1
 281 00e8 FFFFFFFF 		.word	-1
 282 00ec FFFFFFFF 		.word	-1
 283 00f0 FFFFFFFF 		.word	-1
 284              		.type	EE_stkfirst, %object
 285              		.size	EE_stkfirst, 4
ARM GAS  C:\Users\91819\AppData\Local\Temp\cceB9XAD.s 			page 6


 286              	EE_stkfirst:
 287 00f4 FFFFFFFF 		.word	-1
 288              		.type	EE_th_next, %object
 289              		.size	EE_th_next, 24
 290              	EE_th_next:
 291 00f8 FFFFFFFF 		.word	-1
 292 00fc FFFFFFFF 		.word	-1
 293 0100 FFFFFFFF 		.word	-1
 294 0104 FFFFFFFF 		.word	-1
 295 0108 FFFFFFFF 		.word	-1
 296 010c FFFFFFFF 		.word	-1
 297              		.type	EE_th_status, %object
 298              		.size	EE_th_status, 24
 299              	EE_th_status:
 300 0110 03000000 		.word	3
 301 0114 03000000 		.word	3
 302 0118 03000000 		.word	3
 303 011c 03000000 		.word	3
 304 0120 03000000 		.word	3
 305 0124 03000000 		.word	3
 306              		.type	EE_EVENT_NAME, %object
 307              		.size	EE_EVENT_NAME, 12
 308              	EE_EVENT_NAME:
 309 0128 24000000 		.word	.LC3
 310 012c 38000000 		.word	.LC4
 311 0130 48000000 		.word	.LC5
 312              		.type	EE_TASK_NAME, %object
 313              		.size	EE_TASK_NAME, 24
 314              	EE_TASK_NAME:
 315 0134 50000000 		.word	.LC6
 316 0138 5C000000 		.word	.LC7
 317 013c 6C000000 		.word	.LC8
 318 0140 74000000 		.word	.LC9
 319 0144 80000000 		.word	.LC10
 320 0148 8C000000 		.word	.LC11
 321              		.type	EE_cortex_mx_IRQ_tos, %object
 322              		.size	EE_cortex_mx_IRQ_tos, 4
 323              	EE_cortex_mx_IRQ_tos:
 324 014c 00020000 		.word	EE_cortex_mx_stack_9+512
 325              		.type	EE_cortex_mx_system_tos, %object
 326              		.size	EE_cortex_mx_system_tos, 12
 327              	EE_cortex_mx_system_tos:
 328 0150 00000000 		.word	0
 329 0154 C0030000 		.word	EE_cortex_mx_stack_3+960
 330 0158 60130000 		.word	EE_cortex_mx_stack_4+4960
 331              		.section	.rodata.str1.4,"aMS",%progbits,1
 332              		.align	2
 333              	.LC0:
 334 0000 616C6172 		.ascii	"alarm_10ms\000"
 334      6D5F3130 
 334      6D7300
 335 000b 00       		.space	1
 336              	.LC1:
 337 000c 616C6172 		.ascii	"alarm_1ms\000"
 337      6D5F316D 
 337      7300
 338 0016 0000     		.space	2
ARM GAS  C:\Users\91819\AppData\Local\Temp\cceB9XAD.s 			page 7


 339              	.LC2:
 340 0018 616C6172 		.ascii	"alarm_25ms\000"
 340      6D5F3235 
 340      6D7300
 341 0023 00       		.space	1
 342              	.LC3:
 343 0024 65765F6A 		.ascii	"ev_joystick_onData\000"
 343      6F797374 
 343      69636B5F 
 343      6F6E4461 
 343      746100
 344 0037 00       		.space	1
 345              	.LC4:
 346 0038 65765F73 		.ascii	"ev_speed_onData\000"
 346      70656564 
 346      5F6F6E44 
 346      61746100 
 347              	.LC5:
 348 0048 65765F31 		.ascii	"ev_10ms\000"
 348      306D7300 
 349              	.LC6:
 350 0050 74736B5F 		.ascii	"tsk_init\000"
 350      696E6974 
 350      00
 351 0059 000000   		.space	3
 352              	.LC7:
 353 005c 74736B5F 		.ascii	"tsk_background\000"
 353      6261636B 
 353      67726F75 
 353      6E6400
 354 006b 00       		.space	1
 355              	.LC8:
 356 006c 74736B5F 		.ascii	"tsk_io\000"
 356      696F00
 357 0073 00       		.space	1
 358              	.LC9:
 359 0074 74736B5F 		.ascii	"tsk_control\000"
 359      636F6E74 
 359      726F6C00 
 360              	.LC10:
 361 0080 74736B5F 		.ascii	"tsk_system\000"
 361      73797374 
 361      656D00
 362 008b 00       		.space	1
 363              	.LC11:
 364 008c 74736B5F 		.ascii	"tsk_testcase\000"
 364      74657374 
 364      63617365 
 364      00
 365              		.bss
 366              		.align	2
 367              		.type	EE_th_waswaiting, %object
 368              		.size	EE_th_waswaiting, 24
 369              	EE_th_waswaiting:
 370 0000 00000000 		.space	24
 370      00000000 
 370      00000000 
ARM GAS  C:\Users\91819\AppData\Local\Temp\cceB9XAD.s 			page 8


 370      00000000 
 370      00000000 
 371              		.type	EE_th_event_waitmask, %object
 372              		.size	EE_th_event_waitmask, 24
 373              	EE_th_event_waitmask:
 374 0018 00000000 		.space	24
 374      00000000 
 374      00000000 
 374      00000000 
 374      00000000 
 375              		.type	EE_th_event_active, %object
 376              		.size	EE_th_event_active, 24
 377              	EE_th_event_active:
 378 0030 00000000 		.space	24
 378      00000000 
 378      00000000 
 378      00000000 
 378      00000000 
 379              		.type	EE_rq_free, %object
 380              		.size	EE_rq_free, 4
 381              	EE_rq_free:
 382 0048 00000000 		.space	4
 383              		.type	EE_rq_bitmask, %object
 384              		.size	EE_rq_bitmask, 2
 385              	EE_rq_bitmask:
 386 004c 0000     		.space	2
 387 004e 0000     		.space	2
 388              		.type	EE_sys_ceiling, %object
 389              		.size	EE_sys_ceiling, 4
 390              	EE_sys_ceiling:
 391 0050 00000000 		.space	4
 392              		.type	EE_cortex_mx_active_tos, %object
 393              		.size	EE_cortex_mx_active_tos, 4
 394              	EE_cortex_mx_active_tos:
 395 0054 00000000 		.space	4
 396              		.text
 397              	.Letext0:
 398              		.file 1 "Generated_Source\\PSoC5\\ErikaOS_1_common_ee_types.inc"
 399              		.file 2 "Generated_Source\\PSoC5\\ErikaOS_1_cortex_mx_ee_cpu.inc"
 400              		.file 3 "Generated_Source\\PSoC5\\ErikaOS_1_ee_oo_common.inc"
 401              		.file 4 "Generated_Source\\PSoC5\\ErikaOS_1_common_ee_hal_structs.inc"
 402              		.file 5 "Generated_Source\\PSoC5\\ErikaOS_1_eecfg.c"
 403              		.file 6 "Generated_Source\\PSoC5\\ErikaOS_1_ee_oo_intfunc.inc"
 404              		.file 7 "Generated_Source\\PSoC5\\ErikaOS_1_cortex_mx_ee_context.inc"
 405              		.file 8 "Generated_Source\\PSoC5\\ErikaOS_1_common_ee_primitives.inc"
 406              		.section	.debug_info,"",%progbits
 407              	.Ldebug_info0:
 408 0000 B4080000 		.4byte	0x8b4
 409 0004 0400     		.2byte	0x4
 410 0006 00000000 		.4byte	.Ldebug_abbrev0
 411 000a 04       		.byte	0x4
 412 000b 01       		.uleb128 0x1
 413 000c 52050000 		.4byte	.LASF113
 414 0010 0C       		.byte	0xc
 415 0011 76070000 		.4byte	.LASF114
 416 0015 C5030000 		.4byte	.LASF115
 417 0019 00000000 		.4byte	.Ldebug_line0
ARM GAS  C:\Users\91819\AppData\Local\Temp\cceB9XAD.s 			page 9


 418 001d 02       		.uleb128 0x2
 419 001e 01       		.byte	0x1
 420 001f 06       		.byte	0x6
 421 0020 0F010000 		.4byte	.LASF0
 422 0024 02       		.uleb128 0x2
 423 0025 01       		.byte	0x1
 424 0026 08       		.byte	0x8
 425 0027 B5040000 		.4byte	.LASF1
 426 002b 02       		.uleb128 0x2
 427 002c 02       		.byte	0x2
 428 002d 05       		.byte	0x5
 429 002e FA040000 		.4byte	.LASF2
 430 0032 02       		.uleb128 0x2
 431 0033 02       		.byte	0x2
 432 0034 07       		.byte	0x7
 433 0035 73020000 		.4byte	.LASF3
 434 0039 02       		.uleb128 0x2
 435 003a 04       		.byte	0x4
 436 003b 05       		.byte	0x5
 437 003c 96010000 		.4byte	.LASF4
 438 0040 02       		.uleb128 0x2
 439 0041 04       		.byte	0x4
 440 0042 07       		.byte	0x7
 441 0043 31020000 		.4byte	.LASF5
 442 0047 02       		.uleb128 0x2
 443 0048 08       		.byte	0x8
 444 0049 05       		.byte	0x5
 445 004a 01010000 		.4byte	.LASF6
 446 004e 02       		.uleb128 0x2
 447 004f 08       		.byte	0x8
 448 0050 07       		.byte	0x7
 449 0051 5E000000 		.4byte	.LASF7
 450 0055 03       		.uleb128 0x3
 451 0056 04       		.byte	0x4
 452 0057 05       		.byte	0x5
 453 0058 696E7400 		.ascii	"int\000"
 454 005c 02       		.uleb128 0x2
 455 005d 04       		.byte	0x4
 456 005e 07       		.byte	0x7
 457 005f F9010000 		.4byte	.LASF8
 458 0063 02       		.uleb128 0x2
 459 0064 08       		.byte	0x8
 460 0065 04       		.byte	0x4
 461 0066 9B030000 		.4byte	.LASF9
 462 006a 04       		.uleb128 0x4
 463 006b 82040000 		.4byte	.LASF10
 464 006f 01       		.byte	0x1
 465 0070 52       		.byte	0x52
 466 0071 32000000 		.4byte	0x32
 467 0075 04       		.uleb128 0x4
 468 0076 5B070000 		.4byte	.LASF11
 469 007a 01       		.byte	0x1
 470 007b 53       		.byte	0x53
 471 007c 55000000 		.4byte	0x55
 472 0080 04       		.uleb128 0x4
 473 0081 51070000 		.4byte	.LASF12
 474 0085 01       		.byte	0x1
ARM GAS  C:\Users\91819\AppData\Local\Temp\cceB9XAD.s 			page 10


 475 0086 54       		.byte	0x54
 476 0087 5C000000 		.4byte	0x5c
 477 008b 04       		.uleb128 0x4
 478 008c CF070000 		.4byte	.LASF13
 479 0090 01       		.byte	0x1
 480 0091 64       		.byte	0x64
 481 0092 96000000 		.4byte	0x96
 482 0096 05       		.uleb128 0x5
 483 0097 04       		.byte	0x4
 484 0098 06       		.uleb128 0x6
 485 0099 04       		.byte	0x4
 486 009a 9E000000 		.4byte	0x9e
 487 009e 07       		.uleb128 0x7
 488 009f 04       		.uleb128 0x4
 489 00a0 1E030000 		.4byte	.LASF14
 490 00a4 01       		.byte	0x1
 491 00a5 70       		.byte	0x70
 492 00a6 98000000 		.4byte	0x98
 493 00aa 04       		.uleb128 0x4
 494 00ab EC050000 		.4byte	.LASF15
 495 00af 01       		.byte	0x1
 496 00b0 73       		.byte	0x73
 497 00b1 98000000 		.4byte	0x98
 498 00b5 04       		.uleb128 0x4
 499 00b6 06020000 		.4byte	.LASF16
 500 00ba 02       		.byte	0x2
 501 00bb 4D       		.byte	0x4d
 502 00bc 80000000 		.4byte	0x80
 503 00c0 04       		.uleb128 0x4
 504 00c1 BD030000 		.4byte	.LASF17
 505 00c5 02       		.byte	0x2
 506 00c6 4E       		.byte	0x4e
 507 00c7 75000000 		.4byte	0x75
 508 00cb 04       		.uleb128 0x4
 509 00cc E9070000 		.4byte	.LASF18
 510 00d0 02       		.byte	0x2
 511 00d1 4F       		.byte	0x4f
 512 00d2 80000000 		.4byte	0x80
 513 00d6 04       		.uleb128 0x4
 514 00d7 3D000000 		.4byte	.LASF19
 515 00db 02       		.byte	0x2
 516 00dc 54       		.byte	0x54
 517 00dd B5000000 		.4byte	0xb5
 518 00e1 04       		.uleb128 0x4
 519 00e2 EC010000 		.4byte	.LASF20
 520 00e6 02       		.byte	0x2
 521 00e7 78       		.byte	0x78
 522 00e8 75000000 		.4byte	0x75
 523 00ec 08       		.uleb128 0x8
 524 00ed B3000000 		.4byte	.LASF61
 525 00f1 04       		.byte	0x4
 526 00f2 04       		.byte	0x4
 527 00f3 4D       		.byte	0x4d
 528 00f4 05010000 		.4byte	0x105
 529 00f8 09       		.uleb128 0x9
 530 00f9 BB070000 		.4byte	.LASF28
 531 00fd 04       		.byte	0x4
ARM GAS  C:\Users\91819\AppData\Local\Temp\cceB9XAD.s 			page 11


 532 00fe 4E       		.byte	0x4e
 533 00ff 8B000000 		.4byte	0x8b
 534 0103 00       		.byte	0
 535 0104 00       		.byte	0
 536 0105 0A       		.uleb128 0xa
 537 0106 82030000 		.4byte	.LASF21
 538 010a 03       		.byte	0x3
 539 010b 1101     		.2byte	0x111
 540 010d 6A000000 		.4byte	0x6a
 541 0111 0A       		.uleb128 0xa
 542 0112 AA000000 		.4byte	.LASF22
 543 0116 03       		.byte	0x3
 544 0117 F701     		.2byte	0x1f7
 545 0119 E1000000 		.4byte	0xe1
 546 011d 0A       		.uleb128 0xa
 547 011e 32010000 		.4byte	.LASF23
 548 0122 03       		.byte	0x3
 549 0123 2C02     		.2byte	0x22c
 550 0125 B5000000 		.4byte	0xb5
 551 0129 0A       		.uleb128 0xa
 552 012a 1D000000 		.4byte	.LASF24
 553 012e 03       		.byte	0x3
 554 012f 3502     		.2byte	0x235
 555 0131 B5000000 		.4byte	0xb5
 556 0135 0A       		.uleb128 0xa
 557 0136 45060000 		.4byte	.LASF25
 558 013a 03       		.byte	0x3
 559 013b 5D02     		.2byte	0x25d
 560 013d B5000000 		.4byte	0xb5
 561 0141 0A       		.uleb128 0xa
 562 0142 32000000 		.4byte	.LASF26
 563 0146 03       		.byte	0x3
 564 0147 6302     		.2byte	0x263
 565 0149 B5000000 		.4byte	0xb5
 566 014d 0A       		.uleb128 0xa
 567 014e 2F030000 		.4byte	.LASF27
 568 0152 03       		.byte	0x3
 569 0153 6C02     		.2byte	0x26c
 570 0155 B5000000 		.4byte	0xb5
 571 0159 0B       		.uleb128 0xb
 572 015a 0C       		.byte	0xc
 573 015b 03       		.byte	0x3
 574 015c 7202     		.2byte	0x272
 575 015e 8A010000 		.4byte	0x18a
 576 0162 0C       		.uleb128 0xc
 577 0163 BA000000 		.4byte	.LASF29
 578 0167 03       		.byte	0x3
 579 0168 7302     		.2byte	0x273
 580 016a 29010000 		.4byte	0x129
 581 016e 00       		.byte	0
 582 016f 0C       		.uleb128 0xc
 583 0170 2D040000 		.4byte	.LASF30
 584 0174 03       		.byte	0x3
 585 0175 7402     		.2byte	0x274
 586 0177 29010000 		.4byte	0x129
 587 017b 04       		.byte	0x4
 588 017c 0C       		.uleb128 0xc
ARM GAS  C:\Users\91819\AppData\Local\Temp\cceB9XAD.s 			page 12


 589 017d E3010000 		.4byte	.LASF31
 590 0181 03       		.byte	0x3
 591 0182 7502     		.2byte	0x275
 592 0184 29010000 		.4byte	0x129
 593 0188 08       		.byte	0x8
 594 0189 00       		.byte	0
 595 018a 0A       		.uleb128 0xa
 596 018b 3B050000 		.4byte	.LASF32
 597 018f 03       		.byte	0x3
 598 0190 7A02     		.2byte	0x27a
 599 0192 59010000 		.4byte	0x159
 600 0196 0B       		.uleb128 0xb
 601 0197 08       		.byte	0x8
 602 0198 03       		.byte	0x3
 603 0199 7D02     		.2byte	0x27d
 604 019b BA010000 		.4byte	0x1ba
 605 019f 0C       		.uleb128 0xc
 606 01a0 F3010000 		.4byte	.LASF33
 607 01a4 03       		.byte	0x3
 608 01a5 7E02     		.2byte	0x27e
 609 01a7 29010000 		.4byte	0x129
 610 01ab 00       		.byte	0
 611 01ac 0C       		.uleb128 0xc
 612 01ad 3F060000 		.4byte	.LASF34
 613 01b1 03       		.byte	0x3
 614 01b2 7F02     		.2byte	0x27f
 615 01b4 35010000 		.4byte	0x135
 616 01b8 04       		.byte	0x4
 617 01b9 00       		.byte	0
 618 01ba 0A       		.uleb128 0xa
 619 01bb 73010000 		.4byte	.LASF35
 620 01bf 03       		.byte	0x3
 621 01c0 8002     		.2byte	0x280
 622 01c2 96010000 		.4byte	0x196
 623 01c6 0D       		.uleb128 0xd
 624 01c7 01       		.byte	0x1
 625 01c8 24000000 		.4byte	0x24
 626 01cc 03       		.byte	0x3
 627 01cd 8A02     		.2byte	0x28a
 628 01cf E0010000 		.4byte	0x1e0
 629 01d3 0E       		.uleb128 0xe
 630 01d4 C3040000 		.4byte	.LASF36
 631 01d8 00       		.byte	0
 632 01d9 0E       		.uleb128 0xe
 633 01da 8C040000 		.4byte	.LASF37
 634 01de 01       		.byte	0x1
 635 01df 00       		.byte	0
 636 01e0 0A       		.uleb128 0xa
 637 01e1 9E020000 		.4byte	.LASF38
 638 01e5 03       		.byte	0x3
 639 01e6 8D02     		.2byte	0x28d
 640 01e8 C6010000 		.4byte	0x1c6
 641 01ec 0A       		.uleb128 0xa
 642 01ed CA020000 		.4byte	.LASF39
 643 01f1 03       		.byte	0x3
 644 01f2 9002     		.2byte	0x290
 645 01f4 E0010000 		.4byte	0x1e0
ARM GAS  C:\Users\91819\AppData\Local\Temp\cceB9XAD.s 			page 13


 646 01f8 0B       		.uleb128 0xb
 647 01f9 0C       		.byte	0xc
 648 01fa 03       		.byte	0x3
 649 01fb 9402     		.2byte	0x294
 650 01fd 27020000 		.4byte	0x227
 651 0201 0F       		.uleb128 0xf
 652 0202 6300     		.ascii	"c\000"
 653 0204 03       		.byte	0x3
 654 0205 9602     		.2byte	0x296
 655 0207 4D010000 		.4byte	0x14d
 656 020b 00       		.byte	0
 657 020c 0C       		.uleb128 0xc
 658 020d 9C060000 		.4byte	.LASF40
 659 0211 03       		.byte	0x3
 660 0212 9802     		.2byte	0x298
 661 0214 35010000 		.4byte	0x135
 662 0218 04       		.byte	0x4
 663 0219 0C       		.uleb128 0xc
 664 021a 6E020000 		.4byte	.LASF41
 665 021e 03       		.byte	0x3
 666 021f 9A02     		.2byte	0x29a
 667 0221 EC010000 		.4byte	0x1ec
 668 0225 08       		.byte	0x8
 669 0226 00       		.byte	0
 670 0227 0A       		.uleb128 0xa
 671 0228 7B000000 		.4byte	.LASF42
 672 022c 03       		.byte	0x3
 673 022d 9B02     		.2byte	0x29b
 674 022f F8010000 		.4byte	0x1f8
 675 0233 0B       		.uleb128 0xb
 676 0234 10       		.byte	0x10
 677 0235 03       		.byte	0x3
 678 0236 9F02     		.2byte	0x29f
 679 0238 71020000 		.4byte	0x271
 680 023c 0C       		.uleb128 0xc
 681 023d 3A040000 		.4byte	.LASF43
 682 0241 03       		.byte	0x3
 683 0242 A002     		.2byte	0x2a0
 684 0244 D6000000 		.4byte	0xd6
 685 0248 00       		.byte	0
 686 0249 0C       		.uleb128 0xc
 687 024a B2070000 		.4byte	.LASF44
 688 024e 03       		.byte	0x3
 689 024f A102     		.2byte	0x2a1
 690 0251 29010000 		.4byte	0x129
 691 0255 04       		.byte	0x4
 692 0256 0C       		.uleb128 0xc
 693 0257 75000000 		.4byte	.LASF45
 694 025b 03       		.byte	0x3
 695 025c A202     		.2byte	0x2a2
 696 025e 29010000 		.4byte	0x129
 697 0262 08       		.byte	0x8
 698 0263 0C       		.uleb128 0xc
 699 0264 00000000 		.4byte	.LASF46
 700 0268 03       		.byte	0x3
 701 0269 A302     		.2byte	0x2a3
 702 026b 35010000 		.4byte	0x135
ARM GAS  C:\Users\91819\AppData\Local\Temp\cceB9XAD.s 			page 14


 703 026f 0C       		.byte	0xc
 704 0270 00       		.byte	0
 705 0271 0A       		.uleb128 0xa
 706 0272 3F040000 		.4byte	.LASF47
 707 0276 03       		.byte	0x3
 708 0277 A402     		.2byte	0x2a4
 709 0279 33020000 		.4byte	0x233
 710 027d 0D       		.uleb128 0xd
 711 027e 01       		.byte	0x1
 712 027f 24000000 		.4byte	0x24
 713 0283 03       		.byte	0x3
 714 0284 A702     		.2byte	0x2a7
 715 0286 A3020000 		.4byte	0x2a3
 716 028a 0E       		.uleb128 0xe
 717 028b 5C060000 		.4byte	.LASF48
 718 028f 00       		.byte	0
 719 0290 0E       		.uleb128 0xe
 720 0291 A4060000 		.4byte	.LASF49
 721 0295 01       		.byte	0x1
 722 0296 0E       		.uleb128 0xe
 723 0297 7B060000 		.4byte	.LASF50
 724 029b 02       		.byte	0x2
 725 029c 0E       		.uleb128 0xe
 726 029d 1E060000 		.4byte	.LASF51
 727 02a1 03       		.byte	0x3
 728 02a2 00       		.byte	0
 729 02a3 0A       		.uleb128 0xa
 730 02a4 1B010000 		.4byte	.LASF52
 731 02a8 03       		.byte	0x3
 732 02a9 AC02     		.2byte	0x2ac
 733 02ab 7D020000 		.4byte	0x27d
 734 02af 0A       		.uleb128 0xa
 735 02b0 00070000 		.4byte	.LASF53
 736 02b4 03       		.byte	0x3
 737 02b5 AF02     		.2byte	0x2af
 738 02b7 A3020000 		.4byte	0x2a3
 739 02bb 0B       		.uleb128 0xb
 740 02bc 14       		.byte	0x14
 741 02bd 03       		.byte	0x3
 742 02be B202     		.2byte	0x2b2
 743 02c0 04030000 		.4byte	0x304
 744 02c4 0C       		.uleb128 0xc
 745 02c5 D6060000 		.4byte	.LASF54
 746 02c9 03       		.byte	0x3
 747 02ca B302     		.2byte	0x2b3
 748 02cc AF020000 		.4byte	0x2af
 749 02d0 00       		.byte	0
 750 02d1 0C       		.uleb128 0xc
 751 02d2 C3070000 		.4byte	.LASF55
 752 02d6 03       		.byte	0x3
 753 02d7 B402     		.2byte	0x2b4
 754 02d9 11010000 		.4byte	0x111
 755 02dd 04       		.byte	0x4
 756 02de 0C       		.uleb128 0xc
 757 02df E0050000 		.4byte	.LASF56
 758 02e3 03       		.byte	0x3
 759 02e4 B602     		.2byte	0x2b6
ARM GAS  C:\Users\91819\AppData\Local\Temp\cceB9XAD.s 			page 15


 760 02e6 1D010000 		.4byte	0x11d
 761 02ea 08       		.byte	0x8
 762 02eb 0F       		.uleb128 0xf
 763 02ec 6600     		.ascii	"f\000"
 764 02ee 03       		.byte	0x3
 765 02ef B802     		.2byte	0x2b8
 766 02f1 9F000000 		.4byte	0x9f
 767 02f5 0C       		.byte	0xc
 768 02f6 0C       		.uleb128 0xc
 769 02f7 F1040000 		.4byte	.LASF57
 770 02fb 03       		.byte	0x3
 771 02fc BA02     		.2byte	0x2ba
 772 02fe 4D010000 		.4byte	0x14d
 773 0302 10       		.byte	0x10
 774 0303 00       		.byte	0
 775 0304 0A       		.uleb128 0xa
 776 0305 6C040000 		.4byte	.LASF58
 777 0309 03       		.byte	0x3
 778 030a BB02     		.2byte	0x2bb
 779 030c BB020000 		.4byte	0x2bb
 780 0310 0B       		.uleb128 0xb
 781 0311 04       		.byte	0x4
 782 0312 03       		.byte	0x3
 783 0313 BD02     		.2byte	0x2bd
 784 0315 27030000 		.4byte	0x327
 785 0319 0C       		.uleb128 0xc
 786 031a 54030000 		.4byte	.LASF59
 787 031e 03       		.byte	0x3
 788 031f BF02     		.2byte	0x2bf
 789 0321 41010000 		.4byte	0x141
 790 0325 00       		.byte	0
 791 0326 00       		.byte	0
 792 0327 0A       		.uleb128 0xa
 793 0328 0E020000 		.4byte	.LASF60
 794 032c 03       		.byte	0x3
 795 032d C402     		.2byte	0x2c4
 796 032f 10030000 		.4byte	0x310
 797 0333 10       		.uleb128 0x10
 798 0334 54020000 		.4byte	.LASF62
 799 0338 08       		.byte	0x8
 800 0339 03       		.byte	0x3
 801 033a 0E04     		.2byte	0x40e
 802 033c 5A030000 		.4byte	0x35a
 803 0340 0F       		.uleb128 0xf
 804 0341 6E7400   		.ascii	"nt\000"
 805 0344 03       		.byte	0x3
 806 0345 0F04     		.2byte	0x40f
 807 0347 B5000000 		.4byte	0xb5
 808 034b 00       		.byte	0
 809 034c 0C       		.uleb128 0xc
 810 034d E2060000 		.4byte	.LASF63
 811 0351 03       		.byte	0x3
 812 0352 1004     		.2byte	0x410
 813 0354 6A030000 		.4byte	0x36a
 814 0358 04       		.byte	0x4
 815 0359 00       		.byte	0
 816 035a 11       		.uleb128 0x11
ARM GAS  C:\Users\91819\AppData\Local\Temp\cceB9XAD.s 			page 16


 817 035b 65030000 		.4byte	0x365
 818 035f 65030000 		.4byte	0x365
 819 0363 12       		.uleb128 0x12
 820 0364 00       		.byte	0
 821 0365 13       		.uleb128 0x13
 822 0366 E1000000 		.4byte	0xe1
 823 036a 06       		.uleb128 0x6
 824 036b 04       		.byte	0x4
 825 036c 5A030000 		.4byte	0x35a
 826 0370 11       		.uleb128 0x11
 827 0371 65030000 		.4byte	0x365
 828 0375 80030000 		.4byte	0x380
 829 0379 14       		.uleb128 0x14
 830 037a 80030000 		.4byte	0x380
 831 037e 00       		.byte	0
 832 037f 00       		.byte	0
 833 0380 02       		.uleb128 0x2
 834 0381 04       		.byte	0x4
 835 0382 07       		.byte	0x7
 836 0383 92030000 		.4byte	.LASF64
 837 0387 15       		.uleb128 0x15
 838 0388 CA000000 		.4byte	.LASF116
 839 038c 05       		.byte	0x5
 840 038d 6507     		.2byte	0x765
 841 038f 99030000 		.4byte	0x399
 842 0393 05       		.uleb128 0x5
 843 0394 03       		.byte	0x3
 844 0395 08000000 		.4byte	EE_oo_autostart_task_mode_OSDEFAULTAPPMODE
 845 0399 13       		.uleb128 0x13
 846 039a 70030000 		.4byte	0x370
 847 039e 11       		.uleb128 0x11
 848 039f AE030000 		.4byte	0x3ae
 849 03a3 AE030000 		.4byte	0x3ae
 850 03a7 14       		.uleb128 0x14
 851 03a8 80030000 		.4byte	0x380
 852 03ac 05       		.byte	0x5
 853 03ad 00       		.byte	0
 854 03ae 13       		.uleb128 0x13
 855 03af AA000000 		.4byte	0xaa
 856 03b3 16       		.uleb128 0x16
 857 03b4 B4060000 		.4byte	.LASF65
 858 03b8 05       		.byte	0x5
 859 03b9 D2       		.byte	0xd2
 860 03ba C4030000 		.4byte	0x3c4
 861 03be 05       		.uleb128 0x5
 862 03bf 03       		.byte	0x3
 863 03c0 00000000 		.4byte	EE_hal_thread_body
 864 03c4 13       		.uleb128 0x13
 865 03c5 9E030000 		.4byte	0x39e
 866 03c9 11       		.uleb128 0x11
 867 03ca D9030000 		.4byte	0x3d9
 868 03ce D9030000 		.4byte	0x3d9
 869 03d2 14       		.uleb128 0x14
 870 03d3 80030000 		.4byte	0x380
 871 03d7 06       		.byte	0x6
 872 03d8 00       		.byte	0
 873 03d9 13       		.uleb128 0x13
ARM GAS  C:\Users\91819\AppData\Local\Temp\cceB9XAD.s 			page 17


 874 03da B5000000 		.4byte	0xb5
 875 03de 16       		.uleb128 0x16
 876 03df 0C060000 		.4byte	.LASF66
 877 03e3 05       		.byte	0x5
 878 03e4 71       		.byte	0x71
 879 03e5 EF030000 		.4byte	0x3ef
 880 03e9 05       		.uleb128 0x5
 881 03ea 03       		.byte	0x3
 882 03eb 00000000 		.4byte	EE_std_thread_tos
 883 03ef 13       		.uleb128 0x13
 884 03f0 C9030000 		.4byte	0x3c9
 885 03f4 11       		.uleb128 0x11
 886 03f5 80000000 		.4byte	0x80
 887 03f9 04040000 		.4byte	0x404
 888 03fd 14       		.uleb128 0x14
 889 03fe 80030000 		.4byte	0x380
 890 0402 05       		.byte	0x5
 891 0403 00       		.byte	0
 892 0404 16       		.uleb128 0x16
 893 0405 64070000 		.4byte	.LASF67
 894 0409 05       		.byte	0x5
 895 040a ED       		.byte	0xed
 896 040b F4030000 		.4byte	0x3f4
 897 040f 05       		.uleb128 0x5
 898 0410 03       		.byte	0x3
 899 0411 00000000 		.4byte	EE_terminate_data
 900 0415 16       		.uleb128 0x16
 901 0416 D7040000 		.4byte	.LASF68
 902 041a 05       		.byte	0x5
 903 041b F0       		.byte	0xf0
 904 041c 26040000 		.4byte	0x426
 905 0420 05       		.uleb128 0x5
 906 0421 03       		.byte	0x3
 907 0422 00000000 		.4byte	EE_terminate_real_th_body
 908 0426 13       		.uleb128 0x13
 909 0427 9E030000 		.4byte	0x39e
 910 042b 11       		.uleb128 0x11
 911 042c EC000000 		.4byte	0xec
 912 0430 3B040000 		.4byte	0x43b
 913 0434 14       		.uleb128 0x14
 914 0435 80030000 		.4byte	0x380
 915 0439 02       		.byte	0x2
 916 043a 00       		.byte	0
 917 043b 16       		.uleb128 0x16
 918 043c 9D040000 		.4byte	.LASF69
 919 0440 05       		.byte	0x5
 920 0441 8D       		.byte	0x8d
 921 0442 2B040000 		.4byte	0x42b
 922 0446 05       		.uleb128 0x5
 923 0447 03       		.byte	0x3
 924 0448 00000000 		.4byte	EE_cortex_mx_system_tos
 925 044c 16       		.uleb128 0x16
 926 044d 5B010000 		.4byte	.LASF70
 927 0451 05       		.byte	0x5
 928 0452 A9       		.byte	0xa9
 929 0453 B5000000 		.4byte	0xb5
 930 0457 05       		.uleb128 0x5
ARM GAS  C:\Users\91819\AppData\Local\Temp\cceB9XAD.s 			page 18


 931 0458 03       		.byte	0x3
 932 0459 00000000 		.4byte	EE_cortex_mx_active_tos
 933 045d 11       		.uleb128 0x11
 934 045e D9030000 		.4byte	0x3d9
 935 0462 6D040000 		.4byte	0x46d
 936 0466 14       		.uleb128 0x14
 937 0467 80030000 		.4byte	0x380
 938 046b 05       		.byte	0x5
 939 046c 00       		.byte	0
 940 046d 17       		.uleb128 0x17
 941 046e 6B060000 		.4byte	.LASF71
 942 0472 05       		.byte	0x5
 943 0473 E202     		.2byte	0x2e2
 944 0475 7F040000 		.4byte	0x47f
 945 0479 05       		.uleb128 0x5
 946 047a 03       		.byte	0x3
 947 047b 00000000 		.4byte	EE_th_rnact_max
 948 047f 13       		.uleb128 0x13
 949 0480 5D040000 		.4byte	0x45d
 950 0484 17       		.uleb128 0x17
 951 0485 0F070000 		.4byte	.LASF72
 952 0489 05       		.byte	0x5
 953 048a 0C01     		.2byte	0x10c
 954 048c 96040000 		.4byte	0x496
 955 0490 05       		.uleb128 0x5
 956 0491 03       		.byte	0x3
 957 0492 00000000 		.4byte	EE_th_ready_prio
 958 0496 13       		.uleb128 0x13
 959 0497 5D040000 		.4byte	0x45d
 960 049b 17       		.uleb128 0x17
 961 049c E0020000 		.4byte	.LASF73
 962 04a0 05       		.byte	0x5
 963 04a1 4502     		.2byte	0x245
 964 04a3 AD040000 		.4byte	0x4ad
 965 04a7 05       		.uleb128 0x5
 966 04a8 03       		.byte	0x3
 967 04a9 00000000 		.4byte	EE_th_dispatch_prio
 968 04ad 13       		.uleb128 0x13
 969 04ae 5D040000 		.4byte	0x45d
 970 04b2 11       		.uleb128 0x11
 971 04b3 C2040000 		.4byte	0x4c2
 972 04b7 C2040000 		.4byte	0x4c2
 973 04bb 14       		.uleb128 0x14
 974 04bc 80030000 		.4byte	0x380
 975 04c0 05       		.byte	0x5
 976 04c1 00       		.byte	0
 977 04c2 06       		.uleb128 0x6
 978 04c3 04       		.byte	0x4
 979 04c4 CF040000 		.4byte	0x4cf
 980 04c8 02       		.uleb128 0x2
 981 04c9 01       		.byte	0x1
 982 04ca 08       		.byte	0x8
 983 04cb 57060000 		.4byte	.LASF74
 984 04cf 13       		.uleb128 0x13
 985 04d0 C8040000 		.4byte	0x4c8
 986 04d4 17       		.uleb128 0x17
 987 04d5 2E050000 		.4byte	.LASF75
ARM GAS  C:\Users\91819\AppData\Local\Temp\cceB9XAD.s 			page 19


 988 04d9 05       		.byte	0x5
 989 04da 2801     		.2byte	0x128
 990 04dc B2040000 		.4byte	0x4b2
 991 04e0 05       		.uleb128 0x5
 992 04e1 03       		.byte	0x3
 993 04e2 00000000 		.4byte	EE_TASK_NAME
 994 04e6 11       		.uleb128 0x11
 995 04e7 C2040000 		.4byte	0x4c2
 996 04eb F6040000 		.4byte	0x4f6
 997 04ef 14       		.uleb128 0x14
 998 04f0 80030000 		.4byte	0x380
 999 04f4 02       		.byte	0x2
 1000 04f5 00       		.byte	0
 1001 04f6 17       		.uleb128 0x17
 1002 04f7 40010000 		.4byte	.LASF76
 1003 04fb 05       		.byte	0x5
 1004 04fc 8101     		.2byte	0x181
 1005 04fe E6040000 		.4byte	0x4e6
 1006 0502 05       		.uleb128 0x5
 1007 0503 03       		.byte	0x3
 1008 0504 00000000 		.4byte	EE_EVENT_NAME
 1009 0508 17       		.uleb128 0x17
 1010 0509 23020000 		.4byte	.LASF77
 1011 050d 05       		.byte	0x5
 1012 050e 3D06     		.2byte	0x63d
 1013 0510 E6040000 		.4byte	0x4e6
 1014 0514 05       		.uleb128 0x5
 1015 0515 03       		.byte	0x3
 1016 0516 00000000 		.4byte	EE_ALARM_NAME
 1017 051a 11       		.uleb128 0x11
 1018 051b 2A050000 		.4byte	0x52a
 1019 051f 2A050000 		.4byte	0x52a
 1020 0523 14       		.uleb128 0x14
 1021 0524 80030000 		.4byte	0x380
 1022 0528 02       		.byte	0x2
 1023 0529 00       		.byte	0
 1024 052a 13       		.uleb128 0x13
 1025 052b 40000000 		.4byte	0x40
 1026 052f 17       		.uleb128 0x17
 1027 0530 8A010000 		.4byte	.LASF78
 1028 0534 05       		.byte	0x5
 1029 0535 E201     		.2byte	0x1e2
 1030 0537 41050000 		.4byte	0x541
 1031 053b 05       		.uleb128 0x5
 1032 053c 03       		.byte	0x3
 1033 053d 00000000 		.4byte	EE_EVENT_ID
 1034 0541 13       		.uleb128 0x13
 1035 0542 1A050000 		.4byte	0x51a
 1036 0546 17       		.uleb128 0x17
 1037 0547 F5000000 		.4byte	.LASF79
 1038 054b 05       		.byte	0x5
 1039 054c 5906     		.2byte	0x659
 1040 054e 58050000 		.4byte	0x558
 1041 0552 05       		.uleb128 0x5
 1042 0553 03       		.byte	0x3
 1043 0554 00000000 		.4byte	EE_ALARM_ID
 1044 0558 13       		.uleb128 0x13
ARM GAS  C:\Users\91819\AppData\Local\Temp\cceB9XAD.s 			page 20


 1045 0559 1A050000 		.4byte	0x51a
 1046 055d 11       		.uleb128 0x11
 1047 055e B5000000 		.4byte	0xb5
 1048 0562 6D050000 		.4byte	0x56d
 1049 0566 14       		.uleb128 0x14
 1050 0567 80030000 		.4byte	0x380
 1051 056b 05       		.byte	0x5
 1052 056c 00       		.byte	0
 1053 056d 17       		.uleb128 0x17
 1054 056e BD020000 		.4byte	.LASF80
 1055 0572 05       		.byte	0x5
 1056 0573 8102     		.2byte	0x281
 1057 0575 5D050000 		.4byte	0x55d
 1058 0579 05       		.uleb128 0x5
 1059 057a 03       		.byte	0x3
 1060 057b 00000000 		.4byte	EE_th_status
 1061 057f 11       		.uleb128 0x11
 1062 0580 E1000000 		.4byte	0xe1
 1063 0584 8F050000 		.4byte	0x58f
 1064 0588 14       		.uleb128 0x14
 1065 0589 80030000 		.4byte	0x380
 1066 058d 05       		.byte	0x5
 1067 058e 00       		.byte	0
 1068 058f 17       		.uleb128 0x17
 1069 0590 CC040000 		.4byte	.LASF81
 1070 0594 05       		.byte	0x5
 1071 0595 9D02     		.2byte	0x29d
 1072 0597 7F050000 		.4byte	0x57f
 1073 059b 05       		.uleb128 0x5
 1074 059c 03       		.byte	0x3
 1075 059d 00000000 		.4byte	EE_th_next
 1076 05a1 17       		.uleb128 0x17
 1077 05a2 20070000 		.4byte	.LASF82
 1078 05a6 05       		.byte	0x5
 1079 05a7 C702     		.2byte	0x2c7
 1080 05a9 5D050000 		.4byte	0x55d
 1081 05ad 05       		.uleb128 0x5
 1082 05ae 03       		.byte	0x3
 1083 05af 00000000 		.4byte	EE_th_rnact
 1084 05b3 17       		.uleb128 0x17
 1085 05b4 05000000 		.4byte	.LASF83
 1086 05b8 05       		.byte	0x5
 1087 05b9 7703     		.2byte	0x377
 1088 05bb 7F050000 		.4byte	0x57f
 1089 05bf 05       		.uleb128 0x5
 1090 05c0 03       		.byte	0x3
 1091 05c1 00000000 		.4byte	EE_th_terminate_nextask
 1092 05c5 17       		.uleb128 0x17
 1093 05c6 26000000 		.4byte	.LASF84
 1094 05ca 05       		.byte	0x5
 1095 05cb B902     		.2byte	0x2b9
 1096 05cd E1000000 		.4byte	0xe1
 1097 05d1 05       		.uleb128 0x5
 1098 05d2 03       		.byte	0x3
 1099 05d3 00000000 		.4byte	EE_stkfirst
 1100 05d7 17       		.uleb128 0x17
 1101 05d8 C7060000 		.4byte	.LASF85
ARM GAS  C:\Users\91819\AppData\Local\Temp\cceB9XAD.s 			page 21


 1102 05dc 05       		.byte	0x5
 1103 05dd BC02     		.2byte	0x2bc
 1104 05df B5000000 		.4byte	0xb5
 1105 05e3 05       		.uleb128 0x5
 1106 05e4 03       		.byte	0x3
 1107 05e5 00000000 		.4byte	EE_sys_ceiling
 1108 05e9 17       		.uleb128 0x17
 1109 05ea B2030000 		.4byte	.LASF86
 1110 05ee 05       		.byte	0x5
 1111 05ef FD02     		.2byte	0x2fd
 1112 05f1 5D050000 		.4byte	0x55d
 1113 05f5 05       		.uleb128 0x5
 1114 05f6 03       		.byte	0x3
 1115 05f7 00000000 		.4byte	EE_rq_link
 1116 05fb 11       		.uleb128 0x11
 1117 05fc C0000000 		.4byte	0xc0
 1118 0600 0B060000 		.4byte	0x60b
 1119 0604 14       		.uleb128 0x14
 1120 0605 80030000 		.4byte	0x380
 1121 0609 0F       		.byte	0xf
 1122 060a 00       		.byte	0
 1123 060b 17       		.uleb128 0x17
 1124 060c 9F010000 		.4byte	.LASF87
 1125 0610 05       		.byte	0x5
 1126 0611 BF02     		.2byte	0x2bf
 1127 0613 FB050000 		.4byte	0x5fb
 1128 0617 05       		.uleb128 0x5
 1129 0618 03       		.byte	0x3
 1130 0619 00000000 		.4byte	EE_rq_queues_head
 1131 061d 17       		.uleb128 0x17
 1132 061e FA050000 		.4byte	.LASF88
 1133 0622 05       		.byte	0x5
 1134 0623 C102     		.2byte	0x2c1
 1135 0625 FB050000 		.4byte	0x5fb
 1136 0629 05       		.uleb128 0x5
 1137 062a 03       		.byte	0x3
 1138 062b 00000000 		.4byte	EE_rq_queues_tail
 1139 062f 11       		.uleb128 0x11
 1140 0630 C0000000 		.4byte	0xc0
 1141 0634 3F060000 		.4byte	0x63f
 1142 0638 14       		.uleb128 0x14
 1143 0639 80030000 		.4byte	0x380
 1144 063d 05       		.byte	0x5
 1145 063e 00       		.byte	0
 1146 063f 17       		.uleb128 0x17
 1147 0640 99000000 		.4byte	.LASF89
 1148 0644 05       		.byte	0x5
 1149 0645 1B03     		.2byte	0x31b
 1150 0647 2F060000 		.4byte	0x62f
 1151 064b 05       		.uleb128 0x5
 1152 064c 03       		.byte	0x3
 1153 064d 00000000 		.4byte	EE_rq_pairs_next
 1154 0651 17       		.uleb128 0x17
 1155 0652 2C070000 		.4byte	.LASF90
 1156 0656 05       		.byte	0x5
 1157 0657 7003     		.2byte	0x370
 1158 0659 7F050000 		.4byte	0x57f
ARM GAS  C:\Users\91819\AppData\Local\Temp\cceB9XAD.s 			page 22


 1159 065d 05       		.uleb128 0x5
 1160 065e 03       		.byte	0x3
 1161 065f 00000000 		.4byte	EE_rq_pairs_tid
 1162 0663 17       		.uleb128 0x17
 1163 0664 31060000 		.4byte	.LASF91
 1164 0668 05       		.byte	0x5
 1165 0669 C402     		.2byte	0x2c4
 1166 066b 05010000 		.4byte	0x105
 1167 066f 05       		.uleb128 0x5
 1168 0670 03       		.byte	0x3
 1169 0671 00000000 		.4byte	EE_rq_bitmask
 1170 0675 17       		.uleb128 0x17
 1171 0676 A7030000 		.4byte	.LASF92
 1172 067a 05       		.byte	0x5
 1173 067b 7303     		.2byte	0x373
 1174 067d C0000000 		.4byte	0xc0
 1175 0681 05       		.uleb128 0x5
 1176 0682 03       		.byte	0x3
 1177 0683 00000000 		.4byte	EE_rq_free
 1178 0687 17       		.uleb128 0x17
 1179 0688 9F070000 		.4byte	.LASF93
 1180 068c 05       		.byte	0x5
 1181 068d 9A03     		.2byte	0x39a
 1182 068f 5D050000 		.4byte	0x55d
 1183 0693 05       		.uleb128 0x5
 1184 0694 03       		.byte	0x3
 1185 0695 00000000 		.4byte	EE_th_event_active
 1186 0699 17       		.uleb128 0x17
 1187 069a 04050000 		.4byte	.LASF94
 1188 069e 05       		.byte	0x5
 1189 069f B603     		.2byte	0x3b6
 1190 06a1 5D050000 		.4byte	0x55d
 1191 06a5 05       		.uleb128 0x5
 1192 06a6 03       		.byte	0x3
 1193 06a7 00000000 		.4byte	EE_th_event_waitmask
 1194 06ab 11       		.uleb128 0x11
 1195 06ac D6000000 		.4byte	0xd6
 1196 06b0 BB060000 		.4byte	0x6bb
 1197 06b4 14       		.uleb128 0x14
 1198 06b5 80030000 		.4byte	0x380
 1199 06b9 05       		.byte	0x5
 1200 06ba 00       		.byte	0
 1201 06bb 17       		.uleb128 0x17
 1202 06bc 43020000 		.4byte	.LASF95
 1203 06c0 05       		.byte	0x5
 1204 06c1 D203     		.2byte	0x3d2
 1205 06c3 AB060000 		.4byte	0x6ab
 1206 06c7 05       		.uleb128 0x5
 1207 06c8 03       		.byte	0x3
 1208 06c9 00000000 		.4byte	EE_th_waswaiting
 1209 06cd 17       		.uleb128 0x17
 1210 06ce D7070000 		.4byte	.LASF96
 1211 06d2 05       		.byte	0x5
 1212 06d3 EE03     		.2byte	0x3ee
 1213 06d5 DF060000 		.4byte	0x6df
 1214 06d9 05       		.uleb128 0x5
 1215 06da 03       		.byte	0x3
ARM GAS  C:\Users\91819\AppData\Local\Temp\cceB9XAD.s 			page 23


 1216 06db 00000000 		.4byte	EE_th_is_extended
 1217 06df 13       		.uleb128 0x13
 1218 06e0 5D040000 		.4byte	0x45d
 1219 06e4 11       		.uleb128 0x11
 1220 06e5 F4060000 		.4byte	0x6f4
 1221 06e9 F4060000 		.4byte	0x6f4
 1222 06ed 14       		.uleb128 0x14
 1223 06ee 80030000 		.4byte	0x380
 1224 06f2 00       		.byte	0
 1225 06f3 00       		.byte	0
 1226 06f4 13       		.uleb128 0x13
 1227 06f5 8A010000 		.4byte	0x18a
 1228 06f9 17       		.uleb128 0x17
 1229 06fa 5D040000 		.4byte	.LASF97
 1230 06fe 05       		.byte	0x5
 1231 06ff FF05     		.2byte	0x5ff
 1232 0701 0B070000 		.4byte	0x70b
 1233 0705 05       		.uleb128 0x5
 1234 0706 03       		.byte	0x3
 1235 0707 00000000 		.4byte	EE_counter_ROM
 1236 070b 13       		.uleb128 0x13
 1237 070c E4060000 		.4byte	0x6e4
 1238 0710 11       		.uleb128 0x11
 1239 0711 20070000 		.4byte	0x720
 1240 0715 20070000 		.4byte	0x720
 1241 0719 14       		.uleb128 0x14
 1242 071a 80030000 		.4byte	0x380
 1243 071e 02       		.byte	0x2
 1244 071f 00       		.byte	0
 1245 0720 13       		.uleb128 0x13
 1246 0721 27020000 		.4byte	0x227
 1247 0725 17       		.uleb128 0x17
 1248 0726 3B030000 		.4byte	.LASF98
 1249 072a 05       		.byte	0x5
 1250 072b 9606     		.2byte	0x696
 1251 072d 37070000 		.4byte	0x737
 1252 0731 05       		.uleb128 0x5
 1253 0732 03       		.byte	0x3
 1254 0733 00000000 		.4byte	EE_oo_counter_object_ROM
 1255 0737 13       		.uleb128 0x13
 1256 0738 10070000 		.4byte	0x710
 1257 073c 11       		.uleb128 0x11
 1258 073d 4C070000 		.4byte	0x74c
 1259 0741 4C070000 		.4byte	0x74c
 1260 0745 14       		.uleb128 0x14
 1261 0746 80030000 		.4byte	0x380
 1262 074a 02       		.byte	0x2
 1263 074b 00       		.byte	0
 1264 074c 13       		.uleb128 0x13
 1265 074d 04030000 		.4byte	0x304
 1266 0751 17       		.uleb128 0x17
 1267 0752 71030000 		.4byte	.LASF99
 1268 0756 05       		.byte	0x5
 1269 0757 BA06     		.2byte	0x6ba
 1270 0759 63070000 		.4byte	0x763
 1271 075d 05       		.uleb128 0x5
 1272 075e 03       		.byte	0x3
ARM GAS  C:\Users\91819\AppData\Local\Temp\cceB9XAD.s 			page 24


 1273 075f 00000000 		.4byte	EE_oo_action_ROM
 1274 0763 13       		.uleb128 0x13
 1275 0764 3C070000 		.4byte	0x73c
 1276 0768 11       		.uleb128 0x11
 1277 0769 78070000 		.4byte	0x778
 1278 076d 78070000 		.4byte	0x778
 1279 0771 14       		.uleb128 0x14
 1280 0772 80030000 		.4byte	0x380
 1281 0776 02       		.byte	0x2
 1282 0777 00       		.byte	0
 1283 0778 13       		.uleb128 0x13
 1284 0779 27030000 		.4byte	0x327
 1285 077d 17       		.uleb128 0x17
 1286 077e 4E010000 		.4byte	.LASF100
 1287 0782 05       		.byte	0x5
 1288 0783 2006     		.2byte	0x620
 1289 0785 8F070000 		.4byte	0x78f
 1290 0789 05       		.uleb128 0x5
 1291 078a 03       		.byte	0x3
 1292 078b 00000000 		.4byte	EE_alarm_ROM
 1293 078f 13       		.uleb128 0x13
 1294 0790 68070000 		.4byte	0x768
 1295 0794 11       		.uleb128 0x11
 1296 0795 BA010000 		.4byte	0x1ba
 1297 0799 A4070000 		.4byte	0x7a4
 1298 079d 14       		.uleb128 0x14
 1299 079e 80030000 		.4byte	0x380
 1300 07a2 00       		.byte	0
 1301 07a3 00       		.byte	0
 1302 07a4 17       		.uleb128 0x17
 1303 07a5 8D060000 		.4byte	.LASF101
 1304 07a9 05       		.byte	0x5
 1305 07aa 0C06     		.2byte	0x60c
 1306 07ac 94070000 		.4byte	0x794
 1307 07b0 05       		.uleb128 0x5
 1308 07b1 03       		.byte	0x3
 1309 07b2 00000000 		.4byte	EE_counter_RAM
 1310 07b6 11       		.uleb128 0x11
 1311 07b7 71020000 		.4byte	0x271
 1312 07bb C6070000 		.4byte	0x7c6
 1313 07bf 14       		.uleb128 0x14
 1314 07c0 80030000 		.4byte	0x380
 1315 07c4 02       		.byte	0x2
 1316 07c5 00       		.byte	0
 1317 07c6 17       		.uleb128 0x17
 1318 07c7 E7060000 		.4byte	.LASF102
 1319 07cb 05       		.byte	0x5
 1320 07cc B106     		.2byte	0x6b1
 1321 07ce B6070000 		.4byte	0x7b6
 1322 07d2 05       		.uleb128 0x5
 1323 07d3 03       		.byte	0x3
 1324 07d4 00000000 		.4byte	EE_oo_counter_object_RAM
 1325 07d8 11       		.uleb128 0x11
 1326 07d9 E8070000 		.4byte	0x7e8
 1327 07dd E8070000 		.4byte	0x7e8
 1328 07e1 14       		.uleb128 0x14
 1329 07e2 80030000 		.4byte	0x380
ARM GAS  C:\Users\91819\AppData\Local\Temp\cceB9XAD.s 			page 25


 1330 07e6 00       		.byte	0
 1331 07e7 00       		.byte	0
 1332 07e8 13       		.uleb128 0x13
 1333 07e9 33030000 		.4byte	0x333
 1334 07ed 17       		.uleb128 0x17
 1335 07ee F1070000 		.4byte	.LASF103
 1336 07f2 05       		.byte	0x5
 1337 07f3 9607     		.2byte	0x796
 1338 07f5 FF070000 		.4byte	0x7ff
 1339 07f9 05       		.uleb128 0x5
 1340 07fa 03       		.byte	0x3
 1341 07fb 00000000 		.4byte	EE_oo_autostart_task_data
 1342 07ff 13       		.uleb128 0x13
 1343 0800 D8070000 		.4byte	0x7d8
 1344 0804 18       		.uleb128 0x18
 1345 0805 86020000 		.4byte	.LASF104
 1346 0809 06       		.byte	0x6
 1347 080a 40       		.byte	0x40
 1348 080b B5000000 		.4byte	0xb5
 1349 080f 18       		.uleb128 0x18
 1350 0810 B1010000 		.4byte	.LASF105
 1351 0814 06       		.byte	0x6
 1352 0815 47       		.byte	0x47
 1353 0816 CB000000 		.4byte	0xcb
 1354 081a 17       		.uleb128 0x17
 1355 081b 5E030000 		.4byte	.LASF106
 1356 081f 05       		.byte	0x5
 1357 0820 5C07     		.2byte	0x75c
 1358 0822 B5000000 		.4byte	0xb5
 1359 0826 05       		.uleb128 0x5
 1360 0827 03       		.byte	0x3
 1361 0828 00000000 		.4byte	EE_ApplicationMode
 1362 082c 18       		.uleb128 0x18
 1363 082d CA010000 		.4byte	.LASF107
 1364 0831 07       		.byte	0x7
 1365 0832 48       		.byte	0x48
 1366 0833 E1000000 		.4byte	0xe1
 1367 0837 18       		.uleb128 0x18
 1368 0838 3C070000 		.4byte	.LASF108
 1369 083c 08       		.byte	0x8
 1370 083d 44       		.byte	0x44
 1371 083e B5000000 		.4byte	0xb5
 1372 0842 16       		.uleb128 0x16
 1373 0843 49000000 		.4byte	.LASF109
 1374 0847 05       		.byte	0x5
 1375 0848 AD       		.byte	0xad
 1376 0849 EC000000 		.4byte	0xec
 1377 084d 05       		.uleb128 0x5
 1378 084e 03       		.byte	0x3
 1379 084f 00000000 		.4byte	EE_cortex_mx_IRQ_tos
 1380 0853 11       		.uleb128 0x11
 1381 0854 55000000 		.4byte	0x55
 1382 0858 63080000 		.4byte	0x863
 1383 085c 14       		.uleb128 0x14
 1384 085d 80030000 		.4byte	0x380
 1385 0861 F9       		.byte	0xf9
 1386 0862 00       		.byte	0
ARM GAS  C:\Users\91819\AppData\Local\Temp\cceB9XAD.s 			page 26


 1387 0863 16       		.uleb128 0x16
 1388 0864 19050000 		.4byte	.LASF110
 1389 0868 05       		.byte	0x5
 1390 0869 19       		.byte	0x19
 1391 086a 53080000 		.4byte	0x853
 1392 086e 05       		.uleb128 0x5
 1393 086f 03       		.byte	0x3
 1394 0870 00000000 		.4byte	EE_cortex_mx_stack_3
 1395 0874 11       		.uleb128 0x11
 1396 0875 55000000 		.4byte	0x55
 1397 0879 85080000 		.4byte	0x885
 1398 087d 19       		.uleb128 0x19
 1399 087e 80030000 		.4byte	0x380
 1400 0882 E104     		.2byte	0x4e1
 1401 0884 00       		.byte	0
 1402 0885 16       		.uleb128 0x16
 1403 0886 F4020000 		.4byte	.LASF111
 1404 088a 05       		.byte	0x5
 1405 088b 1D       		.byte	0x1d
 1406 088c 74080000 		.4byte	0x874
 1407 0890 05       		.uleb128 0x5
 1408 0891 03       		.byte	0x3
 1409 0892 00000000 		.4byte	EE_cortex_mx_stack_4
 1410 0896 11       		.uleb128 0x11
 1411 0897 55000000 		.4byte	0x55
 1412 089b A6080000 		.4byte	0x8a6
 1413 089f 14       		.uleb128 0x14
 1414 08a0 80030000 		.4byte	0x380
 1415 08a4 7F       		.byte	0x7f
 1416 08a5 00       		.byte	0
 1417 08a6 16       		.uleb128 0x16
 1418 08a7 09030000 		.4byte	.LASF112
 1419 08ab 05       		.byte	0x5
 1420 08ac 32       		.byte	0x32
 1421 08ad 96080000 		.4byte	0x896
 1422 08b1 05       		.uleb128 0x5
 1423 08b2 03       		.byte	0x3
 1424 08b3 00000000 		.4byte	EE_cortex_mx_stack_9
 1425 08b7 00       		.byte	0
 1426              		.section	.debug_abbrev,"",%progbits
 1427              	.Ldebug_abbrev0:
 1428 0000 01       		.uleb128 0x1
 1429 0001 11       		.uleb128 0x11
 1430 0002 01       		.byte	0x1
 1431 0003 25       		.uleb128 0x25
 1432 0004 0E       		.uleb128 0xe
 1433 0005 13       		.uleb128 0x13
 1434 0006 0B       		.uleb128 0xb
 1435 0007 03       		.uleb128 0x3
 1436 0008 0E       		.uleb128 0xe
 1437 0009 1B       		.uleb128 0x1b
 1438 000a 0E       		.uleb128 0xe
 1439 000b 10       		.uleb128 0x10
 1440 000c 17       		.uleb128 0x17
 1441 000d 00       		.byte	0
 1442 000e 00       		.byte	0
 1443 000f 02       		.uleb128 0x2
ARM GAS  C:\Users\91819\AppData\Local\Temp\cceB9XAD.s 			page 27


 1444 0010 24       		.uleb128 0x24
 1445 0011 00       		.byte	0
 1446 0012 0B       		.uleb128 0xb
 1447 0013 0B       		.uleb128 0xb
 1448 0014 3E       		.uleb128 0x3e
 1449 0015 0B       		.uleb128 0xb
 1450 0016 03       		.uleb128 0x3
 1451 0017 0E       		.uleb128 0xe
 1452 0018 00       		.byte	0
 1453 0019 00       		.byte	0
 1454 001a 03       		.uleb128 0x3
 1455 001b 24       		.uleb128 0x24
 1456 001c 00       		.byte	0
 1457 001d 0B       		.uleb128 0xb
 1458 001e 0B       		.uleb128 0xb
 1459 001f 3E       		.uleb128 0x3e
 1460 0020 0B       		.uleb128 0xb
 1461 0021 03       		.uleb128 0x3
 1462 0022 08       		.uleb128 0x8
 1463 0023 00       		.byte	0
 1464 0024 00       		.byte	0
 1465 0025 04       		.uleb128 0x4
 1466 0026 16       		.uleb128 0x16
 1467 0027 00       		.byte	0
 1468 0028 03       		.uleb128 0x3
 1469 0029 0E       		.uleb128 0xe
 1470 002a 3A       		.uleb128 0x3a
 1471 002b 0B       		.uleb128 0xb
 1472 002c 3B       		.uleb128 0x3b
 1473 002d 0B       		.uleb128 0xb
 1474 002e 49       		.uleb128 0x49
 1475 002f 13       		.uleb128 0x13
 1476 0030 00       		.byte	0
 1477 0031 00       		.byte	0
 1478 0032 05       		.uleb128 0x5
 1479 0033 0F       		.uleb128 0xf
 1480 0034 00       		.byte	0
 1481 0035 0B       		.uleb128 0xb
 1482 0036 0B       		.uleb128 0xb
 1483 0037 00       		.byte	0
 1484 0038 00       		.byte	0
 1485 0039 06       		.uleb128 0x6
 1486 003a 0F       		.uleb128 0xf
 1487 003b 00       		.byte	0
 1488 003c 0B       		.uleb128 0xb
 1489 003d 0B       		.uleb128 0xb
 1490 003e 49       		.uleb128 0x49
 1491 003f 13       		.uleb128 0x13
 1492 0040 00       		.byte	0
 1493 0041 00       		.byte	0
 1494 0042 07       		.uleb128 0x7
 1495 0043 15       		.uleb128 0x15
 1496 0044 00       		.byte	0
 1497 0045 27       		.uleb128 0x27
 1498 0046 19       		.uleb128 0x19
 1499 0047 00       		.byte	0
 1500 0048 00       		.byte	0
ARM GAS  C:\Users\91819\AppData\Local\Temp\cceB9XAD.s 			page 28


 1501 0049 08       		.uleb128 0x8
 1502 004a 13       		.uleb128 0x13
 1503 004b 01       		.byte	0x1
 1504 004c 03       		.uleb128 0x3
 1505 004d 0E       		.uleb128 0xe
 1506 004e 0B       		.uleb128 0xb
 1507 004f 0B       		.uleb128 0xb
 1508 0050 3A       		.uleb128 0x3a
 1509 0051 0B       		.uleb128 0xb
 1510 0052 3B       		.uleb128 0x3b
 1511 0053 0B       		.uleb128 0xb
 1512 0054 01       		.uleb128 0x1
 1513 0055 13       		.uleb128 0x13
 1514 0056 00       		.byte	0
 1515 0057 00       		.byte	0
 1516 0058 09       		.uleb128 0x9
 1517 0059 0D       		.uleb128 0xd
 1518 005a 00       		.byte	0
 1519 005b 03       		.uleb128 0x3
 1520 005c 0E       		.uleb128 0xe
 1521 005d 3A       		.uleb128 0x3a
 1522 005e 0B       		.uleb128 0xb
 1523 005f 3B       		.uleb128 0x3b
 1524 0060 0B       		.uleb128 0xb
 1525 0061 49       		.uleb128 0x49
 1526 0062 13       		.uleb128 0x13
 1527 0063 38       		.uleb128 0x38
 1528 0064 0B       		.uleb128 0xb
 1529 0065 00       		.byte	0
 1530 0066 00       		.byte	0
 1531 0067 0A       		.uleb128 0xa
 1532 0068 16       		.uleb128 0x16
 1533 0069 00       		.byte	0
 1534 006a 03       		.uleb128 0x3
 1535 006b 0E       		.uleb128 0xe
 1536 006c 3A       		.uleb128 0x3a
 1537 006d 0B       		.uleb128 0xb
 1538 006e 3B       		.uleb128 0x3b
 1539 006f 05       		.uleb128 0x5
 1540 0070 49       		.uleb128 0x49
 1541 0071 13       		.uleb128 0x13
 1542 0072 00       		.byte	0
 1543 0073 00       		.byte	0
 1544 0074 0B       		.uleb128 0xb
 1545 0075 13       		.uleb128 0x13
 1546 0076 01       		.byte	0x1
 1547 0077 0B       		.uleb128 0xb
 1548 0078 0B       		.uleb128 0xb
 1549 0079 3A       		.uleb128 0x3a
 1550 007a 0B       		.uleb128 0xb
 1551 007b 3B       		.uleb128 0x3b
 1552 007c 05       		.uleb128 0x5
 1553 007d 01       		.uleb128 0x1
 1554 007e 13       		.uleb128 0x13
 1555 007f 00       		.byte	0
 1556 0080 00       		.byte	0
 1557 0081 0C       		.uleb128 0xc
ARM GAS  C:\Users\91819\AppData\Local\Temp\cceB9XAD.s 			page 29


 1558 0082 0D       		.uleb128 0xd
 1559 0083 00       		.byte	0
 1560 0084 03       		.uleb128 0x3
 1561 0085 0E       		.uleb128 0xe
 1562 0086 3A       		.uleb128 0x3a
 1563 0087 0B       		.uleb128 0xb
 1564 0088 3B       		.uleb128 0x3b
 1565 0089 05       		.uleb128 0x5
 1566 008a 49       		.uleb128 0x49
 1567 008b 13       		.uleb128 0x13
 1568 008c 38       		.uleb128 0x38
 1569 008d 0B       		.uleb128 0xb
 1570 008e 00       		.byte	0
 1571 008f 00       		.byte	0
 1572 0090 0D       		.uleb128 0xd
 1573 0091 04       		.uleb128 0x4
 1574 0092 01       		.byte	0x1
 1575 0093 0B       		.uleb128 0xb
 1576 0094 0B       		.uleb128 0xb
 1577 0095 49       		.uleb128 0x49
 1578 0096 13       		.uleb128 0x13
 1579 0097 3A       		.uleb128 0x3a
 1580 0098 0B       		.uleb128 0xb
 1581 0099 3B       		.uleb128 0x3b
 1582 009a 05       		.uleb128 0x5
 1583 009b 01       		.uleb128 0x1
 1584 009c 13       		.uleb128 0x13
 1585 009d 00       		.byte	0
 1586 009e 00       		.byte	0
 1587 009f 0E       		.uleb128 0xe
 1588 00a0 28       		.uleb128 0x28
 1589 00a1 00       		.byte	0
 1590 00a2 03       		.uleb128 0x3
 1591 00a3 0E       		.uleb128 0xe
 1592 00a4 1C       		.uleb128 0x1c
 1593 00a5 0B       		.uleb128 0xb
 1594 00a6 00       		.byte	0
 1595 00a7 00       		.byte	0
 1596 00a8 0F       		.uleb128 0xf
 1597 00a9 0D       		.uleb128 0xd
 1598 00aa 00       		.byte	0
 1599 00ab 03       		.uleb128 0x3
 1600 00ac 08       		.uleb128 0x8
 1601 00ad 3A       		.uleb128 0x3a
 1602 00ae 0B       		.uleb128 0xb
 1603 00af 3B       		.uleb128 0x3b
 1604 00b0 05       		.uleb128 0x5
 1605 00b1 49       		.uleb128 0x49
 1606 00b2 13       		.uleb128 0x13
 1607 00b3 38       		.uleb128 0x38
 1608 00b4 0B       		.uleb128 0xb
 1609 00b5 00       		.byte	0
 1610 00b6 00       		.byte	0
 1611 00b7 10       		.uleb128 0x10
 1612 00b8 13       		.uleb128 0x13
 1613 00b9 01       		.byte	0x1
 1614 00ba 03       		.uleb128 0x3
ARM GAS  C:\Users\91819\AppData\Local\Temp\cceB9XAD.s 			page 30


 1615 00bb 0E       		.uleb128 0xe
 1616 00bc 0B       		.uleb128 0xb
 1617 00bd 0B       		.uleb128 0xb
 1618 00be 3A       		.uleb128 0x3a
 1619 00bf 0B       		.uleb128 0xb
 1620 00c0 3B       		.uleb128 0x3b
 1621 00c1 05       		.uleb128 0x5
 1622 00c2 01       		.uleb128 0x1
 1623 00c3 13       		.uleb128 0x13
 1624 00c4 00       		.byte	0
 1625 00c5 00       		.byte	0
 1626 00c6 11       		.uleb128 0x11
 1627 00c7 01       		.uleb128 0x1
 1628 00c8 01       		.byte	0x1
 1629 00c9 49       		.uleb128 0x49
 1630 00ca 13       		.uleb128 0x13
 1631 00cb 01       		.uleb128 0x1
 1632 00cc 13       		.uleb128 0x13
 1633 00cd 00       		.byte	0
 1634 00ce 00       		.byte	0
 1635 00cf 12       		.uleb128 0x12
 1636 00d0 21       		.uleb128 0x21
 1637 00d1 00       		.byte	0
 1638 00d2 00       		.byte	0
 1639 00d3 00       		.byte	0
 1640 00d4 13       		.uleb128 0x13
 1641 00d5 26       		.uleb128 0x26
 1642 00d6 00       		.byte	0
 1643 00d7 49       		.uleb128 0x49
 1644 00d8 13       		.uleb128 0x13
 1645 00d9 00       		.byte	0
 1646 00da 00       		.byte	0
 1647 00db 14       		.uleb128 0x14
 1648 00dc 21       		.uleb128 0x21
 1649 00dd 00       		.byte	0
 1650 00de 49       		.uleb128 0x49
 1651 00df 13       		.uleb128 0x13
 1652 00e0 2F       		.uleb128 0x2f
 1653 00e1 0B       		.uleb128 0xb
 1654 00e2 00       		.byte	0
 1655 00e3 00       		.byte	0
 1656 00e4 15       		.uleb128 0x15
 1657 00e5 34       		.uleb128 0x34
 1658 00e6 00       		.byte	0
 1659 00e7 03       		.uleb128 0x3
 1660 00e8 0E       		.uleb128 0xe
 1661 00e9 3A       		.uleb128 0x3a
 1662 00ea 0B       		.uleb128 0xb
 1663 00eb 3B       		.uleb128 0x3b
 1664 00ec 05       		.uleb128 0x5
 1665 00ed 49       		.uleb128 0x49
 1666 00ee 13       		.uleb128 0x13
 1667 00ef 02       		.uleb128 0x2
 1668 00f0 18       		.uleb128 0x18
 1669 00f1 00       		.byte	0
 1670 00f2 00       		.byte	0
 1671 00f3 16       		.uleb128 0x16
ARM GAS  C:\Users\91819\AppData\Local\Temp\cceB9XAD.s 			page 31


 1672 00f4 34       		.uleb128 0x34
 1673 00f5 00       		.byte	0
 1674 00f6 03       		.uleb128 0x3
 1675 00f7 0E       		.uleb128 0xe
 1676 00f8 3A       		.uleb128 0x3a
 1677 00f9 0B       		.uleb128 0xb
 1678 00fa 3B       		.uleb128 0x3b
 1679 00fb 0B       		.uleb128 0xb
 1680 00fc 49       		.uleb128 0x49
 1681 00fd 13       		.uleb128 0x13
 1682 00fe 3F       		.uleb128 0x3f
 1683 00ff 19       		.uleb128 0x19
 1684 0100 02       		.uleb128 0x2
 1685 0101 18       		.uleb128 0x18
 1686 0102 00       		.byte	0
 1687 0103 00       		.byte	0
 1688 0104 17       		.uleb128 0x17
 1689 0105 34       		.uleb128 0x34
 1690 0106 00       		.byte	0
 1691 0107 03       		.uleb128 0x3
 1692 0108 0E       		.uleb128 0xe
 1693 0109 3A       		.uleb128 0x3a
 1694 010a 0B       		.uleb128 0xb
 1695 010b 3B       		.uleb128 0x3b
 1696 010c 05       		.uleb128 0x5
 1697 010d 49       		.uleb128 0x49
 1698 010e 13       		.uleb128 0x13
 1699 010f 3F       		.uleb128 0x3f
 1700 0110 19       		.uleb128 0x19
 1701 0111 02       		.uleb128 0x2
 1702 0112 18       		.uleb128 0x18
 1703 0113 00       		.byte	0
 1704 0114 00       		.byte	0
 1705 0115 18       		.uleb128 0x18
 1706 0116 34       		.uleb128 0x34
 1707 0117 00       		.byte	0
 1708 0118 03       		.uleb128 0x3
 1709 0119 0E       		.uleb128 0xe
 1710 011a 3A       		.uleb128 0x3a
 1711 011b 0B       		.uleb128 0xb
 1712 011c 3B       		.uleb128 0x3b
 1713 011d 0B       		.uleb128 0xb
 1714 011e 49       		.uleb128 0x49
 1715 011f 13       		.uleb128 0x13
 1716 0120 3F       		.uleb128 0x3f
 1717 0121 19       		.uleb128 0x19
 1718 0122 3C       		.uleb128 0x3c
 1719 0123 19       		.uleb128 0x19
 1720 0124 00       		.byte	0
 1721 0125 00       		.byte	0
 1722 0126 19       		.uleb128 0x19
 1723 0127 21       		.uleb128 0x21
 1724 0128 00       		.byte	0
 1725 0129 49       		.uleb128 0x49
 1726 012a 13       		.uleb128 0x13
 1727 012b 2F       		.uleb128 0x2f
 1728 012c 05       		.uleb128 0x5
ARM GAS  C:\Users\91819\AppData\Local\Temp\cceB9XAD.s 			page 32


 1729 012d 00       		.byte	0
 1730 012e 00       		.byte	0
 1731 012f 00       		.byte	0
 1732              		.section	.debug_aranges,"",%progbits
 1733 0000 14000000 		.4byte	0x14
 1734 0004 0200     		.2byte	0x2
 1735 0006 00000000 		.4byte	.Ldebug_info0
 1736 000a 04       		.byte	0x4
 1737 000b 00       		.byte	0
 1738 000c 0000     		.2byte	0
 1739 000e 0000     		.2byte	0
 1740 0010 00000000 		.4byte	0
 1741 0014 00000000 		.4byte	0
 1742              		.section	.debug_line,"",%progbits
 1743              	.Ldebug_line0:
 1744 0000 38010000 		.section	.debug_str,"MS",%progbits,1
 1744      02003201 
 1744      00000201 
 1744      FB0E0D00 
 1744      01010101 
 1745              	.LASF46:
 1746 0000 6E657874 		.ascii	"next\000"
 1746      00
 1747              	.LASF83:
 1748 0005 45455F74 		.ascii	"EE_th_terminate_nextask\000"
 1748      685F7465 
 1748      726D696E 
 1748      6174655F 
 1748      6E657874 
 1749              	.LASF24:
 1750 001d 5469636B 		.ascii	"TickType\000"
 1750      54797065 
 1750      00
 1751              	.LASF84:
 1752 0026 45455F73 		.ascii	"EE_stkfirst\000"
 1752      746B6669 
 1752      72737400 
 1753              	.LASF26:
 1754 0032 41637469 		.ascii	"ActionType\000"
 1754      6F6E5479 
 1754      706500
 1755              	.LASF19:
 1756 003d 45455F54 		.ascii	"EE_TYPEBOOL\000"
 1756      59504542 
 1756      4F4F4C00 
 1757              	.LASF109:
 1758 0049 45455F63 		.ascii	"EE_cortex_mx_IRQ_tos\000"
 1758      6F727465 
 1758      785F6D78 
 1758      5F495251 
 1758      5F746F73 
 1759              	.LASF7:
 1760 005e 6C6F6E67 		.ascii	"long long unsigned int\000"
 1760      206C6F6E 
 1760      6720756E 
 1760      7369676E 
 1760      65642069 
ARM GAS  C:\Users\91819\AppData\Local\Temp\cceB9XAD.s 			page 33


 1761              	.LASF45:
 1762 0075 64656C74 		.ascii	"delta\000"
 1762      6100
 1763              	.LASF42:
 1764 007b 45455F6F 		.ascii	"EE_oo_counter_object_ROM_type\000"
 1764      6F5F636F 
 1764      756E7465 
 1764      725F6F62 
 1764      6A656374 
 1765              	.LASF89:
 1766 0099 45455F72 		.ascii	"EE_rq_pairs_next\000"
 1766      715F7061 
 1766      6972735F 
 1766      6E657874 
 1766      00
 1767              	.LASF22:
 1768 00aa 5461736B 		.ascii	"TaskType\000"
 1768      54797065 
 1768      00
 1769              	.LASF61:
 1770 00b3 45455F54 		.ascii	"EE_TOS\000"
 1770      4F5300
 1771              	.LASF29:
 1772 00ba 6D617861 		.ascii	"maxallowedvalue\000"
 1772      6C6C6F77 
 1772      65647661 
 1772      6C756500 
 1773              	.LASF116:
 1774 00ca 45455F6F 		.ascii	"EE_oo_autostart_task_mode_OSDEFAULTAPPMODE\000"
 1774      6F5F6175 
 1774      746F7374 
 1774      6172745F 
 1774      7461736B 
 1775              	.LASF79:
 1776 00f5 45455F41 		.ascii	"EE_ALARM_ID\000"
 1776      4C41524D 
 1776      5F494400 
 1777              	.LASF6:
 1778 0101 6C6F6E67 		.ascii	"long long int\000"
 1778      206C6F6E 
 1778      6720696E 
 1778      7400
 1779              	.LASF0:
 1780 010f 7369676E 		.ascii	"signed char\000"
 1780      65642063 
 1780      68617200 
 1781              	.LASF52:
 1782 011b 45455F6F 		.ascii	"EE_oo_action_kind_type\000"
 1782      6F5F6163 
 1782      74696F6E 
 1782      5F6B696E 
 1782      645F7479 
 1783              	.LASF23:
 1784 0132 4576656E 		.ascii	"EventMaskType\000"
 1784      744D6173 
 1784      6B547970 
 1784      6500
ARM GAS  C:\Users\91819\AppData\Local\Temp\cceB9XAD.s 			page 34


 1785              	.LASF76:
 1786 0140 45455F45 		.ascii	"EE_EVENT_NAME\000"
 1786      56454E54 
 1786      5F4E414D 
 1786      4500
 1787              	.LASF100:
 1788 014e 45455F61 		.ascii	"EE_alarm_ROM\000"
 1788      6C61726D 
 1788      5F524F4D 
 1788      00
 1789              	.LASF70:
 1790 015b 45455F63 		.ascii	"EE_cortex_mx_active_tos\000"
 1790      6F727465 
 1790      785F6D78 
 1790      5F616374 
 1790      6976655F 
 1791              	.LASF35:
 1792 0173 45455F6F 		.ascii	"EE_oo_counter_RAM_type\000"
 1792      6F5F636F 
 1792      756E7465 
 1792      725F5241 
 1792      4D5F7479 
 1793              	.LASF78:
 1794 018a 45455F45 		.ascii	"EE_EVENT_ID\000"
 1794      56454E54 
 1794      5F494400 
 1795              	.LASF4:
 1796 0196 6C6F6E67 		.ascii	"long int\000"
 1796      20696E74 
 1796      00
 1797              	.LASF87:
 1798 019f 45455F72 		.ascii	"EE_rq_queues_head\000"
 1798      715F7175 
 1798      65756573 
 1798      5F686561 
 1798      6400
 1799              	.LASF105:
 1800 01b1 45455F6F 		.ascii	"EE_oo_IRQ_suspend_status\000"
 1800      6F5F4952 
 1800      515F7375 
 1800      7370656E 
 1800      645F7374 
 1801              	.LASF107:
 1802 01ca 45455F73 		.ascii	"EE_std_endcycle_next_tid\000"
 1802      74645F65 
 1802      6E646379 
 1802      636C655F 
 1802      6E657874 
 1803              	.LASF31:
 1804 01e3 6D696E63 		.ascii	"mincycle\000"
 1804      79636C65 
 1804      00
 1805              	.LASF20:
 1806 01ec 45455F54 		.ascii	"EE_TID\000"
 1806      494400
 1807              	.LASF33:
 1808 01f3 76616C75 		.ascii	"value\000"
ARM GAS  C:\Users\91819\AppData\Local\Temp\cceB9XAD.s 			page 35


 1808      6500
 1809              	.LASF8:
 1810 01f9 756E7369 		.ascii	"unsigned int\000"
 1810      676E6564 
 1810      20696E74 
 1810      00
 1811              	.LASF16:
 1812 0206 45455F55 		.ascii	"EE_UREG\000"
 1812      52454700 
 1813              	.LASF60:
 1814 020e 45455F6F 		.ascii	"EE_oo_alarm_ROM_type\000"
 1814      6F5F616C 
 1814      61726D5F 
 1814      524F4D5F 
 1814      74797065 
 1815              	.LASF77:
 1816 0223 45455F41 		.ascii	"EE_ALARM_NAME\000"
 1816      4C41524D 
 1816      5F4E414D 
 1816      4500
 1817              	.LASF5:
 1818 0231 6C6F6E67 		.ascii	"long unsigned int\000"
 1818      20756E73 
 1818      69676E65 
 1818      6420696E 
 1818      7400
 1819              	.LASF95:
 1820 0243 45455F74 		.ascii	"EE_th_waswaiting\000"
 1820      685F7761 
 1820      73776169 
 1820      74696E67 
 1820      00
 1821              	.LASF62:
 1822 0254 45455F6F 		.ascii	"EE_oo_autostart_task_type\000"
 1822      6F5F6175 
 1822      746F7374 
 1822      6172745F 
 1822      7461736B 
 1823              	.LASF41:
 1824 026e 6B696E64 		.ascii	"kind\000"
 1824      00
 1825              	.LASF3:
 1826 0273 73686F72 		.ascii	"short unsigned int\000"
 1826      7420756E 
 1826      7369676E 
 1826      65642069 
 1826      6E7400
 1827              	.LASF104:
 1828 0286 45455F6F 		.ascii	"EE_oo_IRQ_disable_count\000"
 1828      6F5F4952 
 1828      515F6469 
 1828      7361626C 
 1828      655F636F 
 1829              	.LASF38:
 1830 029e 45455F6F 		.ascii	"EE_oo_counter_object_kind_type\000"
 1830      6F5F636F 
 1830      756E7465 
ARM GAS  C:\Users\91819\AppData\Local\Temp\cceB9XAD.s 			page 36


 1830      725F6F62 
 1830      6A656374 
 1831              	.LASF80:
 1832 02bd 45455F74 		.ascii	"EE_th_status\000"
 1832      685F7374 
 1832      61747573 
 1832      00
 1833              	.LASF39:
 1834 02ca 436F756E 		.ascii	"CounterObjectKindType\000"
 1834      7465724F 
 1834      626A6563 
 1834      744B696E 
 1834      64547970 
 1835              	.LASF73:
 1836 02e0 45455F74 		.ascii	"EE_th_dispatch_prio\000"
 1836      685F6469 
 1836      73706174 
 1836      63685F70 
 1836      72696F00 
 1837              	.LASF111:
 1838 02f4 45455F63 		.ascii	"EE_cortex_mx_stack_4\000"
 1838      6F727465 
 1838      785F6D78 
 1838      5F737461 
 1838      636B5F34 
 1839              	.LASF112:
 1840 0309 45455F63 		.ascii	"EE_cortex_mx_stack_9\000"
 1840      6F727465 
 1840      785F6D78 
 1840      5F737461 
 1840      636B5F39 
 1841              	.LASF14:
 1842 031e 45455F56 		.ascii	"EE_VOID_CALLBACK\000"
 1842      4F49445F 
 1842      43414C4C 
 1842      4241434B 
 1842      00
 1843              	.LASF27:
 1844 032f 436F756E 		.ascii	"CounterType\000"
 1844      74657254 
 1844      79706500 
 1845              	.LASF98:
 1846 033b 45455F6F 		.ascii	"EE_oo_counter_object_ROM\000"
 1846      6F5F636F 
 1846      756E7465 
 1846      725F6F62 
 1846      6A656374 
 1847              	.LASF59:
 1848 0354 61637469 		.ascii	"action_id\000"
 1848      6F6E5F69 
 1848      6400
 1849              	.LASF106:
 1850 035e 45455F41 		.ascii	"EE_ApplicationMode\000"
 1850      70706C69 
 1850      63617469 
 1850      6F6E4D6F 
 1850      646500
ARM GAS  C:\Users\91819\AppData\Local\Temp\cceB9XAD.s 			page 37


 1851              	.LASF99:
 1852 0371 45455F6F 		.ascii	"EE_oo_action_ROM\000"
 1852      6F5F6163 
 1852      74696F6E 
 1852      5F524F4D 
 1852      00
 1853              	.LASF21:
 1854 0382 45455F54 		.ascii	"EE_TYPE_RQ_MASK\000"
 1854      5950455F 
 1854      52515F4D 
 1854      41534B00 
 1855              	.LASF64:
 1856 0392 73697A65 		.ascii	"sizetype\000"
 1856      74797065 
 1856      00
 1857              	.LASF9:
 1858 039b 6C6F6E67 		.ascii	"long double\000"
 1858      20646F75 
 1858      626C6500 
 1859              	.LASF92:
 1860 03a7 45455F72 		.ascii	"EE_rq_free\000"
 1860      715F6672 
 1860      656500
 1861              	.LASF86:
 1862 03b2 45455F72 		.ascii	"EE_rq_link\000"
 1862      715F6C69 
 1862      6E6B00
 1863              	.LASF17:
 1864 03bd 45455F53 		.ascii	"EE_SREG\000"
 1864      52454700 
 1865              	.LASF115:
 1866 03c5 433A5C55 		.ascii	"C:\\Users\\91819\\Documents\\HDA_Sem2\\EAA\\Assignm"
 1866      73657273 
 1866      5C393138 
 1866      31395C44 
 1866      6F63756D 
 1867 03f2 656E7473 		.ascii	"ents\\Assignment1_RTE\\autosar_01.cydsn (2)\\autosa"
 1867      5C417373 
 1867      69676E6D 
 1867      656E7431 
 1867      5F525445 
 1868 0422 725F3031 		.ascii	"r_01.cydsn\000"
 1868      2E637964 
 1868      736E00
 1869              	.LASF30:
 1870 042d 7469636B 		.ascii	"ticksperbase\000"
 1870      73706572 
 1870      62617365 
 1870      00
 1871              	.LASF43:
 1872 043a 75736564 		.ascii	"used\000"
 1872      00
 1873              	.LASF47:
 1874 043f 45455F6F 		.ascii	"EE_oo_counter_object_RAM_type\000"
 1874      6F5F636F 
 1874      756E7465 
 1874      725F6F62 
ARM GAS  C:\Users\91819\AppData\Local\Temp\cceB9XAD.s 			page 38


 1874      6A656374 
 1875              	.LASF97:
 1876 045d 45455F63 		.ascii	"EE_counter_ROM\000"
 1876      6F756E74 
 1876      65725F52 
 1876      4F4D00
 1877              	.LASF58:
 1878 046c 45455F6F 		.ascii	"EE_oo_action_ROM_type\000"
 1878      6F5F6163 
 1878      74696F6E 
 1878      5F524F4D 
 1878      5F747970 
 1879              	.LASF10:
 1880 0482 45455F55 		.ascii	"EE_UINT16\000"
 1880      494E5431 
 1880      3600
 1881              	.LASF37:
 1882 048c 45455F53 		.ascii	"EE_SCHEDULETABLE\000"
 1882      43484544 
 1882      554C4554 
 1882      41424C45 
 1882      00
 1883              	.LASF69:
 1884 049d 45455F63 		.ascii	"EE_cortex_mx_system_tos\000"
 1884      6F727465 
 1884      785F6D78 
 1884      5F737973 
 1884      74656D5F 
 1885              	.LASF1:
 1886 04b5 756E7369 		.ascii	"unsigned char\000"
 1886      676E6564 
 1886      20636861 
 1886      7200
 1887              	.LASF36:
 1888 04c3 45455F41 		.ascii	"EE_ALARM\000"
 1888      4C41524D 
 1888      00
 1889              	.LASF81:
 1890 04cc 45455F74 		.ascii	"EE_th_next\000"
 1890      685F6E65 
 1890      787400
 1891              	.LASF68:
 1892 04d7 45455F74 		.ascii	"EE_terminate_real_th_body\000"
 1892      65726D69 
 1892      6E617465 
 1892      5F726561 
 1892      6C5F7468 
 1893              	.LASF57:
 1894 04f1 696E6363 		.ascii	"inccount\000"
 1894      6F756E74 
 1894      00
 1895              	.LASF2:
 1896 04fa 73686F72 		.ascii	"short int\000"
 1896      7420696E 
 1896      7400
 1897              	.LASF94:
 1898 0504 45455F74 		.ascii	"EE_th_event_waitmask\000"
ARM GAS  C:\Users\91819\AppData\Local\Temp\cceB9XAD.s 			page 39


 1898      685F6576 
 1898      656E745F 
 1898      77616974 
 1898      6D61736B 
 1899              	.LASF110:
 1900 0519 45455F63 		.ascii	"EE_cortex_mx_stack_3\000"
 1900      6F727465 
 1900      785F6D78 
 1900      5F737461 
 1900      636B5F33 
 1901              	.LASF75:
 1902 052e 45455F54 		.ascii	"EE_TASK_NAME\000"
 1902      41534B5F 
 1902      4E414D45 
 1902      00
 1903              	.LASF32:
 1904 053b 45455F6F 		.ascii	"EE_oo_counter_ROM_type\000"
 1904      6F5F636F 
 1904      756E7465 
 1904      725F524F 
 1904      4D5F7479 
 1905              	.LASF113:
 1906 0552 474E5520 		.ascii	"GNU C11 5.4.1 20160609 (release) [ARM/embedded-5-br"
 1906      43313120 
 1906      352E342E 
 1906      31203230 
 1906      31363036 
 1907 0585 616E6368 		.ascii	"anch revision 237715] -mcpu=cortex-m3 -mthumb -g -O"
 1907      20726576 
 1907      6973696F 
 1907      6E203233 
 1907      37373135 
 1908 05b8 67202D66 		.ascii	"g -ffunction-sections -ffat-lto-objects\000"
 1908      66756E63 
 1908      74696F6E 
 1908      2D736563 
 1908      74696F6E 
 1909              	.LASF56:
 1910 05e0 61637469 		.ascii	"action_mask\000"
 1910      6F6E5F6D 
 1910      61736B00 
 1911              	.LASF15:
 1912 05ec 45455F54 		.ascii	"EE_THREAD_PTR\000"
 1912      48524541 
 1912      445F5054 
 1912      5200
 1913              	.LASF88:
 1914 05fa 45455F72 		.ascii	"EE_rq_queues_tail\000"
 1914      715F7175 
 1914      65756573 
 1914      5F746169 
 1914      6C00
 1915              	.LASF66:
 1916 060c 45455F73 		.ascii	"EE_std_thread_tos\000"
 1916      74645F74 
 1916      68726561 
 1916      645F746F 
ARM GAS  C:\Users\91819\AppData\Local\Temp\cceB9XAD.s 			page 40


 1916      7300
 1917              	.LASF51:
 1918 061e 45455F41 		.ascii	"EE_ACTION_CALLBACK\000"
 1918      4354494F 
 1918      4E5F4341 
 1918      4C4C4241 
 1918      434B00
 1919              	.LASF91:
 1920 0631 45455F72 		.ascii	"EE_rq_bitmask\000"
 1920      715F6269 
 1920      746D6173 
 1920      6B00
 1921              	.LASF34:
 1922 063f 66697273 		.ascii	"first\000"
 1922      7400
 1923              	.LASF25:
 1924 0645 436F756E 		.ascii	"CounterObjectType\000"
 1924      7465724F 
 1924      626A6563 
 1924      74547970 
 1924      6500
 1925              	.LASF74:
 1926 0657 63686172 		.ascii	"char\000"
 1926      00
 1927              	.LASF48:
 1928 065c 45455F41 		.ascii	"EE_ACTION_TASK\000"
 1928      4354494F 
 1928      4E5F5441 
 1928      534B00
 1929              	.LASF71:
 1930 066b 45455F74 		.ascii	"EE_th_rnact_max\000"
 1930      685F726E 
 1930      6163745F 
 1930      6D617800 
 1931              	.LASF50:
 1932 067b 45455F41 		.ascii	"EE_ACTION_COUNTER\000"
 1932      4354494F 
 1932      4E5F434F 
 1932      554E5445 
 1932      5200
 1933              	.LASF101:
 1934 068d 45455F63 		.ascii	"EE_counter_RAM\000"
 1934      6F756E74 
 1934      65725F52 
 1934      414D00
 1935              	.LASF40:
 1936 069c 73706563 		.ascii	"spec_id\000"
 1936      5F696400 
 1937              	.LASF49:
 1938 06a4 45455F41 		.ascii	"EE_ACTION_EVENT\000"
 1938      4354494F 
 1938      4E5F4556 
 1938      454E5400 
 1939              	.LASF65:
 1940 06b4 45455F68 		.ascii	"EE_hal_thread_body\000"
 1940      616C5F74 
 1940      68726561 
ARM GAS  C:\Users\91819\AppData\Local\Temp\cceB9XAD.s 			page 41


 1940      645F626F 
 1940      647900
 1941              	.LASF85:
 1942 06c7 45455F73 		.ascii	"EE_sys_ceiling\000"
 1942      79735F63 
 1942      65696C69 
 1942      6E6700
 1943              	.LASF54:
 1944 06d6 61637469 		.ascii	"action_kind\000"
 1944      6F6E5F6B 
 1944      696E6400 
 1945              	.LASF63:
 1946 06e2 7461736B 		.ascii	"task\000"
 1946      00
 1947              	.LASF102:
 1948 06e7 45455F6F 		.ascii	"EE_oo_counter_object_RAM\000"
 1948      6F5F636F 
 1948      756E7465 
 1948      725F6F62 
 1948      6A656374 
 1949              	.LASF53:
 1950 0700 41637469 		.ascii	"ActionKindType\000"
 1950      6F6E4B69 
 1950      6E645479 
 1950      706500
 1951              	.LASF72:
 1952 070f 45455F74 		.ascii	"EE_th_ready_prio\000"
 1952      685F7265 
 1952      6164795F 
 1952      7072696F 
 1952      00
 1953              	.LASF82:
 1954 0720 45455F74 		.ascii	"EE_th_rnact\000"
 1954      685F726E 
 1954      61637400 
 1955              	.LASF90:
 1956 072c 45455F72 		.ascii	"EE_rq_pairs_tid\000"
 1956      715F7061 
 1956      6972735F 
 1956      74696400 
 1957              	.LASF108:
 1958 073c 45455F49 		.ascii	"EE_IRQ_nesting_level\000"
 1958      52515F6E 
 1958      65737469 
 1958      6E675F6C 
 1958      6576656C 
 1959              	.LASF12:
 1960 0751 45455F55 		.ascii	"EE_UINT32\000"
 1960      494E5433 
 1960      3200
 1961              	.LASF11:
 1962 075b 45455F49 		.ascii	"EE_INT32\000"
 1962      4E543332 
 1962      00
 1963              	.LASF67:
 1964 0764 45455F74 		.ascii	"EE_terminate_data\000"
 1964      65726D69 
ARM GAS  C:\Users\91819\AppData\Local\Temp\cceB9XAD.s 			page 42


 1964      6E617465 
 1964      5F646174 
 1964      6100
 1965              	.LASF114:
 1966 0776 47656E65 		.ascii	"Generated_Source\\PSoC5\\ErikaOS_1_eecfg.c\000"
 1966      72617465 
 1966      645F536F 
 1966      75726365 
 1966      5C50536F 
 1967              	.LASF93:
 1968 079f 45455F74 		.ascii	"EE_th_event_active\000"
 1968      685F6576 
 1968      656E745F 
 1968      61637469 
 1968      766500
 1969              	.LASF44:
 1970 07b2 636E7463 		.ascii	"cntcycle\000"
 1970      79636C65 
 1970      00
 1971              	.LASF28:
 1972 07bb 5359535F 		.ascii	"SYS_tos\000"
 1972      746F7300 
 1973              	.LASF55:
 1974 07c3 61637469 		.ascii	"action_task\000"
 1974      6F6E5F74 
 1974      61736B00 
 1975              	.LASF13:
 1976 07cf 45455F41 		.ascii	"EE_ADDR\000"
 1976      44445200 
 1977              	.LASF96:
 1978 07d7 45455F74 		.ascii	"EE_th_is_extended\000"
 1978      685F6973 
 1978      5F657874 
 1978      656E6465 
 1978      6400
 1979              	.LASF18:
 1980 07e9 45455F46 		.ascii	"EE_FREG\000"
 1980      52454700 
 1981              	.LASF103:
 1982 07f1 45455F6F 		.ascii	"EE_oo_autostart_task_data\000"
 1982      6F5F6175 
 1982      746F7374 
 1982      6172745F 
 1982      7461736B 
 1983              		.ident	"GCC: (GNU Tools for ARM Embedded Processors) 5.4.1 20160609 (release) [ARM/embedded-5-bran
