ARM GAS  C:\Users\91819\AppData\Local\Temp\cc0saxFl.s 			page 1


   1              		.syntax unified
   2              		.cpu cortex-m3
   3              		.fpu softvfp
   4              		.eabi_attribute 20, 1
   5              		.eabi_attribute 21, 1
   6              		.eabi_attribute 23, 3
   7              		.eabi_attribute 24, 1
   8              		.eabi_attribute 25, 1
   9              		.eabi_attribute 26, 1
  10              		.eabi_attribute 30, 1
  11              		.eabi_attribute 34, 1
  12              		.eabi_attribute 18, 4
  13              		.thumb
  14              		.syntax unified
  15              		.file	"rte.c"
  16              		.text
  17              	.Ltext0:
  18              		.cfi_sections	.debug_frame
  19              		.section	.text.RTE_ProcessCyclicTable,"ax",%progbits
  20              		.align	2
  21              		.global	RTE_ProcessCyclicTable
  22              		.thumb
  23              		.thumb_func
  24              		.type	RTE_ProcessCyclicTable, %function
  25              	RTE_ProcessCyclicTable:
  26              	.LFB110:
  27              		.file 1 "source\\rte\\rte.c"
   1:source\rte/rte.c **** /**
   2:source\rte/rte.c **** * \file rte.c
   3:source\rte/rte.c **** * \author P. Fromm
   4:source\rte/rte.c **** * \date 8.12.18
   5:source\rte/rte.c **** *
   6:source\rte/rte.c **** * \brief Runnable dispatcher
   7:source\rte/rte.c **** *
   8:source\rte/rte.c **** * \copyright Copyright ©2016
   9:source\rte/rte.c **** * Department of electrical engineering and information technology, Hochschule Darmstadt - Universit
  10:source\rte/rte.c **** * Permission to use, copy, modify, and distribute this software and its documentation for education
  11:source\rte/rte.c **** * (unless permitted by h_da) and official h_da projects, is hereby granted for enrolled students of
  12:source\rte/rte.c **** * this paragraph and the following paragraph appear in all copies, modifications, and distributions
  13:source\rte/rte.c **** * Contact Prof.Dr.-Ing. Peter Fromm, peter.fromm@h-da.de, Birkenweg 8 64295 Darmstadt - GERMANY for
  14:source\rte/rte.c **** *
  15:source\rte/rte.c **** * \warning This software is a PROTOTYPE version and is not designed or intended for use in producti
  16:source\rte/rte.c **** * The user represents and warrants that it will NOT use or redistribute the Software for such purpo
  17:source\rte/rte.c **** * This prototype is for research purposes only. This software is provided "AS IS," without a warran
  18:source\rte/rte.c **** */
  19:source\rte/rte.c **** 
  20:source\rte/rte.c **** /*****************************************************************************/
  21:source\rte/rte.c **** /* Include files                                                             */
  22:source\rte/rte.c **** /*****************************************************************************/
  23:source\rte/rte.c **** #include "rte.h"
  24:source\rte/rte.c **** 
  25:source\rte/rte.c **** /*****************************************************************************/
  26:source\rte/rte.c **** /* Local pre-processor symbols/macros ('#define')                            */
  27:source\rte/rte.c **** /*****************************************************************************/
  28:source\rte/rte.c **** 
  29:source\rte/rte.c **** /*****************************************************************************/
  30:source\rte/rte.c **** /* Global variable definitions (declared in header file with 'extern')       */
ARM GAS  C:\Users\91819\AppData\Local\Temp\cc0saxFl.s 			page 2


  31:source\rte/rte.c **** /*****************************************************************************/
  32:source\rte/rte.c **** 
  33:source\rte/rte.c **** /*****************************************************************************/
  34:source\rte/rte.c **** /* Local type definitions ('typedef')                                        */
  35:source\rte/rte.c **** /*****************************************************************************/
  36:source\rte/rte.c **** 
  37:source\rte/rte.c **** /*****************************************************************************/
  38:source\rte/rte.c **** /* Local variable definitions ('static')                                     */
  39:source\rte/rte.c **** /*****************************************************************************/
  40:source\rte/rte.c **** 
  41:source\rte/rte.c **** 
  42:source\rte/rte.c **** 
  43:source\rte/rte.c **** /*****************************************************************************/
  44:source\rte/rte.c **** /* Local function prototypes ('static')                                      */
  45:source\rte/rte.c **** /*****************************************************************************/
  46:source\rte/rte.c **** 
  47:source\rte/rte.c **** 
  48:source\rte/rte.c **** /*****************************************************************************/
  49:source\rte/rte.c **** /* Function implementation - global ('extern') and local ('static')          */
  50:source\rte/rte.c **** /*****************************************************************************/
  51:source\rte/rte.c **** 
  52:source\rte/rte.c **** /**
  53:source\rte/rte.c ****  * Will call all cyclic runnables when due
  54:source\rte/rte.c ****  * \param RTE_cyclicTable_t const *const table : [IN] table to be processed
  55:source\rte/rte.c ****  * \param uint16_t tableSize : [IN] table size
  56:source\rte/rte.c ****  * \param uint32_t* time : [IN] ticktime elapsed since start in ms
  57:source\rte/rte.c ****  * \return RC_SUCCESS if all ok, error code otherwise
  58:source\rte/rte.c ****  */
  59:source\rte/rte.c **** RC_t RTE_ProcessCyclicTable(RTE_cyclicTable_t const *const table, uint16_t tableSize, uint32_t time
  60:source\rte/rte.c **** {
  28              		.loc 1 60 0
  29              		.cfi_startproc
  30              		@ args = 0, pretend = 0, frame = 0
  31              		@ frame_needed = 0, uses_anonymous_args = 0
  32              	.LVL0:
  33 0000 F8B5     		push	{r3, r4, r5, r6, r7, lr}
  34              		.cfi_def_cfa_offset 24
  35              		.cfi_offset 3, -24
  36              		.cfi_offset 4, -20
  37              		.cfi_offset 5, -16
  38              		.cfi_offset 6, -12
  39              		.cfi_offset 7, -8
  40              		.cfi_offset 14, -4
  41 0002 0646     		mov	r6, r0
  42 0004 0F46     		mov	r7, r1
  43 0006 1546     		mov	r5, r2
  44              	.LVL1:
  45              	.LBB2:
  61:source\rte/rte.c ****     
  62:source\rte/rte.c ****     for (uint16_t i = 0; i < tableSize; i++)
  46              		.loc 1 62 0
  47 0008 0024     		movs	r4, #0
  48 000a 0DE0     		b	.L2
  49              	.LVL2:
  50              	.L4:
  63:source\rte/rte.c ****     {
  64:source\rte/rte.c ****         if (0 == (time % table[i].cycleTime))
ARM GAS  C:\Users\91819\AppData\Local\Temp\cc0saxFl.s 			page 3


  51              		.loc 1 64 0
  52 000c 06EBC403 		add	r3, r6, r4, lsl #3
  53 0010 9A88     		ldrh	r2, [r3, #4]
  54 0012 B5FBF2F3 		udiv	r3, r5, r2
  55 0016 02FB1353 		mls	r3, r2, r3, r5
  56 001a 1BB9     		cbnz	r3, .L3
  65:source\rte/rte.c ****         {
  66:source\rte/rte.c **** 			//No event information in this case
  67:source\rte/rte.c ****             table[i].run(0);
  57              		.loc 1 67 0
  58 001c 56F83430 		ldr	r3, [r6, r4, lsl #3]
  59 0020 0020     		movs	r0, #0
  60 0022 9847     		blx	r3
  61              	.LVL3:
  62              	.L3:
  62:source\rte/rte.c ****     {
  63              		.loc 1 62 0 discriminator 2
  64 0024 0134     		adds	r4, r4, #1
  65              	.LVL4:
  66 0026 A4B2     		uxth	r4, r4
  67              	.LVL5:
  68              	.L2:
  62:source\rte/rte.c ****     {
  69              		.loc 1 62 0 is_stmt 0 discriminator 1
  70 0028 BC42     		cmp	r4, r7
  71 002a EFD3     		bcc	.L4
  72              	.LBE2:
  68:source\rte/rte.c ****         }
  69:source\rte/rte.c ****     }
  70:source\rte/rte.c ****     
  71:source\rte/rte.c **** }
  73              		.loc 1 71 0 is_stmt 1
  74 002c F8BD     		pop	{r3, r4, r5, r6, r7, pc}
  75              		.cfi_endproc
  76              	.LFE110:
  77              		.size	RTE_ProcessCyclicTable, .-RTE_ProcessCyclicTable
  78 002e 00BF     		.section	.text.RTE_ProcessEventTable,"ax",%progbits
  79              		.align	2
  80              		.global	RTE_ProcessEventTable
  81              		.thumb
  82              		.thumb_func
  83              		.type	RTE_ProcessEventTable, %function
  84              	RTE_ProcessEventTable:
  85              	.LFB111:
  72:source\rte/rte.c ****     
  73:source\rte/rte.c **** /**
  74:source\rte/rte.c ****  * Will call all event runnables when due
  75:source\rte/rte.c ****  * \param RTE_eventTable_t const *const table : [IN] table to be processed
  76:source\rte/rte.c ****  * \param uint16_t tableSize : [IN] table size
  77:source\rte/rte.c ****  * \param EventMaskType ev : [IN] event mask to be processed
  78:source\rte/rte.c ****  * \return RC_SUCCESS if all ok, error code otherwise
  79:source\rte/rte.c ****  */
  80:source\rte/rte.c **** RC_t RTE_ProcessEventTable(RTE_eventTable_t const *const table, uint16_t tableSize, EventMaskType e
  81:source\rte/rte.c **** {
  86              		.loc 1 81 0
  87              		.cfi_startproc
  88              		@ args = 0, pretend = 0, frame = 0
ARM GAS  C:\Users\91819\AppData\Local\Temp\cc0saxFl.s 			page 4


  89              		@ frame_needed = 0, uses_anonymous_args = 0
  90              	.LVL6:
  91 0000 F8B5     		push	{r3, r4, r5, r6, r7, lr}
  92              		.cfi_def_cfa_offset 24
  93              		.cfi_offset 3, -24
  94              		.cfi_offset 4, -20
  95              		.cfi_offset 5, -16
  96              		.cfi_offset 6, -12
  97              		.cfi_offset 7, -8
  98              		.cfi_offset 14, -4
  99 0002 0546     		mov	r5, r0
 100 0004 0E46     		mov	r6, r1
 101 0006 1746     		mov	r7, r2
 102              	.LVL7:
 103              	.LBB3:
  82:source\rte/rte.c ****     
  83:source\rte/rte.c ****     for (uint16_t i = 0; i < tableSize; i++)
 104              		.loc 1 83 0
 105 0008 0024     		movs	r4, #0
 106 000a 09E0     		b	.L7
 107              	.LVL8:
 108              	.L9:
  84:source\rte/rte.c ****     {
  85:source\rte/rte.c ****         if (ev & table[i].event)
 109              		.loc 1 85 0
 110 000c 05EBC403 		add	r3, r5, r4, lsl #3
 111 0010 5868     		ldr	r0, [r3, #4]
 112 0012 3842     		tst	r0, r7
 113 0014 02D0     		beq	.L8
  86:source\rte/rte.c ****         {
  87:source\rte/rte.c **** 			//Fire activating event
  88:source\rte/rte.c ****             table[i].run(table[i].event);
 114              		.loc 1 88 0
 115 0016 55F83430 		ldr	r3, [r5, r4, lsl #3]
 116 001a 9847     		blx	r3
 117              	.LVL9:
 118              	.L8:
  83:source\rte/rte.c ****     {
 119              		.loc 1 83 0 discriminator 2
 120 001c 0134     		adds	r4, r4, #1
 121              	.LVL10:
 122 001e A4B2     		uxth	r4, r4
 123              	.LVL11:
 124              	.L7:
  83:source\rte/rte.c ****     {
 125              		.loc 1 83 0 is_stmt 0 discriminator 1
 126 0020 B442     		cmp	r4, r6
 127 0022 F3D3     		bcc	.L9
 128              	.LBE3:
  89:source\rte/rte.c ****         }
  90:source\rte/rte.c ****     }
  91:source\rte/rte.c ****     
  92:source\rte/rte.c **** }...
 129              		.loc 1 92 0 is_stmt 1
 130 0024 F8BD     		pop	{r3, r4, r5, r6, r7, pc}
 131              		.cfi_endproc
 132              	.LFE111:
ARM GAS  C:\Users\91819\AppData\Local\Temp\cc0saxFl.s 			page 5


 133              		.size	RTE_ProcessEventTable, .-RTE_ProcessEventTable
 134 0026 00BF     		.text
 135              	.Letext0:
 136              		.file 2 ".\\source\\bsw/global.h"
 137              		.file 3 "c:\\program files (x86)\\cypress\\psoc creator\\4.4\\psoc creator\\import\\gnu\\arm\\5.4.
 138              		.file 4 "c:\\program files (x86)\\cypress\\psoc creator\\4.4\\psoc creator\\import\\gnu\\arm\\5.4.
 139              		.file 5 "Generated_Source\\PSoC5/ErikaOS_1_common_ee_types.inc"
 140              		.file 6 "Generated_Source\\PSoC5/ErikaOS_1_cortex_mx_ee_cpu.inc"
 141              		.file 7 "Generated_Source\\PSoC5/ErikaOS_1_ee_oo_common.inc"
 142              		.file 8 "source\\rte\\rte_types.h"
 143              		.file 9 "source\\rte\\rte.h"
 144              		.file 10 "Generated_Source\\PSoC5/ErikaOS_1_ee_oo_intfunc.inc"
 145              		.file 11 "Generated_Source\\PSoC5/ErikaOS_1_cortex_mx_ee_context.inc"
 146              		.file 12 "Generated_Source\\PSoC5/ErikaOS_1_common_ee_primitives.inc"
 147              		.file 13 "Generated_Source\\PSoC5/core_cm3.h"
 148              		.section	.debug_info,"",%progbits
 149              	.Ldebug_info0:
 150 0000 5B030000 		.4byte	0x35b
 151 0004 0400     		.2byte	0x4
 152 0006 00000000 		.4byte	.Ldebug_abbrev0
 153 000a 04       		.byte	0x4
 154 000b 01       		.uleb128 0x1
 155 000c 0E030000 		.4byte	.LASF68
 156 0010 0C       		.byte	0xc
 157 0011 62040000 		.4byte	.LASF69
 158 0015 A9000000 		.4byte	.LASF70
 159 0019 00000000 		.4byte	.Ldebug_ranges0+0
 160 001d 00000000 		.4byte	0
 161 0021 00000000 		.4byte	.Ldebug_line0
 162 0025 02       		.uleb128 0x2
 163 0026 01       		.byte	0x1
 164 0027 06       		.byte	0x6
 165 0028 5F020000 		.4byte	.LASF0
 166 002c 02       		.uleb128 0x2
 167 002d 01       		.byte	0x1
 168 002e 08       		.byte	0x8
 169 002f 47020000 		.4byte	.LASF1
 170 0033 02       		.uleb128 0x2
 171 0034 02       		.byte	0x2
 172 0035 05       		.byte	0x5
 173 0036 40000000 		.4byte	.LASF2
 174 003a 03       		.uleb128 0x3
 175 003b B7020000 		.4byte	.LASF5
 176 003f 02       		.byte	0x2
 177 0040 93       		.byte	0x93
 178 0041 45000000 		.4byte	0x45
 179 0045 02       		.uleb128 0x2
 180 0046 02       		.byte	0x2
 181 0047 07       		.byte	0x7
 182 0048 E9020000 		.4byte	.LASF3
 183 004c 02       		.uleb128 0x2
 184 004d 04       		.byte	0x4
 185 004e 05       		.byte	0x5
 186 004f EF010000 		.4byte	.LASF4
 187 0053 03       		.uleb128 0x3
 188 0054 93020000 		.4byte	.LASF6
 189 0058 02       		.byte	0x2
ARM GAS  C:\Users\91819\AppData\Local\Temp\cc0saxFl.s 			page 6


 190 0059 96       		.byte	0x96
 191 005a 5E000000 		.4byte	0x5e
 192 005e 02       		.uleb128 0x2
 193 005f 04       		.byte	0x4
 194 0060 07       		.byte	0x7
 195 0061 FA030000 		.4byte	.LASF7
 196 0065 02       		.uleb128 0x2
 197 0066 04       		.byte	0x4
 198 0067 04       		.byte	0x4
 199 0068 85010000 		.4byte	.LASF8
 200 006c 02       		.uleb128 0x2
 201 006d 08       		.byte	0x8
 202 006e 04       		.byte	0x4
 203 006f 0C040000 		.4byte	.LASF9
 204 0073 02       		.uleb128 0x2
 205 0074 08       		.byte	0x8
 206 0075 05       		.byte	0x5
 207 0076 A4010000 		.4byte	.LASF10
 208 007a 02       		.uleb128 0x2
 209 007b 08       		.byte	0x8
 210 007c 07       		.byte	0x7
 211 007d 6B020000 		.4byte	.LASF11
 212 0081 02       		.uleb128 0x2
 213 0082 01       		.byte	0x1
 214 0083 08       		.byte	0x8
 215 0084 9C030000 		.4byte	.LASF12
 216 0088 04       		.uleb128 0x4
 217 0089 01       		.byte	0x1
 218 008a 25000000 		.4byte	0x25
 219 008e 02       		.byte	0x2
 220 008f CF       		.byte	0xcf
 221 0090 31010000 		.4byte	0x131
 222 0094 05       		.uleb128 0x5
 223 0095 21000000 		.4byte	.LASF13
 224 0099 00       		.byte	0
 225 009a 06       		.uleb128 0x6
 226 009b A0040000 		.4byte	.LASF14
 227 009f 7F       		.sleb128 -1
 228 00a0 06       		.uleb128 0x6
 229 00a1 C0020000 		.4byte	.LASF15
 230 00a5 7E       		.sleb128 -2
 231 00a6 06       		.uleb128 0x6
 232 00a7 79000000 		.4byte	.LASF16
 233 00ab 7D       		.sleb128 -3
 234 00ac 06       		.uleb128 0x6
 235 00ad A9040000 		.4byte	.LASF17
 236 00b1 7C       		.sleb128 -4
 237 00b2 06       		.uleb128 0x6
 238 00b3 76010000 		.4byte	.LASF18
 239 00b7 7B       		.sleb128 -5
 240 00b8 06       		.uleb128 0x6
 241 00b9 4A000000 		.4byte	.LASF19
 242 00bd 7A       		.sleb128 -6
 243 00be 06       		.uleb128 0x6
 244 00bf F8010000 		.4byte	.LASF20
 245 00c3 79       		.sleb128 -7
 246 00c4 06       		.uleb128 0x6
ARM GAS  C:\Users\91819\AppData\Local\Temp\cc0saxFl.s 			page 7


 247 00c5 A1030000 		.4byte	.LASF21
 248 00c9 78       		.sleb128 -8
 249 00ca 06       		.uleb128 0x6
 250 00cb CE020000 		.4byte	.LASF22
 251 00cf 77       		.sleb128 -9
 252 00d0 06       		.uleb128 0x6
 253 00d1 0A020000 		.4byte	.LASF23
 254 00d5 76       		.sleb128 -10
 255 00d6 06       		.uleb128 0x6
 256 00d7 D6040000 		.4byte	.LASF24
 257 00db 75       		.sleb128 -11
 258 00dc 06       		.uleb128 0x6
 259 00dd A9020000 		.4byte	.LASF25
 260 00e1 74       		.sleb128 -12
 261 00e2 06       		.uleb128 0x6
 262 00e3 13040000 		.4byte	.LASF26
 263 00e7 73       		.sleb128 -13
 264 00e8 06       		.uleb128 0x6
 265 00e9 0E000000 		.4byte	.LASF27
 266 00ed 72       		.sleb128 -14
 267 00ee 06       		.uleb128 0x6
 268 00ef 2C000000 		.4byte	.LASF28
 269 00f3 71       		.sleb128 -15
 270 00f4 06       		.uleb128 0x6
 271 00f5 18020000 		.4byte	.LASF29
 272 00f9 70       		.sleb128 -16
 273 00fa 06       		.uleb128 0x6
 274 00fb 8F000000 		.4byte	.LASF30
 275 00ff 6F       		.sleb128 -17
 276 0100 06       		.uleb128 0x6
 277 0101 5B000000 		.4byte	.LASF31
 278 0105 6E       		.sleb128 -18
 279 0106 06       		.uleb128 0x6
 280 0107 CB010000 		.4byte	.LASF32
 281 010b 6D       		.sleb128 -19
 282 010c 06       		.uleb128 0x6
 283 010d D4030000 		.4byte	.LASF33
 284 0111 6C       		.sleb128 -20
 285 0112 06       		.uleb128 0x6
 286 0113 29020000 		.4byte	.LASF34
 287 0117 6B       		.sleb128 -21
 288 0118 06       		.uleb128 0x6
 289 0119 73040000 		.4byte	.LASF35
 290 011d 6A       		.sleb128 -22
 291 011e 06       		.uleb128 0x6
 292 011f 18010000 		.4byte	.LASF36
 293 0123 69       		.sleb128 -23
 294 0124 06       		.uleb128 0x6
 295 0125 DE010000 		.4byte	.LASF37
 296 0129 68       		.sleb128 -24
 297 012a 06       		.uleb128 0x6
 298 012b 8B010000 		.4byte	.LASF38
 299 012f 67       		.sleb128 -25
 300 0130 00       		.byte	0
 301 0131 03       		.uleb128 0x3
 302 0132 D1040000 		.4byte	.LASF39
 303 0136 02       		.byte	0x2
ARM GAS  C:\Users\91819\AppData\Local\Temp\cc0saxFl.s 			page 8


 304 0137 EA       		.byte	0xea
 305 0138 88000000 		.4byte	0x88
 306 013c 03       		.uleb128 0x3
 307 013d 4E040000 		.4byte	.LASF40
 308 0141 03       		.byte	0x3
 309 0142 3F       		.byte	0x3f
 310 0143 4C000000 		.4byte	0x4c
 311 0147 07       		.uleb128 0x7
 312 0148 04       		.byte	0x4
 313 0149 05       		.byte	0x5
 314 014a 696E7400 		.ascii	"int\000"
 315 014e 02       		.uleb128 0x2
 316 014f 04       		.byte	0x4
 317 0150 07       		.byte	0x7
 318 0151 9C020000 		.4byte	.LASF41
 319 0155 03       		.uleb128 0x3
 320 0156 B6030000 		.4byte	.LASF42
 321 015a 04       		.byte	0x4
 322 015b 2C       		.byte	0x2c
 323 015c 3C010000 		.4byte	0x13c
 324 0160 02       		.uleb128 0x2
 325 0161 08       		.byte	0x8
 326 0162 04       		.byte	0x4
 327 0163 3B020000 		.4byte	.LASF43
 328 0167 03       		.uleb128 0x3
 329 0168 4A010000 		.4byte	.LASF44
 330 016c 05       		.byte	0x5
 331 016d 53       		.byte	0x53
 332 016e 47010000 		.4byte	0x147
 333 0172 03       		.uleb128 0x3
 334 0173 55020000 		.4byte	.LASF45
 335 0177 05       		.byte	0x5
 336 0178 54       		.byte	0x54
 337 0179 4E010000 		.4byte	0x14e
 338 017d 03       		.uleb128 0x3
 339 017e 25040000 		.4byte	.LASF46
 340 0182 06       		.byte	0x6
 341 0183 4D       		.byte	0x4d
 342 0184 72010000 		.4byte	0x172
 343 0188 03       		.uleb128 0x3
 344 0189 87000000 		.4byte	.LASF47
 345 018d 06       		.byte	0x6
 346 018e 4F       		.byte	0x4f
 347 018f 72010000 		.4byte	0x172
 348 0193 03       		.uleb128 0x3
 349 0194 11010000 		.4byte	.LASF48
 350 0198 06       		.byte	0x6
 351 0199 78       		.byte	0x78
 352 019a 67010000 		.4byte	0x167
 353 019e 08       		.uleb128 0x8
 354 019f 00000000 		.4byte	.LASF49
 355 01a3 07       		.byte	0x7
 356 01a4 2C02     		.2byte	0x22c
 357 01a6 7D010000 		.4byte	0x17d
 358 01aa 02       		.uleb128 0x2
 359 01ab 04       		.byte	0x4
 360 01ac 07       		.byte	0x7
ARM GAS  C:\Users\91819\AppData\Local\Temp\cc0saxFl.s 			page 9


 361 01ad 70000000 		.4byte	.LASF50
 362 01b1 03       		.uleb128 0x3
 363 01b2 58040000 		.4byte	.LASF51
 364 01b6 08       		.byte	0x8
 365 01b7 21       		.byte	0x21
 366 01b8 9E010000 		.4byte	0x19e
 367 01bc 03       		.uleb128 0x3
 368 01bd 85040000 		.4byte	.LASF52
 369 01c1 09       		.byte	0x9
 370 01c2 66       		.byte	0x66
 371 01c3 C7010000 		.4byte	0x1c7
 372 01c7 09       		.uleb128 0x9
 373 01c8 04       		.byte	0x4
 374 01c9 CD010000 		.4byte	0x1cd
 375 01cd 0A       		.uleb128 0xa
 376 01ce D8010000 		.4byte	0x1d8
 377 01d2 0B       		.uleb128 0xb
 378 01d3 B1010000 		.4byte	0x1b1
 379 01d7 00       		.byte	0
 380 01d8 0C       		.uleb128 0xc
 381 01d9 08       		.byte	0x8
 382 01da 09       		.byte	0x9
 383 01db 6B       		.byte	0x6b
 384 01dc F9010000 		.4byte	0x1f9
 385 01e0 0D       		.uleb128 0xd
 386 01e1 72756E00 		.ascii	"run\000"
 387 01e5 09       		.byte	0x9
 388 01e6 6D       		.byte	0x6d
 389 01e7 BC010000 		.4byte	0x1bc
 390 01eb 00       		.byte	0
 391 01ec 0E       		.uleb128 0xe
 392 01ed 53010000 		.4byte	.LASF53
 393 01f1 09       		.byte	0x9
 394 01f2 6E       		.byte	0x6e
 395 01f3 3A000000 		.4byte	0x3a
 396 01f7 04       		.byte	0x4
 397 01f8 00       		.byte	0
 398 01f9 03       		.uleb128 0x3
 399 01fa FC020000 		.4byte	.LASF54
 400 01fe 09       		.byte	0x9
 401 01ff 6F       		.byte	0x6f
 402 0200 D8010000 		.4byte	0x1d8
 403 0204 0C       		.uleb128 0xc
 404 0205 08       		.byte	0x8
 405 0206 09       		.byte	0x9
 406 0207 74       		.byte	0x74
 407 0208 25020000 		.4byte	0x225
 408 020c 0D       		.uleb128 0xd
 409 020d 72756E00 		.ascii	"run\000"
 410 0211 09       		.byte	0x9
 411 0212 76       		.byte	0x76
 412 0213 BC010000 		.4byte	0x1bc
 413 0217 00       		.byte	0
 414 0218 0E       		.uleb128 0xe
 415 0219 A3000000 		.4byte	.LASF55
 416 021d 09       		.byte	0x9
 417 021e 77       		.byte	0x77
ARM GAS  C:\Users\91819\AppData\Local\Temp\cc0saxFl.s 			page 10


 418 021f 9E010000 		.4byte	0x19e
 419 0223 04       		.byte	0x4
 420 0224 00       		.byte	0
 421 0225 03       		.uleb128 0x3
 422 0226 82020000 		.4byte	.LASF56
 423 022a 09       		.byte	0x9
 424 022b 78       		.byte	0x78
 425 022c 04020000 		.4byte	0x204
 426 0230 0F       		.uleb128 0xf
 427 0231 37040000 		.4byte	.LASF60
 428 0235 01       		.byte	0x1
 429 0236 3B       		.byte	0x3b
 430 0237 31010000 		.4byte	0x131
 431 023b 00000000 		.4byte	.LFB110
 432 023f 2E000000 		.4byte	.LFE110-.LFB110
 433 0243 01       		.uleb128 0x1
 434 0244 9C       		.byte	0x9c
 435 0245 99020000 		.4byte	0x299
 436 0249 10       		.uleb128 0x10
 437 024a 2F010000 		.4byte	.LASF57
 438 024e 01       		.byte	0x1
 439 024f 3B       		.byte	0x3b
 440 0250 A4020000 		.4byte	0x2a4
 441 0254 00000000 		.4byte	.LLST0
 442 0258 10       		.uleb128 0x10
 443 0259 2D040000 		.4byte	.LASF58
 444 025d 01       		.byte	0x1
 445 025e 3B       		.byte	0x3b
 446 025f 3A000000 		.4byte	0x3a
 447 0263 1E000000 		.4byte	.LLST1
 448 0267 10       		.uleb128 0x10
 449 0268 E4020000 		.4byte	.LASF59
 450 026c 01       		.byte	0x1
 451 026d 3B       		.byte	0x3b
 452 026e 53000000 		.4byte	0x53
 453 0272 3F000000 		.4byte	.LLST2
 454 0276 11       		.uleb128 0x11
 455 0277 08000000 		.4byte	.LBB2
 456 027b 24000000 		.4byte	.LBE2-.LBB2
 457 027f 12       		.uleb128 0x12
 458 0280 6900     		.ascii	"i\000"
 459 0282 01       		.byte	0x1
 460 0283 3E       		.byte	0x3e
 461 0284 3A000000 		.4byte	0x3a
 462 0288 5D000000 		.4byte	.LLST3
 463 028c 13       		.uleb128 0x13
 464 028d 24000000 		.4byte	.LVL3
 465 0291 14       		.uleb128 0x14
 466 0292 01       		.uleb128 0x1
 467 0293 50       		.byte	0x50
 468 0294 01       		.uleb128 0x1
 469 0295 30       		.byte	0x30
 470 0296 00       		.byte	0
 471 0297 00       		.byte	0
 472 0298 00       		.byte	0
 473 0299 09       		.uleb128 0x9
 474 029a 04       		.byte	0x4
ARM GAS  C:\Users\91819\AppData\Local\Temp\cc0saxFl.s 			page 11


 475 029b 9F020000 		.4byte	0x29f
 476 029f 15       		.uleb128 0x15
 477 02a0 F9010000 		.4byte	0x1f9
 478 02a4 15       		.uleb128 0x15
 479 02a5 99020000 		.4byte	0x299
 480 02a9 16       		.uleb128 0x16
 481 02aa BE030000 		.4byte	.LASF61
 482 02ae 01       		.byte	0x1
 483 02af 50       		.byte	0x50
 484 02b0 31010000 		.4byte	0x131
 485 02b4 00000000 		.4byte	.LFB111
 486 02b8 26000000 		.4byte	.LFE111-.LFB111
 487 02bc 01       		.uleb128 0x1
 488 02bd 9C       		.byte	0x9c
 489 02be 06030000 		.4byte	0x306
 490 02c2 10       		.uleb128 0x10
 491 02c3 2F010000 		.4byte	.LASF57
 492 02c7 01       		.byte	0x1
 493 02c8 50       		.byte	0x50
 494 02c9 11030000 		.4byte	0x311
 495 02cd 87000000 		.4byte	.LLST4
 496 02d1 10       		.uleb128 0x10
 497 02d2 2D040000 		.4byte	.LASF58
 498 02d6 01       		.byte	0x1
 499 02d7 50       		.byte	0x50
 500 02d8 3A000000 		.4byte	0x3a
 501 02dc A5000000 		.4byte	.LLST5
 502 02e0 17       		.uleb128 0x17
 503 02e1 657600   		.ascii	"ev\000"
 504 02e4 01       		.byte	0x1
 505 02e5 50       		.byte	0x50
 506 02e6 9E010000 		.4byte	0x19e
 507 02ea C6000000 		.4byte	.LLST6
 508 02ee 11       		.uleb128 0x11
 509 02ef 08000000 		.4byte	.LBB3
 510 02f3 1C000000 		.4byte	.LBE3-.LBB3
 511 02f7 12       		.uleb128 0x12
 512 02f8 6900     		.ascii	"i\000"
 513 02fa 01       		.byte	0x1
 514 02fb 53       		.byte	0x53
 515 02fc 3A000000 		.4byte	0x3a
 516 0300 E4000000 		.4byte	.LLST7
 517 0304 00       		.byte	0
 518 0305 00       		.byte	0
 519 0306 09       		.uleb128 0x9
 520 0307 04       		.byte	0x4
 521 0308 0C030000 		.4byte	0x30c
 522 030c 15       		.uleb128 0x15
 523 030d 25020000 		.4byte	0x225
 524 0311 15       		.uleb128 0x15
 525 0312 06030000 		.4byte	0x306
 526 0316 18       		.uleb128 0x18
 527 0317 B9040000 		.4byte	.LASF62
 528 031b 0A       		.byte	0xa
 529 031c 40       		.byte	0x40
 530 031d 7D010000 		.4byte	0x17d
 531 0321 18       		.uleb128 0x18
ARM GAS  C:\Users\91819\AppData\Local\Temp\cc0saxFl.s 			page 12


 532 0322 B2010000 		.4byte	.LASF63
 533 0326 0A       		.byte	0xa
 534 0327 47       		.byte	0x47
 535 0328 88010000 		.4byte	0x188
 536 032c 18       		.uleb128 0x18
 537 032d E7030000 		.4byte	.LASF64
 538 0331 0A       		.byte	0xa
 539 0332 4A       		.byte	0x4a
 540 0333 7D010000 		.4byte	0x17d
 541 0337 18       		.uleb128 0x18
 542 0338 5D010000 		.4byte	.LASF65
 543 033c 0B       		.byte	0xb
 544 033d 48       		.byte	0x48
 545 033e 93010000 		.4byte	0x193
 546 0342 18       		.uleb128 0x18
 547 0343 35010000 		.4byte	.LASF66
 548 0347 0C       		.byte	0xc
 549 0348 44       		.byte	0x44
 550 0349 7D010000 		.4byte	0x17d
 551 034d 19       		.uleb128 0x19
 552 034e 93040000 		.4byte	.LASF67
 553 0352 0D       		.byte	0xd
 554 0353 1207     		.2byte	0x712
 555 0355 59030000 		.4byte	0x359
 556 0359 1A       		.uleb128 0x1a
 557 035a 55010000 		.4byte	0x155
 558 035e 00       		.byte	0
 559              		.section	.debug_abbrev,"",%progbits
 560              	.Ldebug_abbrev0:
 561 0000 01       		.uleb128 0x1
 562 0001 11       		.uleb128 0x11
 563 0002 01       		.byte	0x1
 564 0003 25       		.uleb128 0x25
 565 0004 0E       		.uleb128 0xe
 566 0005 13       		.uleb128 0x13
 567 0006 0B       		.uleb128 0xb
 568 0007 03       		.uleb128 0x3
 569 0008 0E       		.uleb128 0xe
 570 0009 1B       		.uleb128 0x1b
 571 000a 0E       		.uleb128 0xe
 572 000b 55       		.uleb128 0x55
 573 000c 17       		.uleb128 0x17
 574 000d 11       		.uleb128 0x11
 575 000e 01       		.uleb128 0x1
 576 000f 10       		.uleb128 0x10
 577 0010 17       		.uleb128 0x17
 578 0011 00       		.byte	0
 579 0012 00       		.byte	0
 580 0013 02       		.uleb128 0x2
 581 0014 24       		.uleb128 0x24
 582 0015 00       		.byte	0
 583 0016 0B       		.uleb128 0xb
 584 0017 0B       		.uleb128 0xb
 585 0018 3E       		.uleb128 0x3e
 586 0019 0B       		.uleb128 0xb
 587 001a 03       		.uleb128 0x3
 588 001b 0E       		.uleb128 0xe
ARM GAS  C:\Users\91819\AppData\Local\Temp\cc0saxFl.s 			page 13


 589 001c 00       		.byte	0
 590 001d 00       		.byte	0
 591 001e 03       		.uleb128 0x3
 592 001f 16       		.uleb128 0x16
 593 0020 00       		.byte	0
 594 0021 03       		.uleb128 0x3
 595 0022 0E       		.uleb128 0xe
 596 0023 3A       		.uleb128 0x3a
 597 0024 0B       		.uleb128 0xb
 598 0025 3B       		.uleb128 0x3b
 599 0026 0B       		.uleb128 0xb
 600 0027 49       		.uleb128 0x49
 601 0028 13       		.uleb128 0x13
 602 0029 00       		.byte	0
 603 002a 00       		.byte	0
 604 002b 04       		.uleb128 0x4
 605 002c 04       		.uleb128 0x4
 606 002d 01       		.byte	0x1
 607 002e 0B       		.uleb128 0xb
 608 002f 0B       		.uleb128 0xb
 609 0030 49       		.uleb128 0x49
 610 0031 13       		.uleb128 0x13
 611 0032 3A       		.uleb128 0x3a
 612 0033 0B       		.uleb128 0xb
 613 0034 3B       		.uleb128 0x3b
 614 0035 0B       		.uleb128 0xb
 615 0036 01       		.uleb128 0x1
 616 0037 13       		.uleb128 0x13
 617 0038 00       		.byte	0
 618 0039 00       		.byte	0
 619 003a 05       		.uleb128 0x5
 620 003b 28       		.uleb128 0x28
 621 003c 00       		.byte	0
 622 003d 03       		.uleb128 0x3
 623 003e 0E       		.uleb128 0xe
 624 003f 1C       		.uleb128 0x1c
 625 0040 0B       		.uleb128 0xb
 626 0041 00       		.byte	0
 627 0042 00       		.byte	0
 628 0043 06       		.uleb128 0x6
 629 0044 28       		.uleb128 0x28
 630 0045 00       		.byte	0
 631 0046 03       		.uleb128 0x3
 632 0047 0E       		.uleb128 0xe
 633 0048 1C       		.uleb128 0x1c
 634 0049 0D       		.uleb128 0xd
 635 004a 00       		.byte	0
 636 004b 00       		.byte	0
 637 004c 07       		.uleb128 0x7
 638 004d 24       		.uleb128 0x24
 639 004e 00       		.byte	0
 640 004f 0B       		.uleb128 0xb
 641 0050 0B       		.uleb128 0xb
 642 0051 3E       		.uleb128 0x3e
 643 0052 0B       		.uleb128 0xb
 644 0053 03       		.uleb128 0x3
 645 0054 08       		.uleb128 0x8
ARM GAS  C:\Users\91819\AppData\Local\Temp\cc0saxFl.s 			page 14


 646 0055 00       		.byte	0
 647 0056 00       		.byte	0
 648 0057 08       		.uleb128 0x8
 649 0058 16       		.uleb128 0x16
 650 0059 00       		.byte	0
 651 005a 03       		.uleb128 0x3
 652 005b 0E       		.uleb128 0xe
 653 005c 3A       		.uleb128 0x3a
 654 005d 0B       		.uleb128 0xb
 655 005e 3B       		.uleb128 0x3b
 656 005f 05       		.uleb128 0x5
 657 0060 49       		.uleb128 0x49
 658 0061 13       		.uleb128 0x13
 659 0062 00       		.byte	0
 660 0063 00       		.byte	0
 661 0064 09       		.uleb128 0x9
 662 0065 0F       		.uleb128 0xf
 663 0066 00       		.byte	0
 664 0067 0B       		.uleb128 0xb
 665 0068 0B       		.uleb128 0xb
 666 0069 49       		.uleb128 0x49
 667 006a 13       		.uleb128 0x13
 668 006b 00       		.byte	0
 669 006c 00       		.byte	0
 670 006d 0A       		.uleb128 0xa
 671 006e 15       		.uleb128 0x15
 672 006f 01       		.byte	0x1
 673 0070 27       		.uleb128 0x27
 674 0071 19       		.uleb128 0x19
 675 0072 01       		.uleb128 0x1
 676 0073 13       		.uleb128 0x13
 677 0074 00       		.byte	0
 678 0075 00       		.byte	0
 679 0076 0B       		.uleb128 0xb
 680 0077 05       		.uleb128 0x5
 681 0078 00       		.byte	0
 682 0079 49       		.uleb128 0x49
 683 007a 13       		.uleb128 0x13
 684 007b 00       		.byte	0
 685 007c 00       		.byte	0
 686 007d 0C       		.uleb128 0xc
 687 007e 13       		.uleb128 0x13
 688 007f 01       		.byte	0x1
 689 0080 0B       		.uleb128 0xb
 690 0081 0B       		.uleb128 0xb
 691 0082 3A       		.uleb128 0x3a
 692 0083 0B       		.uleb128 0xb
 693 0084 3B       		.uleb128 0x3b
 694 0085 0B       		.uleb128 0xb
 695 0086 01       		.uleb128 0x1
 696 0087 13       		.uleb128 0x13
 697 0088 00       		.byte	0
 698 0089 00       		.byte	0
 699 008a 0D       		.uleb128 0xd
 700 008b 0D       		.uleb128 0xd
 701 008c 00       		.byte	0
 702 008d 03       		.uleb128 0x3
ARM GAS  C:\Users\91819\AppData\Local\Temp\cc0saxFl.s 			page 15


 703 008e 08       		.uleb128 0x8
 704 008f 3A       		.uleb128 0x3a
 705 0090 0B       		.uleb128 0xb
 706 0091 3B       		.uleb128 0x3b
 707 0092 0B       		.uleb128 0xb
 708 0093 49       		.uleb128 0x49
 709 0094 13       		.uleb128 0x13
 710 0095 38       		.uleb128 0x38
 711 0096 0B       		.uleb128 0xb
 712 0097 00       		.byte	0
 713 0098 00       		.byte	0
 714 0099 0E       		.uleb128 0xe
 715 009a 0D       		.uleb128 0xd
 716 009b 00       		.byte	0
 717 009c 03       		.uleb128 0x3
 718 009d 0E       		.uleb128 0xe
 719 009e 3A       		.uleb128 0x3a
 720 009f 0B       		.uleb128 0xb
 721 00a0 3B       		.uleb128 0x3b
 722 00a1 0B       		.uleb128 0xb
 723 00a2 49       		.uleb128 0x49
 724 00a3 13       		.uleb128 0x13
 725 00a4 38       		.uleb128 0x38
 726 00a5 0B       		.uleb128 0xb
 727 00a6 00       		.byte	0
 728 00a7 00       		.byte	0
 729 00a8 0F       		.uleb128 0xf
 730 00a9 2E       		.uleb128 0x2e
 731 00aa 01       		.byte	0x1
 732 00ab 3F       		.uleb128 0x3f
 733 00ac 19       		.uleb128 0x19
 734 00ad 03       		.uleb128 0x3
 735 00ae 0E       		.uleb128 0xe
 736 00af 3A       		.uleb128 0x3a
 737 00b0 0B       		.uleb128 0xb
 738 00b1 3B       		.uleb128 0x3b
 739 00b2 0B       		.uleb128 0xb
 740 00b3 27       		.uleb128 0x27
 741 00b4 19       		.uleb128 0x19
 742 00b5 49       		.uleb128 0x49
 743 00b6 13       		.uleb128 0x13
 744 00b7 11       		.uleb128 0x11
 745 00b8 01       		.uleb128 0x1
 746 00b9 12       		.uleb128 0x12
 747 00ba 06       		.uleb128 0x6
 748 00bb 40       		.uleb128 0x40
 749 00bc 18       		.uleb128 0x18
 750 00bd 9742     		.uleb128 0x2117
 751 00bf 19       		.uleb128 0x19
 752 00c0 01       		.uleb128 0x1
 753 00c1 13       		.uleb128 0x13
 754 00c2 00       		.byte	0
 755 00c3 00       		.byte	0
 756 00c4 10       		.uleb128 0x10
 757 00c5 05       		.uleb128 0x5
 758 00c6 00       		.byte	0
 759 00c7 03       		.uleb128 0x3
ARM GAS  C:\Users\91819\AppData\Local\Temp\cc0saxFl.s 			page 16


 760 00c8 0E       		.uleb128 0xe
 761 00c9 3A       		.uleb128 0x3a
 762 00ca 0B       		.uleb128 0xb
 763 00cb 3B       		.uleb128 0x3b
 764 00cc 0B       		.uleb128 0xb
 765 00cd 49       		.uleb128 0x49
 766 00ce 13       		.uleb128 0x13
 767 00cf 02       		.uleb128 0x2
 768 00d0 17       		.uleb128 0x17
 769 00d1 00       		.byte	0
 770 00d2 00       		.byte	0
 771 00d3 11       		.uleb128 0x11
 772 00d4 0B       		.uleb128 0xb
 773 00d5 01       		.byte	0x1
 774 00d6 11       		.uleb128 0x11
 775 00d7 01       		.uleb128 0x1
 776 00d8 12       		.uleb128 0x12
 777 00d9 06       		.uleb128 0x6
 778 00da 00       		.byte	0
 779 00db 00       		.byte	0
 780 00dc 12       		.uleb128 0x12
 781 00dd 34       		.uleb128 0x34
 782 00de 00       		.byte	0
 783 00df 03       		.uleb128 0x3
 784 00e0 08       		.uleb128 0x8
 785 00e1 3A       		.uleb128 0x3a
 786 00e2 0B       		.uleb128 0xb
 787 00e3 3B       		.uleb128 0x3b
 788 00e4 0B       		.uleb128 0xb
 789 00e5 49       		.uleb128 0x49
 790 00e6 13       		.uleb128 0x13
 791 00e7 02       		.uleb128 0x2
 792 00e8 17       		.uleb128 0x17
 793 00e9 00       		.byte	0
 794 00ea 00       		.byte	0
 795 00eb 13       		.uleb128 0x13
 796 00ec 898201   		.uleb128 0x4109
 797 00ef 01       		.byte	0x1
 798 00f0 11       		.uleb128 0x11
 799 00f1 01       		.uleb128 0x1
 800 00f2 00       		.byte	0
 801 00f3 00       		.byte	0
 802 00f4 14       		.uleb128 0x14
 803 00f5 8A8201   		.uleb128 0x410a
 804 00f8 00       		.byte	0
 805 00f9 02       		.uleb128 0x2
 806 00fa 18       		.uleb128 0x18
 807 00fb 9142     		.uleb128 0x2111
 808 00fd 18       		.uleb128 0x18
 809 00fe 00       		.byte	0
 810 00ff 00       		.byte	0
 811 0100 15       		.uleb128 0x15
 812 0101 26       		.uleb128 0x26
 813 0102 00       		.byte	0
 814 0103 49       		.uleb128 0x49
 815 0104 13       		.uleb128 0x13
 816 0105 00       		.byte	0
ARM GAS  C:\Users\91819\AppData\Local\Temp\cc0saxFl.s 			page 17


 817 0106 00       		.byte	0
 818 0107 16       		.uleb128 0x16
 819 0108 2E       		.uleb128 0x2e
 820 0109 01       		.byte	0x1
 821 010a 3F       		.uleb128 0x3f
 822 010b 19       		.uleb128 0x19
 823 010c 03       		.uleb128 0x3
 824 010d 0E       		.uleb128 0xe
 825 010e 3A       		.uleb128 0x3a
 826 010f 0B       		.uleb128 0xb
 827 0110 3B       		.uleb128 0x3b
 828 0111 0B       		.uleb128 0xb
 829 0112 27       		.uleb128 0x27
 830 0113 19       		.uleb128 0x19
 831 0114 49       		.uleb128 0x49
 832 0115 13       		.uleb128 0x13
 833 0116 11       		.uleb128 0x11
 834 0117 01       		.uleb128 0x1
 835 0118 12       		.uleb128 0x12
 836 0119 06       		.uleb128 0x6
 837 011a 40       		.uleb128 0x40
 838 011b 18       		.uleb128 0x18
 839 011c 9642     		.uleb128 0x2116
 840 011e 19       		.uleb128 0x19
 841 011f 01       		.uleb128 0x1
 842 0120 13       		.uleb128 0x13
 843 0121 00       		.byte	0
 844 0122 00       		.byte	0
 845 0123 17       		.uleb128 0x17
 846 0124 05       		.uleb128 0x5
 847 0125 00       		.byte	0
 848 0126 03       		.uleb128 0x3
 849 0127 08       		.uleb128 0x8
 850 0128 3A       		.uleb128 0x3a
 851 0129 0B       		.uleb128 0xb
 852 012a 3B       		.uleb128 0x3b
 853 012b 0B       		.uleb128 0xb
 854 012c 49       		.uleb128 0x49
 855 012d 13       		.uleb128 0x13
 856 012e 02       		.uleb128 0x2
 857 012f 17       		.uleb128 0x17
 858 0130 00       		.byte	0
 859 0131 00       		.byte	0
 860 0132 18       		.uleb128 0x18
 861 0133 34       		.uleb128 0x34
 862 0134 00       		.byte	0
 863 0135 03       		.uleb128 0x3
 864 0136 0E       		.uleb128 0xe
 865 0137 3A       		.uleb128 0x3a
 866 0138 0B       		.uleb128 0xb
 867 0139 3B       		.uleb128 0x3b
 868 013a 0B       		.uleb128 0xb
 869 013b 49       		.uleb128 0x49
 870 013c 13       		.uleb128 0x13
 871 013d 3F       		.uleb128 0x3f
 872 013e 19       		.uleb128 0x19
 873 013f 3C       		.uleb128 0x3c
ARM GAS  C:\Users\91819\AppData\Local\Temp\cc0saxFl.s 			page 18


 874 0140 19       		.uleb128 0x19
 875 0141 00       		.byte	0
 876 0142 00       		.byte	0
 877 0143 19       		.uleb128 0x19
 878 0144 34       		.uleb128 0x34
 879 0145 00       		.byte	0
 880 0146 03       		.uleb128 0x3
 881 0147 0E       		.uleb128 0xe
 882 0148 3A       		.uleb128 0x3a
 883 0149 0B       		.uleb128 0xb
 884 014a 3B       		.uleb128 0x3b
 885 014b 05       		.uleb128 0x5
 886 014c 49       		.uleb128 0x49
 887 014d 13       		.uleb128 0x13
 888 014e 3F       		.uleb128 0x3f
 889 014f 19       		.uleb128 0x19
 890 0150 3C       		.uleb128 0x3c
 891 0151 19       		.uleb128 0x19
 892 0152 00       		.byte	0
 893 0153 00       		.byte	0
 894 0154 1A       		.uleb128 0x1a
 895 0155 35       		.uleb128 0x35
 896 0156 00       		.byte	0
 897 0157 49       		.uleb128 0x49
 898 0158 13       		.uleb128 0x13
 899 0159 00       		.byte	0
 900 015a 00       		.byte	0
 901 015b 00       		.byte	0
 902              		.section	.debug_loc,"",%progbits
 903              	.Ldebug_loc0:
 904              	.LLST0:
 905 0000 00000000 		.4byte	.LVL0
 906 0004 0C000000 		.4byte	.LVL2
 907 0008 0100     		.2byte	0x1
 908 000a 50       		.byte	0x50
 909 000b 0C000000 		.4byte	.LVL2
 910 000f 2E000000 		.4byte	.LFE110
 911 0013 0100     		.2byte	0x1
 912 0015 56       		.byte	0x56
 913 0016 00000000 		.4byte	0
 914 001a 00000000 		.4byte	0
 915              	.LLST1:
 916 001e 00000000 		.4byte	.LVL0
 917 0022 0C000000 		.4byte	.LVL2
 918 0026 0100     		.2byte	0x1
 919 0028 51       		.byte	0x51
 920 0029 0C000000 		.4byte	.LVL2
 921 002d 2E000000 		.4byte	.LFE110
 922 0031 0400     		.2byte	0x4
 923 0033 F3       		.byte	0xf3
 924 0034 01       		.uleb128 0x1
 925 0035 51       		.byte	0x51
 926 0036 9F       		.byte	0x9f
 927 0037 00000000 		.4byte	0
 928 003b 00000000 		.4byte	0
 929              	.LLST2:
 930 003f 00000000 		.4byte	.LVL0
ARM GAS  C:\Users\91819\AppData\Local\Temp\cc0saxFl.s 			page 19


 931 0043 0C000000 		.4byte	.LVL2
 932 0047 0100     		.2byte	0x1
 933 0049 52       		.byte	0x52
 934 004a 0C000000 		.4byte	.LVL2
 935 004e 2E000000 		.4byte	.LFE110
 936 0052 0100     		.2byte	0x1
 937 0054 55       		.byte	0x55
 938 0055 00000000 		.4byte	0
 939 0059 00000000 		.4byte	0
 940              	.LLST3:
 941 005d 08000000 		.4byte	.LVL1
 942 0061 0C000000 		.4byte	.LVL2
 943 0065 0200     		.2byte	0x2
 944 0067 30       		.byte	0x30
 945 0068 9F       		.byte	0x9f
 946 0069 0C000000 		.4byte	.LVL2
 947 006d 26000000 		.4byte	.LVL4
 948 0071 0100     		.2byte	0x1
 949 0073 54       		.byte	0x54
 950 0074 28000000 		.4byte	.LVL5
 951 0078 2E000000 		.4byte	.LFE110
 952 007c 0100     		.2byte	0x1
 953 007e 54       		.byte	0x54
 954 007f 00000000 		.4byte	0
 955 0083 00000000 		.4byte	0
 956              	.LLST4:
 957 0087 00000000 		.4byte	.LVL6
 958 008b 0C000000 		.4byte	.LVL8
 959 008f 0100     		.2byte	0x1
 960 0091 50       		.byte	0x50
 961 0092 0C000000 		.4byte	.LVL8
 962 0096 26000000 		.4byte	.LFE111
 963 009a 0100     		.2byte	0x1
 964 009c 55       		.byte	0x55
 965 009d 00000000 		.4byte	0
 966 00a1 00000000 		.4byte	0
 967              	.LLST5:
 968 00a5 00000000 		.4byte	.LVL6
 969 00a9 0C000000 		.4byte	.LVL8
 970 00ad 0100     		.2byte	0x1
 971 00af 51       		.byte	0x51
 972 00b0 0C000000 		.4byte	.LVL8
 973 00b4 26000000 		.4byte	.LFE111
 974 00b8 0400     		.2byte	0x4
 975 00ba F3       		.byte	0xf3
 976 00bb 01       		.uleb128 0x1
 977 00bc 51       		.byte	0x51
 978 00bd 9F       		.byte	0x9f
 979 00be 00000000 		.4byte	0
 980 00c2 00000000 		.4byte	0
 981              	.LLST6:
 982 00c6 00000000 		.4byte	.LVL6
 983 00ca 0C000000 		.4byte	.LVL8
 984 00ce 0100     		.2byte	0x1
 985 00d0 52       		.byte	0x52
 986 00d1 0C000000 		.4byte	.LVL8
 987 00d5 26000000 		.4byte	.LFE111
ARM GAS  C:\Users\91819\AppData\Local\Temp\cc0saxFl.s 			page 20


 988 00d9 0100     		.2byte	0x1
 989 00db 57       		.byte	0x57
 990 00dc 00000000 		.4byte	0
 991 00e0 00000000 		.4byte	0
 992              	.LLST7:
 993 00e4 08000000 		.4byte	.LVL7
 994 00e8 0C000000 		.4byte	.LVL8
 995 00ec 0200     		.2byte	0x2
 996 00ee 30       		.byte	0x30
 997 00ef 9F       		.byte	0x9f
 998 00f0 0C000000 		.4byte	.LVL8
 999 00f4 1E000000 		.4byte	.LVL10
 1000 00f8 0100     		.2byte	0x1
 1001 00fa 54       		.byte	0x54
 1002 00fb 20000000 		.4byte	.LVL11
 1003 00ff 26000000 		.4byte	.LFE111
 1004 0103 0100     		.2byte	0x1
 1005 0105 54       		.byte	0x54
 1006 0106 00000000 		.4byte	0
 1007 010a 00000000 		.4byte	0
 1008              		.section	.debug_aranges,"",%progbits
 1009 0000 24000000 		.4byte	0x24
 1010 0004 0200     		.2byte	0x2
 1011 0006 00000000 		.4byte	.Ldebug_info0
 1012 000a 04       		.byte	0x4
 1013 000b 00       		.byte	0
 1014 000c 0000     		.2byte	0
 1015 000e 0000     		.2byte	0
 1016 0010 00000000 		.4byte	.LFB110
 1017 0014 2E000000 		.4byte	.LFE110-.LFB110
 1018 0018 00000000 		.4byte	.LFB111
 1019 001c 26000000 		.4byte	.LFE111-.LFB111
 1020 0020 00000000 		.4byte	0
 1021 0024 00000000 		.4byte	0
 1022              		.section	.debug_ranges,"",%progbits
 1023              	.Ldebug_ranges0:
 1024 0000 00000000 		.4byte	.LFB110
 1025 0004 2E000000 		.4byte	.LFE110
 1026 0008 00000000 		.4byte	.LFB111
 1027 000c 26000000 		.4byte	.LFE111
 1028 0010 00000000 		.4byte	0
 1029 0014 00000000 		.4byte	0
 1030              		.section	.debug_line,"",%progbits
 1031              	.Ldebug_line0:
 1032 0000 8F020000 		.section	.debug_str,"MS",%progbits,1
 1032      02004602 
 1032      00000201 
 1032      FB0E0D00 
 1032      01010101 
 1033              	.LASF49:
 1034 0000 4576656E 		.ascii	"EventMaskType\000"
 1034      744D6173 
 1034      6B547970 
 1034      6500
 1035              	.LASF27:
 1036 000e 52435F45 		.ascii	"RC_ERROR_READ_ONLY\000"
 1036      52524F52 
ARM GAS  C:\Users\91819\AppData\Local\Temp\cc0saxFl.s 			page 21


 1036      5F524541 
 1036      445F4F4E 
 1036      4C5900
 1037              	.LASF13:
 1038 0021 52435F53 		.ascii	"RC_SUCCESS\000"
 1038      55434345 
 1038      535300
 1039              	.LASF28:
 1040 002c 52435F45 		.ascii	"RC_ERROR_WRITE_ONLY\000"
 1040      52524F52 
 1040      5F575249 
 1040      54455F4F 
 1040      4E4C5900 
 1041              	.LASF2:
 1042 0040 73686F72 		.ascii	"short int\000"
 1042      7420696E 
 1042      7400
 1043              	.LASF19:
 1044 004a 52435F45 		.ascii	"RC_ERROR_OVERRUN\000"
 1044      52524F52 
 1044      5F4F5645 
 1044      5252554E 
 1044      00
 1045              	.LASF31:
 1046 005b 52435F45 		.ascii	"RC_ERROR_WRITE_FAILS\000"
 1046      52524F52 
 1046      5F575249 
 1046      54455F46 
 1046      41494C53 
 1047              	.LASF50:
 1048 0070 73697A65 		.ascii	"sizetype\000"
 1048      74797065 
 1048      00
 1049              	.LASF16:
 1050 0079 52435F45 		.ascii	"RC_ERROR_ZERO\000"
 1050      52524F52 
 1050      5F5A4552 
 1050      4F00
 1051              	.LASF47:
 1052 0087 45455F46 		.ascii	"EE_FREG\000"
 1052      52454700 
 1053              	.LASF30:
 1054 008f 52435F45 		.ascii	"RC_ERROR_READ_FAILS\000"
 1054      52524F52 
 1054      5F524541 
 1054      445F4641 
 1054      494C5300 
 1055              	.LASF55:
 1056 00a3 6576656E 		.ascii	"event\000"
 1056      7400
 1057              	.LASF70:
 1058 00a9 433A5C55 		.ascii	"C:\\Users\\91819\\Documents\\HDA_Sem2\\EAA\\Assignm"
 1058      73657273 
 1058      5C393138 
 1058      31395C44 
 1058      6F63756D 
 1059 00d6 656E7473 		.ascii	"ents\\Assignment1_RTE\\autosar_01.cydsn (2)\\autosa"
ARM GAS  C:\Users\91819\AppData\Local\Temp\cc0saxFl.s 			page 22


 1059      5C417373 
 1059      69676E6D 
 1059      656E7431 
 1059      5F525445 
 1060 0106 725F3031 		.ascii	"r_01.cydsn\000"
 1060      2E637964 
 1060      736E00
 1061              	.LASF48:
 1062 0111 45455F54 		.ascii	"EE_TID\000"
 1062      494400
 1063              	.LASF36:
 1064 0118 52435F45 		.ascii	"RC_ERROR_INVALID_STATE\000"
 1064      52524F52 
 1064      5F494E56 
 1064      414C4944 
 1064      5F535441 
 1065              	.LASF57:
 1066 012f 7461626C 		.ascii	"table\000"
 1066      6500
 1067              	.LASF66:
 1068 0135 45455F49 		.ascii	"EE_IRQ_nesting_level\000"
 1068      52515F6E 
 1068      65737469 
 1068      6E675F6C 
 1068      6576656C 
 1069              	.LASF44:
 1070 014a 45455F49 		.ascii	"EE_INT32\000"
 1070      4E543332 
 1070      00
 1071              	.LASF53:
 1072 0153 6379636C 		.ascii	"cycleTime\000"
 1072      6554696D 
 1072      6500
 1073              	.LASF65:
 1074 015d 45455F73 		.ascii	"EE_std_endcycle_next_tid\000"
 1074      74645F65 
 1074      6E646379 
 1074      636C655F 
 1074      6E657874 
 1075              	.LASF18:
 1076 0176 52435F45 		.ascii	"RC_ERROR_RANGE\000"
 1076      52524F52 
 1076      5F52414E 
 1076      474500
 1077              	.LASF8:
 1078 0185 666C6F61 		.ascii	"float\000"
 1078      7400
 1079              	.LASF38:
 1080 018b 52435F45 		.ascii	"RC_ERROR_NOT_IMPLEMENTED\000"
 1080      52524F52 
 1080      5F4E4F54 
 1080      5F494D50 
 1080      4C454D45 
 1081              	.LASF10:
 1082 01a4 6C6F6E67 		.ascii	"long long int\000"
 1082      206C6F6E 
 1082      6720696E 
ARM GAS  C:\Users\91819\AppData\Local\Temp\cc0saxFl.s 			page 23


 1082      7400
 1083              	.LASF63:
 1084 01b2 45455F6F 		.ascii	"EE_oo_IRQ_suspend_status\000"
 1084      6F5F4952 
 1084      515F7375 
 1084      7370656E 
 1084      645F7374 
 1085              	.LASF32:
 1086 01cb 52435F45 		.ascii	"RC_ERROR_NOT_MATCH\000"
 1086      52524F52 
 1086      5F4E4F54 
 1086      5F4D4154 
 1086      434800
 1087              	.LASF37:
 1088 01de 52435F45 		.ascii	"RC_ERROR_UNKNOWN\000"
 1088      52524F52 
 1088      5F554E4B 
 1088      4E4F574E 
 1088      00
 1089              	.LASF4:
 1090 01ef 6C6F6E67 		.ascii	"long int\000"
 1090      20696E74 
 1090      00
 1091              	.LASF20:
 1092 01f8 52435F45 		.ascii	"RC_ERROR_UNDERRUN\000"
 1092      52524F52 
 1092      5F554E44 
 1092      45525255 
 1092      4E00
 1093              	.LASF23:
 1094 020a 52435F45 		.ascii	"RC_ERROR_BUSY\000"
 1094      52524F52 
 1094      5F425553 
 1094      5900
 1095              	.LASF29:
 1096 0218 52435F45 		.ascii	"RC_ERROR_INVALID\000"
 1096      52524F52 
 1096      5F494E56 
 1096      414C4944 
 1096      00
 1097              	.LASF34:
 1098 0229 52435F45 		.ascii	"RC_ERROR_BAD_DATA\000"
 1098      52524F52 
 1098      5F424144 
 1098      5F444154 
 1098      4100
 1099              	.LASF43:
 1100 023b 6C6F6E67 		.ascii	"long double\000"
 1100      20646F75 
 1100      626C6500 
 1101              	.LASF1:
 1102 0247 756E7369 		.ascii	"unsigned char\000"
 1102      676E6564 
 1102      20636861 
 1102      7200
 1103              	.LASF45:
 1104 0255 45455F55 		.ascii	"EE_UINT32\000"
ARM GAS  C:\Users\91819\AppData\Local\Temp\cc0saxFl.s 			page 24


 1104      494E5433 
 1104      3200
 1105              	.LASF0:
 1106 025f 7369676E 		.ascii	"signed char\000"
 1106      65642063 
 1106      68617200 
 1107              	.LASF11:
 1108 026b 6C6F6E67 		.ascii	"long long unsigned int\000"
 1108      206C6F6E 
 1108      6720756E 
 1108      7369676E 
 1108      65642069 
 1109              	.LASF56:
 1110 0282 5254455F 		.ascii	"RTE_eventTable_t\000"
 1110      6576656E 
 1110      74546162 
 1110      6C655F74 
 1110      00
 1111              	.LASF6:
 1112 0293 75696E74 		.ascii	"uint32_t\000"
 1112      33325F74 
 1112      00
 1113              	.LASF41:
 1114 029c 756E7369 		.ascii	"unsigned int\000"
 1114      676E6564 
 1114      20696E74 
 1114      00
 1115              	.LASF25:
 1116 02a9 52435F45 		.ascii	"RC_ERROR_OPEN\000"
 1116      52524F52 
 1116      5F4F5045 
 1116      4E00
 1117              	.LASF5:
 1118 02b7 75696E74 		.ascii	"uint16_t\000"
 1118      31365F74 
 1118      00
 1119              	.LASF15:
 1120 02c0 52435F45 		.ascii	"RC_ERROR_NULL\000"
 1120      52524F52 
 1120      5F4E554C 
 1120      4C00
 1121              	.LASF22:
 1122 02ce 52435F45 		.ascii	"RC_ERROR_BUFFER_EMTPY\000"
 1122      52524F52 
 1122      5F425546 
 1122      4645525F 
 1122      454D5450 
 1123              	.LASF59:
 1124 02e4 74696D65 		.ascii	"time\000"
 1124      00
 1125              	.LASF3:
 1126 02e9 73686F72 		.ascii	"short unsigned int\000"
 1126      7420756E 
 1126      7369676E 
 1126      65642069 
 1126      6E7400
 1127              	.LASF54:
ARM GAS  C:\Users\91819\AppData\Local\Temp\cc0saxFl.s 			page 25


 1128 02fc 5254455F 		.ascii	"RTE_cyclicTable_t\000"
 1128      6379636C 
 1128      69635461 
 1128      626C655F 
 1128      7400
 1129              	.LASF68:
 1130 030e 474E5520 		.ascii	"GNU C11 5.4.1 20160609 (release) [ARM/embedded-5-br"
 1130      43313120 
 1130      352E342E 
 1130      31203230 
 1130      31363036 
 1131 0341 616E6368 		.ascii	"anch revision 237715] -mcpu=cortex-m3 -mthumb -g -O"
 1131      20726576 
 1131      6973696F 
 1131      6E203233 
 1131      37373135 
 1132 0374 67202D66 		.ascii	"g -ffunction-sections -ffat-lto-objects\000"
 1132      66756E63 
 1132      74696F6E 
 1132      2D736563 
 1132      74696F6E 
 1133              	.LASF12:
 1134 039c 63686172 		.ascii	"char\000"
 1134      00
 1135              	.LASF21:
 1136 03a1 52435F45 		.ascii	"RC_ERROR_BUFFER_FULL\000"
 1136      52524F52 
 1136      5F425546 
 1136      4645525F 
 1136      46554C4C 
 1137              	.LASF42:
 1138 03b6 696E7433 		.ascii	"int32_t\000"
 1138      325F7400 
 1139              	.LASF61:
 1140 03be 5254455F 		.ascii	"RTE_ProcessEventTable\000"
 1140      50726F63 
 1140      65737345 
 1140      76656E74 
 1140      5461626C 
 1141              	.LASF33:
 1142 03d4 52435F45 		.ascii	"RC_ERROR_BAD_PARAM\000"
 1142      52524F52 
 1142      5F424144 
 1142      5F504152 
 1142      414D00
 1143              	.LASF64:
 1144 03e7 45455F41 		.ascii	"EE_ApplicationMode\000"
 1144      70706C69 
 1144      63617469 
 1144      6F6E4D6F 
 1144      646500
 1145              	.LASF7:
 1146 03fa 6C6F6E67 		.ascii	"long unsigned int\000"
 1146      20756E73 
 1146      69676E65 
 1146      6420696E 
 1146      7400
ARM GAS  C:\Users\91819\AppData\Local\Temp\cc0saxFl.s 			page 26


 1147              	.LASF9:
 1148 040c 646F7562 		.ascii	"double\000"
 1148      6C6500
 1149              	.LASF26:
 1150 0413 52435F45 		.ascii	"RC_ERROR_CHECKSUM\000"
 1150      52524F52 
 1150      5F434845 
 1150      434B5355 
 1150      4D00
 1151              	.LASF46:
 1152 0425 45455F55 		.ascii	"EE_UREG\000"
 1152      52454700 
 1153              	.LASF58:
 1154 042d 7461626C 		.ascii	"tableSize\000"
 1154      6553697A 
 1154      6500
 1155              	.LASF60:
 1156 0437 5254455F 		.ascii	"RTE_ProcessCyclicTable\000"
 1156      50726F63 
 1156      65737343 
 1156      79636C69 
 1156      63546162 
 1157              	.LASF40:
 1158 044e 5F5F696E 		.ascii	"__int32_t\000"
 1158      7433325F 
 1158      7400
 1159              	.LASF51:
 1160 0458 5254455F 		.ascii	"RTE_event\000"
 1160      6576656E 
 1160      7400
 1161              	.LASF69:
 1162 0462 736F7572 		.ascii	"source\\rte\\rte.c\000"
 1162      63655C72 
 1162      74655C72 
 1162      74652E63 
 1162      00
 1163              	.LASF35:
 1164 0473 52435F45 		.ascii	"RC_ERROR_CANCELED\000"
 1164      52524F52 
 1164      5F43414E 
 1164      43454C45 
 1164      4400
 1165              	.LASF52:
 1166 0485 5254455F 		.ascii	"RTE_pRunnable\000"
 1166      7052756E 
 1166      6E61626C 
 1166      6500
 1167              	.LASF67:
 1168 0493 49544D5F 		.ascii	"ITM_RxBuffer\000"
 1168      52784275 
 1168      66666572 
 1168      00
 1169              	.LASF14:
 1170 04a0 52435F45 		.ascii	"RC_ERROR\000"
 1170      52524F52 
 1170      00
 1171              	.LASF17:
ARM GAS  C:\Users\91819\AppData\Local\Temp\cc0saxFl.s 			page 27


 1172 04a9 52435F45 		.ascii	"RC_ERROR_MEMORY\000"
 1172      52524F52 
 1172      5F4D454D 
 1172      4F525900 
 1173              	.LASF62:
 1174 04b9 45455F6F 		.ascii	"EE_oo_IRQ_disable_count\000"
 1174      6F5F4952 
 1174      515F6469 
 1174      7361626C 
 1174      655F636F 
 1175              	.LASF39:
 1176 04d1 52435F74 		.ascii	"RC_t\000"
 1176      00
 1177              	.LASF24:
 1178 04d6 52435F45 		.ascii	"RC_ERROR_TIME_OUT\000"
 1178      52524F52 
 1178      5F54494D 
 1178      455F4F55 
 1178      5400
 1179              		.ident	"GCC: (GNU Tools for ARM Embedded Processors) 5.4.1 20160609 (release) [ARM/embedded-5-bran
