ARM GAS  C:\Users\91819\AppData\Local\Temp\cca8q7My.s 			page 1


   1              		.syntax unified
   2              		.cpu cortex-m3
   3              		.fpu softvfp
   4              		.eabi_attribute 20, 1
   5              		.eabi_attribute 21, 1
   6              		.eabi_attribute 23, 3
   7              		.eabi_attribute 24, 1
   8              		.eabi_attribute 25, 1
   9              		.eabi_attribute 26, 1
  10              		.eabi_attribute 30, 1
  11              		.eabi_attribute 34, 1
  12              		.eabi_attribute 18, 4
  13              		.thumb
  14              		.syntax unified
  15              		.file	"sc_brakelight_type.c"
  16              		.text
  17              	.Ltext0:
  18              		.cfi_sections	.debug_frame
  19              		.section	.text.SC_BRAKELIGHT_driverOut,"ax",%progbits
  20              		.align	2
  21              		.global	SC_BRAKELIGHT_driverOut
  22              		.thumb
  23              		.thumb_func
  24              		.type	SC_BRAKELIGHT_driverOut, %function
  25              	SC_BRAKELIGHT_driverOut:
  26              	.LFB110:
  27              		.file 1 "source\\rte\\sc_brakelight_type.c"
   1:source\rte/sc_brakelight_type.c **** 
   2:source\rte/sc_brakelight_type.c **** 
   3:source\rte/sc_brakelight_type.c **** /*
   4:source\rte/sc_brakelight_type.c ****  * Filename: sc_brakelight_type.c
   5:source\rte/sc_brakelight_type.c ****  *
   6:source\rte/sc_brakelight_type.c ****  * Author: Autogenerated by H-DA RTE Generator, (c) Prof. Fromm
   7:source\rte/sc_brakelight_type.c ****  */
   8:source\rte/sc_brakelight_type.c **** 
   9:source\rte/sc_brakelight_type.c **** #include "project.h"
  10:source\rte/sc_brakelight_type.c **** #include "global.h"
  11:source\rte/sc_brakelight_type.c **** #include "rte.h"
  12:source\rte/sc_brakelight_type.c **** #include "rte_types.h"
  13:source\rte/sc_brakelight_type.c **** #include "sc_brakelight_type.h"
  14:source\rte/sc_brakelight_type.c **** 
  15:source\rte/sc_brakelight_type.c **** 
  16:source\rte/sc_brakelight_type.c **** 
  17:source\rte/sc_brakelight_type.c **** /* USER CODE START SC_BRAKELIGHT_INCLUDE */
  18:source\rte/sc_brakelight_type.c **** 
  19:source\rte/sc_brakelight_type.c **** /* USER CODE END SC_BRAKELIGHT_INCLUDE */
  20:source\rte/sc_brakelight_type.c **** 
  21:source\rte/sc_brakelight_type.c **** 
  22:source\rte/sc_brakelight_type.c **** /*
  23:source\rte/sc_brakelight_type.c **** * description: Signalclass
  24:source\rte/sc_brakelight_type.c **** * name: sc_brakeLight
  25:source\rte/sc_brakelight_type.c **** * shortname: brakeLight
  26:source\rte/sc_brakelight_type.c **** */
  27:source\rte/sc_brakelight_type.c **** 
  28:source\rte/sc_brakelight_type.c **** /* USER CODE START SC_BRAKELIGHT_USERDEFINITIONS */
  29:source\rte/sc_brakelight_type.c **** 
  30:source\rte/sc_brakelight_type.c **** /* USER CODE END SC_BRAKELIGHT_USERDEFINITIONS */
ARM GAS  C:\Users\91819\AppData\Local\Temp\cca8q7My.s 			page 2


  31:source\rte/sc_brakelight_type.c **** 
  32:source\rte/sc_brakelight_type.c **** 
  33:source\rte/sc_brakelight_type.c **** /*****************************************************************************************
  34:source\rte/sc_brakelight_type.c ****  *************** Port Wrapper Implementation for SC_BRAKELIGHT signal  ****************
  35:source\rte/sc_brakelight_type.c ****  *****************************************************************************************/
  36:source\rte/sc_brakelight_type.c ****  
  37:source\rte/sc_brakelight_type.c ****  
  38:source\rte/sc_brakelight_type.c **** /**
  39:source\rte/sc_brakelight_type.c ****  * Default OUT driver API
  40:source\rte/sc_brakelight_type.c ****  */
  41:source\rte/sc_brakelight_type.c **** inline RC_t SC_BRAKELIGHT_driverOut(const SC_BRAKELIGHT_data_t  *const data)
  42:source\rte/sc_brakelight_type.c **** {
  28              		.loc 1 42 0
  29              		.cfi_startproc
  30              		@ args = 0, pretend = 0, frame = 0
  31              		@ frame_needed = 0, uses_anonymous_args = 0
  32              	.LVL0:
  33 0000 08B5     		push	{r3, lr}
  34              		.cfi_def_cfa_offset 8
  35              		.cfi_offset 3, -8
  36              		.cfi_offset 14, -4
  43:source\rte/sc_brakelight_type.c **** 	/* USER CODE START driverOutSC_BRAKELIGHT */
  44:source\rte/sc_brakelight_type.c ****     if(data->status == TRUE)
  37              		.loc 1 44 0
  38 0002 0378     		ldrb	r3, [r0]	@ zero_extendqisi2
  39 0004 012B     		cmp	r3, #1
  40 0006 03D1     		bne	.L2
  45:source\rte/sc_brakelight_type.c ****     {
  46:source\rte/sc_brakelight_type.c ****         LED_Red_Write(1);
  41              		.loc 1 46 0
  42 0008 0120     		movs	r0, #1
  43              	.LVL1:
  44 000a FFF7FEFF 		bl	LED_Red_Write
  45              	.LVL2:
  46 000e 02E0     		b	.L3
  47              	.LVL3:
  48              	.L2:
  47:source\rte/sc_brakelight_type.c ****     }
  48:source\rte/sc_brakelight_type.c ****     else 
  49:source\rte/sc_brakelight_type.c ****     {
  50:source\rte/sc_brakelight_type.c ****         LED_Red_Write(0);
  49              		.loc 1 50 0
  50 0010 0020     		movs	r0, #0
  51              	.LVL4:
  52 0012 FFF7FEFF 		bl	LED_Red_Write
  53              	.LVL5:
  54              	.L3:
  51:source\rte/sc_brakelight_type.c ****     }
  52:source\rte/sc_brakelight_type.c **** 
  53:source\rte/sc_brakelight_type.c **** 	//Scale application data to drive format
  54:source\rte/sc_brakelight_type.c **** 
  55:source\rte/sc_brakelight_type.c **** 	//Write scaled data to driver
  56:source\rte/sc_brakelight_type.c **** 
  57:source\rte/sc_brakelight_type.c **** 	return RC_SUCCESS;
  58:source\rte/sc_brakelight_type.c **** 	/* USER CODE END driverOutSC_BRAKELIGHT */
  59:source\rte/sc_brakelight_type.c **** }
  55              		.loc 1 59 0
ARM GAS  C:\Users\91819\AppData\Local\Temp\cca8q7My.s 			page 3


  56 0016 0020     		movs	r0, #0
  57 0018 08BD     		pop	{r3, pc}
  58              		.cfi_endproc
  59              	.LFE110:
  60              		.size	SC_BRAKELIGHT_driverOut, .-SC_BRAKELIGHT_driverOut
  61 001a 00BF     		.text
  62              	.Letext0:
  63              		.file 2 "c:\\program files (x86)\\cypress\\psoc creator\\4.4\\psoc creator\\import\\gnu\\arm\\5.4.
  64              		.file 3 "c:\\program files (x86)\\cypress\\psoc creator\\4.4\\psoc creator\\import\\gnu\\arm\\5.4.
  65              		.file 4 "Generated_Source\\PSoC5/ErikaOS_1_common_ee_types.inc"
  66              		.file 5 "Generated_Source\\PSoC5/ErikaOS_1_cortex_mx_ee_cpu.inc"
  67              		.file 6 ".\\source\\bsw/global.h"
  68              		.file 7 "source\\rte\\sc_brakelight_type.h"
  69              		.file 8 "Generated_Source\\PSoC5/ErikaOS_1_ee_oo_intfunc.inc"
  70              		.file 9 "Generated_Source\\PSoC5/ErikaOS_1_cortex_mx_ee_context.inc"
  71              		.file 10 "Generated_Source\\PSoC5/ErikaOS_1_common_ee_primitives.inc"
  72              		.file 11 "Generated_Source\\PSoC5/core_cm3.h"
  73              		.file 12 "Generated_Source\\PSoC5/LED_Red.h"
  74              		.section	.debug_info,"",%progbits
  75              	.Ldebug_info0:
  76 0000 65020000 		.4byte	0x265
  77 0004 0400     		.2byte	0x4
  78 0006 00000000 		.4byte	.Ldebug_abbrev0
  79 000a 04       		.byte	0x4
  80 000b 01       		.uleb128 0x1
  81 000c 0E030000 		.4byte	.LASF56
  82 0010 0C       		.byte	0xc
  83 0011 1E000000 		.4byte	.LASF57
  84 0015 BF000000 		.4byte	.LASF58
  85 0019 00000000 		.4byte	.Ldebug_ranges0+0
  86 001d 00000000 		.4byte	0
  87 0021 00000000 		.4byte	.Ldebug_line0
  88 0025 02       		.uleb128 0x2
  89 0026 01       		.byte	0x1
  90 0027 06       		.byte	0x6
  91 0028 74020000 		.4byte	.LASF0
  92 002c 02       		.uleb128 0x2
  93 002d 01       		.byte	0x1
  94 002e 08       		.byte	0x8
  95 002f 4E020000 		.4byte	.LASF1
  96 0033 02       		.uleb128 0x2
  97 0034 02       		.byte	0x2
  98 0035 05       		.byte	0x5
  99 0036 52000000 		.4byte	.LASF2
 100 003a 02       		.uleb128 0x2
 101 003b 02       		.byte	0x2
 102 003c 07       		.byte	0x7
 103 003d F4020000 		.4byte	.LASF3
 104 0041 03       		.uleb128 0x3
 105 0042 1C040000 		.4byte	.LASF9
 106 0046 02       		.byte	0x2
 107 0047 3F       		.byte	0x3f
 108 0048 4C000000 		.4byte	0x4c
 109 004c 02       		.uleb128 0x2
 110 004d 04       		.byte	0x4
 111 004e 05       		.byte	0x5
 112 004f EC010000 		.4byte	.LASF4
ARM GAS  C:\Users\91819\AppData\Local\Temp\cca8q7My.s 			page 4


 113 0053 02       		.uleb128 0x2
 114 0054 04       		.byte	0x4
 115 0055 07       		.byte	0x7
 116 0056 E9030000 		.4byte	.LASF5
 117 005a 02       		.uleb128 0x2
 118 005b 08       		.byte	0x8
 119 005c 05       		.byte	0x5
 120 005d A1010000 		.4byte	.LASF6
 121 0061 02       		.uleb128 0x2
 122 0062 08       		.byte	0x8
 123 0063 07       		.byte	0x7
 124 0064 80020000 		.4byte	.LASF7
 125 0068 04       		.uleb128 0x4
 126 0069 04       		.byte	0x4
 127 006a 05       		.byte	0x5
 128 006b 696E7400 		.ascii	"int\000"
 129 006f 02       		.uleb128 0x2
 130 0070 04       		.byte	0x4
 131 0071 07       		.byte	0x7
 132 0072 97020000 		.4byte	.LASF8
 133 0076 03       		.uleb128 0x3
 134 0077 B6030000 		.4byte	.LASF10
 135 007b 03       		.byte	0x3
 136 007c 2C       		.byte	0x2c
 137 007d 41000000 		.4byte	0x41
 138 0081 02       		.uleb128 0x2
 139 0082 04       		.byte	0x4
 140 0083 04       		.byte	0x4
 141 0084 82010000 		.4byte	.LASF11
 142 0088 02       		.uleb128 0x2
 143 0089 08       		.byte	0x8
 144 008a 04       		.byte	0x4
 145 008b FB030000 		.4byte	.LASF12
 146 008f 02       		.uleb128 0x2
 147 0090 01       		.byte	0x1
 148 0091 08       		.byte	0x8
 149 0092 9C030000 		.4byte	.LASF13
 150 0096 02       		.uleb128 0x2
 151 0097 08       		.byte	0x8
 152 0098 04       		.byte	0x4
 153 0099 42020000 		.4byte	.LASF14
 154 009d 03       		.uleb128 0x3
 155 009e D6020000 		.4byte	.LASF15
 156 00a2 04       		.byte	0x4
 157 00a3 53       		.byte	0x53
 158 00a4 68000000 		.4byte	0x68
 159 00a8 03       		.uleb128 0x3
 160 00a9 B5000000 		.4byte	.LASF16
 161 00ad 04       		.byte	0x4
 162 00ae 54       		.byte	0x54
 163 00af 6F000000 		.4byte	0x6f
 164 00b3 03       		.uleb128 0x3
 165 00b4 14040000 		.4byte	.LASF17
 166 00b8 05       		.byte	0x5
 167 00b9 4D       		.byte	0x4d
 168 00ba A8000000 		.4byte	0xa8
 169 00be 03       		.uleb128 0x3
ARM GAS  C:\Users\91819\AppData\Local\Temp\cca8q7My.s 			page 5


 170 00bf 99000000 		.4byte	.LASF18
 171 00c3 05       		.byte	0x5
 172 00c4 4F       		.byte	0x4f
 173 00c5 A8000000 		.4byte	0xa8
 174 00c9 03       		.uleb128 0x3
 175 00ca 27010000 		.4byte	.LASF19
 176 00ce 05       		.byte	0x5
 177 00cf 78       		.byte	0x78
 178 00d0 9D000000 		.4byte	0x9d
 179 00d4 02       		.uleb128 0x2
 180 00d5 04       		.byte	0x4
 181 00d6 07       		.byte	0x7
 182 00d7 82000000 		.4byte	.LASF20
 183 00db 03       		.uleb128 0x3
 184 00dc 38020000 		.4byte	.LASF21
 185 00e0 06       		.byte	0x6
 186 00e1 9C       		.byte	0x9c
 187 00e2 2C000000 		.4byte	0x2c
 188 00e6 05       		.uleb128 0x5
 189 00e7 01       		.byte	0x1
 190 00e8 25000000 		.4byte	0x25
 191 00ec 06       		.byte	0x6
 192 00ed CF       		.byte	0xcf
 193 00ee 8F010000 		.4byte	0x18f
 194 00f2 06       		.uleb128 0x6
 195 00f3 13000000 		.4byte	.LASF22
 196 00f7 00       		.byte	0
 197 00f8 07       		.uleb128 0x7
 198 00f9 53040000 		.4byte	.LASF23
 199 00fd 7F       		.sleb128 -1
 200 00fe 07       		.uleb128 0x7
 201 00ff B2020000 		.4byte	.LASF24
 202 0103 7E       		.sleb128 -2
 203 0104 07       		.uleb128 0x7
 204 0105 8B000000 		.4byte	.LASF25
 205 0109 7D       		.sleb128 -3
 206 010a 07       		.uleb128 0x7
 207 010b 5C040000 		.4byte	.LASF26
 208 010f 7C       		.sleb128 -4
 209 0110 07       		.uleb128 0x7
 210 0111 73010000 		.4byte	.LASF27
 211 0115 7B       		.sleb128 -5
 212 0116 07       		.uleb128 0x7
 213 0117 5C000000 		.4byte	.LASF28
 214 011b 7A       		.sleb128 -6
 215 011c 07       		.uleb128 0x7
 216 011d F5010000 		.4byte	.LASF29
 217 0121 79       		.sleb128 -7
 218 0122 07       		.uleb128 0x7
 219 0123 A1030000 		.4byte	.LASF30
 220 0127 78       		.sleb128 -8
 221 0128 07       		.uleb128 0x7
 222 0129 C0020000 		.4byte	.LASF31
 223 012d 77       		.sleb128 -9
 224 012e 07       		.uleb128 0x7
 225 012f 07020000 		.4byte	.LASF32
 226 0133 76       		.sleb128 -10
ARM GAS  C:\Users\91819\AppData\Local\Temp\cca8q7My.s 			page 6


 227 0134 07       		.uleb128 0x7
 228 0135 89040000 		.4byte	.LASF33
 229 0139 75       		.sleb128 -11
 230 013a 07       		.uleb128 0x7
 231 013b A4020000 		.4byte	.LASF34
 232 013f 74       		.sleb128 -12
 233 0140 07       		.uleb128 0x7
 234 0141 02040000 		.4byte	.LASF35
 235 0145 73       		.sleb128 -13
 236 0146 07       		.uleb128 0x7
 237 0147 00000000 		.4byte	.LASF36
 238 014b 72       		.sleb128 -14
 239 014c 07       		.uleb128 0x7
 240 014d 3E000000 		.4byte	.LASF37
 241 0151 71       		.sleb128 -15
 242 0152 07       		.uleb128 0x7
 243 0153 15020000 		.4byte	.LASF38
 244 0157 70       		.sleb128 -16
 245 0158 07       		.uleb128 0x7
 246 0159 A1000000 		.4byte	.LASF39
 247 015d 6F       		.sleb128 -17
 248 015e 07       		.uleb128 0x7
 249 015f 6D000000 		.4byte	.LASF40
 250 0163 6E       		.sleb128 -18
 251 0164 07       		.uleb128 0x7
 252 0165 C8010000 		.4byte	.LASF41
 253 0169 6D       		.sleb128 -19
 254 016a 07       		.uleb128 0x7
 255 016b BE030000 		.4byte	.LASF42
 256 016f 6C       		.sleb128 -20
 257 0170 07       		.uleb128 0x7
 258 0171 26020000 		.4byte	.LASF43
 259 0175 6B       		.sleb128 -21
 260 0176 07       		.uleb128 0x7
 261 0177 26040000 		.4byte	.LASF44
 262 017b 6A       		.sleb128 -22
 263 017c 07       		.uleb128 0x7
 264 017d 2E010000 		.4byte	.LASF45
 265 0181 69       		.sleb128 -23
 266 0182 07       		.uleb128 0x7
 267 0183 DB010000 		.4byte	.LASF46
 268 0187 68       		.sleb128 -24
 269 0188 07       		.uleb128 0x7
 270 0189 88010000 		.4byte	.LASF47
 271 018d 67       		.sleb128 -25
 272 018e 00       		.byte	0
 273 018f 03       		.uleb128 0x3
 274 0190 84040000 		.4byte	.LASF48
 275 0194 06       		.byte	0x6
 276 0195 EA       		.byte	0xea
 277 0196 E6000000 		.4byte	0xe6
 278 019a 08       		.uleb128 0x8
 279 019b 01       		.byte	0x1
 280 019c 07       		.byte	0x7
 281 019d 1F       		.byte	0x1f
 282 019e AF010000 		.4byte	0x1af
 283 01a2 09       		.uleb128 0x9
ARM GAS  C:\Users\91819\AppData\Local\Temp\cca8q7My.s 			page 7


 284 01a3 07030000 		.4byte	.LASF59
 285 01a7 07       		.byte	0x7
 286 01a8 21       		.byte	0x21
 287 01a9 DB000000 		.4byte	0xdb
 288 01ad 00       		.byte	0
 289 01ae 00       		.byte	0
 290 01af 03       		.uleb128 0x3
 291 01b0 DF020000 		.4byte	.LASF49
 292 01b4 07       		.byte	0x7
 293 01b5 24       		.byte	0x24
 294 01b6 9A010000 		.4byte	0x19a
 295 01ba 0A       		.uleb128 0xa
 296 01bb 5C020000 		.4byte	.LASF60
 297 01bf 01       		.byte	0x1
 298 01c0 29       		.byte	0x29
 299 01c1 8F010000 		.4byte	0x18f
 300 01c5 00000000 		.4byte	.LFB110
 301 01c9 1A000000 		.4byte	.LFE110-.LFB110
 302 01cd 01       		.uleb128 0x1
 303 01ce 9C       		.byte	0x9c
 304 01cf 05020000 		.4byte	0x205
 305 01d3 0B       		.uleb128 0xb
 306 01d4 D1030000 		.4byte	.LASF61
 307 01d8 01       		.byte	0x1
 308 01d9 29       		.byte	0x29
 309 01da 10020000 		.4byte	0x210
 310 01de 00000000 		.4byte	.LLST0
 311 01e2 0C       		.uleb128 0xc
 312 01e3 0E000000 		.4byte	.LVL2
 313 01e7 5D020000 		.4byte	0x25d
 314 01eb F5010000 		.4byte	0x1f5
 315 01ef 0D       		.uleb128 0xd
 316 01f0 01       		.uleb128 0x1
 317 01f1 50       		.byte	0x50
 318 01f2 01       		.uleb128 0x1
 319 01f3 31       		.byte	0x31
 320 01f4 00       		.byte	0
 321 01f5 0E       		.uleb128 0xe
 322 01f6 16000000 		.4byte	.LVL5
 323 01fa 5D020000 		.4byte	0x25d
 324 01fe 0D       		.uleb128 0xd
 325 01ff 01       		.uleb128 0x1
 326 0200 50       		.byte	0x50
 327 0201 01       		.uleb128 0x1
 328 0202 30       		.byte	0x30
 329 0203 00       		.byte	0
 330 0204 00       		.byte	0
 331 0205 0F       		.uleb128 0xf
 332 0206 04       		.byte	0x4
 333 0207 0B020000 		.4byte	0x20b
 334 020b 10       		.uleb128 0x10
 335 020c AF010000 		.4byte	0x1af
 336 0210 10       		.uleb128 0x10
 337 0211 05020000 		.4byte	0x205
 338 0215 11       		.uleb128 0x11
 339 0216 6C040000 		.4byte	.LASF50
 340 021a 08       		.byte	0x8
ARM GAS  C:\Users\91819\AppData\Local\Temp\cca8q7My.s 			page 8


 341 021b 40       		.byte	0x40
 342 021c B3000000 		.4byte	0xb3
 343 0220 11       		.uleb128 0x11
 344 0221 AF010000 		.4byte	.LASF51
 345 0225 08       		.byte	0x8
 346 0226 47       		.byte	0x47
 347 0227 BE000000 		.4byte	0xbe
 348 022b 11       		.uleb128 0x11
 349 022c D6030000 		.4byte	.LASF52
 350 0230 08       		.byte	0x8
 351 0231 4A       		.byte	0x4a
 352 0232 B3000000 		.4byte	0xb3
 353 0236 11       		.uleb128 0x11
 354 0237 5A010000 		.4byte	.LASF53
 355 023b 09       		.byte	0x9
 356 023c 48       		.byte	0x48
 357 023d C9000000 		.4byte	0xc9
 358 0241 11       		.uleb128 0x11
 359 0242 45010000 		.4byte	.LASF54
 360 0246 0A       		.byte	0xa
 361 0247 44       		.byte	0x44
 362 0248 B3000000 		.4byte	0xb3
 363 024c 12       		.uleb128 0x12
 364 024d 46040000 		.4byte	.LASF55
 365 0251 0B       		.byte	0xb
 366 0252 1207     		.2byte	0x712
 367 0254 58020000 		.4byte	0x258
 368 0258 13       		.uleb128 0x13
 369 0259 76000000 		.4byte	0x76
 370 025d 14       		.uleb128 0x14
 371 025e 38040000 		.4byte	.LASF62
 372 0262 38040000 		.4byte	.LASF62
 373 0266 0C       		.byte	0xc
 374 0267 26       		.byte	0x26
 375 0268 00       		.byte	0
 376              		.section	.debug_abbrev,"",%progbits
 377              	.Ldebug_abbrev0:
 378 0000 01       		.uleb128 0x1
 379 0001 11       		.uleb128 0x11
 380 0002 01       		.byte	0x1
 381 0003 25       		.uleb128 0x25
 382 0004 0E       		.uleb128 0xe
 383 0005 13       		.uleb128 0x13
 384 0006 0B       		.uleb128 0xb
 385 0007 03       		.uleb128 0x3
 386 0008 0E       		.uleb128 0xe
 387 0009 1B       		.uleb128 0x1b
 388 000a 0E       		.uleb128 0xe
 389 000b 55       		.uleb128 0x55
 390 000c 17       		.uleb128 0x17
 391 000d 11       		.uleb128 0x11
 392 000e 01       		.uleb128 0x1
 393 000f 10       		.uleb128 0x10
 394 0010 17       		.uleb128 0x17
 395 0011 00       		.byte	0
 396 0012 00       		.byte	0
 397 0013 02       		.uleb128 0x2
ARM GAS  C:\Users\91819\AppData\Local\Temp\cca8q7My.s 			page 9


 398 0014 24       		.uleb128 0x24
 399 0015 00       		.byte	0
 400 0016 0B       		.uleb128 0xb
 401 0017 0B       		.uleb128 0xb
 402 0018 3E       		.uleb128 0x3e
 403 0019 0B       		.uleb128 0xb
 404 001a 03       		.uleb128 0x3
 405 001b 0E       		.uleb128 0xe
 406 001c 00       		.byte	0
 407 001d 00       		.byte	0
 408 001e 03       		.uleb128 0x3
 409 001f 16       		.uleb128 0x16
 410 0020 00       		.byte	0
 411 0021 03       		.uleb128 0x3
 412 0022 0E       		.uleb128 0xe
 413 0023 3A       		.uleb128 0x3a
 414 0024 0B       		.uleb128 0xb
 415 0025 3B       		.uleb128 0x3b
 416 0026 0B       		.uleb128 0xb
 417 0027 49       		.uleb128 0x49
 418 0028 13       		.uleb128 0x13
 419 0029 00       		.byte	0
 420 002a 00       		.byte	0
 421 002b 04       		.uleb128 0x4
 422 002c 24       		.uleb128 0x24
 423 002d 00       		.byte	0
 424 002e 0B       		.uleb128 0xb
 425 002f 0B       		.uleb128 0xb
 426 0030 3E       		.uleb128 0x3e
 427 0031 0B       		.uleb128 0xb
 428 0032 03       		.uleb128 0x3
 429 0033 08       		.uleb128 0x8
 430 0034 00       		.byte	0
 431 0035 00       		.byte	0
 432 0036 05       		.uleb128 0x5
 433 0037 04       		.uleb128 0x4
 434 0038 01       		.byte	0x1
 435 0039 0B       		.uleb128 0xb
 436 003a 0B       		.uleb128 0xb
 437 003b 49       		.uleb128 0x49
 438 003c 13       		.uleb128 0x13
 439 003d 3A       		.uleb128 0x3a
 440 003e 0B       		.uleb128 0xb
 441 003f 3B       		.uleb128 0x3b
 442 0040 0B       		.uleb128 0xb
 443 0041 01       		.uleb128 0x1
 444 0042 13       		.uleb128 0x13
 445 0043 00       		.byte	0
 446 0044 00       		.byte	0
 447 0045 06       		.uleb128 0x6
 448 0046 28       		.uleb128 0x28
 449 0047 00       		.byte	0
 450 0048 03       		.uleb128 0x3
 451 0049 0E       		.uleb128 0xe
 452 004a 1C       		.uleb128 0x1c
 453 004b 0B       		.uleb128 0xb
 454 004c 00       		.byte	0
ARM GAS  C:\Users\91819\AppData\Local\Temp\cca8q7My.s 			page 10


 455 004d 00       		.byte	0
 456 004e 07       		.uleb128 0x7
 457 004f 28       		.uleb128 0x28
 458 0050 00       		.byte	0
 459 0051 03       		.uleb128 0x3
 460 0052 0E       		.uleb128 0xe
 461 0053 1C       		.uleb128 0x1c
 462 0054 0D       		.uleb128 0xd
 463 0055 00       		.byte	0
 464 0056 00       		.byte	0
 465 0057 08       		.uleb128 0x8
 466 0058 13       		.uleb128 0x13
 467 0059 01       		.byte	0x1
 468 005a 0B       		.uleb128 0xb
 469 005b 0B       		.uleb128 0xb
 470 005c 3A       		.uleb128 0x3a
 471 005d 0B       		.uleb128 0xb
 472 005e 3B       		.uleb128 0x3b
 473 005f 0B       		.uleb128 0xb
 474 0060 01       		.uleb128 0x1
 475 0061 13       		.uleb128 0x13
 476 0062 00       		.byte	0
 477 0063 00       		.byte	0
 478 0064 09       		.uleb128 0x9
 479 0065 0D       		.uleb128 0xd
 480 0066 00       		.byte	0
 481 0067 03       		.uleb128 0x3
 482 0068 0E       		.uleb128 0xe
 483 0069 3A       		.uleb128 0x3a
 484 006a 0B       		.uleb128 0xb
 485 006b 3B       		.uleb128 0x3b
 486 006c 0B       		.uleb128 0xb
 487 006d 49       		.uleb128 0x49
 488 006e 13       		.uleb128 0x13
 489 006f 38       		.uleb128 0x38
 490 0070 0B       		.uleb128 0xb
 491 0071 00       		.byte	0
 492 0072 00       		.byte	0
 493 0073 0A       		.uleb128 0xa
 494 0074 2E       		.uleb128 0x2e
 495 0075 01       		.byte	0x1
 496 0076 3F       		.uleb128 0x3f
 497 0077 19       		.uleb128 0x19
 498 0078 03       		.uleb128 0x3
 499 0079 0E       		.uleb128 0xe
 500 007a 3A       		.uleb128 0x3a
 501 007b 0B       		.uleb128 0xb
 502 007c 3B       		.uleb128 0x3b
 503 007d 0B       		.uleb128 0xb
 504 007e 27       		.uleb128 0x27
 505 007f 19       		.uleb128 0x19
 506 0080 49       		.uleb128 0x49
 507 0081 13       		.uleb128 0x13
 508 0082 11       		.uleb128 0x11
 509 0083 01       		.uleb128 0x1
 510 0084 12       		.uleb128 0x12
 511 0085 06       		.uleb128 0x6
ARM GAS  C:\Users\91819\AppData\Local\Temp\cca8q7My.s 			page 11


 512 0086 40       		.uleb128 0x40
 513 0087 18       		.uleb128 0x18
 514 0088 9742     		.uleb128 0x2117
 515 008a 19       		.uleb128 0x19
 516 008b 01       		.uleb128 0x1
 517 008c 13       		.uleb128 0x13
 518 008d 00       		.byte	0
 519 008e 00       		.byte	0
 520 008f 0B       		.uleb128 0xb
 521 0090 05       		.uleb128 0x5
 522 0091 00       		.byte	0
 523 0092 03       		.uleb128 0x3
 524 0093 0E       		.uleb128 0xe
 525 0094 3A       		.uleb128 0x3a
 526 0095 0B       		.uleb128 0xb
 527 0096 3B       		.uleb128 0x3b
 528 0097 0B       		.uleb128 0xb
 529 0098 49       		.uleb128 0x49
 530 0099 13       		.uleb128 0x13
 531 009a 02       		.uleb128 0x2
 532 009b 17       		.uleb128 0x17
 533 009c 00       		.byte	0
 534 009d 00       		.byte	0
 535 009e 0C       		.uleb128 0xc
 536 009f 898201   		.uleb128 0x4109
 537 00a2 01       		.byte	0x1
 538 00a3 11       		.uleb128 0x11
 539 00a4 01       		.uleb128 0x1
 540 00a5 31       		.uleb128 0x31
 541 00a6 13       		.uleb128 0x13
 542 00a7 01       		.uleb128 0x1
 543 00a8 13       		.uleb128 0x13
 544 00a9 00       		.byte	0
 545 00aa 00       		.byte	0
 546 00ab 0D       		.uleb128 0xd
 547 00ac 8A8201   		.uleb128 0x410a
 548 00af 00       		.byte	0
 549 00b0 02       		.uleb128 0x2
 550 00b1 18       		.uleb128 0x18
 551 00b2 9142     		.uleb128 0x2111
 552 00b4 18       		.uleb128 0x18
 553 00b5 00       		.byte	0
 554 00b6 00       		.byte	0
 555 00b7 0E       		.uleb128 0xe
 556 00b8 898201   		.uleb128 0x4109
 557 00bb 01       		.byte	0x1
 558 00bc 11       		.uleb128 0x11
 559 00bd 01       		.uleb128 0x1
 560 00be 31       		.uleb128 0x31
 561 00bf 13       		.uleb128 0x13
 562 00c0 00       		.byte	0
 563 00c1 00       		.byte	0
 564 00c2 0F       		.uleb128 0xf
 565 00c3 0F       		.uleb128 0xf
 566 00c4 00       		.byte	0
 567 00c5 0B       		.uleb128 0xb
 568 00c6 0B       		.uleb128 0xb
ARM GAS  C:\Users\91819\AppData\Local\Temp\cca8q7My.s 			page 12


 569 00c7 49       		.uleb128 0x49
 570 00c8 13       		.uleb128 0x13
 571 00c9 00       		.byte	0
 572 00ca 00       		.byte	0
 573 00cb 10       		.uleb128 0x10
 574 00cc 26       		.uleb128 0x26
 575 00cd 00       		.byte	0
 576 00ce 49       		.uleb128 0x49
 577 00cf 13       		.uleb128 0x13
 578 00d0 00       		.byte	0
 579 00d1 00       		.byte	0
 580 00d2 11       		.uleb128 0x11
 581 00d3 34       		.uleb128 0x34
 582 00d4 00       		.byte	0
 583 00d5 03       		.uleb128 0x3
 584 00d6 0E       		.uleb128 0xe
 585 00d7 3A       		.uleb128 0x3a
 586 00d8 0B       		.uleb128 0xb
 587 00d9 3B       		.uleb128 0x3b
 588 00da 0B       		.uleb128 0xb
 589 00db 49       		.uleb128 0x49
 590 00dc 13       		.uleb128 0x13
 591 00dd 3F       		.uleb128 0x3f
 592 00de 19       		.uleb128 0x19
 593 00df 3C       		.uleb128 0x3c
 594 00e0 19       		.uleb128 0x19
 595 00e1 00       		.byte	0
 596 00e2 00       		.byte	0
 597 00e3 12       		.uleb128 0x12
 598 00e4 34       		.uleb128 0x34
 599 00e5 00       		.byte	0
 600 00e6 03       		.uleb128 0x3
 601 00e7 0E       		.uleb128 0xe
 602 00e8 3A       		.uleb128 0x3a
 603 00e9 0B       		.uleb128 0xb
 604 00ea 3B       		.uleb128 0x3b
 605 00eb 05       		.uleb128 0x5
 606 00ec 49       		.uleb128 0x49
 607 00ed 13       		.uleb128 0x13
 608 00ee 3F       		.uleb128 0x3f
 609 00ef 19       		.uleb128 0x19
 610 00f0 3C       		.uleb128 0x3c
 611 00f1 19       		.uleb128 0x19
 612 00f2 00       		.byte	0
 613 00f3 00       		.byte	0
 614 00f4 13       		.uleb128 0x13
 615 00f5 35       		.uleb128 0x35
 616 00f6 00       		.byte	0
 617 00f7 49       		.uleb128 0x49
 618 00f8 13       		.uleb128 0x13
 619 00f9 00       		.byte	0
 620 00fa 00       		.byte	0
 621 00fb 14       		.uleb128 0x14
 622 00fc 2E       		.uleb128 0x2e
 623 00fd 00       		.byte	0
 624 00fe 3F       		.uleb128 0x3f
 625 00ff 19       		.uleb128 0x19
ARM GAS  C:\Users\91819\AppData\Local\Temp\cca8q7My.s 			page 13


 626 0100 3C       		.uleb128 0x3c
 627 0101 19       		.uleb128 0x19
 628 0102 6E       		.uleb128 0x6e
 629 0103 0E       		.uleb128 0xe
 630 0104 03       		.uleb128 0x3
 631 0105 0E       		.uleb128 0xe
 632 0106 3A       		.uleb128 0x3a
 633 0107 0B       		.uleb128 0xb
 634 0108 3B       		.uleb128 0x3b
 635 0109 0B       		.uleb128 0xb
 636 010a 00       		.byte	0
 637 010b 00       		.byte	0
 638 010c 00       		.byte	0
 639              		.section	.debug_loc,"",%progbits
 640              	.Ldebug_loc0:
 641              	.LLST0:
 642 0000 00000000 		.4byte	.LVL0
 643 0004 0A000000 		.4byte	.LVL1
 644 0008 0100     		.2byte	0x1
 645 000a 50       		.byte	0x50
 646 000b 0A000000 		.4byte	.LVL1
 647 000f 10000000 		.4byte	.LVL3
 648 0013 0400     		.2byte	0x4
 649 0015 F3       		.byte	0xf3
 650 0016 01       		.uleb128 0x1
 651 0017 50       		.byte	0x50
 652 0018 9F       		.byte	0x9f
 653 0019 10000000 		.4byte	.LVL3
 654 001d 12000000 		.4byte	.LVL4
 655 0021 0100     		.2byte	0x1
 656 0023 50       		.byte	0x50
 657 0024 12000000 		.4byte	.LVL4
 658 0028 1A000000 		.4byte	.LFE110
 659 002c 0400     		.2byte	0x4
 660 002e F3       		.byte	0xf3
 661 002f 01       		.uleb128 0x1
 662 0030 50       		.byte	0x50
 663 0031 9F       		.byte	0x9f
 664 0032 00000000 		.4byte	0
 665 0036 00000000 		.4byte	0
 666              		.section	.debug_aranges,"",%progbits
 667 0000 1C000000 		.4byte	0x1c
 668 0004 0200     		.2byte	0x2
 669 0006 00000000 		.4byte	.Ldebug_info0
 670 000a 04       		.byte	0x4
 671 000b 00       		.byte	0
 672 000c 0000     		.2byte	0
 673 000e 0000     		.2byte	0
 674 0010 00000000 		.4byte	.LFB110
 675 0014 1A000000 		.4byte	.LFE110-.LFB110
 676 0018 00000000 		.4byte	0
 677 001c 00000000 		.4byte	0
 678              		.section	.debug_ranges,"",%progbits
 679              	.Ldebug_ranges0:
 680 0000 00000000 		.4byte	.LFB110
 681 0004 1A000000 		.4byte	.LFE110
 682 0008 00000000 		.4byte	0
ARM GAS  C:\Users\91819\AppData\Local\Temp\cca8q7My.s 			page 14


 683 000c 00000000 		.4byte	0
 684              		.section	.debug_line,"",%progbits
 685              	.Ldebug_line0:
 686 0000 5F020000 		.section	.debug_str,"MS",%progbits,1
 686      02004402 
 686      00000201 
 686      FB0E0D00 
 686      01010101 
 687              	.LASF36:
 688 0000 52435F45 		.ascii	"RC_ERROR_READ_ONLY\000"
 688      52524F52 
 688      5F524541 
 688      445F4F4E 
 688      4C5900
 689              	.LASF22:
 690 0013 52435F53 		.ascii	"RC_SUCCESS\000"
 690      55434345 
 690      535300
 691              	.LASF57:
 692 001e 736F7572 		.ascii	"source\\rte\\sc_brakelight_type.c\000"
 692      63655C72 
 692      74655C73 
 692      635F6272 
 692      616B656C 
 693              	.LASF37:
 694 003e 52435F45 		.ascii	"RC_ERROR_WRITE_ONLY\000"
 694      52524F52 
 694      5F575249 
 694      54455F4F 
 694      4E4C5900 
 695              	.LASF2:
 696 0052 73686F72 		.ascii	"short int\000"
 696      7420696E 
 696      7400
 697              	.LASF28:
 698 005c 52435F45 		.ascii	"RC_ERROR_OVERRUN\000"
 698      52524F52 
 698      5F4F5645 
 698      5252554E 
 698      00
 699              	.LASF40:
 700 006d 52435F45 		.ascii	"RC_ERROR_WRITE_FAILS\000"
 700      52524F52 
 700      5F575249 
 700      54455F46 
 700      41494C53 
 701              	.LASF20:
 702 0082 73697A65 		.ascii	"sizetype\000"
 702      74797065 
 702      00
 703              	.LASF25:
 704 008b 52435F45 		.ascii	"RC_ERROR_ZERO\000"
 704      52524F52 
 704      5F5A4552 
 704      4F00
 705              	.LASF18:
 706 0099 45455F46 		.ascii	"EE_FREG\000"
ARM GAS  C:\Users\91819\AppData\Local\Temp\cca8q7My.s 			page 15


 706      52454700 
 707              	.LASF39:
 708 00a1 52435F45 		.ascii	"RC_ERROR_READ_FAILS\000"
 708      52524F52 
 708      5F524541 
 708      445F4641 
 708      494C5300 
 709              	.LASF16:
 710 00b5 45455F55 		.ascii	"EE_UINT32\000"
 710      494E5433 
 710      3200
 711              	.LASF58:
 712 00bf 433A5C55 		.ascii	"C:\\Users\\91819\\Documents\\HDA_Sem2\\EAA\\Assignm"
 712      73657273 
 712      5C393138 
 712      31395C44 
 712      6F63756D 
 713 00ec 656E7473 		.ascii	"ents\\Assignment1_RTE\\autosar_01.cydsn (2)\\autosa"
 713      5C417373 
 713      69676E6D 
 713      656E7431 
 713      5F525445 
 714 011c 725F3031 		.ascii	"r_01.cydsn\000"
 714      2E637964 
 714      736E00
 715              	.LASF19:
 716 0127 45455F54 		.ascii	"EE_TID\000"
 716      494400
 717              	.LASF45:
 718 012e 52435F45 		.ascii	"RC_ERROR_INVALID_STATE\000"
 718      52524F52 
 718      5F494E56 
 718      414C4944 
 718      5F535441 
 719              	.LASF54:
 720 0145 45455F49 		.ascii	"EE_IRQ_nesting_level\000"
 720      52515F6E 
 720      65737469 
 720      6E675F6C 
 720      6576656C 
 721              	.LASF53:
 722 015a 45455F73 		.ascii	"EE_std_endcycle_next_tid\000"
 722      74645F65 
 722      6E646379 
 722      636C655F 
 722      6E657874 
 723              	.LASF27:
 724 0173 52435F45 		.ascii	"RC_ERROR_RANGE\000"
 724      52524F52 
 724      5F52414E 
 724      474500
 725              	.LASF11:
 726 0182 666C6F61 		.ascii	"float\000"
 726      7400
 727              	.LASF47:
 728 0188 52435F45 		.ascii	"RC_ERROR_NOT_IMPLEMENTED\000"
 728      52524F52 
ARM GAS  C:\Users\91819\AppData\Local\Temp\cca8q7My.s 			page 16


 728      5F4E4F54 
 728      5F494D50 
 728      4C454D45 
 729              	.LASF6:
 730 01a1 6C6F6E67 		.ascii	"long long int\000"
 730      206C6F6E 
 730      6720696E 
 730      7400
 731              	.LASF51:
 732 01af 45455F6F 		.ascii	"EE_oo_IRQ_suspend_status\000"
 732      6F5F4952 
 732      515F7375 
 732      7370656E 
 732      645F7374 
 733              	.LASF41:
 734 01c8 52435F45 		.ascii	"RC_ERROR_NOT_MATCH\000"
 734      52524F52 
 734      5F4E4F54 
 734      5F4D4154 
 734      434800
 735              	.LASF46:
 736 01db 52435F45 		.ascii	"RC_ERROR_UNKNOWN\000"
 736      52524F52 
 736      5F554E4B 
 736      4E4F574E 
 736      00
 737              	.LASF4:
 738 01ec 6C6F6E67 		.ascii	"long int\000"
 738      20696E74 
 738      00
 739              	.LASF29:
 740 01f5 52435F45 		.ascii	"RC_ERROR_UNDERRUN\000"
 740      52524F52 
 740      5F554E44 
 740      45525255 
 740      4E00
 741              	.LASF32:
 742 0207 52435F45 		.ascii	"RC_ERROR_BUSY\000"
 742      52524F52 
 742      5F425553 
 742      5900
 743              	.LASF38:
 744 0215 52435F45 		.ascii	"RC_ERROR_INVALID\000"
 744      52524F52 
 744      5F494E56 
 744      414C4944 
 744      00
 745              	.LASF43:
 746 0226 52435F45 		.ascii	"RC_ERROR_BAD_DATA\000"
 746      52524F52 
 746      5F424144 
 746      5F444154 
 746      4100
 747              	.LASF21:
 748 0238 626F6F6C 		.ascii	"boolean_t\000"
 748      65616E5F 
 748      7400
ARM GAS  C:\Users\91819\AppData\Local\Temp\cca8q7My.s 			page 17


 749              	.LASF14:
 750 0242 6C6F6E67 		.ascii	"long double\000"
 750      20646F75 
 750      626C6500 
 751              	.LASF1:
 752 024e 756E7369 		.ascii	"unsigned char\000"
 752      676E6564 
 752      20636861 
 752      7200
 753              	.LASF60:
 754 025c 53435F42 		.ascii	"SC_BRAKELIGHT_driverOut\000"
 754      52414B45 
 754      4C494748 
 754      545F6472 
 754      69766572 
 755              	.LASF0:
 756 0274 7369676E 		.ascii	"signed char\000"
 756      65642063 
 756      68617200 
 757              	.LASF7:
 758 0280 6C6F6E67 		.ascii	"long long unsigned int\000"
 758      206C6F6E 
 758      6720756E 
 758      7369676E 
 758      65642069 
 759              	.LASF8:
 760 0297 756E7369 		.ascii	"unsigned int\000"
 760      676E6564 
 760      20696E74 
 760      00
 761              	.LASF34:
 762 02a4 52435F45 		.ascii	"RC_ERROR_OPEN\000"
 762      52524F52 
 762      5F4F5045 
 762      4E00
 763              	.LASF24:
 764 02b2 52435F45 		.ascii	"RC_ERROR_NULL\000"
 764      52524F52 
 764      5F4E554C 
 764      4C00
 765              	.LASF31:
 766 02c0 52435F45 		.ascii	"RC_ERROR_BUFFER_EMTPY\000"
 766      52524F52 
 766      5F425546 
 766      4645525F 
 766      454D5450 
 767              	.LASF15:
 768 02d6 45455F49 		.ascii	"EE_INT32\000"
 768      4E543332 
 768      00
 769              	.LASF49:
 770 02df 53435F42 		.ascii	"SC_BRAKELIGHT_data_t\000"
 770      52414B45 
 770      4C494748 
 770      545F6461 
 770      74615F74 
 771              	.LASF3:
ARM GAS  C:\Users\91819\AppData\Local\Temp\cca8q7My.s 			page 18


 772 02f4 73686F72 		.ascii	"short unsigned int\000"
 772      7420756E 
 772      7369676E 
 772      65642069 
 772      6E7400
 773              	.LASF59:
 774 0307 73746174 		.ascii	"status\000"
 774      757300
 775              	.LASF56:
 776 030e 474E5520 		.ascii	"GNU C11 5.4.1 20160609 (release) [ARM/embedded-5-br"
 776      43313120 
 776      352E342E 
 776      31203230 
 776      31363036 
 777 0341 616E6368 		.ascii	"anch revision 237715] -mcpu=cortex-m3 -mthumb -g -O"
 777      20726576 
 777      6973696F 
 777      6E203233 
 777      37373135 
 778 0374 67202D66 		.ascii	"g -ffunction-sections -ffat-lto-objects\000"
 778      66756E63 
 778      74696F6E 
 778      2D736563 
 778      74696F6E 
 779              	.LASF13:
 780 039c 63686172 		.ascii	"char\000"
 780      00
 781              	.LASF30:
 782 03a1 52435F45 		.ascii	"RC_ERROR_BUFFER_FULL\000"
 782      52524F52 
 782      5F425546 
 782      4645525F 
 782      46554C4C 
 783              	.LASF10:
 784 03b6 696E7433 		.ascii	"int32_t\000"
 784      325F7400 
 785              	.LASF42:
 786 03be 52435F45 		.ascii	"RC_ERROR_BAD_PARAM\000"
 786      52524F52 
 786      5F424144 
 786      5F504152 
 786      414D00
 787              	.LASF61:
 788 03d1 64617461 		.ascii	"data\000"
 788      00
 789              	.LASF52:
 790 03d6 45455F41 		.ascii	"EE_ApplicationMode\000"
 790      70706C69 
 790      63617469 
 790      6F6E4D6F 
 790      646500
 791              	.LASF5:
 792 03e9 6C6F6E67 		.ascii	"long unsigned int\000"
 792      20756E73 
 792      69676E65 
 792      6420696E 
 792      7400
ARM GAS  C:\Users\91819\AppData\Local\Temp\cca8q7My.s 			page 19


 793              	.LASF12:
 794 03fb 646F7562 		.ascii	"double\000"
 794      6C6500
 795              	.LASF35:
 796 0402 52435F45 		.ascii	"RC_ERROR_CHECKSUM\000"
 796      52524F52 
 796      5F434845 
 796      434B5355 
 796      4D00
 797              	.LASF17:
 798 0414 45455F55 		.ascii	"EE_UREG\000"
 798      52454700 
 799              	.LASF9:
 800 041c 5F5F696E 		.ascii	"__int32_t\000"
 800      7433325F 
 800      7400
 801              	.LASF44:
 802 0426 52435F45 		.ascii	"RC_ERROR_CANCELED\000"
 802      52524F52 
 802      5F43414E 
 802      43454C45 
 802      4400
 803              	.LASF62:
 804 0438 4C45445F 		.ascii	"LED_Red_Write\000"
 804      5265645F 
 804      57726974 
 804      6500
 805              	.LASF55:
 806 0446 49544D5F 		.ascii	"ITM_RxBuffer\000"
 806      52784275 
 806      66666572 
 806      00
 807              	.LASF23:
 808 0453 52435F45 		.ascii	"RC_ERROR\000"
 808      52524F52 
 808      00
 809              	.LASF26:
 810 045c 52435F45 		.ascii	"RC_ERROR_MEMORY\000"
 810      52524F52 
 810      5F4D454D 
 810      4F525900 
 811              	.LASF50:
 812 046c 45455F6F 		.ascii	"EE_oo_IRQ_disable_count\000"
 812      6F5F4952 
 812      515F6469 
 812      7361626C 
 812      655F636F 
 813              	.LASF48:
 814 0484 52435F74 		.ascii	"RC_t\000"
 814      00
 815              	.LASF33:
 816 0489 52435F45 		.ascii	"RC_ERROR_TIME_OUT\000"
 816      52524F52 
 816      5F54494D 
 816      455F4F55 
 816      5400
 817              		.ident	"GCC: (GNU Tools for ARM Embedded Processors) 5.4.1 20160609 (release) [ARM/embedded-5-bran
ARM GAS  C:\Users\91819\AppData\Local\Temp\cca8q7My.s 			page 20


