ARM GAS  C:\Users\91819\AppData\Local\Temp\ccoleEPH.s 			page 1


   1              		.syntax unified
   2              		.cpu cortex-m3
   3              		.fpu softvfp
   4              		.eabi_attribute 20, 1
   5              		.eabi_attribute 21, 1
   6              		.eabi_attribute 23, 3
   7              		.eabi_attribute 24, 1
   8              		.eabi_attribute 25, 1
   9              		.eabi_attribute 26, 1
  10              		.eabi_attribute 30, 1
  11              		.eabi_attribute 34, 1
  12              		.eabi_attribute 18, 4
  13              		.thumb
  14              		.syntax unified
  15              		.file	"sc_joystick.c"
  16              		.text
  17              	.Ltext0:
  18              		.cfi_sections	.debug_frame
  19              	.Letext0:
  20              		.section	.debug_line,"",%progbits
  21              	.Ldebug_line0:
  22              		.section	.debug_str,"MS",%progbits,1
  23              	.LASF0:
  24 0000 433A5C55 		.ascii	"C:\\Users\\91819\\Documents\\HDA_Sem2\\EAA\\Assignm"
  24      73657273 
  24      5C393138 
  24      31395C44 
  24      6F63756D 
  25 002d 656E7473 		.ascii	"ents\\Assignment1_RTE\\autosar_01.cydsn (2)\\autosa"
  25      5C417373 
  25      69676E6D 
  25      656E7431 
  25      5F525445 
  26 005d 725F3031 		.ascii	"r_01.cydsn\000"
  26      2E637964 
  26      736E00
  27              	.LASF1:
  28 0068 474E5520 		.ascii	"GNU C11 5.4.1 20160609 (release) [ARM/embedded-5-br"
  28      43313120 
  28      352E342E 
  28      31203230 
  28      31363036 
  29 009b 616E6368 		.ascii	"anch revision 237715] -mcpu=cortex-m3 -mthumb -g -O"
  29      20726576 
  29      6973696F 
  29      6E203233 
  29      37373135 
  30 00ce 67202D66 		.ascii	"g -ffunction-sections -ffat-lto-objects\000"
  30      66756E63 
  30      74696F6E 
  30      2D736563 
  30      74696F6E 
  31              	.LASF2:
  32 00f6 736F7572 		.ascii	"source\\rte\\sc_joystick.c\000"
  32      63655C72 
  32      74655C73 
  32      635F6A6F 
ARM GAS  C:\Users\91819\AppData\Local\Temp\ccoleEPH.s 			page 2


  32      79737469 
  33              		.ident	"GCC: (GNU Tools for ARM Embedded Processors) 5.4.1 20160609 (release) [ARM/embedded-5-bran
