ARM GAS  C:\Users\91819\AppData\Local\Temp\ccI98JFM.s 			page 1


   1              		.syntax unified
   2              		.cpu cortex-m3
   3              		.fpu softvfp
   4              		.eabi_attribute 20, 1
   5              		.eabi_attribute 21, 1
   6              		.eabi_attribute 23, 3
   7              		.eabi_attribute 24, 1
   8              		.eabi_attribute 25, 1
   9              		.eabi_attribute 26, 1
  10              		.eabi_attribute 30, 1
  11              		.eabi_attribute 34, 1
  12              		.eabi_attribute 18, 4
  13              		.thumb
  14              		.syntax unified
  15              		.file	"sc_joystick_type.c"
  16              		.text
  17              	.Ltext0:
  18              		.cfi_sections	.debug_frame
  19              		.section	.text.SC_JOYSTICK_driverIn,"ax",%progbits
  20              		.align	2
  21              		.global	SC_JOYSTICK_driverIn
  22              		.thumb
  23              		.thumb_func
  24              		.type	SC_JOYSTICK_driverIn, %function
  25              	SC_JOYSTICK_driverIn:
  26              	.LFB110:
  27              		.file 1 "source\\rte\\sc_joystick_type.c"
   1:source\rte/sc_joystick_type.c **** 
   2:source\rte/sc_joystick_type.c **** 
   3:source\rte/sc_joystick_type.c **** /*
   4:source\rte/sc_joystick_type.c ****  * Filename: sc_joystick_type.c
   5:source\rte/sc_joystick_type.c ****  *
   6:source\rte/sc_joystick_type.c ****  * Author: Autogenerated by H-DA RTE Generator, (c) Prof. Fromm
   7:source\rte/sc_joystick_type.c ****  */
   8:source\rte/sc_joystick_type.c **** 
   9:source\rte/sc_joystick_type.c **** #include "project.h"
  10:source\rte/sc_joystick_type.c **** #include "global.h"
  11:source\rte/sc_joystick_type.c **** #include "rte.h"
  12:source\rte/sc_joystick_type.c **** #include "rte_types.h"
  13:source\rte/sc_joystick_type.c **** #include "sc_joystick_type.h"
  14:source\rte/sc_joystick_type.c **** #include "joystick.h"
  15:source\rte/sc_joystick_type.c **** 
  16:source\rte/sc_joystick_type.c **** 
  17:source\rte/sc_joystick_type.c **** 
  18:source\rte/sc_joystick_type.c **** /* USER CODE START SC_JOYSTICK_INCLUDE */
  19:source\rte/sc_joystick_type.c **** 
  20:source\rte/sc_joystick_type.c **** /* USER CODE END SC_JOYSTICK_INCLUDE */
  21:source\rte/sc_joystick_type.c **** 
  22:source\rte/sc_joystick_type.c **** 
  23:source\rte/sc_joystick_type.c **** /*
  24:source\rte/sc_joystick_type.c **** * description: Signalclass
  25:source\rte/sc_joystick_type.c **** * name: sc_joystick
  26:source\rte/sc_joystick_type.c **** * shortname: joystick
  27:source\rte/sc_joystick_type.c **** */
  28:source\rte/sc_joystick_type.c **** 
  29:source\rte/sc_joystick_type.c **** /* USER CODE START SC_JOYSTICK_USERDEFINITIONS */
  30:source\rte/sc_joystick_type.c **** 
ARM GAS  C:\Users\91819\AppData\Local\Temp\ccI98JFM.s 			page 2


  31:source\rte/sc_joystick_type.c **** /* USER CODE END SC_JOYSTICK_USERDEFINITIONS */
  32:source\rte/sc_joystick_type.c **** 
  33:source\rte/sc_joystick_type.c **** 
  34:source\rte/sc_joystick_type.c **** /*****************************************************************************************
  35:source\rte/sc_joystick_type.c ****  *************** Port Wrapper Implementation for SC_JOYSTICK signal  ****************
  36:source\rte/sc_joystick_type.c ****  *****************************************************************************************/
  37:source\rte/sc_joystick_type.c ****  
  38:source\rte/sc_joystick_type.c ****  
  39:source\rte/sc_joystick_type.c **** 
  40:source\rte/sc_joystick_type.c **** /**
  41:source\rte/sc_joystick_type.c ****  * Default IN driver API
  42:source\rte/sc_joystick_type.c ****  */
  43:source\rte/sc_joystick_type.c **** inline RC_t SC_JOYSTICK_driverIn(SC_JOYSTICK_data_t *const data)
  44:source\rte/sc_joystick_type.c **** {
  28              		.loc 1 44 0
  29              		.cfi_startproc
  30              		@ args = 0, pretend = 0, frame = 0
  31              		@ frame_needed = 0, uses_anonymous_args = 0
  32              	.LVL0:
  33 0000 08B5     		push	{r3, lr}
  34              		.cfi_def_cfa_offset 8
  35              		.cfi_offset 3, -8
  36              		.cfi_offset 14, -4
  37              	.LVL1:
  45:source\rte/sc_joystick_type.c **** 	/* USER CODE START driverInSC_JOYSTICK */
  46:source\rte/sc_joystick_type.c ****     RC_t driverInData = RC_ERROR;
  47:source\rte/sc_joystick_type.c ****     driverInData = JOYSTICK_ReadPosition(&data->x, &data->y);
  38              		.loc 1 47 0
  39 0002 411C     		adds	r1, r0, #1
  40 0004 FFF7FEFF 		bl	JOYSTICK_ReadPosition
  41              	.LVL2:
  48:source\rte/sc_joystick_type.c **** 
  49:source\rte/sc_joystick_type.c **** 	//Read data from the MCAL driver
  50:source\rte/sc_joystick_type.c **** 
  51:source\rte/sc_joystick_type.c **** 	//Scale it to the application type
  52:source\rte/sc_joystick_type.c **** 
  53:source\rte/sc_joystick_type.c **** 	return RC_SUCCESS;
  54:source\rte/sc_joystick_type.c **** 	/* USER CODE END driverInSC_JOYSTICK */
  55:source\rte/sc_joystick_type.c **** }
  42              		.loc 1 55 0
  43 0008 0020     		movs	r0, #0
  44 000a 08BD     		pop	{r3, pc}
  45              		.cfi_endproc
  46              	.LFE110:
  47              		.size	SC_JOYSTICK_driverIn, .-SC_JOYSTICK_driverIn
  48              		.text
  49              	.Letext0:
  50              		.file 2 "c:\\program files (x86)\\cypress\\psoc creator\\4.4\\psoc creator\\import\\gnu\\arm\\5.4.
  51              		.file 3 "c:\\program files (x86)\\cypress\\psoc creator\\4.4\\psoc creator\\import\\gnu\\arm\\5.4.
  52              		.file 4 "Generated_Source\\PSoC5/ErikaOS_1_common_ee_types.inc"
  53              		.file 5 "Generated_Source\\PSoC5/ErikaOS_1_cortex_mx_ee_cpu.inc"
  54              		.file 6 ".\\source\\bsw/global.h"
  55              		.file 7 "source\\rte\\sc_joystick_type.h"
  56              		.file 8 "Generated_Source\\PSoC5/ErikaOS_1_ee_oo_intfunc.inc"
  57              		.file 9 "Generated_Source\\PSoC5/ErikaOS_1_cortex_mx_ee_context.inc"
  58              		.file 10 "Generated_Source\\PSoC5/ErikaOS_1_common_ee_primitives.inc"
  59              		.file 11 "Generated_Source\\PSoC5/core_cm3.h"
ARM GAS  C:\Users\91819\AppData\Local\Temp\ccI98JFM.s 			page 3


  60              		.file 12 ".\\source\\bsw/joystick.h"
  61              		.section	.debug_info,"",%progbits
  62              	.Ldebug_info0:
  63 0000 6F020000 		.4byte	0x26f
  64 0004 0400     		.2byte	0x4
  65 0006 00000000 		.4byte	.Ldebug_abbrev0
  66 000a 04       		.byte	0x4
  67 000b 01       		.uleb128 0x1
  68 000c E5020000 		.4byte	.LASF56
  69 0010 0C       		.byte	0xc
  70 0011 95030000 		.4byte	.LASF57
  71 0015 9F000000 		.4byte	.LASF58
  72 0019 00000000 		.4byte	.Ldebug_ranges0+0
  73 001d 00000000 		.4byte	0
  74 0021 00000000 		.4byte	.Ldebug_line0
  75 0025 02       		.uleb128 0x2
  76 0026 01       		.byte	0x1
  77 0027 06       		.byte	0x6
  78 0028 67020000 		.4byte	.LASF0
  79 002c 02       		.uleb128 0x2
  80 002d 01       		.byte	0x1
  81 002e 08       		.byte	0x8
  82 002f 39020000 		.4byte	.LASF1
  83 0033 02       		.uleb128 0x2
  84 0034 02       		.byte	0x2
  85 0035 05       		.byte	0x5
  86 0036 32000000 		.4byte	.LASF2
  87 003a 02       		.uleb128 0x2
  88 003b 02       		.byte	0x2
  89 003c 07       		.byte	0x7
  90 003d D2020000 		.4byte	.LASF3
  91 0041 03       		.uleb128 0x3
  92 0042 11040000 		.4byte	.LASF9
  93 0046 02       		.byte	0x2
  94 0047 3F       		.byte	0x3f
  95 0048 4C000000 		.4byte	0x4c
  96 004c 02       		.uleb128 0x2
  97 004d 04       		.byte	0x4
  98 004e 05       		.byte	0x5
  99 004f CC010000 		.4byte	.LASF4
 100 0053 02       		.uleb128 0x2
 101 0054 04       		.byte	0x4
 102 0055 07       		.byte	0x7
 103 0056 DE030000 		.4byte	.LASF5
 104 005a 02       		.uleb128 0x2
 105 005b 08       		.byte	0x8
 106 005c 05       		.byte	0x5
 107 005d 81010000 		.4byte	.LASF6
 108 0061 02       		.uleb128 0x2
 109 0062 08       		.byte	0x8
 110 0063 07       		.byte	0x7
 111 0064 73020000 		.4byte	.LASF7
 112 0068 04       		.uleb128 0x4
 113 0069 04       		.byte	0x4
 114 006a 05       		.byte	0x5
 115 006b 696E7400 		.ascii	"int\000"
 116 006f 02       		.uleb128 0x2
ARM GAS  C:\Users\91819\AppData\Local\Temp\ccI98JFM.s 			page 4


 117 0070 04       		.byte	0x4
 118 0071 07       		.byte	0x7
 119 0072 8A020000 		.4byte	.LASF8
 120 0076 03       		.uleb128 0x3
 121 0077 8D030000 		.4byte	.LASF10
 122 007b 03       		.byte	0x3
 123 007c 2C       		.byte	0x2c
 124 007d 41000000 		.4byte	0x41
 125 0081 02       		.uleb128 0x2
 126 0082 04       		.byte	0x4
 127 0083 04       		.byte	0x4
 128 0084 62010000 		.4byte	.LASF11
 129 0088 02       		.uleb128 0x2
 130 0089 08       		.byte	0x8
 131 008a 04       		.byte	0x4
 132 008b F0030000 		.4byte	.LASF12
 133 008f 02       		.uleb128 0x2
 134 0090 01       		.byte	0x1
 135 0091 08       		.byte	0x8
 136 0092 73030000 		.4byte	.LASF13
 137 0096 02       		.uleb128 0x2
 138 0097 08       		.byte	0x8
 139 0098 04       		.byte	0x4
 140 0099 2D020000 		.4byte	.LASF14
 141 009d 03       		.uleb128 0x3
 142 009e C9020000 		.4byte	.LASF15
 143 00a2 04       		.byte	0x4
 144 00a3 53       		.byte	0x53
 145 00a4 68000000 		.4byte	0x68
 146 00a8 03       		.uleb128 0x3
 147 00a9 95000000 		.4byte	.LASF16
 148 00ad 04       		.byte	0x4
 149 00ae 54       		.byte	0x54
 150 00af 6F000000 		.4byte	0x6f
 151 00b3 03       		.uleb128 0x3
 152 00b4 09040000 		.4byte	.LASF17
 153 00b8 05       		.byte	0x5
 154 00b9 4D       		.byte	0x4d
 155 00ba A8000000 		.4byte	0xa8
 156 00be 03       		.uleb128 0x3
 157 00bf 79000000 		.4byte	.LASF18
 158 00c3 05       		.byte	0x5
 159 00c4 4F       		.byte	0x4f
 160 00c5 A8000000 		.4byte	0xa8
 161 00c9 03       		.uleb128 0x3
 162 00ca 07010000 		.4byte	.LASF19
 163 00ce 05       		.byte	0x5
 164 00cf 78       		.byte	0x78
 165 00d0 9D000000 		.4byte	0x9d
 166 00d4 02       		.uleb128 0x2
 167 00d5 04       		.byte	0x4
 168 00d6 07       		.byte	0x7
 169 00d7 62000000 		.4byte	.LASF20
 170 00db 03       		.uleb128 0x3
 171 00dc 86040000 		.4byte	.LASF21
 172 00e0 06       		.byte	0x6
 173 00e1 90       		.byte	0x90
ARM GAS  C:\Users\91819\AppData\Local\Temp\ccI98JFM.s 			page 5


 174 00e2 25000000 		.4byte	0x25
 175 00e6 05       		.uleb128 0x5
 176 00e7 01       		.byte	0x1
 177 00e8 25000000 		.4byte	0x25
 178 00ec 06       		.byte	0x6
 179 00ed CF       		.byte	0xcf
 180 00ee 8F010000 		.4byte	0x18f
 181 00f2 06       		.uleb128 0x6
 182 00f3 13000000 		.4byte	.LASF22
 183 00f7 00       		.byte	0
 184 00f8 07       		.uleb128 0x7
 185 00f9 3A040000 		.4byte	.LASF23
 186 00fd 7F       		.sleb128 -1
 187 00fe 07       		.uleb128 0x7
 188 00ff A5020000 		.4byte	.LASF24
 189 0103 7E       		.sleb128 -2
 190 0104 07       		.uleb128 0x7
 191 0105 6B000000 		.4byte	.LASF25
 192 0109 7D       		.sleb128 -3
 193 010a 07       		.uleb128 0x7
 194 010b 59040000 		.4byte	.LASF26
 195 010f 7C       		.sleb128 -4
 196 0110 07       		.uleb128 0x7
 197 0111 53010000 		.4byte	.LASF27
 198 0115 7B       		.sleb128 -5
 199 0116 07       		.uleb128 0x7
 200 0117 3C000000 		.4byte	.LASF28
 201 011b 7A       		.sleb128 -6
 202 011c 07       		.uleb128 0x7
 203 011d D5010000 		.4byte	.LASF29
 204 0121 79       		.sleb128 -7
 205 0122 07       		.uleb128 0x7
 206 0123 78030000 		.4byte	.LASF30
 207 0127 78       		.sleb128 -8
 208 0128 07       		.uleb128 0x7
 209 0129 B3020000 		.4byte	.LASF31
 210 012d 77       		.sleb128 -9
 211 012e 07       		.uleb128 0x7
 212 012f E7010000 		.4byte	.LASF32
 213 0133 76       		.sleb128 -10
 214 0134 07       		.uleb128 0x7
 215 0135 8E040000 		.4byte	.LASF33
 216 0139 75       		.sleb128 -11
 217 013a 07       		.uleb128 0x7
 218 013b 97020000 		.4byte	.LASF34
 219 013f 74       		.sleb128 -12
 220 0140 07       		.uleb128 0x7
 221 0141 F7030000 		.4byte	.LASF35
 222 0145 73       		.sleb128 -13
 223 0146 07       		.uleb128 0x7
 224 0147 00000000 		.4byte	.LASF36
 225 014b 72       		.sleb128 -14
 226 014c 07       		.uleb128 0x7
 227 014d 1E000000 		.4byte	.LASF37
 228 0151 71       		.sleb128 -15
 229 0152 07       		.uleb128 0x7
 230 0153 F5010000 		.4byte	.LASF38
ARM GAS  C:\Users\91819\AppData\Local\Temp\ccI98JFM.s 			page 6


 231 0157 70       		.sleb128 -16
 232 0158 07       		.uleb128 0x7
 233 0159 81000000 		.4byte	.LASF39
 234 015d 6F       		.sleb128 -17
 235 015e 07       		.uleb128 0x7
 236 015f 4D000000 		.4byte	.LASF40
 237 0163 6E       		.sleb128 -18
 238 0164 07       		.uleb128 0x7
 239 0165 A8010000 		.4byte	.LASF41
 240 0169 6D       		.sleb128 -19
 241 016a 07       		.uleb128 0x7
 242 016b B3030000 		.4byte	.LASF42
 243 016f 6C       		.sleb128 -20
 244 0170 07       		.uleb128 0x7
 245 0171 06020000 		.4byte	.LASF43
 246 0175 6B       		.sleb128 -21
 247 0176 07       		.uleb128 0x7
 248 0177 1B040000 		.4byte	.LASF44
 249 017b 6A       		.sleb128 -22
 250 017c 07       		.uleb128 0x7
 251 017d 0E010000 		.4byte	.LASF45
 252 0181 69       		.sleb128 -23
 253 0182 07       		.uleb128 0x7
 254 0183 BB010000 		.4byte	.LASF46
 255 0187 68       		.sleb128 -24
 256 0188 07       		.uleb128 0x7
 257 0189 68010000 		.4byte	.LASF47
 258 018d 67       		.sleb128 -25
 259 018e 00       		.byte	0
 260 018f 03       		.uleb128 0x3
 261 0190 81040000 		.4byte	.LASF48
 262 0194 06       		.byte	0x6
 263 0195 EA       		.byte	0xea
 264 0196 E6000000 		.4byte	0xe6
 265 019a 08       		.uleb128 0x8
 266 019b 02       		.byte	0x2
 267 019c 07       		.byte	0x7
 268 019d 1F       		.byte	0x1f
 269 019e B7010000 		.4byte	0x1b7
 270 01a2 09       		.uleb128 0x9
 271 01a3 7800     		.ascii	"x\000"
 272 01a5 07       		.byte	0x7
 273 01a6 21       		.byte	0x21
 274 01a7 DB000000 		.4byte	0xdb
 275 01ab 00       		.byte	0
 276 01ac 09       		.uleb128 0x9
 277 01ad 7900     		.ascii	"y\000"
 278 01af 07       		.byte	0x7
 279 01b0 22       		.byte	0x22
 280 01b1 DB000000 		.4byte	0xdb
 281 01b5 01       		.byte	0x1
 282 01b6 00       		.byte	0
 283 01b7 03       		.uleb128 0x3
 284 01b8 54020000 		.4byte	.LASF49
 285 01bc 07       		.byte	0x7
 286 01bd 25       		.byte	0x25
 287 01be 9A010000 		.4byte	0x19a
ARM GAS  C:\Users\91819\AppData\Local\Temp\ccI98JFM.s 			page 7


 288 01c2 0A       		.uleb128 0xa
 289 01c3 18020000 		.4byte	.LASF59
 290 01c7 01       		.byte	0x1
 291 01c8 2B       		.byte	0x2b
 292 01c9 8F010000 		.4byte	0x18f
 293 01cd 00000000 		.4byte	.LFB110
 294 01d1 0C000000 		.4byte	.LFE110-.LFB110
 295 01d5 01       		.uleb128 0x1
 296 01d6 9C       		.byte	0x9c
 297 01d7 14020000 		.4byte	0x214
 298 01db 0B       		.uleb128 0xb
 299 01dc C6030000 		.4byte	.LASF60
 300 01e0 01       		.byte	0x1
 301 01e1 2B       		.byte	0x2b
 302 01e2 1A020000 		.4byte	0x21a
 303 01e6 00000000 		.4byte	.LLST0
 304 01ea 0C       		.uleb128 0xc
 305 01eb 47020000 		.4byte	.LASF61
 306 01ef 01       		.byte	0x1
 307 01f0 2E       		.byte	0x2e
 308 01f1 8F010000 		.4byte	0x18f
 309 01f5 21000000 		.4byte	.LLST1
 310 01f9 0D       		.uleb128 0xd
 311 01fa 08000000 		.4byte	.LVL2
 312 01fe 67020000 		.4byte	0x267
 313 0202 0E       		.uleb128 0xe
 314 0203 01       		.uleb128 0x1
 315 0204 50       		.byte	0x50
 316 0205 03       		.uleb128 0x3
 317 0206 F3       		.byte	0xf3
 318 0207 01       		.uleb128 0x1
 319 0208 50       		.byte	0x50
 320 0209 0E       		.uleb128 0xe
 321 020a 01       		.uleb128 0x1
 322 020b 51       		.byte	0x51
 323 020c 05       		.uleb128 0x5
 324 020d F3       		.byte	0xf3
 325 020e 01       		.uleb128 0x1
 326 020f 50       		.byte	0x50
 327 0210 23       		.byte	0x23
 328 0211 01       		.uleb128 0x1
 329 0212 00       		.byte	0
 330 0213 00       		.byte	0
 331 0214 0F       		.uleb128 0xf
 332 0215 04       		.byte	0x4
 333 0216 B7010000 		.4byte	0x1b7
 334 021a 10       		.uleb128 0x10
 335 021b 14020000 		.4byte	0x214
 336 021f 11       		.uleb128 0x11
 337 0220 69040000 		.4byte	.LASF50
 338 0224 08       		.byte	0x8
 339 0225 40       		.byte	0x40
 340 0226 B3000000 		.4byte	0xb3
 341 022a 11       		.uleb128 0x11
 342 022b 8F010000 		.4byte	.LASF51
 343 022f 08       		.byte	0x8
 344 0230 47       		.byte	0x47
ARM GAS  C:\Users\91819\AppData\Local\Temp\ccI98JFM.s 			page 8


 345 0231 BE000000 		.4byte	0xbe
 346 0235 11       		.uleb128 0x11
 347 0236 CB030000 		.4byte	.LASF52
 348 023a 08       		.byte	0x8
 349 023b 4A       		.byte	0x4a
 350 023c B3000000 		.4byte	0xb3
 351 0240 11       		.uleb128 0x11
 352 0241 3A010000 		.4byte	.LASF53
 353 0245 09       		.byte	0x9
 354 0246 48       		.byte	0x48
 355 0247 C9000000 		.4byte	0xc9
 356 024b 11       		.uleb128 0x11
 357 024c 25010000 		.4byte	.LASF54
 358 0250 0A       		.byte	0xa
 359 0251 44       		.byte	0x44
 360 0252 B3000000 		.4byte	0xb3
 361 0256 12       		.uleb128 0x12
 362 0257 2D040000 		.4byte	.LASF55
 363 025b 0B       		.byte	0xb
 364 025c 1207     		.2byte	0x712
 365 025e 62020000 		.4byte	0x262
 366 0262 13       		.uleb128 0x13
 367 0263 76000000 		.4byte	0x76
 368 0267 14       		.uleb128 0x14
 369 0268 43040000 		.4byte	.LASF62
 370 026c 43040000 		.4byte	.LASF62
 371 0270 0C       		.byte	0xc
 372 0271 75       		.byte	0x75
 373 0272 00       		.byte	0
 374              		.section	.debug_abbrev,"",%progbits
 375              	.Ldebug_abbrev0:
 376 0000 01       		.uleb128 0x1
 377 0001 11       		.uleb128 0x11
 378 0002 01       		.byte	0x1
 379 0003 25       		.uleb128 0x25
 380 0004 0E       		.uleb128 0xe
 381 0005 13       		.uleb128 0x13
 382 0006 0B       		.uleb128 0xb
 383 0007 03       		.uleb128 0x3
 384 0008 0E       		.uleb128 0xe
 385 0009 1B       		.uleb128 0x1b
 386 000a 0E       		.uleb128 0xe
 387 000b 55       		.uleb128 0x55
 388 000c 17       		.uleb128 0x17
 389 000d 11       		.uleb128 0x11
 390 000e 01       		.uleb128 0x1
 391 000f 10       		.uleb128 0x10
 392 0010 17       		.uleb128 0x17
 393 0011 00       		.byte	0
 394 0012 00       		.byte	0
 395 0013 02       		.uleb128 0x2
 396 0014 24       		.uleb128 0x24
 397 0015 00       		.byte	0
 398 0016 0B       		.uleb128 0xb
 399 0017 0B       		.uleb128 0xb
 400 0018 3E       		.uleb128 0x3e
 401 0019 0B       		.uleb128 0xb
ARM GAS  C:\Users\91819\AppData\Local\Temp\ccI98JFM.s 			page 9


 402 001a 03       		.uleb128 0x3
 403 001b 0E       		.uleb128 0xe
 404 001c 00       		.byte	0
 405 001d 00       		.byte	0
 406 001e 03       		.uleb128 0x3
 407 001f 16       		.uleb128 0x16
 408 0020 00       		.byte	0
 409 0021 03       		.uleb128 0x3
 410 0022 0E       		.uleb128 0xe
 411 0023 3A       		.uleb128 0x3a
 412 0024 0B       		.uleb128 0xb
 413 0025 3B       		.uleb128 0x3b
 414 0026 0B       		.uleb128 0xb
 415 0027 49       		.uleb128 0x49
 416 0028 13       		.uleb128 0x13
 417 0029 00       		.byte	0
 418 002a 00       		.byte	0
 419 002b 04       		.uleb128 0x4
 420 002c 24       		.uleb128 0x24
 421 002d 00       		.byte	0
 422 002e 0B       		.uleb128 0xb
 423 002f 0B       		.uleb128 0xb
 424 0030 3E       		.uleb128 0x3e
 425 0031 0B       		.uleb128 0xb
 426 0032 03       		.uleb128 0x3
 427 0033 08       		.uleb128 0x8
 428 0034 00       		.byte	0
 429 0035 00       		.byte	0
 430 0036 05       		.uleb128 0x5
 431 0037 04       		.uleb128 0x4
 432 0038 01       		.byte	0x1
 433 0039 0B       		.uleb128 0xb
 434 003a 0B       		.uleb128 0xb
 435 003b 49       		.uleb128 0x49
 436 003c 13       		.uleb128 0x13
 437 003d 3A       		.uleb128 0x3a
 438 003e 0B       		.uleb128 0xb
 439 003f 3B       		.uleb128 0x3b
 440 0040 0B       		.uleb128 0xb
 441 0041 01       		.uleb128 0x1
 442 0042 13       		.uleb128 0x13
 443 0043 00       		.byte	0
 444 0044 00       		.byte	0
 445 0045 06       		.uleb128 0x6
 446 0046 28       		.uleb128 0x28
 447 0047 00       		.byte	0
 448 0048 03       		.uleb128 0x3
 449 0049 0E       		.uleb128 0xe
 450 004a 1C       		.uleb128 0x1c
 451 004b 0B       		.uleb128 0xb
 452 004c 00       		.byte	0
 453 004d 00       		.byte	0
 454 004e 07       		.uleb128 0x7
 455 004f 28       		.uleb128 0x28
 456 0050 00       		.byte	0
 457 0051 03       		.uleb128 0x3
 458 0052 0E       		.uleb128 0xe
ARM GAS  C:\Users\91819\AppData\Local\Temp\ccI98JFM.s 			page 10


 459 0053 1C       		.uleb128 0x1c
 460 0054 0D       		.uleb128 0xd
 461 0055 00       		.byte	0
 462 0056 00       		.byte	0
 463 0057 08       		.uleb128 0x8
 464 0058 13       		.uleb128 0x13
 465 0059 01       		.byte	0x1
 466 005a 0B       		.uleb128 0xb
 467 005b 0B       		.uleb128 0xb
 468 005c 3A       		.uleb128 0x3a
 469 005d 0B       		.uleb128 0xb
 470 005e 3B       		.uleb128 0x3b
 471 005f 0B       		.uleb128 0xb
 472 0060 01       		.uleb128 0x1
 473 0061 13       		.uleb128 0x13
 474 0062 00       		.byte	0
 475 0063 00       		.byte	0
 476 0064 09       		.uleb128 0x9
 477 0065 0D       		.uleb128 0xd
 478 0066 00       		.byte	0
 479 0067 03       		.uleb128 0x3
 480 0068 08       		.uleb128 0x8
 481 0069 3A       		.uleb128 0x3a
 482 006a 0B       		.uleb128 0xb
 483 006b 3B       		.uleb128 0x3b
 484 006c 0B       		.uleb128 0xb
 485 006d 49       		.uleb128 0x49
 486 006e 13       		.uleb128 0x13
 487 006f 38       		.uleb128 0x38
 488 0070 0B       		.uleb128 0xb
 489 0071 00       		.byte	0
 490 0072 00       		.byte	0
 491 0073 0A       		.uleb128 0xa
 492 0074 2E       		.uleb128 0x2e
 493 0075 01       		.byte	0x1
 494 0076 3F       		.uleb128 0x3f
 495 0077 19       		.uleb128 0x19
 496 0078 03       		.uleb128 0x3
 497 0079 0E       		.uleb128 0xe
 498 007a 3A       		.uleb128 0x3a
 499 007b 0B       		.uleb128 0xb
 500 007c 3B       		.uleb128 0x3b
 501 007d 0B       		.uleb128 0xb
 502 007e 27       		.uleb128 0x27
 503 007f 19       		.uleb128 0x19
 504 0080 49       		.uleb128 0x49
 505 0081 13       		.uleb128 0x13
 506 0082 11       		.uleb128 0x11
 507 0083 01       		.uleb128 0x1
 508 0084 12       		.uleb128 0x12
 509 0085 06       		.uleb128 0x6
 510 0086 40       		.uleb128 0x40
 511 0087 18       		.uleb128 0x18
 512 0088 9742     		.uleb128 0x2117
 513 008a 19       		.uleb128 0x19
 514 008b 01       		.uleb128 0x1
 515 008c 13       		.uleb128 0x13
ARM GAS  C:\Users\91819\AppData\Local\Temp\ccI98JFM.s 			page 11


 516 008d 00       		.byte	0
 517 008e 00       		.byte	0
 518 008f 0B       		.uleb128 0xb
 519 0090 05       		.uleb128 0x5
 520 0091 00       		.byte	0
 521 0092 03       		.uleb128 0x3
 522 0093 0E       		.uleb128 0xe
 523 0094 3A       		.uleb128 0x3a
 524 0095 0B       		.uleb128 0xb
 525 0096 3B       		.uleb128 0x3b
 526 0097 0B       		.uleb128 0xb
 527 0098 49       		.uleb128 0x49
 528 0099 13       		.uleb128 0x13
 529 009a 02       		.uleb128 0x2
 530 009b 17       		.uleb128 0x17
 531 009c 00       		.byte	0
 532 009d 00       		.byte	0
 533 009e 0C       		.uleb128 0xc
 534 009f 34       		.uleb128 0x34
 535 00a0 00       		.byte	0
 536 00a1 03       		.uleb128 0x3
 537 00a2 0E       		.uleb128 0xe
 538 00a3 3A       		.uleb128 0x3a
 539 00a4 0B       		.uleb128 0xb
 540 00a5 3B       		.uleb128 0x3b
 541 00a6 0B       		.uleb128 0xb
 542 00a7 49       		.uleb128 0x49
 543 00a8 13       		.uleb128 0x13
 544 00a9 02       		.uleb128 0x2
 545 00aa 17       		.uleb128 0x17
 546 00ab 00       		.byte	0
 547 00ac 00       		.byte	0
 548 00ad 0D       		.uleb128 0xd
 549 00ae 898201   		.uleb128 0x4109
 550 00b1 01       		.byte	0x1
 551 00b2 11       		.uleb128 0x11
 552 00b3 01       		.uleb128 0x1
 553 00b4 31       		.uleb128 0x31
 554 00b5 13       		.uleb128 0x13
 555 00b6 00       		.byte	0
 556 00b7 00       		.byte	0
 557 00b8 0E       		.uleb128 0xe
 558 00b9 8A8201   		.uleb128 0x410a
 559 00bc 00       		.byte	0
 560 00bd 02       		.uleb128 0x2
 561 00be 18       		.uleb128 0x18
 562 00bf 9142     		.uleb128 0x2111
 563 00c1 18       		.uleb128 0x18
 564 00c2 00       		.byte	0
 565 00c3 00       		.byte	0
 566 00c4 0F       		.uleb128 0xf
 567 00c5 0F       		.uleb128 0xf
 568 00c6 00       		.byte	0
 569 00c7 0B       		.uleb128 0xb
 570 00c8 0B       		.uleb128 0xb
 571 00c9 49       		.uleb128 0x49
 572 00ca 13       		.uleb128 0x13
ARM GAS  C:\Users\91819\AppData\Local\Temp\ccI98JFM.s 			page 12


 573 00cb 00       		.byte	0
 574 00cc 00       		.byte	0
 575 00cd 10       		.uleb128 0x10
 576 00ce 26       		.uleb128 0x26
 577 00cf 00       		.byte	0
 578 00d0 49       		.uleb128 0x49
 579 00d1 13       		.uleb128 0x13
 580 00d2 00       		.byte	0
 581 00d3 00       		.byte	0
 582 00d4 11       		.uleb128 0x11
 583 00d5 34       		.uleb128 0x34
 584 00d6 00       		.byte	0
 585 00d7 03       		.uleb128 0x3
 586 00d8 0E       		.uleb128 0xe
 587 00d9 3A       		.uleb128 0x3a
 588 00da 0B       		.uleb128 0xb
 589 00db 3B       		.uleb128 0x3b
 590 00dc 0B       		.uleb128 0xb
 591 00dd 49       		.uleb128 0x49
 592 00de 13       		.uleb128 0x13
 593 00df 3F       		.uleb128 0x3f
 594 00e0 19       		.uleb128 0x19
 595 00e1 3C       		.uleb128 0x3c
 596 00e2 19       		.uleb128 0x19
 597 00e3 00       		.byte	0
 598 00e4 00       		.byte	0
 599 00e5 12       		.uleb128 0x12
 600 00e6 34       		.uleb128 0x34
 601 00e7 00       		.byte	0
 602 00e8 03       		.uleb128 0x3
 603 00e9 0E       		.uleb128 0xe
 604 00ea 3A       		.uleb128 0x3a
 605 00eb 0B       		.uleb128 0xb
 606 00ec 3B       		.uleb128 0x3b
 607 00ed 05       		.uleb128 0x5
 608 00ee 49       		.uleb128 0x49
 609 00ef 13       		.uleb128 0x13
 610 00f0 3F       		.uleb128 0x3f
 611 00f1 19       		.uleb128 0x19
 612 00f2 3C       		.uleb128 0x3c
 613 00f3 19       		.uleb128 0x19
 614 00f4 00       		.byte	0
 615 00f5 00       		.byte	0
 616 00f6 13       		.uleb128 0x13
 617 00f7 35       		.uleb128 0x35
 618 00f8 00       		.byte	0
 619 00f9 49       		.uleb128 0x49
 620 00fa 13       		.uleb128 0x13
 621 00fb 00       		.byte	0
 622 00fc 00       		.byte	0
 623 00fd 14       		.uleb128 0x14
 624 00fe 2E       		.uleb128 0x2e
 625 00ff 00       		.byte	0
 626 0100 3F       		.uleb128 0x3f
 627 0101 19       		.uleb128 0x19
 628 0102 3C       		.uleb128 0x3c
 629 0103 19       		.uleb128 0x19
ARM GAS  C:\Users\91819\AppData\Local\Temp\ccI98JFM.s 			page 13


 630 0104 6E       		.uleb128 0x6e
 631 0105 0E       		.uleb128 0xe
 632 0106 03       		.uleb128 0x3
 633 0107 0E       		.uleb128 0xe
 634 0108 3A       		.uleb128 0x3a
 635 0109 0B       		.uleb128 0xb
 636 010a 3B       		.uleb128 0x3b
 637 010b 0B       		.uleb128 0xb
 638 010c 00       		.byte	0
 639 010d 00       		.byte	0
 640 010e 00       		.byte	0
 641              		.section	.debug_loc,"",%progbits
 642              	.Ldebug_loc0:
 643              	.LLST0:
 644 0000 00000000 		.4byte	.LVL0
 645 0004 07000000 		.4byte	.LVL2-1
 646 0008 0100     		.2byte	0x1
 647 000a 50       		.byte	0x50
 648 000b 07000000 		.4byte	.LVL2-1
 649 000f 0C000000 		.4byte	.LFE110
 650 0013 0400     		.2byte	0x4
 651 0015 F3       		.byte	0xf3
 652 0016 01       		.uleb128 0x1
 653 0017 50       		.byte	0x50
 654 0018 9F       		.byte	0x9f
 655 0019 00000000 		.4byte	0
 656 001d 00000000 		.4byte	0
 657              	.LLST1:
 658 0021 02000000 		.4byte	.LVL1
 659 0025 08000000 		.4byte	.LVL2
 660 0029 0300     		.2byte	0x3
 661 002b 09       		.byte	0x9
 662 002c FF       		.byte	0xff
 663 002d 9F       		.byte	0x9f
 664 002e 00000000 		.4byte	0
 665 0032 00000000 		.4byte	0
 666              		.section	.debug_aranges,"",%progbits
 667 0000 1C000000 		.4byte	0x1c
 668 0004 0200     		.2byte	0x2
 669 0006 00000000 		.4byte	.Ldebug_info0
 670 000a 04       		.byte	0x4
 671 000b 00       		.byte	0
 672 000c 0000     		.2byte	0
 673 000e 0000     		.2byte	0
 674 0010 00000000 		.4byte	.LFB110
 675 0014 0C000000 		.4byte	.LFE110-.LFB110
 676 0018 00000000 		.4byte	0
 677 001c 00000000 		.4byte	0
 678              		.section	.debug_ranges,"",%progbits
 679              	.Ldebug_ranges0:
 680 0000 00000000 		.4byte	.LFB110
 681 0004 0C000000 		.4byte	.LFE110
 682 0008 00000000 		.4byte	0
 683 000c 00000000 		.4byte	0
 684              		.section	.debug_line,"",%progbits
 685              	.Ldebug_line0:
 686 0000 58020000 		.section	.debug_str,"MS",%progbits,1
ARM GAS  C:\Users\91819\AppData\Local\Temp\ccI98JFM.s 			page 14


 686      02004102 
 686      00000201 
 686      FB0E0D00 
 686      01010101 
 687              	.LASF36:
 688 0000 52435F45 		.ascii	"RC_ERROR_READ_ONLY\000"
 688      52524F52 
 688      5F524541 
 688      445F4F4E 
 688      4C5900
 689              	.LASF22:
 690 0013 52435F53 		.ascii	"RC_SUCCESS\000"
 690      55434345 
 690      535300
 691              	.LASF37:
 692 001e 52435F45 		.ascii	"RC_ERROR_WRITE_ONLY\000"
 692      52524F52 
 692      5F575249 
 692      54455F4F 
 692      4E4C5900 
 693              	.LASF2:
 694 0032 73686F72 		.ascii	"short int\000"
 694      7420696E 
 694      7400
 695              	.LASF28:
 696 003c 52435F45 		.ascii	"RC_ERROR_OVERRUN\000"
 696      52524F52 
 696      5F4F5645 
 696      5252554E 
 696      00
 697              	.LASF40:
 698 004d 52435F45 		.ascii	"RC_ERROR_WRITE_FAILS\000"
 698      52524F52 
 698      5F575249 
 698      54455F46 
 698      41494C53 
 699              	.LASF20:
 700 0062 73697A65 		.ascii	"sizetype\000"
 700      74797065 
 700      00
 701              	.LASF25:
 702 006b 52435F45 		.ascii	"RC_ERROR_ZERO\000"
 702      52524F52 
 702      5F5A4552 
 702      4F00
 703              	.LASF18:
 704 0079 45455F46 		.ascii	"EE_FREG\000"
 704      52454700 
 705              	.LASF39:
 706 0081 52435F45 		.ascii	"RC_ERROR_READ_FAILS\000"
 706      52524F52 
 706      5F524541 
 706      445F4641 
 706      494C5300 
 707              	.LASF16:
 708 0095 45455F55 		.ascii	"EE_UINT32\000"
 708      494E5433 
ARM GAS  C:\Users\91819\AppData\Local\Temp\ccI98JFM.s 			page 15


 708      3200
 709              	.LASF58:
 710 009f 433A5C55 		.ascii	"C:\\Users\\91819\\Documents\\HDA_Sem2\\EAA\\Assignm"
 710      73657273 
 710      5C393138 
 710      31395C44 
 710      6F63756D 
 711 00cc 656E7473 		.ascii	"ents\\Assignment1_RTE\\autosar_01.cydsn (2)\\autosa"
 711      5C417373 
 711      69676E6D 
 711      656E7431 
 711      5F525445 
 712 00fc 725F3031 		.ascii	"r_01.cydsn\000"
 712      2E637964 
 712      736E00
 713              	.LASF19:
 714 0107 45455F54 		.ascii	"EE_TID\000"
 714      494400
 715              	.LASF45:
 716 010e 52435F45 		.ascii	"RC_ERROR_INVALID_STATE\000"
 716      52524F52 
 716      5F494E56 
 716      414C4944 
 716      5F535441 
 717              	.LASF54:
 718 0125 45455F49 		.ascii	"EE_IRQ_nesting_level\000"
 718      52515F6E 
 718      65737469 
 718      6E675F6C 
 718      6576656C 
 719              	.LASF53:
 720 013a 45455F73 		.ascii	"EE_std_endcycle_next_tid\000"
 720      74645F65 
 720      6E646379 
 720      636C655F 
 720      6E657874 
 721              	.LASF27:
 722 0153 52435F45 		.ascii	"RC_ERROR_RANGE\000"
 722      52524F52 
 722      5F52414E 
 722      474500
 723              	.LASF11:
 724 0162 666C6F61 		.ascii	"float\000"
 724      7400
 725              	.LASF47:
 726 0168 52435F45 		.ascii	"RC_ERROR_NOT_IMPLEMENTED\000"
 726      52524F52 
 726      5F4E4F54 
 726      5F494D50 
 726      4C454D45 
 727              	.LASF6:
 728 0181 6C6F6E67 		.ascii	"long long int\000"
 728      206C6F6E 
 728      6720696E 
 728      7400
 729              	.LASF51:
 730 018f 45455F6F 		.ascii	"EE_oo_IRQ_suspend_status\000"
ARM GAS  C:\Users\91819\AppData\Local\Temp\ccI98JFM.s 			page 16


 730      6F5F4952 
 730      515F7375 
 730      7370656E 
 730      645F7374 
 731              	.LASF41:
 732 01a8 52435F45 		.ascii	"RC_ERROR_NOT_MATCH\000"
 732      52524F52 
 732      5F4E4F54 
 732      5F4D4154 
 732      434800
 733              	.LASF46:
 734 01bb 52435F45 		.ascii	"RC_ERROR_UNKNOWN\000"
 734      52524F52 
 734      5F554E4B 
 734      4E4F574E 
 734      00
 735              	.LASF4:
 736 01cc 6C6F6E67 		.ascii	"long int\000"
 736      20696E74 
 736      00
 737              	.LASF29:
 738 01d5 52435F45 		.ascii	"RC_ERROR_UNDERRUN\000"
 738      52524F52 
 738      5F554E44 
 738      45525255 
 738      4E00
 739              	.LASF32:
 740 01e7 52435F45 		.ascii	"RC_ERROR_BUSY\000"
 740      52524F52 
 740      5F425553 
 740      5900
 741              	.LASF38:
 742 01f5 52435F45 		.ascii	"RC_ERROR_INVALID\000"
 742      52524F52 
 742      5F494E56 
 742      414C4944 
 742      00
 743              	.LASF43:
 744 0206 52435F45 		.ascii	"RC_ERROR_BAD_DATA\000"
 744      52524F52 
 744      5F424144 
 744      5F444154 
 744      4100
 745              	.LASF59:
 746 0218 53435F4A 		.ascii	"SC_JOYSTICK_driverIn\000"
 746      4F595354 
 746      49434B5F 
 746      64726976 
 746      6572496E 
 747              	.LASF14:
 748 022d 6C6F6E67 		.ascii	"long double\000"
 748      20646F75 
 748      626C6500 
 749              	.LASF1:
 750 0239 756E7369 		.ascii	"unsigned char\000"
 750      676E6564 
 750      20636861 
ARM GAS  C:\Users\91819\AppData\Local\Temp\ccI98JFM.s 			page 17


 750      7200
 751              	.LASF61:
 752 0247 64726976 		.ascii	"driverInData\000"
 752      6572496E 
 752      44617461 
 752      00
 753              	.LASF49:
 754 0254 53435F4A 		.ascii	"SC_JOYSTICK_data_t\000"
 754      4F595354 
 754      49434B5F 
 754      64617461 
 754      5F7400
 755              	.LASF0:
 756 0267 7369676E 		.ascii	"signed char\000"
 756      65642063 
 756      68617200 
 757              	.LASF7:
 758 0273 6C6F6E67 		.ascii	"long long unsigned int\000"
 758      206C6F6E 
 758      6720756E 
 758      7369676E 
 758      65642069 
 759              	.LASF8:
 760 028a 756E7369 		.ascii	"unsigned int\000"
 760      676E6564 
 760      20696E74 
 760      00
 761              	.LASF34:
 762 0297 52435F45 		.ascii	"RC_ERROR_OPEN\000"
 762      52524F52 
 762      5F4F5045 
 762      4E00
 763              	.LASF24:
 764 02a5 52435F45 		.ascii	"RC_ERROR_NULL\000"
 764      52524F52 
 764      5F4E554C 
 764      4C00
 765              	.LASF31:
 766 02b3 52435F45 		.ascii	"RC_ERROR_BUFFER_EMTPY\000"
 766      52524F52 
 766      5F425546 
 766      4645525F 
 766      454D5450 
 767              	.LASF15:
 768 02c9 45455F49 		.ascii	"EE_INT32\000"
 768      4E543332 
 768      00
 769              	.LASF3:
 770 02d2 73686F72 		.ascii	"short unsigned int\000"
 770      7420756E 
 770      7369676E 
 770      65642069 
 770      6E7400
 771              	.LASF56:
 772 02e5 474E5520 		.ascii	"GNU C11 5.4.1 20160609 (release) [ARM/embedded-5-br"
 772      43313120 
 772      352E342E 
ARM GAS  C:\Users\91819\AppData\Local\Temp\ccI98JFM.s 			page 18


 772      31203230 
 772      31363036 
 773 0318 616E6368 		.ascii	"anch revision 237715] -mcpu=cortex-m3 -mthumb -g -O"
 773      20726576 
 773      6973696F 
 773      6E203233 
 773      37373135 
 774 034b 67202D66 		.ascii	"g -ffunction-sections -ffat-lto-objects\000"
 774      66756E63 
 774      74696F6E 
 774      2D736563 
 774      74696F6E 
 775              	.LASF13:
 776 0373 63686172 		.ascii	"char\000"
 776      00
 777              	.LASF30:
 778 0378 52435F45 		.ascii	"RC_ERROR_BUFFER_FULL\000"
 778      52524F52 
 778      5F425546 
 778      4645525F 
 778      46554C4C 
 779              	.LASF10:
 780 038d 696E7433 		.ascii	"int32_t\000"
 780      325F7400 
 781              	.LASF57:
 782 0395 736F7572 		.ascii	"source\\rte\\sc_joystick_type.c\000"
 782      63655C72 
 782      74655C73 
 782      635F6A6F 
 782      79737469 
 783              	.LASF42:
 784 03b3 52435F45 		.ascii	"RC_ERROR_BAD_PARAM\000"
 784      52524F52 
 784      5F424144 
 784      5F504152 
 784      414D00
 785              	.LASF60:
 786 03c6 64617461 		.ascii	"data\000"
 786      00
 787              	.LASF52:
 788 03cb 45455F41 		.ascii	"EE_ApplicationMode\000"
 788      70706C69 
 788      63617469 
 788      6F6E4D6F 
 788      646500
 789              	.LASF5:
 790 03de 6C6F6E67 		.ascii	"long unsigned int\000"
 790      20756E73 
 790      69676E65 
 790      6420696E 
 790      7400
 791              	.LASF12:
 792 03f0 646F7562 		.ascii	"double\000"
 792      6C6500
 793              	.LASF35:
 794 03f7 52435F45 		.ascii	"RC_ERROR_CHECKSUM\000"
 794      52524F52 
ARM GAS  C:\Users\91819\AppData\Local\Temp\ccI98JFM.s 			page 19


 794      5F434845 
 794      434B5355 
 794      4D00
 795              	.LASF17:
 796 0409 45455F55 		.ascii	"EE_UREG\000"
 796      52454700 
 797              	.LASF9:
 798 0411 5F5F696E 		.ascii	"__int32_t\000"
 798      7433325F 
 798      7400
 799              	.LASF44:
 800 041b 52435F45 		.ascii	"RC_ERROR_CANCELED\000"
 800      52524F52 
 800      5F43414E 
 800      43454C45 
 800      4400
 801              	.LASF55:
 802 042d 49544D5F 		.ascii	"ITM_RxBuffer\000"
 802      52784275 
 802      66666572 
 802      00
 803              	.LASF23:
 804 043a 52435F45 		.ascii	"RC_ERROR\000"
 804      52524F52 
 804      00
 805              	.LASF62:
 806 0443 4A4F5953 		.ascii	"JOYSTICK_ReadPosition\000"
 806      5449434B 
 806      5F526561 
 806      64506F73 
 806      6974696F 
 807              	.LASF26:
 808 0459 52435F45 		.ascii	"RC_ERROR_MEMORY\000"
 808      52524F52 
 808      5F4D454D 
 808      4F525900 
 809              	.LASF50:
 810 0469 45455F6F 		.ascii	"EE_oo_IRQ_disable_count\000"
 810      6F5F4952 
 810      515F6469 
 810      7361626C 
 810      655F636F 
 811              	.LASF48:
 812 0481 52435F74 		.ascii	"RC_t\000"
 812      00
 813              	.LASF21:
 814 0486 73696E74 		.ascii	"sint8_t\000"
 814      385F7400 
 815              	.LASF33:
 816 048e 52435F45 		.ascii	"RC_ERROR_TIME_OUT\000"
 816      52524F52 
 816      5F54494D 
 816      455F4F55 
 816      5400
 817              		.ident	"GCC: (GNU Tools for ARM Embedded Processors) 5.4.1 20160609 (release) [ARM/embedded-5-bran
