ARM GAS  C:\Users\91819\AppData\Local\Temp\ccgpILq1.s 			page 1


   1              		.syntax unified
   2              		.cpu cortex-m3
   3              		.fpu softvfp
   4              		.eabi_attribute 20, 1
   5              		.eabi_attribute 21, 1
   6              		.eabi_attribute 23, 3
   7              		.eabi_attribute 24, 1
   8              		.eabi_attribute 25, 1
   9              		.eabi_attribute 26, 1
  10              		.eabi_attribute 30, 1
  11              		.eabi_attribute 34, 1
  12              		.eabi_attribute 18, 4
  13              		.thumb
  14              		.syntax unified
  15              		.file	"sc_speed_type.c"
  16              		.text
  17              	.Ltext0:
  18              		.cfi_sections	.debug_frame
  19              		.section	.text.SC_SPEED_driverIn,"ax",%progbits
  20              		.align	2
  21              		.global	SC_SPEED_driverIn
  22              		.thumb
  23              		.thumb_func
  24              		.type	SC_SPEED_driverIn, %function
  25              	SC_SPEED_driverIn:
  26              	.LFB110:
  27              		.file 1 "source\\rte\\sc_speed_type.c"
   1:source\rte/sc_speed_type.c **** 
   2:source\rte/sc_speed_type.c **** 
   3:source\rte/sc_speed_type.c **** /*
   4:source\rte/sc_speed_type.c ****  * Filename: sc_speed_type.c
   5:source\rte/sc_speed_type.c ****  *
   6:source\rte/sc_speed_type.c ****  * Author: Autogenerated by H-DA RTE Generator, (c) Prof. Fromm
   7:source\rte/sc_speed_type.c ****  */
   8:source\rte/sc_speed_type.c **** 
   9:source\rte/sc_speed_type.c **** #include "project.h"
  10:source\rte/sc_speed_type.c **** #include "global.h"
  11:source\rte/sc_speed_type.c **** #include "rte.h"
  12:source\rte/sc_speed_type.c **** #include "rte_types.h"
  13:source\rte/sc_speed_type.c **** #include "sc_speed_type.h"
  14:source\rte/sc_speed_type.c **** 
  15:source\rte/sc_speed_type.c **** 
  16:source\rte/sc_speed_type.c **** 
  17:source\rte/sc_speed_type.c **** /* USER CODE START SC_SPEED_INCLUDE */
  18:source\rte/sc_speed_type.c **** 
  19:source\rte/sc_speed_type.c **** /* USER CODE END SC_SPEED_INCLUDE */
  20:source\rte/sc_speed_type.c **** 
  21:source\rte/sc_speed_type.c **** 
  22:source\rte/sc_speed_type.c **** /*
  23:source\rte/sc_speed_type.c **** * description: Signalclass
  24:source\rte/sc_speed_type.c **** * name: sc_speed
  25:source\rte/sc_speed_type.c **** * shortname: speed
  26:source\rte/sc_speed_type.c **** */
  27:source\rte/sc_speed_type.c **** 
  28:source\rte/sc_speed_type.c **** /* USER CODE START SC_SPEED_USERDEFINITIONS */
  29:source\rte/sc_speed_type.c **** 
  30:source\rte/sc_speed_type.c **** /* USER CODE END SC_SPEED_USERDEFINITIONS */
ARM GAS  C:\Users\91819\AppData\Local\Temp\ccgpILq1.s 			page 2


  31:source\rte/sc_speed_type.c **** 
  32:source\rte/sc_speed_type.c **** 
  33:source\rte/sc_speed_type.c **** /*****************************************************************************************
  34:source\rte/sc_speed_type.c ****  *************** Port Wrapper Implementation for SC_SPEED signal  ****************
  35:source\rte/sc_speed_type.c ****  *****************************************************************************************/
  36:source\rte/sc_speed_type.c ****  
  37:source\rte/sc_speed_type.c ****  
  38:source\rte/sc_speed_type.c **** 
  39:source\rte/sc_speed_type.c **** /**
  40:source\rte/sc_speed_type.c ****  * Default IN driver API
  41:source\rte/sc_speed_type.c ****  */
  42:source\rte/sc_speed_type.c **** inline RC_t SC_SPEED_driverIn(SC_SPEED_data_t *const data)
  43:source\rte/sc_speed_type.c **** {
  28              		.loc 1 43 0
  29              		.cfi_startproc
  30              		@ args = 0, pretend = 0, frame = 0
  31              		@ frame_needed = 0, uses_anonymous_args = 0
  32              		@ link register save eliminated.
  33              	.LVL0:
  44:source\rte/sc_speed_type.c **** 	/* USER CODE START driverInSC_SPEED */
  45:source\rte/sc_speed_type.c **** 
  46:source\rte/sc_speed_type.c **** 	//Read data from the MCAL driver
  47:source\rte/sc_speed_type.c **** 
  48:source\rte/sc_speed_type.c **** 	//Scale it to the application type
  49:source\rte/sc_speed_type.c **** 
  50:source\rte/sc_speed_type.c **** 	return RC_SUCCESS;
  51:source\rte/sc_speed_type.c **** 	/* USER CODE END driverInSC_SPEED */
  52:source\rte/sc_speed_type.c **** }
  34              		.loc 1 52 0
  35 0000 0020     		movs	r0, #0
  36              	.LVL1:
  37 0002 7047     		bx	lr
  38              		.cfi_endproc
  39              	.LFE110:
  40              		.size	SC_SPEED_driverIn, .-SC_SPEED_driverIn
  41              		.section	.text.SC_SPEED_driverOut,"ax",%progbits
  42              		.align	2
  43              		.global	SC_SPEED_driverOut
  44              		.thumb
  45              		.thumb_func
  46              		.type	SC_SPEED_driverOut, %function
  47              	SC_SPEED_driverOut:
  48              	.LFB111:
  53:source\rte/sc_speed_type.c **** /**
  54:source\rte/sc_speed_type.c ****  * Default OUT driver API
  55:source\rte/sc_speed_type.c ****  */
  56:source\rte/sc_speed_type.c **** inline RC_t SC_SPEED_driverOut(const SC_SPEED_data_t  *const data)
  57:source\rte/sc_speed_type.c **** {
  49              		.loc 1 57 0
  50              		.cfi_startproc
  51              		@ args = 0, pretend = 0, frame = 0
  52              		@ frame_needed = 0, uses_anonymous_args = 0
  53              	.LVL2:
  54 0000 08B5     		push	{r3, lr}
  55              		.cfi_def_cfa_offset 8
  56              		.cfi_offset 3, -8
  57              		.cfi_offset 14, -4
ARM GAS  C:\Users\91819\AppData\Local\Temp\ccgpILq1.s 			page 3


  58:source\rte/sc_speed_type.c **** 	/* USER CODE START driverOutSC_SPEED */
  59:source\rte/sc_speed_type.c ****     if(data->mySpeed > 4)
  58              		.loc 1 59 0
  59 0002 0078     		ldrb	r0, [r0]	@ zero_extendqisi2
  60              	.LVL3:
  61 0004 0428     		cmp	r0, #4
  62 0006 02D9     		bls	.L3
  60:source\rte/sc_speed_type.c ****     {
  61:source\rte/sc_speed_type.c ****         PWM_Green_WriteCompare(data->mySpeed);
  63              		.loc 1 61 0
  64 0008 FFF7FEFF 		bl	PWM_Green_WriteCompare
  65              	.LVL4:
  66 000c 02E0     		b	.L4
  67              	.L3:
  62:source\rte/sc_speed_type.c ****     }
  63:source\rte/sc_speed_type.c ****     else 
  64:source\rte/sc_speed_type.c ****     {
  65:source\rte/sc_speed_type.c ****         PWM_Green_WriteCompare(0);
  68              		.loc 1 65 0
  69 000e 0020     		movs	r0, #0
  70 0010 FFF7FEFF 		bl	PWM_Green_WriteCompare
  71              	.LVL5:
  72              	.L4:
  66:source\rte/sc_speed_type.c ****     }
  67:source\rte/sc_speed_type.c **** 
  68:source\rte/sc_speed_type.c **** 	//Scale application data to drive format
  69:source\rte/sc_speed_type.c **** 
  70:source\rte/sc_speed_type.c **** 	//Write scaled data to driver
  71:source\rte/sc_speed_type.c **** 
  72:source\rte/sc_speed_type.c **** 	return RC_SUCCESS;
  73:source\rte/sc_speed_type.c **** 	/* USER CODE END driverOutSC_SPEED */
  74:source\rte/sc_speed_type.c **** }
  73              		.loc 1 74 0
  74 0014 0020     		movs	r0, #0
  75 0016 08BD     		pop	{r3, pc}
  76              		.cfi_endproc
  77              	.LFE111:
  78              		.size	SC_SPEED_driverOut, .-SC_SPEED_driverOut
  79              		.text
  80              	.Letext0:
  81              		.file 2 "c:\\program files (x86)\\cypress\\psoc creator\\4.4\\psoc creator\\import\\gnu\\arm\\5.4.
  82              		.file 3 "c:\\program files (x86)\\cypress\\psoc creator\\4.4\\psoc creator\\import\\gnu\\arm\\5.4.
  83              		.file 4 "Generated_Source\\PSoC5/ErikaOS_1_common_ee_types.inc"
  84              		.file 5 "Generated_Source\\PSoC5/ErikaOS_1_cortex_mx_ee_cpu.inc"
  85              		.file 6 ".\\source\\bsw/global.h"
  86              		.file 7 "source\\rte\\sc_speed_type.h"
  87              		.file 8 "Generated_Source\\PSoC5/ErikaOS_1_ee_oo_intfunc.inc"
  88              		.file 9 "Generated_Source\\PSoC5/ErikaOS_1_cortex_mx_ee_context.inc"
  89              		.file 10 "Generated_Source\\PSoC5/ErikaOS_1_common_ee_primitives.inc"
  90              		.file 11 "Generated_Source\\PSoC5/core_cm3.h"
  91              		.file 12 "Generated_Source\\PSoC5/PWM_Green.h"
  92              		.section	.debug_info,"",%progbits
  93              	.Ldebug_info0:
  94 0000 9A020000 		.4byte	0x29a
  95 0004 0400     		.2byte	0x4
  96 0006 00000000 		.4byte	.Ldebug_abbrev0
  97 000a 04       		.byte	0x4
ARM GAS  C:\Users\91819\AppData\Local\Temp\ccgpILq1.s 			page 4


  98 000b 01       		.uleb128 0x1
  99 000c E4020000 		.4byte	.LASF60
 100 0010 0C       		.byte	0xc
 101 0011 A7030000 		.4byte	.LASF61
 102 0015 A7000000 		.4byte	.LASF62
 103 0019 00000000 		.4byte	.Ldebug_ranges0+0
 104 001d 00000000 		.4byte	0
 105 0021 00000000 		.4byte	.Ldebug_line0
 106 0025 02       		.uleb128 0x2
 107 0026 01       		.byte	0x1
 108 0027 06       		.byte	0x6
 109 0028 66020000 		.4byte	.LASF0
 110 002c 03       		.uleb128 0x3
 111 002d 0D020000 		.4byte	.LASF4
 112 0031 02       		.byte	0x2
 113 0032 1D       		.byte	0x1d
 114 0033 37000000 		.4byte	0x37
 115 0037 02       		.uleb128 0x2
 116 0038 01       		.byte	0x1
 117 0039 08       		.byte	0x8
 118 003a 46020000 		.4byte	.LASF1
 119 003e 02       		.uleb128 0x2
 120 003f 02       		.byte	0x2
 121 0040 05       		.byte	0x5
 122 0041 32000000 		.4byte	.LASF2
 123 0045 02       		.uleb128 0x2
 124 0046 02       		.byte	0x2
 125 0047 07       		.byte	0x7
 126 0048 D1020000 		.4byte	.LASF3
 127 004c 03       		.uleb128 0x3
 128 004d 24040000 		.4byte	.LASF5
 129 0051 02       		.byte	0x2
 130 0052 3F       		.byte	0x3f
 131 0053 57000000 		.4byte	0x57
 132 0057 02       		.uleb128 0x2
 133 0058 04       		.byte	0x4
 134 0059 05       		.byte	0x5
 135 005a E4010000 		.4byte	.LASF6
 136 005e 02       		.uleb128 0x2
 137 005f 04       		.byte	0x4
 138 0060 07       		.byte	0x7
 139 0061 DA030000 		.4byte	.LASF7
 140 0065 02       		.uleb128 0x2
 141 0066 08       		.byte	0x8
 142 0067 05       		.byte	0x5
 143 0068 99010000 		.4byte	.LASF8
 144 006c 02       		.uleb128 0x2
 145 006d 08       		.byte	0x8
 146 006e 07       		.byte	0x7
 147 006f 72020000 		.4byte	.LASF9
 148 0073 04       		.uleb128 0x4
 149 0074 04       		.byte	0x4
 150 0075 05       		.byte	0x5
 151 0076 696E7400 		.ascii	"int\000"
 152 007a 02       		.uleb128 0x2
 153 007b 04       		.byte	0x4
 154 007c 07       		.byte	0x7
ARM GAS  C:\Users\91819\AppData\Local\Temp\ccgpILq1.s 			page 5


 155 007d 89020000 		.4byte	.LASF10
 156 0081 03       		.uleb128 0x3
 157 0082 2E040000 		.4byte	.LASF11
 158 0086 03       		.byte	0x3
 159 0087 18       		.byte	0x18
 160 0088 2C000000 		.4byte	0x2c
 161 008c 03       		.uleb128 0x3
 162 008d 8C030000 		.4byte	.LASF12
 163 0091 03       		.byte	0x3
 164 0092 2C       		.byte	0x2c
 165 0093 4C000000 		.4byte	0x4c
 166 0097 02       		.uleb128 0x2
 167 0098 04       		.byte	0x4
 168 0099 04       		.byte	0x4
 169 009a 7A010000 		.4byte	.LASF13
 170 009e 02       		.uleb128 0x2
 171 009f 08       		.byte	0x8
 172 00a0 04       		.byte	0x4
 173 00a1 03040000 		.4byte	.LASF14
 174 00a5 02       		.uleb128 0x2
 175 00a6 01       		.byte	0x1
 176 00a7 08       		.byte	0x8
 177 00a8 72030000 		.4byte	.LASF15
 178 00ac 02       		.uleb128 0x2
 179 00ad 08       		.byte	0x8
 180 00ae 04       		.byte	0x4
 181 00af 3A020000 		.4byte	.LASF16
 182 00b3 03       		.uleb128 0x3
 183 00b4 C8020000 		.4byte	.LASF17
 184 00b8 04       		.byte	0x4
 185 00b9 53       		.byte	0x53
 186 00ba 73000000 		.4byte	0x73
 187 00be 03       		.uleb128 0x3
 188 00bf 9D000000 		.4byte	.LASF18
 189 00c3 04       		.byte	0x4
 190 00c4 54       		.byte	0x54
 191 00c5 7A000000 		.4byte	0x7a
 192 00c9 03       		.uleb128 0x3
 193 00ca 1C040000 		.4byte	.LASF19
 194 00ce 05       		.byte	0x5
 195 00cf 4D       		.byte	0x4d
 196 00d0 BE000000 		.4byte	0xbe
 197 00d4 03       		.uleb128 0x3
 198 00d5 81000000 		.4byte	.LASF20
 199 00d9 05       		.byte	0x5
 200 00da 4F       		.byte	0x4f
 201 00db BE000000 		.4byte	0xbe
 202 00df 03       		.uleb128 0x3
 203 00e0 0F010000 		.4byte	.LASF21
 204 00e4 05       		.byte	0x5
 205 00e5 78       		.byte	0x78
 206 00e6 B3000000 		.4byte	0xb3
 207 00ea 02       		.uleb128 0x2
 208 00eb 04       		.byte	0x4
 209 00ec 07       		.byte	0x7
 210 00ed 62000000 		.4byte	.LASF22
 211 00f1 05       		.uleb128 0x5
ARM GAS  C:\Users\91819\AppData\Local\Temp\ccgpILq1.s 			page 6


 212 00f2 01       		.byte	0x1
 213 00f3 25000000 		.4byte	0x25
 214 00f7 06       		.byte	0x6
 215 00f8 CF       		.byte	0xcf
 216 00f9 9A010000 		.4byte	0x19a
 217 00fd 06       		.uleb128 0x6
 218 00fe 13000000 		.4byte	.LASF23
 219 0102 00       		.byte	0
 220 0103 07       		.uleb128 0x7
 221 0104 55040000 		.4byte	.LASF24
 222 0108 7F       		.sleb128 -1
 223 0109 07       		.uleb128 0x7
 224 010a A4020000 		.4byte	.LASF25
 225 010e 7E       		.sleb128 -2
 226 010f 07       		.uleb128 0x7
 227 0110 73000000 		.4byte	.LASF26
 228 0114 7D       		.sleb128 -3
 229 0115 07       		.uleb128 0x7
 230 0116 5E040000 		.4byte	.LASF27
 231 011a 7C       		.sleb128 -4
 232 011b 07       		.uleb128 0x7
 233 011c 6B010000 		.4byte	.LASF28
 234 0120 7B       		.sleb128 -5
 235 0121 07       		.uleb128 0x7
 236 0122 3C000000 		.4byte	.LASF29
 237 0126 7A       		.sleb128 -6
 238 0127 07       		.uleb128 0x7
 239 0128 ED010000 		.4byte	.LASF30
 240 012c 79       		.sleb128 -7
 241 012d 07       		.uleb128 0x7
 242 012e 77030000 		.4byte	.LASF31
 243 0132 78       		.sleb128 -8
 244 0133 07       		.uleb128 0x7
 245 0134 B2020000 		.4byte	.LASF32
 246 0138 77       		.sleb128 -9
 247 0139 07       		.uleb128 0x7
 248 013a FF010000 		.4byte	.LASF33
 249 013e 76       		.sleb128 -10
 250 013f 07       		.uleb128 0x7
 251 0140 9E040000 		.4byte	.LASF34
 252 0144 75       		.sleb128 -11
 253 0145 07       		.uleb128 0x7
 254 0146 96020000 		.4byte	.LASF35
 255 014a 74       		.sleb128 -12
 256 014b 07       		.uleb128 0x7
 257 014c 0A040000 		.4byte	.LASF36
 258 0150 73       		.sleb128 -13
 259 0151 07       		.uleb128 0x7
 260 0152 00000000 		.4byte	.LASF37
 261 0156 72       		.sleb128 -14
 262 0157 07       		.uleb128 0x7
 263 0158 1E000000 		.4byte	.LASF38
 264 015c 71       		.sleb128 -15
 265 015d 07       		.uleb128 0x7
 266 015e 17020000 		.4byte	.LASF39
 267 0162 70       		.sleb128 -16
 268 0163 07       		.uleb128 0x7
ARM GAS  C:\Users\91819\AppData\Local\Temp\ccgpILq1.s 			page 7


 269 0164 89000000 		.4byte	.LASF40
 270 0168 6F       		.sleb128 -17
 271 0169 07       		.uleb128 0x7
 272 016a 4D000000 		.4byte	.LASF41
 273 016e 6E       		.sleb128 -18
 274 016f 07       		.uleb128 0x7
 275 0170 C0010000 		.4byte	.LASF42
 276 0174 6D       		.sleb128 -19
 277 0175 07       		.uleb128 0x7
 278 0176 94030000 		.4byte	.LASF43
 279 017a 6C       		.sleb128 -20
 280 017b 07       		.uleb128 0x7
 281 017c 28020000 		.4byte	.LASF44
 282 0180 6B       		.sleb128 -21
 283 0181 07       		.uleb128 0x7
 284 0182 36040000 		.4byte	.LASF45
 285 0186 6A       		.sleb128 -22
 286 0187 07       		.uleb128 0x7
 287 0188 26010000 		.4byte	.LASF46
 288 018c 69       		.sleb128 -23
 289 018d 07       		.uleb128 0x7
 290 018e D3010000 		.4byte	.LASF47
 291 0192 68       		.sleb128 -24
 292 0193 07       		.uleb128 0x7
 293 0194 80010000 		.4byte	.LASF48
 294 0198 67       		.sleb128 -25
 295 0199 00       		.byte	0
 296 019a 03       		.uleb128 0x3
 297 019b 99040000 		.4byte	.LASF49
 298 019f 06       		.byte	0x6
 299 01a0 EA       		.byte	0xea
 300 01a1 F1000000 		.4byte	0xf1
 301 01a5 08       		.uleb128 0x8
 302 01a6 01       		.byte	0x1
 303 01a7 07       		.byte	0x7
 304 01a8 1F       		.byte	0x1f
 305 01a9 BA010000 		.4byte	0x1ba
 306 01ad 09       		.uleb128 0x9
 307 01ae 6B000000 		.4byte	.LASF63
 308 01b2 07       		.byte	0x7
 309 01b3 21       		.byte	0x21
 310 01b4 81000000 		.4byte	0x81
 311 01b8 00       		.byte	0
 312 01b9 00       		.byte	0
 313 01ba 03       		.uleb128 0x3
 314 01bb 16010000 		.4byte	.LASF50
 315 01bf 07       		.byte	0x7
 316 01c0 24       		.byte	0x24
 317 01c1 A5010000 		.4byte	0x1a5
 318 01c5 0A       		.uleb128 0xa
 319 01c6 54020000 		.4byte	.LASF51
 320 01ca 01       		.byte	0x1
 321 01cb 2A       		.byte	0x2a
 322 01cc 9A010000 		.4byte	0x19a
 323 01d0 00000000 		.4byte	.LFB110
 324 01d4 04000000 		.4byte	.LFE110-.LFB110
 325 01d8 01       		.uleb128 0x1
ARM GAS  C:\Users\91819\AppData\Local\Temp\ccgpILq1.s 			page 8


 326 01d9 9C       		.byte	0x9c
 327 01da EE010000 		.4byte	0x1ee
 328 01de 0B       		.uleb128 0xb
 329 01df C2030000 		.4byte	.LASF53
 330 01e3 01       		.byte	0x1
 331 01e4 2A       		.byte	0x2a
 332 01e5 F4010000 		.4byte	0x1f4
 333 01e9 00000000 		.4byte	.LLST0
 334 01ed 00       		.byte	0
 335 01ee 0C       		.uleb128 0xc
 336 01ef 04       		.byte	0x4
 337 01f0 BA010000 		.4byte	0x1ba
 338 01f4 0D       		.uleb128 0xd
 339 01f5 EE010000 		.4byte	0x1ee
 340 01f9 0A       		.uleb128 0xa
 341 01fa 86040000 		.4byte	.LASF52
 342 01fe 01       		.byte	0x1
 343 01ff 38       		.byte	0x38
 344 0200 9A010000 		.4byte	0x19a
 345 0204 00000000 		.4byte	.LFB111
 346 0208 18000000 		.4byte	.LFE111-.LFB111
 347 020c 01       		.uleb128 0x1
 348 020d 9C       		.byte	0x9c
 349 020e 3A020000 		.4byte	0x23a
 350 0212 0B       		.uleb128 0xb
 351 0213 C2030000 		.4byte	.LASF53
 352 0217 01       		.byte	0x1
 353 0218 38       		.byte	0x38
 354 0219 45020000 		.4byte	0x245
 355 021d 21000000 		.4byte	.LLST1
 356 0221 0E       		.uleb128 0xe
 357 0222 0C000000 		.4byte	.LVL4
 358 0226 92020000 		.4byte	0x292
 359 022a 0F       		.uleb128 0xf
 360 022b 14000000 		.4byte	.LVL5
 361 022f 92020000 		.4byte	0x292
 362 0233 10       		.uleb128 0x10
 363 0234 01       		.uleb128 0x1
 364 0235 50       		.byte	0x50
 365 0236 01       		.uleb128 0x1
 366 0237 30       		.byte	0x30
 367 0238 00       		.byte	0
 368 0239 00       		.byte	0
 369 023a 0C       		.uleb128 0xc
 370 023b 04       		.byte	0x4
 371 023c 40020000 		.4byte	0x240
 372 0240 0D       		.uleb128 0xd
 373 0241 BA010000 		.4byte	0x1ba
 374 0245 0D       		.uleb128 0xd
 375 0246 3A020000 		.4byte	0x23a
 376 024a 11       		.uleb128 0x11
 377 024b 6E040000 		.4byte	.LASF54
 378 024f 08       		.byte	0x8
 379 0250 40       		.byte	0x40
 380 0251 C9000000 		.4byte	0xc9
 381 0255 11       		.uleb128 0x11
 382 0256 A7010000 		.4byte	.LASF55
ARM GAS  C:\Users\91819\AppData\Local\Temp\ccgpILq1.s 			page 9


 383 025a 08       		.byte	0x8
 384 025b 47       		.byte	0x47
 385 025c D4000000 		.4byte	0xd4
 386 0260 11       		.uleb128 0x11
 387 0261 C7030000 		.4byte	.LASF56
 388 0265 08       		.byte	0x8
 389 0266 4A       		.byte	0x4a
 390 0267 C9000000 		.4byte	0xc9
 391 026b 11       		.uleb128 0x11
 392 026c 52010000 		.4byte	.LASF57
 393 0270 09       		.byte	0x9
 394 0271 48       		.byte	0x48
 395 0272 DF000000 		.4byte	0xdf
 396 0276 11       		.uleb128 0x11
 397 0277 3D010000 		.4byte	.LASF58
 398 027b 0A       		.byte	0xa
 399 027c 44       		.byte	0x44
 400 027d C9000000 		.4byte	0xc9
 401 0281 12       		.uleb128 0x12
 402 0282 48040000 		.4byte	.LASF59
 403 0286 0B       		.byte	0xb
 404 0287 1207     		.2byte	0x712
 405 0289 8D020000 		.4byte	0x28d
 406 028d 13       		.uleb128 0x13
 407 028e 8C000000 		.4byte	0x8c
 408 0292 14       		.uleb128 0x14
 409 0293 EC030000 		.4byte	.LASF64
 410 0297 EC030000 		.4byte	.LASF64
 411 029b 0C       		.byte	0xc
 412 029c C3       		.byte	0xc3
 413 029d 00       		.byte	0
 414              		.section	.debug_abbrev,"",%progbits
 415              	.Ldebug_abbrev0:
 416 0000 01       		.uleb128 0x1
 417 0001 11       		.uleb128 0x11
 418 0002 01       		.byte	0x1
 419 0003 25       		.uleb128 0x25
 420 0004 0E       		.uleb128 0xe
 421 0005 13       		.uleb128 0x13
 422 0006 0B       		.uleb128 0xb
 423 0007 03       		.uleb128 0x3
 424 0008 0E       		.uleb128 0xe
 425 0009 1B       		.uleb128 0x1b
 426 000a 0E       		.uleb128 0xe
 427 000b 55       		.uleb128 0x55
 428 000c 17       		.uleb128 0x17
 429 000d 11       		.uleb128 0x11
 430 000e 01       		.uleb128 0x1
 431 000f 10       		.uleb128 0x10
 432 0010 17       		.uleb128 0x17
 433 0011 00       		.byte	0
 434 0012 00       		.byte	0
 435 0013 02       		.uleb128 0x2
 436 0014 24       		.uleb128 0x24
 437 0015 00       		.byte	0
 438 0016 0B       		.uleb128 0xb
 439 0017 0B       		.uleb128 0xb
ARM GAS  C:\Users\91819\AppData\Local\Temp\ccgpILq1.s 			page 10


 440 0018 3E       		.uleb128 0x3e
 441 0019 0B       		.uleb128 0xb
 442 001a 03       		.uleb128 0x3
 443 001b 0E       		.uleb128 0xe
 444 001c 00       		.byte	0
 445 001d 00       		.byte	0
 446 001e 03       		.uleb128 0x3
 447 001f 16       		.uleb128 0x16
 448 0020 00       		.byte	0
 449 0021 03       		.uleb128 0x3
 450 0022 0E       		.uleb128 0xe
 451 0023 3A       		.uleb128 0x3a
 452 0024 0B       		.uleb128 0xb
 453 0025 3B       		.uleb128 0x3b
 454 0026 0B       		.uleb128 0xb
 455 0027 49       		.uleb128 0x49
 456 0028 13       		.uleb128 0x13
 457 0029 00       		.byte	0
 458 002a 00       		.byte	0
 459 002b 04       		.uleb128 0x4
 460 002c 24       		.uleb128 0x24
 461 002d 00       		.byte	0
 462 002e 0B       		.uleb128 0xb
 463 002f 0B       		.uleb128 0xb
 464 0030 3E       		.uleb128 0x3e
 465 0031 0B       		.uleb128 0xb
 466 0032 03       		.uleb128 0x3
 467 0033 08       		.uleb128 0x8
 468 0034 00       		.byte	0
 469 0035 00       		.byte	0
 470 0036 05       		.uleb128 0x5
 471 0037 04       		.uleb128 0x4
 472 0038 01       		.byte	0x1
 473 0039 0B       		.uleb128 0xb
 474 003a 0B       		.uleb128 0xb
 475 003b 49       		.uleb128 0x49
 476 003c 13       		.uleb128 0x13
 477 003d 3A       		.uleb128 0x3a
 478 003e 0B       		.uleb128 0xb
 479 003f 3B       		.uleb128 0x3b
 480 0040 0B       		.uleb128 0xb
 481 0041 01       		.uleb128 0x1
 482 0042 13       		.uleb128 0x13
 483 0043 00       		.byte	0
 484 0044 00       		.byte	0
 485 0045 06       		.uleb128 0x6
 486 0046 28       		.uleb128 0x28
 487 0047 00       		.byte	0
 488 0048 03       		.uleb128 0x3
 489 0049 0E       		.uleb128 0xe
 490 004a 1C       		.uleb128 0x1c
 491 004b 0B       		.uleb128 0xb
 492 004c 00       		.byte	0
 493 004d 00       		.byte	0
 494 004e 07       		.uleb128 0x7
 495 004f 28       		.uleb128 0x28
 496 0050 00       		.byte	0
ARM GAS  C:\Users\91819\AppData\Local\Temp\ccgpILq1.s 			page 11


 497 0051 03       		.uleb128 0x3
 498 0052 0E       		.uleb128 0xe
 499 0053 1C       		.uleb128 0x1c
 500 0054 0D       		.uleb128 0xd
 501 0055 00       		.byte	0
 502 0056 00       		.byte	0
 503 0057 08       		.uleb128 0x8
 504 0058 13       		.uleb128 0x13
 505 0059 01       		.byte	0x1
 506 005a 0B       		.uleb128 0xb
 507 005b 0B       		.uleb128 0xb
 508 005c 3A       		.uleb128 0x3a
 509 005d 0B       		.uleb128 0xb
 510 005e 3B       		.uleb128 0x3b
 511 005f 0B       		.uleb128 0xb
 512 0060 01       		.uleb128 0x1
 513 0061 13       		.uleb128 0x13
 514 0062 00       		.byte	0
 515 0063 00       		.byte	0
 516 0064 09       		.uleb128 0x9
 517 0065 0D       		.uleb128 0xd
 518 0066 00       		.byte	0
 519 0067 03       		.uleb128 0x3
 520 0068 0E       		.uleb128 0xe
 521 0069 3A       		.uleb128 0x3a
 522 006a 0B       		.uleb128 0xb
 523 006b 3B       		.uleb128 0x3b
 524 006c 0B       		.uleb128 0xb
 525 006d 49       		.uleb128 0x49
 526 006e 13       		.uleb128 0x13
 527 006f 38       		.uleb128 0x38
 528 0070 0B       		.uleb128 0xb
 529 0071 00       		.byte	0
 530 0072 00       		.byte	0
 531 0073 0A       		.uleb128 0xa
 532 0074 2E       		.uleb128 0x2e
 533 0075 01       		.byte	0x1
 534 0076 3F       		.uleb128 0x3f
 535 0077 19       		.uleb128 0x19
 536 0078 03       		.uleb128 0x3
 537 0079 0E       		.uleb128 0xe
 538 007a 3A       		.uleb128 0x3a
 539 007b 0B       		.uleb128 0xb
 540 007c 3B       		.uleb128 0x3b
 541 007d 0B       		.uleb128 0xb
 542 007e 27       		.uleb128 0x27
 543 007f 19       		.uleb128 0x19
 544 0080 49       		.uleb128 0x49
 545 0081 13       		.uleb128 0x13
 546 0082 11       		.uleb128 0x11
 547 0083 01       		.uleb128 0x1
 548 0084 12       		.uleb128 0x12
 549 0085 06       		.uleb128 0x6
 550 0086 40       		.uleb128 0x40
 551 0087 18       		.uleb128 0x18
 552 0088 9742     		.uleb128 0x2117
 553 008a 19       		.uleb128 0x19
ARM GAS  C:\Users\91819\AppData\Local\Temp\ccgpILq1.s 			page 12


 554 008b 01       		.uleb128 0x1
 555 008c 13       		.uleb128 0x13
 556 008d 00       		.byte	0
 557 008e 00       		.byte	0
 558 008f 0B       		.uleb128 0xb
 559 0090 05       		.uleb128 0x5
 560 0091 00       		.byte	0
 561 0092 03       		.uleb128 0x3
 562 0093 0E       		.uleb128 0xe
 563 0094 3A       		.uleb128 0x3a
 564 0095 0B       		.uleb128 0xb
 565 0096 3B       		.uleb128 0x3b
 566 0097 0B       		.uleb128 0xb
 567 0098 49       		.uleb128 0x49
 568 0099 13       		.uleb128 0x13
 569 009a 02       		.uleb128 0x2
 570 009b 17       		.uleb128 0x17
 571 009c 00       		.byte	0
 572 009d 00       		.byte	0
 573 009e 0C       		.uleb128 0xc
 574 009f 0F       		.uleb128 0xf
 575 00a0 00       		.byte	0
 576 00a1 0B       		.uleb128 0xb
 577 00a2 0B       		.uleb128 0xb
 578 00a3 49       		.uleb128 0x49
 579 00a4 13       		.uleb128 0x13
 580 00a5 00       		.byte	0
 581 00a6 00       		.byte	0
 582 00a7 0D       		.uleb128 0xd
 583 00a8 26       		.uleb128 0x26
 584 00a9 00       		.byte	0
 585 00aa 49       		.uleb128 0x49
 586 00ab 13       		.uleb128 0x13
 587 00ac 00       		.byte	0
 588 00ad 00       		.byte	0
 589 00ae 0E       		.uleb128 0xe
 590 00af 898201   		.uleb128 0x4109
 591 00b2 00       		.byte	0
 592 00b3 11       		.uleb128 0x11
 593 00b4 01       		.uleb128 0x1
 594 00b5 31       		.uleb128 0x31
 595 00b6 13       		.uleb128 0x13
 596 00b7 00       		.byte	0
 597 00b8 00       		.byte	0
 598 00b9 0F       		.uleb128 0xf
 599 00ba 898201   		.uleb128 0x4109
 600 00bd 01       		.byte	0x1
 601 00be 11       		.uleb128 0x11
 602 00bf 01       		.uleb128 0x1
 603 00c0 31       		.uleb128 0x31
 604 00c1 13       		.uleb128 0x13
 605 00c2 00       		.byte	0
 606 00c3 00       		.byte	0
 607 00c4 10       		.uleb128 0x10
 608 00c5 8A8201   		.uleb128 0x410a
 609 00c8 00       		.byte	0
 610 00c9 02       		.uleb128 0x2
ARM GAS  C:\Users\91819\AppData\Local\Temp\ccgpILq1.s 			page 13


 611 00ca 18       		.uleb128 0x18
 612 00cb 9142     		.uleb128 0x2111
 613 00cd 18       		.uleb128 0x18
 614 00ce 00       		.byte	0
 615 00cf 00       		.byte	0
 616 00d0 11       		.uleb128 0x11
 617 00d1 34       		.uleb128 0x34
 618 00d2 00       		.byte	0
 619 00d3 03       		.uleb128 0x3
 620 00d4 0E       		.uleb128 0xe
 621 00d5 3A       		.uleb128 0x3a
 622 00d6 0B       		.uleb128 0xb
 623 00d7 3B       		.uleb128 0x3b
 624 00d8 0B       		.uleb128 0xb
 625 00d9 49       		.uleb128 0x49
 626 00da 13       		.uleb128 0x13
 627 00db 3F       		.uleb128 0x3f
 628 00dc 19       		.uleb128 0x19
 629 00dd 3C       		.uleb128 0x3c
 630 00de 19       		.uleb128 0x19
 631 00df 00       		.byte	0
 632 00e0 00       		.byte	0
 633 00e1 12       		.uleb128 0x12
 634 00e2 34       		.uleb128 0x34
 635 00e3 00       		.byte	0
 636 00e4 03       		.uleb128 0x3
 637 00e5 0E       		.uleb128 0xe
 638 00e6 3A       		.uleb128 0x3a
 639 00e7 0B       		.uleb128 0xb
 640 00e8 3B       		.uleb128 0x3b
 641 00e9 05       		.uleb128 0x5
 642 00ea 49       		.uleb128 0x49
 643 00eb 13       		.uleb128 0x13
 644 00ec 3F       		.uleb128 0x3f
 645 00ed 19       		.uleb128 0x19
 646 00ee 3C       		.uleb128 0x3c
 647 00ef 19       		.uleb128 0x19
 648 00f0 00       		.byte	0
 649 00f1 00       		.byte	0
 650 00f2 13       		.uleb128 0x13
 651 00f3 35       		.uleb128 0x35
 652 00f4 00       		.byte	0
 653 00f5 49       		.uleb128 0x49
 654 00f6 13       		.uleb128 0x13
 655 00f7 00       		.byte	0
 656 00f8 00       		.byte	0
 657 00f9 14       		.uleb128 0x14
 658 00fa 2E       		.uleb128 0x2e
 659 00fb 00       		.byte	0
 660 00fc 3F       		.uleb128 0x3f
 661 00fd 19       		.uleb128 0x19
 662 00fe 3C       		.uleb128 0x3c
 663 00ff 19       		.uleb128 0x19
 664 0100 6E       		.uleb128 0x6e
 665 0101 0E       		.uleb128 0xe
 666 0102 03       		.uleb128 0x3
 667 0103 0E       		.uleb128 0xe
ARM GAS  C:\Users\91819\AppData\Local\Temp\ccgpILq1.s 			page 14


 668 0104 3A       		.uleb128 0x3a
 669 0105 0B       		.uleb128 0xb
 670 0106 3B       		.uleb128 0x3b
 671 0107 0B       		.uleb128 0xb
 672 0108 00       		.byte	0
 673 0109 00       		.byte	0
 674 010a 00       		.byte	0
 675              		.section	.debug_loc,"",%progbits
 676              	.Ldebug_loc0:
 677              	.LLST0:
 678 0000 00000000 		.4byte	.LVL0
 679 0004 02000000 		.4byte	.LVL1
 680 0008 0100     		.2byte	0x1
 681 000a 50       		.byte	0x50
 682 000b 02000000 		.4byte	.LVL1
 683 000f 04000000 		.4byte	.LFE110
 684 0013 0400     		.2byte	0x4
 685 0015 F3       		.byte	0xf3
 686 0016 01       		.uleb128 0x1
 687 0017 50       		.byte	0x50
 688 0018 9F       		.byte	0x9f
 689 0019 00000000 		.4byte	0
 690 001d 00000000 		.4byte	0
 691              	.LLST1:
 692 0021 00000000 		.4byte	.LVL2
 693 0025 04000000 		.4byte	.LVL3
 694 0029 0100     		.2byte	0x1
 695 002b 50       		.byte	0x50
 696 002c 04000000 		.4byte	.LVL3
 697 0030 18000000 		.4byte	.LFE111
 698 0034 0400     		.2byte	0x4
 699 0036 F3       		.byte	0xf3
 700 0037 01       		.uleb128 0x1
 701 0038 50       		.byte	0x50
 702 0039 9F       		.byte	0x9f
 703 003a 00000000 		.4byte	0
 704 003e 00000000 		.4byte	0
 705              		.section	.debug_aranges,"",%progbits
 706 0000 24000000 		.4byte	0x24
 707 0004 0200     		.2byte	0x2
 708 0006 00000000 		.4byte	.Ldebug_info0
 709 000a 04       		.byte	0x4
 710 000b 00       		.byte	0
 711 000c 0000     		.2byte	0
 712 000e 0000     		.2byte	0
 713 0010 00000000 		.4byte	.LFB110
 714 0014 04000000 		.4byte	.LFE110-.LFB110
 715 0018 00000000 		.4byte	.LFB111
 716 001c 18000000 		.4byte	.LFE111-.LFB111
 717 0020 00000000 		.4byte	0
 718 0024 00000000 		.4byte	0
 719              		.section	.debug_ranges,"",%progbits
 720              	.Ldebug_ranges0:
 721 0000 00000000 		.4byte	.LFB110
 722 0004 04000000 		.4byte	.LFE110
 723 0008 00000000 		.4byte	.LFB111
 724 000c 18000000 		.4byte	.LFE111
ARM GAS  C:\Users\91819\AppData\Local\Temp\ccgpILq1.s 			page 15


 725 0010 00000000 		.4byte	0
 726 0014 00000000 		.4byte	0
 727              		.section	.debug_line,"",%progbits
 728              	.Ldebug_line0:
 729 0000 69020000 		.section	.debug_str,"MS",%progbits,1
 729      02003C02 
 729      00000201 
 729      FB0E0D00 
 729      01010101 
 730              	.LASF37:
 731 0000 52435F45 		.ascii	"RC_ERROR_READ_ONLY\000"
 731      52524F52 
 731      5F524541 
 731      445F4F4E 
 731      4C5900
 732              	.LASF23:
 733 0013 52435F53 		.ascii	"RC_SUCCESS\000"
 733      55434345 
 733      535300
 734              	.LASF38:
 735 001e 52435F45 		.ascii	"RC_ERROR_WRITE_ONLY\000"
 735      52524F52 
 735      5F575249 
 735      54455F4F 
 735      4E4C5900 
 736              	.LASF2:
 737 0032 73686F72 		.ascii	"short int\000"
 737      7420696E 
 737      7400
 738              	.LASF29:
 739 003c 52435F45 		.ascii	"RC_ERROR_OVERRUN\000"
 739      52524F52 
 739      5F4F5645 
 739      5252554E 
 739      00
 740              	.LASF41:
 741 004d 52435F45 		.ascii	"RC_ERROR_WRITE_FAILS\000"
 741      52524F52 
 741      5F575249 
 741      54455F46 
 741      41494C53 
 742              	.LASF22:
 743 0062 73697A65 		.ascii	"sizetype\000"
 743      74797065 
 743      00
 744              	.LASF63:
 745 006b 6D795370 		.ascii	"mySpeed\000"
 745      65656400 
 746              	.LASF26:
 747 0073 52435F45 		.ascii	"RC_ERROR_ZERO\000"
 747      52524F52 
 747      5F5A4552 
 747      4F00
 748              	.LASF20:
 749 0081 45455F46 		.ascii	"EE_FREG\000"
 749      52454700 
 750              	.LASF40:
ARM GAS  C:\Users\91819\AppData\Local\Temp\ccgpILq1.s 			page 16


 751 0089 52435F45 		.ascii	"RC_ERROR_READ_FAILS\000"
 751      52524F52 
 751      5F524541 
 751      445F4641 
 751      494C5300 
 752              	.LASF18:
 753 009d 45455F55 		.ascii	"EE_UINT32\000"
 753      494E5433 
 753      3200
 754              	.LASF62:
 755 00a7 433A5C55 		.ascii	"C:\\Users\\91819\\Documents\\HDA_Sem2\\EAA\\Assignm"
 755      73657273 
 755      5C393138 
 755      31395C44 
 755      6F63756D 
 756 00d4 656E7473 		.ascii	"ents\\Assignment1_RTE\\autosar_01.cydsn (2)\\autosa"
 756      5C417373 
 756      69676E6D 
 756      656E7431 
 756      5F525445 
 757 0104 725F3031 		.ascii	"r_01.cydsn\000"
 757      2E637964 
 757      736E00
 758              	.LASF21:
 759 010f 45455F54 		.ascii	"EE_TID\000"
 759      494400
 760              	.LASF50:
 761 0116 53435F53 		.ascii	"SC_SPEED_data_t\000"
 761      50454544 
 761      5F646174 
 761      615F7400 
 762              	.LASF46:
 763 0126 52435F45 		.ascii	"RC_ERROR_INVALID_STATE\000"
 763      52524F52 
 763      5F494E56 
 763      414C4944 
 763      5F535441 
 764              	.LASF58:
 765 013d 45455F49 		.ascii	"EE_IRQ_nesting_level\000"
 765      52515F6E 
 765      65737469 
 765      6E675F6C 
 765      6576656C 
 766              	.LASF57:
 767 0152 45455F73 		.ascii	"EE_std_endcycle_next_tid\000"
 767      74645F65 
 767      6E646379 
 767      636C655F 
 767      6E657874 
 768              	.LASF28:
 769 016b 52435F45 		.ascii	"RC_ERROR_RANGE\000"
 769      52524F52 
 769      5F52414E 
 769      474500
 770              	.LASF13:
 771 017a 666C6F61 		.ascii	"float\000"
 771      7400
ARM GAS  C:\Users\91819\AppData\Local\Temp\ccgpILq1.s 			page 17


 772              	.LASF48:
 773 0180 52435F45 		.ascii	"RC_ERROR_NOT_IMPLEMENTED\000"
 773      52524F52 
 773      5F4E4F54 
 773      5F494D50 
 773      4C454D45 
 774              	.LASF8:
 775 0199 6C6F6E67 		.ascii	"long long int\000"
 775      206C6F6E 
 775      6720696E 
 775      7400
 776              	.LASF55:
 777 01a7 45455F6F 		.ascii	"EE_oo_IRQ_suspend_status\000"
 777      6F5F4952 
 777      515F7375 
 777      7370656E 
 777      645F7374 
 778              	.LASF42:
 779 01c0 52435F45 		.ascii	"RC_ERROR_NOT_MATCH\000"
 779      52524F52 
 779      5F4E4F54 
 779      5F4D4154 
 779      434800
 780              	.LASF47:
 781 01d3 52435F45 		.ascii	"RC_ERROR_UNKNOWN\000"
 781      52524F52 
 781      5F554E4B 
 781      4E4F574E 
 781      00
 782              	.LASF6:
 783 01e4 6C6F6E67 		.ascii	"long int\000"
 783      20696E74 
 783      00
 784              	.LASF30:
 785 01ed 52435F45 		.ascii	"RC_ERROR_UNDERRUN\000"
 785      52524F52 
 785      5F554E44 
 785      45525255 
 785      4E00
 786              	.LASF33:
 787 01ff 52435F45 		.ascii	"RC_ERROR_BUSY\000"
 787      52524F52 
 787      5F425553 
 787      5900
 788              	.LASF4:
 789 020d 5F5F7569 		.ascii	"__uint8_t\000"
 789      6E74385F 
 789      7400
 790              	.LASF39:
 791 0217 52435F45 		.ascii	"RC_ERROR_INVALID\000"
 791      52524F52 
 791      5F494E56 
 791      414C4944 
 791      00
 792              	.LASF44:
 793 0228 52435F45 		.ascii	"RC_ERROR_BAD_DATA\000"
 793      52524F52 
ARM GAS  C:\Users\91819\AppData\Local\Temp\ccgpILq1.s 			page 18


 793      5F424144 
 793      5F444154 
 793      4100
 794              	.LASF16:
 795 023a 6C6F6E67 		.ascii	"long double\000"
 795      20646F75 
 795      626C6500 
 796              	.LASF1:
 797 0246 756E7369 		.ascii	"unsigned char\000"
 797      676E6564 
 797      20636861 
 797      7200
 798              	.LASF51:
 799 0254 53435F53 		.ascii	"SC_SPEED_driverIn\000"
 799      50454544 
 799      5F647269 
 799      76657249 
 799      6E00
 800              	.LASF0:
 801 0266 7369676E 		.ascii	"signed char\000"
 801      65642063 
 801      68617200 
 802              	.LASF9:
 803 0272 6C6F6E67 		.ascii	"long long unsigned int\000"
 803      206C6F6E 
 803      6720756E 
 803      7369676E 
 803      65642069 
 804              	.LASF10:
 805 0289 756E7369 		.ascii	"unsigned int\000"
 805      676E6564 
 805      20696E74 
 805      00
 806              	.LASF35:
 807 0296 52435F45 		.ascii	"RC_ERROR_OPEN\000"
 807      52524F52 
 807      5F4F5045 
 807      4E00
 808              	.LASF25:
 809 02a4 52435F45 		.ascii	"RC_ERROR_NULL\000"
 809      52524F52 
 809      5F4E554C 
 809      4C00
 810              	.LASF32:
 811 02b2 52435F45 		.ascii	"RC_ERROR_BUFFER_EMTPY\000"
 811      52524F52 
 811      5F425546 
 811      4645525F 
 811      454D5450 
 812              	.LASF17:
 813 02c8 45455F49 		.ascii	"EE_INT32\000"
 813      4E543332 
 813      00
 814              	.LASF3:
 815 02d1 73686F72 		.ascii	"short unsigned int\000"
 815      7420756E 
 815      7369676E 
ARM GAS  C:\Users\91819\AppData\Local\Temp\ccgpILq1.s 			page 19


 815      65642069 
 815      6E7400
 816              	.LASF60:
 817 02e4 474E5520 		.ascii	"GNU C11 5.4.1 20160609 (release) [ARM/embedded-5-br"
 817      43313120 
 817      352E342E 
 817      31203230 
 817      31363036 
 818 0317 616E6368 		.ascii	"anch revision 237715] -mcpu=cortex-m3 -mthumb -g -O"
 818      20726576 
 818      6973696F 
 818      6E203233 
 818      37373135 
 819 034a 67202D66 		.ascii	"g -ffunction-sections -ffat-lto-objects\000"
 819      66756E63 
 819      74696F6E 
 819      2D736563 
 819      74696F6E 
 820              	.LASF15:
 821 0372 63686172 		.ascii	"char\000"
 821      00
 822              	.LASF31:
 823 0377 52435F45 		.ascii	"RC_ERROR_BUFFER_FULL\000"
 823      52524F52 
 823      5F425546 
 823      4645525F 
 823      46554C4C 
 824              	.LASF12:
 825 038c 696E7433 		.ascii	"int32_t\000"
 825      325F7400 
 826              	.LASF43:
 827 0394 52435F45 		.ascii	"RC_ERROR_BAD_PARAM\000"
 827      52524F52 
 827      5F424144 
 827      5F504152 
 827      414D00
 828              	.LASF61:
 829 03a7 736F7572 		.ascii	"source\\rte\\sc_speed_type.c\000"
 829      63655C72 
 829      74655C73 
 829      635F7370 
 829      6565645F 
 830              	.LASF53:
 831 03c2 64617461 		.ascii	"data\000"
 831      00
 832              	.LASF56:
 833 03c7 45455F41 		.ascii	"EE_ApplicationMode\000"
 833      70706C69 
 833      63617469 
 833      6F6E4D6F 
 833      646500
 834              	.LASF7:
 835 03da 6C6F6E67 		.ascii	"long unsigned int\000"
 835      20756E73 
 835      69676E65 
 835      6420696E 
 835      7400
ARM GAS  C:\Users\91819\AppData\Local\Temp\ccgpILq1.s 			page 20


 836              	.LASF64:
 837 03ec 50574D5F 		.ascii	"PWM_Green_WriteCompare\000"
 837      47726565 
 837      6E5F5772 
 837      69746543 
 837      6F6D7061 
 838              	.LASF14:
 839 0403 646F7562 		.ascii	"double\000"
 839      6C6500
 840              	.LASF36:
 841 040a 52435F45 		.ascii	"RC_ERROR_CHECKSUM\000"
 841      52524F52 
 841      5F434845 
 841      434B5355 
 841      4D00
 842              	.LASF19:
 843 041c 45455F55 		.ascii	"EE_UREG\000"
 843      52454700 
 844              	.LASF5:
 845 0424 5F5F696E 		.ascii	"__int32_t\000"
 845      7433325F 
 845      7400
 846              	.LASF11:
 847 042e 75696E74 		.ascii	"uint8_t\000"
 847      385F7400 
 848              	.LASF45:
 849 0436 52435F45 		.ascii	"RC_ERROR_CANCELED\000"
 849      52524F52 
 849      5F43414E 
 849      43454C45 
 849      4400
 850              	.LASF59:
 851 0448 49544D5F 		.ascii	"ITM_RxBuffer\000"
 851      52784275 
 851      66666572 
 851      00
 852              	.LASF24:
 853 0455 52435F45 		.ascii	"RC_ERROR\000"
 853      52524F52 
 853      00
 854              	.LASF27:
 855 045e 52435F45 		.ascii	"RC_ERROR_MEMORY\000"
 855      52524F52 
 855      5F4D454D 
 855      4F525900 
 856              	.LASF54:
 857 046e 45455F6F 		.ascii	"EE_oo_IRQ_disable_count\000"
 857      6F5F4952 
 857      515F6469 
 857      7361626C 
 857      655F636F 
 858              	.LASF52:
 859 0486 53435F53 		.ascii	"SC_SPEED_driverOut\000"
 859      50454544 
 859      5F647269 
 859      7665724F 
 859      757400
ARM GAS  C:\Users\91819\AppData\Local\Temp\ccgpILq1.s 			page 21


 860              	.LASF49:
 861 0499 52435F74 		.ascii	"RC_t\000"
 861      00
 862              	.LASF34:
 863 049e 52435F45 		.ascii	"RC_ERROR_TIME_OUT\000"
 863      52524F52 
 863      5F54494D 
 863      455F4F55 
 863      5400
 864              		.ident	"GCC: (GNU Tools for ARM Embedded Processors) 5.4.1 20160609 (release) [ARM/embedded-5-bran
