ARM GAS  C:\Users\91819\AppData\Local\Temp\ccrCeCoF.s 			page 1


   1              		.syntax unified
   2              		.cpu cortex-m3
   3              		.fpu softvfp
   4              		.eabi_attribute 20, 1
   5              		.eabi_attribute 21, 1
   6              		.eabi_attribute 23, 3
   7              		.eabi_attribute 24, 1
   8              		.eabi_attribute 25, 1
   9              		.eabi_attribute 26, 1
  10              		.eabi_attribute 30, 1
  11              		.eabi_attribute 34, 1
  12              		.eabi_attribute 18, 4
  13              		.thumb
  14              		.syntax unified
  15              		.file	"swc_engine.c"
  16              		.text
  17              	.Ltext0:
  18              		.cfi_sections	.debug_frame
  19              		.section	.text.ENGINE_setEngine_run,"ax",%progbits
  20              		.align	2
  21              		.global	ENGINE_setEngine_run
  22              		.thumb
  23              		.thumb_func
  24              		.type	ENGINE_setEngine_run, %function
  25              	ENGINE_setEngine_run:
  26              	.LFB140:
  27              		.file 1 "source\\asw\\swc_engine.c"
   1:source\asw/swc_engine.c **** 
   2:source\asw/swc_engine.c **** 
   3:source\asw/swc_engine.c **** /*
   4:source\asw/swc_engine.c ****  * Filename: swc_engine.c
   5:source\asw/swc_engine.c ****  *
   6:source\asw/swc_engine.c ****  * Author: Autogenerated by H-DA RTE Generator, (c) Prof. Fromm
   7:source\asw/swc_engine.c ****  */
   8:source\asw/swc_engine.c **** 
   9:source\asw/swc_engine.c **** #include "project.h"
  10:source\asw/swc_engine.c **** #include "global.h"
  11:source\asw/swc_engine.c **** #include "rte.h"
  12:source\asw/swc_engine.c **** #include "rte_types.h"
  13:source\asw/swc_engine.c **** #include "swc_engine.h"
  14:source\asw/swc_engine.c **** #include "watchdog.h"
  15:source\asw/swc_engine.c **** 
  16:source\asw/swc_engine.c **** 
  17:source\asw/swc_engine.c **** /* USER CODE START SWC_ENGINE_INCLUDE */
  18:source\asw/swc_engine.c **** 
  19:source\asw/swc_engine.c **** /* USER CODE END SWC_ENGINE_INCLUDE */
  20:source\asw/swc_engine.c **** 
  21:source\asw/swc_engine.c **** 
  22:source\asw/swc_engine.c **** #include "sp_common.h"
  23:source\asw/swc_engine.c **** 
  24:source\asw/swc_engine.c **** /* USER CODE START SWC_ENGINE_USERDEFINITIONS */
  25:source\asw/swc_engine.c **** 
  26:source\asw/swc_engine.c **** /* USER CODE END SWC_ENGINE_USERDEFINITIONS */
  27:source\asw/swc_engine.c **** 
  28:source\asw/swc_engine.c **** 
  29:source\asw/swc_engine.c **** 
  30:source\asw/swc_engine.c **** /*
ARM GAS  C:\Users\91819\AppData\Local\Temp\ccrCeCoF.s 			page 2


  31:source\asw/swc_engine.c **** * component: swc_engine
  32:source\asw/swc_engine.c **** * cycletime: 100
  33:source\asw/swc_engine.c **** * description: Runnable
  34:source\asw/swc_engine.c **** * events: 
  35:source\asw/swc_engine.c **** * name: ENGINE_setEngine_run
  36:source\asw/swc_engine.c **** * shortname: setEngine
  37:source\asw/swc_engine.c **** * signalIN: so_speed
  38:source\asw/swc_engine.c **** * signalOUT: so_engine
  39:source\asw/swc_engine.c **** * task: tsk_io
  40:source\asw/swc_engine.c **** */
  41:source\asw/swc_engine.c **** void ENGINE_setEngine_run(RTE_event ev){
  28              		.loc 1 41 0
  29              		.cfi_startproc
  30              		@ args = 0, pretend = 0, frame = 0
  31              		@ frame_needed = 0, uses_anonymous_args = 0
  32              	.LVL0:
  33 0000 38B5     		push	{r3, r4, r5, lr}
  34              		.cfi_def_cfa_offset 16
  35              		.cfi_offset 3, -16
  36              		.cfi_offset 4, -12
  37              		.cfi_offset 5, -8
  38              		.cfi_offset 14, -4
  39              	.LVL1:
  40              	.LBB11:
  41              	.LBB12:
  42              		.file 2 ".\\source\\rte/sc_speed.h"
   1:.\source\rte/sc_speed.h **** 
   2:.\source\rte/sc_speed.h **** 
   3:.\source\rte/sc_speed.h **** /**
   4:.\source\rte/sc_speed.h **** *  file    SC_SPEED_signal.h
   5:.\source\rte/sc_speed.h **** *
   6:.\source\rte/sc_speed.h **** *  brief   signal base class for signal sc_speed
   7:.\source\rte/sc_speed.h **** *
   8:.\source\rte/sc_speed.h **** *  author  Autogenerated, Peter Fromm       <peter.fromm@h-da.de>
   9:.\source\rte/sc_speed.h **** *
  10:.\source\rte/sc_speed.h **** *
  11:.\source\rte/sc_speed.h **** */
  12:.\source\rte/sc_speed.h **** 
  13:.\source\rte/sc_speed.h **** /*
  14:.\source\rte/sc_speed.h **** * description: Signalclass
  15:.\source\rte/sc_speed.h **** * name: sc_speed
  16:.\source\rte/sc_speed.h **** * shortname: speed
  17:.\source\rte/sc_speed.h **** */
  18:.\source\rte/sc_speed.h **** 
  19:.\source\rte/sc_speed.h **** #ifndef SC_SPEED_SIGNAL_H_INCLUDED
  20:.\source\rte/sc_speed.h **** #define SC_SPEED_SIGNAL_H_INCLUDED
  21:.\source\rte/sc_speed.h **** 
  22:.\source\rte/sc_speed.h **** /*================================================[ public includes  ]=============================
  23:.\source\rte/sc_speed.h **** #include "global.h"
  24:.\source\rte/sc_speed.h **** #include "project.h"
  25:.\source\rte/sc_speed.h **** #include "rte.h"
  26:.\source\rte/sc_speed.h **** #include "rte_types.h"
  27:.\source\rte/sc_speed.h **** 
  28:.\source\rte/sc_speed.h **** #include "sc_speed_type.h"
  29:.\source\rte/sc_speed.h **** 
  30:.\source\rte/sc_speed.h **** 
  31:.\source\rte/sc_speed.h **** /**************************************************************************************************
ARM GAS  C:\Users\91819\AppData\Local\Temp\ccrCeCoF.s 			page 3


  32:.\source\rte/sc_speed.h **** /* The driver API block																						*/
  33:.\source\rte/sc_speed.h **** /**************************************************************************************************
  34:.\source\rte/sc_speed.h ****                                                                                                    
  35:.\source\rte/sc_speed.h **** /**
  36:.\source\rte/sc_speed.h ****  *  Definition of function types for driver interfaces.
  37:.\source\rte/sc_speed.h ****  *  I-Port
  38:.\source\rte/sc_speed.h ****  */
  39:.\source\rte/sc_speed.h **** typedef RC_t (*SC_SPEED_driverIn_t)(SC_SPEED_data_t * const);
  40:.\source\rte/sc_speed.h **** 
  41:.\source\rte/sc_speed.h **** /**
  42:.\source\rte/sc_speed.h ****  *  Definition of function types for driver interfaces.
  43:.\source\rte/sc_speed.h ****  *  O-Port
  44:.\source\rte/sc_speed.h ****  */
  45:.\source\rte/sc_speed.h **** typedef RC_t (*SC_SPEED_driverOut_t)( const SC_SPEED_data_t * const);
  46:.\source\rte/sc_speed.h **** 
  47:.\source\rte/sc_speed.h **** 
  48:.\source\rte/sc_speed.h **** /**************************************************************************************************
  49:.\source\rte/sc_speed.h **** /* The signal configuration API block																				*/
  50:.\source\rte/sc_speed.h **** /**************************************************************************************************
  51:.\source\rte/sc_speed.h **** 
  52:.\source\rte/sc_speed.h **** /**
  53:.\source\rte/sc_speed.h ****  * Instances of the struct SC_SPEED_cfg_t represent the signal object configuration.
  54:.\source\rte/sc_speed.h ****  */
  55:.\source\rte/sc_speed.h **** struct SC_SPEED_cfg_s
  56:.\source\rte/sc_speed.h **** {
  57:.\source\rte/sc_speed.h ****     /**
  58:.\source\rte/sc_speed.h ****      * Function pointer to the input driver
  59:.\source\rte/sc_speed.h ****      */
  60:.\source\rte/sc_speed.h ****     SC_SPEED_driverIn_t const inDriver;
  61:.\source\rte/sc_speed.h **** 
  62:.\source\rte/sc_speed.h ****     /**
  63:.\source\rte/sc_speed.h ****      * Function pointer to the output driver table
  64:.\source\rte/sc_speed.h ****      */
  65:.\source\rte/sc_speed.h ****    SC_SPEED_driverOut_t const outDriver;
  66:.\source\rte/sc_speed.h ****    
  67:.\source\rte/sc_speed.h ****     /**
  68:.\source\rte/sc_speed.h ****      * Event onUpdate
  69:.\source\rte/sc_speed.h ****      */
  70:.\source\rte/sc_speed.h ****     EventMaskType const evOnUpdate;
  71:.\source\rte/sc_speed.h ****     
  72:.\source\rte/sc_speed.h ****     
  73:.\source\rte/sc_speed.h ****     /**
  74:.\source\rte/sc_speed.h ****      * Event onError
  75:.\source\rte/sc_speed.h ****      */
  76:.\source\rte/sc_speed.h ****     EventMaskType const evOnError;
  77:.\source\rte/sc_speed.h ****     
  78:.\source\rte/sc_speed.h ****     /**
  79:.\source\rte/sc_speed.h ****      * Task Count onUpdate
  80:.\source\rte/sc_speed.h ****      */
  81:.\source\rte/sc_speed.h ****     size_t const onUpdateTaskCount;
  82:.\source\rte/sc_speed.h **** 
  83:.\source\rte/sc_speed.h ****     /**
  84:.\source\rte/sc_speed.h ****      * Task List onUpdate
  85:.\source\rte/sc_speed.h ****      */
  86:.\source\rte/sc_speed.h ****     TaskTypeArray* const onUpdateTasks;
  87:.\source\rte/sc_speed.h ****     
  88:.\source\rte/sc_speed.h ****     /**
ARM GAS  C:\Users\91819\AppData\Local\Temp\ccrCeCoF.s 			page 4


  89:.\source\rte/sc_speed.h ****      * Task Count onError
  90:.\source\rte/sc_speed.h ****      */
  91:.\source\rte/sc_speed.h ****     size_t const onErrorTaskCount;
  92:.\source\rte/sc_speed.h **** 
  93:.\source\rte/sc_speed.h ****     /**
  94:.\source\rte/sc_speed.h ****      * Task List onError
  95:.\source\rte/sc_speed.h ****      */
  96:.\source\rte/sc_speed.h ****     TaskTypeArray* const onErrorTasks;
  97:.\source\rte/sc_speed.h **** 	
  98:.\source\rte/sc_speed.h **** 	
  99:.\source\rte/sc_speed.h **** 	/**
 100:.\source\rte/sc_speed.h **** 	 * Ressourse is active? We need an additional boolean as a ressource value 0 is valid.
 101:.\source\rte/sc_speed.h **** 	 */
 102:.\source\rte/sc_speed.h **** 	 boolean_t const resourceActive;
 103:.\source\rte/sc_speed.h **** 	 
 104:.\source\rte/sc_speed.h **** 	/**
 105:.\source\rte/sc_speed.h **** 	 * Ressourse 
 106:.\source\rte/sc_speed.h **** 	 */
 107:.\source\rte/sc_speed.h **** 	 ResourceType const resource;
 108:.\source\rte/sc_speed.h **** 
 109:.\source\rte/sc_speed.h **** };                                                                                                 
 110:.\source\rte/sc_speed.h **** typedef const struct SC_SPEED_cfg_s SC_SPEED_cfg_t;
 111:.\source\rte/sc_speed.h ****                               
 112:.\source\rte/sc_speed.h **** /**************************************************************************************************
 113:.\source\rte/sc_speed.h **** /* The data interface block																							*/
 114:.\source\rte/sc_speed.h **** /**************************************************************************************************
 115:.\source\rte/sc_speed.h **** 
 116:.\source\rte/sc_speed.h ****                                                                                                    
 117:.\source\rte/sc_speed.h **** 							  
 118:.\source\rte/sc_speed.h **** /**
 119:.\source\rte/sc_speed.h ****  * Instances of the struct SC_SPEED_t represent the signal objects.
 120:.\source\rte/sc_speed.h ****  * A signal object contains the current application value 'value' as well as relevant meta data.
 121:.\source\rte/sc_speed.h ****  */
 122:.\source\rte/sc_speed.h **** struct SC_SPEED_s
 123:.\source\rte/sc_speed.h **** {                                                                                                  
 124:.\source\rte/sc_speed.h **** 
 125:.\source\rte/sc_speed.h **** 	/**
 126:.\source\rte/sc_speed.h **** 	 * Data buffer for the application value
 127:.\source\rte/sc_speed.h **** 	 */
 128:.\source\rte/sc_speed.h ****     SC_SPEED_data_t value;
 129:.\source\rte/sc_speed.h **** 
 130:.\source\rte/sc_speed.h ****     /**
 131:.\source\rte/sc_speed.h ****      * Current signal status
 132:.\source\rte/sc_speed.h ****      */
 133:.\source\rte/sc_speed.h ****     RTE_signalStatus_t status;
 134:.\source\rte/sc_speed.h **** 
 135:.\source\rte/sc_speed.h ****     /**
 136:.\source\rte/sc_speed.h ****      * Current age of the signal (in calling cycles)
 137:.\source\rte/sc_speed.h ****      */
 138:.\source\rte/sc_speed.h ****     uint32_t age;
 139:.\source\rte/sc_speed.h **** 
 140:.\source\rte/sc_speed.h ****     /**
 141:.\source\rte/sc_speed.h ****      * Pointer to the signal configuration
 142:.\source\rte/sc_speed.h ****      */
 143:.\source\rte/sc_speed.h **** 	const SC_SPEED_cfg_t * const    pSigCfg;
 144:.\source\rte/sc_speed.h **** 
 145:.\source\rte/sc_speed.h **** };                                                                                                 
ARM GAS  C:\Users\91819\AppData\Local\Temp\ccrCeCoF.s 			page 5


 146:.\source\rte/sc_speed.h **** typedef struct SC_SPEED_s SC_SPEED_t;
 147:.\source\rte/sc_speed.h **** 
 148:.\source\rte/sc_speed.h **** /**************************************************************************************************
 149:.\source\rte/sc_speed.h **** /* Signal initialisation   																							*/
 150:.\source\rte/sc_speed.h **** /**************************************************************************************************
 151:.\source\rte/sc_speed.h **** 
 152:.\source\rte/sc_speed.h **** /**
 153:.\source\rte/sc_speed.h ****  * Initializes a signal instance with a passed init value.
 154:.\source\rte/sc_speed.h ****  * Depending on the configured conversion or scaling function the raw_value will be calculated.
 155:.\source\rte/sc_speed.h ****  * Signal status will change from RTE_SIGNALSTATUS_STARTUP to RTE_SIGNALSTATUS_INITIALIZED.
 156:.\source\rte/sc_speed.h ****  *
 157:.\source\rte/sc_speed.h ****  * @param  SC_SPEED_t * const signal: Pointer to the signal object which will be initialised
 158:.\source\rte/sc_speed.h ****  * @param const sc_speed_data_t * const value: Pointer to initial value of the application data
 159:.\source\rte/sc_speed.h ****  * @return RC_t: standard return code, currently only RC_SUCCESS
 160:.\source\rte/sc_speed.h ****  *
 161:.\source\rte/sc_speed.h ****  **/
 162:.\source\rte/sc_speed.h **** inline RC_t RTE_SC_SPEED_init( SC_SPEED_t * const signal, const SC_SPEED_data_t * const value )
 163:.\source\rte/sc_speed.h **** {                                                                                                  
 164:.\source\rte/sc_speed.h **** 
 165:.\source\rte/sc_speed.h ****    RC_t ret = RC_SUCCESS;
 166:.\source\rte/sc_speed.h **** 
 167:.\source\rte/sc_speed.h ****    //Set value and raw value
 168:.\source\rte/sc_speed.h ****    signal->value  = *value;
 169:.\source\rte/sc_speed.h ****    signal->age    = 0;
 170:.\source\rte/sc_speed.h ****    signal->status = RTE_SIGNALSTATUS_INITIALIZED;
 171:.\source\rte/sc_speed.h **** 
 172:.\source\rte/sc_speed.h ****    return ret;
 173:.\source\rte/sc_speed.h **** }
 174:.\source\rte/sc_speed.h **** 
 175:.\source\rte/sc_speed.h **** /**************************************************************************************************
 176:.\source\rte/sc_speed.h **** /* Status and timeout control																						*/
 177:.\source\rte/sc_speed.h **** /**************************************************************************************************
 178:.\source\rte/sc_speed.h **** 
 179:.\source\rte/sc_speed.h **** /**
 180:.\source\rte/sc_speed.h ****  *  Returns the current signal status of the passed signal instance.
 181:.\source\rte/sc_speed.h ****  *
 182:.\source\rte/sc_speed.h ****  * @param  SC_SPEED_t * const signal: Pointer to the signal object
 183:.\source\rte/sc_speed.h ****  * @return  sig_status_t: The current signal status
 184:.\source\rte/sc_speed.h ****  *
 185:.\source\rte/sc_speed.h ****  **/
 186:.\source\rte/sc_speed.h **** inline RTE_signalStatus_t RTE_SC_SPEED_getStatus( const SC_SPEED_t * const signal )
 187:.\source\rte/sc_speed.h **** {
 188:.\source\rte/sc_speed.h ****    return signal->status;
 189:.\source\rte/sc_speed.h **** }
 190:.\source\rte/sc_speed.h **** 
 191:.\source\rte/sc_speed.h **** 
 192:.\source\rte/sc_speed.h **** /**
 193:.\source\rte/sc_speed.h ****  *  Sets a new signal status of the passed signal instance by passing the new status.
 194:.\source\rte/sc_speed.h ****  *
 195:.\source\rte/sc_speed.h ****  * @param  SC_SPEED_t * const signal: Pointer to the signal object
 196:.\source\rte/sc_speed.h ****  * @param  const sig_status_t status: New signal status
 197:.\source\rte/sc_speed.h ****  * @return RC_t: standard return code, currently only RC_SUCCESS
 198:.\source\rte/sc_speed.h ****  *
 199:.\source\rte/sc_speed.h ****  */
 200:.\source\rte/sc_speed.h **** inline RC_t RTE_SC_SPEED_setStatus( SC_SPEED_t * const signal, const RTE_signalStatus_t status )
 201:.\source\rte/sc_speed.h **** {
 202:.\source\rte/sc_speed.h ****    signal->status = status;
ARM GAS  C:\Users\91819\AppData\Local\Temp\ccrCeCoF.s 			page 6


 203:.\source\rte/sc_speed.h ****    size_t taskNum=0;
 204:.\source\rte/sc_speed.h ****    
 205:.\source\rte/sc_speed.h ****    //Fire error events in case of invalid state
 206:.\source\rte/sc_speed.h ****    if (signal->status == RTE_SIGNALSTATUS_INVALID)
 207:.\source\rte/sc_speed.h ****    {
 208:.\source\rte/sc_speed.h **** 	    //Pointer to the Taskarray, containing the tasks receiving the onUpdate events
 209:.\source\rte/sc_speed.h **** 		TaskTypeArray* pTaskArray = signal->pSigCfg->onErrorTasks;
 210:.\source\rte/sc_speed.h **** 
 211:.\source\rte/sc_speed.h **** 		if (NULL!=signal->pSigCfg->evOnError && NULL != pTaskArray){
 212:.\source\rte/sc_speed.h **** 			for( taskNum=0 ; taskNum < signal->pSigCfg->onErrorTaskCount ;taskNum++){
 213:.\source\rte/sc_speed.h **** 				TaskType task = (*pTaskArray)[taskNum];
 214:.\source\rte/sc_speed.h **** 				SetEvent( task, signal->pSigCfg->evOnError);
 215:.\source\rte/sc_speed.h **** 			}
 216:.\source\rte/sc_speed.h **** 		}
 217:.\source\rte/sc_speed.h ****    }
 218:.\source\rte/sc_speed.h ****    
 219:.\source\rte/sc_speed.h ****    return RC_SUCCESS;
 220:.\source\rte/sc_speed.h **** }
 221:.\source\rte/sc_speed.h **** 
 222:.\source\rte/sc_speed.h **** 
 223:.\source\rte/sc_speed.h **** /**
 224:.\source\rte/sc_speed.h ****  * Returns the count of refreshing trials (refresh, set or set_raw) that failed.
 225:.\source\rte/sc_speed.h ****  * Prerquisite: The signal is refreshed cyclically
 226:.\source\rte/sc_speed.h ****  *
 227:.\source\rte/sc_speed.h ****  * @param  SC_SPEED_t * const signal: Pointer to the signal object
 228:.\source\rte/sc_speed.h ****  * @return uint32_t: Number of cycles since the signal has been updated for the last time
 229:.\source\rte/sc_speed.h ****  */
 230:.\source\rte/sc_speed.h **** inline uint32_t RTE_SC_SPEED_getAge( const SC_SPEED_t * const signal )
 231:.\source\rte/sc_speed.h **** {
 232:.\source\rte/sc_speed.h ****    return signal->age;
  43              		.loc 2 232 0
  44 0002 194B     		ldr	r3, .L10
  45 0004 5B68     		ldr	r3, [r3, #4]
  46              	.LVL2:
  47              	.LBE12:
  48              	.LBE11:
  42:source\asw/swc_engine.c **** 	
  43:source\asw/swc_engine.c **** 	/* USER CODE START ENGINE_setEngine_run */
  44:source\asw/swc_engine.c ****     SC_SPEED_data_t engineValue = SC_SPEED_INIT_DATA;
  45:source\asw/swc_engine.c ****     
  46:source\asw/swc_engine.c ****     if(RTE_SC_SPEED_getAge(&SO_SPEED_signal) > 1000)
  49              		.loc 1 46 0
  50 0006 B3F57A7F 		cmp	r3, #1000
  51 000a 05D9     		bls	.L2
  52 000c 4FF00001 		mov	r1, #0
  53              	.LVL3:
  47:source\asw/swc_engine.c ****     {
  48:source\asw/swc_engine.c ****         engineValue.mySpeed = 0;
  49:source\asw/swc_engine.c ****         SO_SPEED_signal.age = 0;
  54              		.loc 1 49 0
  55 0010 0022     		movs	r2, #0
  56 0012 154B     		ldr	r3, .L10
  57 0014 5A60     		str	r2, [r3, #4]
  58 0016 01E0     		b	.L3
  59              	.L2:
  60              	.LVL4:
  61 0018 134B     		ldr	r3, .L10
ARM GAS  C:\Users\91819\AppData\Local\Temp\ccrCeCoF.s 			page 7


  62 001a 1978     		ldrb	r1, [r3]	@ zero_extendqisi2
  63              	.LVL5:
  64              	.L3:
  65              	.LBB13:
  66              	.LBB14:
 233:.\source\rte/sc_speed.h **** }
 234:.\source\rte/sc_speed.h **** 
 235:.\source\rte/sc_speed.h **** /**
 236:.\source\rte/sc_speed.h ****  * Should be called by application or driver if no new value can be provided.
 237:.\source\rte/sc_speed.h ****  * @param  SC_SPEED_t * const signal: Pointer to the signal object
 238:.\source\rte/sc_speed.h ****  * @param uint32_t increment: incrementvalue, typically in [ms]
 239:.\source\rte/sc_speed.h ****  * @return void
 240:.\source\rte/sc_speed.h ****  */
 241:.\source\rte/sc_speed.h **** inline void RTE_SC_SPEED_incAge(  SC_SPEED_t * const signal , uint32_t increment)
 242:.\source\rte/sc_speed.h **** {
 243:.\source\rte/sc_speed.h **** 	   //Hack....
 244:.\source\rte/sc_speed.h **** 	   if ( 0xFFFF0000 > (signal->age + increment) )
 245:.\source\rte/sc_speed.h **** 	   {
 246:.\source\rte/sc_speed.h **** 	      signal->age += increment;
 247:.\source\rte/sc_speed.h **** 	   }
 248:.\source\rte/sc_speed.h **** }
 249:.\source\rte/sc_speed.h **** 
 250:.\source\rte/sc_speed.h **** 
 251:.\source\rte/sc_speed.h **** /**************************************************************************************************
 252:.\source\rte/sc_speed.h **** /* Application Data read/write Interface																			*/
 253:.\source\rte/sc_speed.h **** /**************************************************************************************************
 254:.\source\rte/sc_speed.h **** 
 255:.\source\rte/sc_speed.h **** /**
 256:.\source\rte/sc_speed.h ****  * Returns the current application value of the passed signal instance.
 257:.\source\rte/sc_speed.h ****  *
 258:.\source\rte/sc_speed.h ****  * @param  SC_SPEED_t * const signal: Pointer to the signal object
 259:.\source\rte/sc_speed.h ****  * @return sc_speed_data_t: current value of the application data buffer
 260:.\source\rte/sc_speed.h ****  *
 261:.\source\rte/sc_speed.h ****  **/
 262:.\source\rte/sc_speed.h **** inline SC_SPEED_data_t RTE_SC_SPEED_get( const SC_SPEED_t * const signal )
 263:.\source\rte/sc_speed.h **** {               
 264:.\source\rte/sc_speed.h ****    //Todo: Critical region cannot be protected using return values																						
 265:.\source\rte/sc_speed.h ****    return signal->value;                                                                           
 266:.\source\rte/sc_speed.h **** }                                                                                                  
 267:.\source\rte/sc_speed.h ****                                                                                                    
 268:.\source\rte/sc_speed.h **** /**
 269:.\source\rte/sc_speed.h ****  * Returns the current application value of the passed signal instance threadsafe.
 270:.\source\rte/sc_speed.h ****  *
 271:.\source\rte/sc_speed.h ****  * @param  SC_SPEED_t * const signal: Pointer to the signal object
 272:.\source\rte/sc_speed.h ****  * @param  SC_SPEED_data_t* data: Pointer to the return data Pointer to the signal object
 273:.\source\rte/sc_speed.h ****  * @return RC_SUCCESS
 274:.\source\rte/sc_speed.h ****  *
 275:.\source\rte/sc_speed.h ****  **/
 276:.\source\rte/sc_speed.h **** inline RC_t RTE_SC_SPEED_getThreadSafe( const SC_SPEED_t * const signal, SC_SPEED_data_t * const da
 277:.\source\rte/sc_speed.h **** {    
 278:.\source\rte/sc_speed.h ****    if (TRUE == signal->pSigCfg->resourceActive) GetResource(signal->pSigCfg->resource);
 279:.\source\rte/sc_speed.h ****    *data = signal->value;
 280:.\source\rte/sc_speed.h ****    if (TRUE == signal->pSigCfg->resourceActive) ReleaseResource(signal->pSigCfg->resource);        
 281:.\source\rte/sc_speed.h **** 
 282:.\source\rte/sc_speed.h ****    return RC_SUCCESS;                                                                   
 283:.\source\rte/sc_speed.h ****    
 284:.\source\rte/sc_speed.h **** }                                                                                                  
ARM GAS  C:\Users\91819\AppData\Local\Temp\ccrCeCoF.s 			page 8


 285:.\source\rte/sc_speed.h ****                                                                                                    
 286:.\source\rte/sc_speed.h **** /**
 287:.\source\rte/sc_speed.h ****  * Sets a new application value to the passed signal instance by passing the new value.
 288:.\source\rte/sc_speed.h ****  * The corresponding driver raw value will be calculated immediately by using the default conversio
 289:.\source\rte/sc_speed.h ****  * signal specific scaling function.
 290:.\source\rte/sc_speed.h ****  * The signal age will be set to 0 and the new status will be 'RTE_SIGNALSTATUS_VALID'.
 291:.\source\rte/sc_speed.h ****  *
 292:.\source\rte/sc_speed.h ****  * @param  SC_SPEED_t * const signal: Pointer to the signal object
 293:.\source\rte/sc_speed.h ****  * @param  sc_speed_data_t const value: value for the application data buffer
 294:.\source\rte/sc_speed.h ****  * @return RC_t: standard return code, currently only RC_SUCCESS
 295:.\source\rte/sc_speed.h ****  *
 296:.\source\rte/sc_speed.h ****  **/
 297:.\source\rte/sc_speed.h **** inline RC_t RTE_SC_SPEED_set(SC_SPEED_t * const signal, const SC_SPEED_data_t value  )
 298:.\source\rte/sc_speed.h **** {
 299:.\source\rte/sc_speed.h **** 
 300:.\source\rte/sc_speed.h ****    RC_t ret = RC_SUCCESS;
 301:.\source\rte/sc_speed.h ****    size_t taskNum=0;
 302:.\source\rte/sc_speed.h **** 
 303:.\source\rte/sc_speed.h **** 
 304:.\source\rte/sc_speed.h ****    if (TRUE == signal->pSigCfg->resourceActive) GetResource(signal->pSigCfg->resource);
  67              		.loc 2 304 0
  68 001c 134B     		ldr	r3, .L10+4
  69 001e 9A68     		ldr	r2, [r3, #8]
  70              	.LVL6:
 305:.\source\rte/sc_speed.h ****    signal->value  = value;
  71              		.loc 2 305 0
  72 0020 1970     		strb	r1, [r3]
 306:.\source\rte/sc_speed.h ****    signal->age    = 0;
  73              		.loc 2 306 0
  74 0022 0021     		movs	r1, #0
  75              	.LVL7:
  76 0024 5960     		str	r1, [r3, #4]
 307:.\source\rte/sc_speed.h ****    signal->status = RTE_SIGNALSTATUS_VALID;
  77              		.loc 2 307 0
  78 0026 0221     		movs	r1, #2
  79 0028 5970     		strb	r1, [r3, #1]
 308:.\source\rte/sc_speed.h ****    if (TRUE == signal->pSigCfg->resourceActive) ReleaseResource(signal->pSigCfg->resource);
 309:.\source\rte/sc_speed.h **** 
 310:.\source\rte/sc_speed.h ****    //Pointer to the Taskarray, containing the tasks receiving the onUpdate events
 311:.\source\rte/sc_speed.h ****    TaskTypeArray* pTaskArray = signal->pSigCfg->onUpdateTasks;
  80              		.loc 2 311 0
  81 002a 5569     		ldr	r5, [r2, #20]
  82              	.LVL8:
 312:.\source\rte/sc_speed.h **** 
 313:.\source\rte/sc_speed.h ****    if (NULL!=signal->pSigCfg->evOnUpdate && NULL != pTaskArray){
  83              		.loc 2 313 0
  84 002c 9368     		ldr	r3, [r2, #8]
  85 002e 73B1     		cbz	r3, .L4
  86 0030 3DB9     		cbnz	r5, .L8
  87 0032 0CE0     		b	.L4
  88              	.LVL9:
  89              	.L6:
  90              	.LBB15:
 314:.\source\rte/sc_speed.h ****       for( taskNum=0 ; taskNum < signal->pSigCfg->onUpdateTaskCount ;taskNum++){
 315:.\source\rte/sc_speed.h **** 		  
 316:.\source\rte/sc_speed.h ****           TaskType task = (*pTaskArray)[taskNum];
 317:.\source\rte/sc_speed.h **** 	      SetEvent( task, signal->pSigCfg->evOnUpdate);
ARM GAS  C:\Users\91819\AppData\Local\Temp\ccrCeCoF.s 			page 9


  91              		.loc 2 317 0
  92 0034 9968     		ldr	r1, [r3, #8]
  93 0036 55F82400 		ldr	r0, [r5, r4, lsl #2]
  94 003a FFF7FEFF 		bl	EE_oo_SetEvent
  95              	.LVL10:
  96              	.LBE15:
 314:.\source\rte/sc_speed.h ****       for( taskNum=0 ; taskNum < signal->pSigCfg->onUpdateTaskCount ;taskNum++){
  97              		.loc 2 314 0
  98 003e 0134     		adds	r4, r4, #1
  99              	.LVL11:
 100 0040 00E0     		b	.L5
 101              	.LVL12:
 102              	.L8:
 313:.\source\rte/sc_speed.h ****       for( taskNum=0 ; taskNum < signal->pSigCfg->onUpdateTaskCount ;taskNum++){
 103              		.loc 2 313 0
 104 0042 0024     		movs	r4, #0
 105              	.LVL13:
 106              	.L5:
 314:.\source\rte/sc_speed.h ****       for( taskNum=0 ; taskNum < signal->pSigCfg->onUpdateTaskCount ;taskNum++){
 107              		.loc 2 314 0
 108 0044 094B     		ldr	r3, .L10+4
 109 0046 9B68     		ldr	r3, [r3, #8]
 110 0048 1A69     		ldr	r2, [r3, #16]
 111 004a 9442     		cmp	r4, r2
 112 004c F2D3     		bcc	.L6
 113              	.LVL14:
 114              	.L4:
 115              	.LBE14:
 116              	.LBE13:
 117              	.LBB16:
 118              	.LBB17:
 318:.\source\rte/sc_speed.h ****       }
 319:.\source\rte/sc_speed.h ****    }
 320:.\source\rte/sc_speed.h **** 
 321:.\source\rte/sc_speed.h ****    return ret;
 322:.\source\rte/sc_speed.h **** }                                                                                                  
 323:.\source\rte/sc_speed.h ****                                                                                                    
 324:.\source\rte/sc_speed.h ****                                                                                                    
 325:.\source\rte/sc_speed.h **** /**************************************************************************************************
 326:.\source\rte/sc_speed.h **** /* Call functions to the connected drivers																			*/
 327:.\source\rte/sc_speed.h **** /**************************************************************************************************
 328:.\source\rte/sc_speed.h **** 
 329:.\source\rte/sc_speed.h ****                                                                                                    
 330:.\source\rte/sc_speed.h **** /**
 331:.\source\rte/sc_speed.h ****  *  Calls the connected driver interface to get a new value.
 332:.\source\rte/sc_speed.h ****  *
 333:.\source\rte/sc_speed.h ****  * @param SC_SPEED_t * const signal: Pointer to the signal object
 334:.\source\rte/sc_speed.h ****  * @return  RC_t: Return value of the driver call
 335:.\source\rte/sc_speed.h ****  *
 336:.\source\rte/sc_speed.h ****  */
 337:.\source\rte/sc_speed.h **** inline RC_t RTE_SC_SPEED_pullPort( SC_SPEED_t * const signal )
 338:.\source\rte/sc_speed.h **** {                                                                                                  
 339:.\source\rte/sc_speed.h ****    RC_t ret = RC_SUCCESS;
 340:.\source\rte/sc_speed.h **** 
 341:.\source\rte/sc_speed.h ****                                                                                                    
 342:.\source\rte/sc_speed.h ****    if ( NULL != signal->pSigCfg->inDriver )
 343:.\source\rte/sc_speed.h ****    {
ARM GAS  C:\Users\91819\AppData\Local\Temp\ccrCeCoF.s 			page 10


 344:.\source\rte/sc_speed.h **** 	  SC_SPEED_data_t value = signal->value;
 345:.\source\rte/sc_speed.h ****       ret = signal->pSigCfg->inDriver(&value);
 346:.\source\rte/sc_speed.h ****                                                                                                    
 347:.\source\rte/sc_speed.h ****       if ( ret == RC_SUCCESS )                                                                     
 348:.\source\rte/sc_speed.h ****       {
 349:.\source\rte/sc_speed.h ****     	  //Critical Section
 350:.\source\rte/sc_speed.h ****     	  RTE_SC_SPEED_set(signal, value);
 351:.\source\rte/sc_speed.h ****       }
 352:.\source\rte/sc_speed.h ****       else
 353:.\source\rte/sc_speed.h ****       {
 354:.\source\rte/sc_speed.h **** 		  //Signal is invalid. Error event (if present) will be fired
 355:.\source\rte/sc_speed.h **** 		  RTE_SC_SPEED_setStatus(signal, RTE_SIGNALSTATUS_INVALID);
 356:.\source\rte/sc_speed.h ****       }
 357:.\source\rte/sc_speed.h **** 
 358:.\source\rte/sc_speed.h ****    }                                                                                               
 359:.\source\rte/sc_speed.h ****                                                                                                    
 360:.\source\rte/sc_speed.h ****    return ret;                                                                                     
 361:.\source\rte/sc_speed.h **** }                                                                                                  
 362:.\source\rte/sc_speed.h ****                                                                                                    
 363:.\source\rte/sc_speed.h **** /**
 364:.\source\rte/sc_speed.h ****  *  Calls the connected driver interfaces to send a value. Value will not be sent if it is INVALID.
 365:.\source\rte/sc_speed.h ****  *
 366:.\source\rte/sc_speed.h ****  * @param SC_SPEED_t * const signal: Pointer to the signal object
 367:.\source\rte/sc_speed.h ****  * @return  RC_t: Return value of the driver call
 368:.\source\rte/sc_speed.h ****  *
 369:.\source\rte/sc_speed.h ****  **/
 370:.\source\rte/sc_speed.h **** inline RC_t RTE_SC_SPEED_pushPort( const SC_SPEED_t * const signal )
 371:.\source\rte/sc_speed.h **** {                                                                                                  
 372:.\source\rte/sc_speed.h ****    RC_t ret = RC_ERROR;
 373:.\source\rte/sc_speed.h **** 
 374:.\source\rte/sc_speed.h ****    if (RTE_SIGNALSTATUS_VALID == signal->status)
 119              		.loc 2 374 0
 120 004e 074B     		ldr	r3, .L10+4
 121 0050 5B78     		ldrb	r3, [r3, #1]	@ zero_extendqisi2
 122 0052 022B     		cmp	r3, #2
 123 0054 03D1     		bne	.L7
 375:.\source\rte/sc_speed.h ****    {
 376:.\source\rte/sc_speed.h **** 	   ret = signal->pSigCfg->outDriver(&(signal->value));
 124              		.loc 2 376 0
 125 0056 0548     		ldr	r0, .L10+4
 126 0058 8368     		ldr	r3, [r0, #8]
 127 005a 5B68     		ldr	r3, [r3, #4]
 128 005c 9847     		blx	r3
 129              	.LVL15:
 130              	.L7:
 131              	.LBE17:
 132              	.LBE16:
  50:source\asw/swc_engine.c ****     }
  51:source\asw/swc_engine.c ****     else 
  52:source\asw/swc_engine.c ****     {
  53:source\asw/swc_engine.c ****         engineValue = RTE_SC_SPEED_get( &SO_SPEED_signal );
  54:source\asw/swc_engine.c ****     }
  55:source\asw/swc_engine.c ****     
  56:source\asw/swc_engine.c ****     RTE_SC_SPEED_set(&SO_ENGINE_signal, engineValue );
  57:source\asw/swc_engine.c ****     
  58:source\asw/swc_engine.c ****     RTE_SC_SPEED_pushPort(&SO_ENGINE_signal);
  59:source\asw/swc_engine.c ****     
ARM GAS  C:\Users\91819\AppData\Local\Temp\ccrCeCoF.s 			page 11


  60:source\asw/swc_engine.c ****      WD_Alive(2);
 133              		.loc 1 60 0
 134 005e 0220     		movs	r0, #2
 135 0060 FFF7FEFF 		bl	WD_Alive
 136              	.LVL16:
 137 0064 38BD     		pop	{r3, r4, r5, pc}
 138              	.L11:
 139 0066 00BF     		.align	2
 140              	.L10:
 141 0068 00000000 		.word	SO_SPEED_signal
 142 006c 00000000 		.word	SO_ENGINE_signal
 143              		.cfi_endproc
 144              	.LFE140:
 145              		.size	ENGINE_setEngine_run, .-ENGINE_setEngine_run
 146              		.text
 147              	.Letext0:
 148              		.file 3 "c:\\program files (x86)\\cypress\\psoc creator\\4.4\\psoc creator\\import\\gnu\\arm\\5.4.
 149              		.file 4 "c:\\program files (x86)\\cypress\\psoc creator\\4.4\\psoc creator\\import\\gnu\\arm\\5.4.
 150              		.file 5 "c:\\program files (x86)\\cypress\\psoc creator\\4.4\\psoc creator\\import\\gnu\\arm\\5.4.
 151              		.file 6 "Generated_Source\\PSoC5/ErikaOS_1_common_ee_types.inc"
 152              		.file 7 "Generated_Source\\PSoC5/ErikaOS_1_cortex_mx_ee_cpu.inc"
 153              		.file 8 "Generated_Source\\PSoC5/ErikaOS_1_ee_oo_common.inc"
 154              		.file 9 ".\\source\\bsw/global.h"
 155              		.file 10 ".\\source\\rte/rte_types.h"
 156              		.file 11 ".\\source\\rte/rte.h"
 157              		.file 12 ".\\source\\rte/sc_speed_type.h"
 158              		.file 13 "Generated_Source\\PSoC5/ErikaOS_1_ee_oo_intfunc.inc"
 159              		.file 14 "Generated_Source\\PSoC5/ErikaOS_1_cortex_mx_ee_context.inc"
 160              		.file 15 "Generated_Source\\PSoC5/ErikaOS_1_common_ee_primitives.inc"
 161              		.file 16 "Generated_Source\\PSoC5/core_cm3.h"
 162              		.file 17 ".\\source\\rte/sp_common.h"
 163              		.file 18 "Generated_Source\\PSoC5/ErikaOS_1_ee_oo_kernel.inc"
 164              		.file 19 ".\\source\\bsw/watchdog.h"
 165              		.section	.debug_info,"",%progbits
 166              	.Ldebug_info0:
 167 0000 01060000 		.4byte	0x601
 168 0004 0400     		.2byte	0x4
 169 0006 00000000 		.4byte	.Ldebug_abbrev0
 170 000a 04       		.byte	0x4
 171 000b 01       		.uleb128 0x1
 172 000c 00000000 		.4byte	.LASF103
 173 0010 0C       		.byte	0xc
 174 0011 52030000 		.4byte	.LASF104
 175 0015 94010000 		.4byte	.LASF105
 176 0019 00000000 		.4byte	.Ldebug_ranges0+0
 177 001d 00000000 		.4byte	0
 178 0021 00000000 		.4byte	.Ldebug_line0
 179 0025 02       		.uleb128 0x2
 180 0026 01       		.byte	0x1
 181 0027 06       		.byte	0x6
 182 0028 13040000 		.4byte	.LASF0
 183 002c 03       		.uleb128 0x3
 184 002d C2060000 		.4byte	.LASF4
 185 0031 03       		.byte	0x3
 186 0032 1D       		.byte	0x1d
 187 0033 37000000 		.4byte	0x37
 188 0037 02       		.uleb128 0x2
ARM GAS  C:\Users\91819\AppData\Local\Temp\ccrCeCoF.s 			page 12


 189 0038 01       		.byte	0x1
 190 0039 08       		.byte	0x8
 191 003a 05040000 		.4byte	.LASF1
 192 003e 02       		.uleb128 0x2
 193 003f 02       		.byte	0x2
 194 0040 05       		.byte	0x5
 195 0041 03010000 		.4byte	.LASF2
 196 0045 02       		.uleb128 0x2
 197 0046 02       		.byte	0x2
 198 0047 07       		.byte	0x7
 199 0048 FF040000 		.4byte	.LASF3
 200 004c 03       		.uleb128 0x3
 201 004d BE050000 		.4byte	.LASF5
 202 0051 03       		.byte	0x3
 203 0052 3F       		.byte	0x3f
 204 0053 57000000 		.4byte	0x57
 205 0057 02       		.uleb128 0x2
 206 0058 04       		.byte	0x4
 207 0059 05       		.byte	0x5
 208 005a 37030000 		.4byte	.LASF6
 209 005e 03       		.uleb128 0x3
 210 005f 7F010000 		.4byte	.LASF7
 211 0063 03       		.byte	0x3
 212 0064 41       		.byte	0x41
 213 0065 69000000 		.4byte	0x69
 214 0069 02       		.uleb128 0x2
 215 006a 04       		.byte	0x4
 216 006b 07       		.byte	0x7
 217 006c 5A040000 		.4byte	.LASF8
 218 0070 02       		.uleb128 0x2
 219 0071 08       		.byte	0x8
 220 0072 05       		.byte	0x5
 221 0073 D9020000 		.4byte	.LASF9
 222 0077 02       		.uleb128 0x2
 223 0078 08       		.byte	0x8
 224 0079 07       		.byte	0x7
 225 007a 1F040000 		.4byte	.LASF10
 226 007e 04       		.uleb128 0x4
 227 007f 04       		.byte	0x4
 228 0080 05       		.byte	0x5
 229 0081 696E7400 		.ascii	"int\000"
 230 0085 02       		.uleb128 0x2
 231 0086 04       		.byte	0x4
 232 0087 07       		.byte	0x7
 233 0088 3F040000 		.4byte	.LASF11
 234 008c 03       		.uleb128 0x3
 235 008d C8050000 		.4byte	.LASF12
 236 0091 04       		.byte	0x4
 237 0092 18       		.byte	0x18
 238 0093 2C000000 		.4byte	0x2c
 239 0097 03       		.uleb128 0x3
 240 0098 F7040000 		.4byte	.LASF13
 241 009c 04       		.byte	0x4
 242 009d 2C       		.byte	0x2c
 243 009e 4C000000 		.4byte	0x4c
 244 00a2 03       		.uleb128 0x3
 245 00a3 36040000 		.4byte	.LASF14
ARM GAS  C:\Users\91819\AppData\Local\Temp\ccrCeCoF.s 			page 13


 246 00a7 04       		.byte	0x4
 247 00a8 30       		.byte	0x30
 248 00a9 5E000000 		.4byte	0x5e
 249 00ad 02       		.uleb128 0x2
 250 00ae 04       		.byte	0x4
 251 00af 04       		.byte	0x4
 252 00b0 AA020000 		.4byte	.LASF15
 253 00b4 02       		.uleb128 0x2
 254 00b5 08       		.byte	0x8
 255 00b6 04       		.byte	0x4
 256 00b7 37060000 		.4byte	.LASF16
 257 00bb 02       		.uleb128 0x2
 258 00bc 01       		.byte	0x1
 259 00bd 08       		.byte	0x8
 260 00be EA000000 		.4byte	.LASF17
 261 00c2 03       		.uleb128 0x3
 262 00c3 0D010000 		.4byte	.LASF18
 263 00c7 05       		.byte	0x5
 264 00c8 D8       		.byte	0xd8
 265 00c9 85000000 		.4byte	0x85
 266 00cd 02       		.uleb128 0x2
 267 00ce 08       		.byte	0x8
 268 00cf 04       		.byte	0x4
 269 00d0 E8030000 		.4byte	.LASF19
 270 00d4 03       		.uleb128 0x3
 271 00d5 90040000 		.4byte	.LASF20
 272 00d9 06       		.byte	0x6
 273 00da 53       		.byte	0x53
 274 00db 7E000000 		.4byte	0x7e
 275 00df 03       		.uleb128 0x3
 276 00e0 8A010000 		.4byte	.LASF21
 277 00e4 06       		.byte	0x6
 278 00e5 54       		.byte	0x54
 279 00e6 85000000 		.4byte	0x85
 280 00ea 03       		.uleb128 0x3
 281 00eb 94050000 		.4byte	.LASF22
 282 00ef 07       		.byte	0x7
 283 00f0 4D       		.byte	0x4d
 284 00f1 DF000000 		.4byte	0xdf
 285 00f5 03       		.uleb128 0x3
 286 00f6 63010000 		.4byte	.LASF23
 287 00fa 07       		.byte	0x7
 288 00fb 4F       		.byte	0x4f
 289 00fc DF000000 		.4byte	0xdf
 290 0100 03       		.uleb128 0x3
 291 0101 FC010000 		.4byte	.LASF24
 292 0105 07       		.byte	0x7
 293 0106 78       		.byte	0x78
 294 0107 D4000000 		.4byte	0xd4
 295 010b 05       		.uleb128 0x5
 296 010c FC030000 		.4byte	.LASF25
 297 0110 08       		.byte	0x8
 298 0111 F701     		.2byte	0x1f7
 299 0113 00010000 		.4byte	0x100
 300 0117 05       		.uleb128 0x5
 301 0118 8E000000 		.4byte	.LASF26
 302 011c 08       		.byte	0x8
ARM GAS  C:\Users\91819\AppData\Local\Temp\ccrCeCoF.s 			page 14


 303 011d 2C02     		.2byte	0x22c
 304 011f EA000000 		.4byte	0xea
 305 0123 02       		.uleb128 0x2
 306 0124 04       		.byte	0x4
 307 0125 07       		.byte	0x7
 308 0126 29010000 		.4byte	.LASF27
 309 012a 03       		.uleb128 0x3
 310 012b C9030000 		.4byte	.LASF28
 311 012f 09       		.byte	0x9
 312 0130 9C       		.byte	0x9c
 313 0131 37000000 		.4byte	0x37
 314 0135 06       		.uleb128 0x6
 315 0136 01       		.byte	0x1
 316 0137 25000000 		.4byte	0x25
 317 013b 09       		.byte	0x9
 318 013c CF       		.byte	0xcf
 319 013d DE010000 		.4byte	0x1de
 320 0141 07       		.uleb128 0x7
 321 0142 C0000000 		.4byte	.LASF29
 322 0146 00       		.byte	0
 323 0147 08       		.uleb128 0x8
 324 0148 7A060000 		.4byte	.LASF30
 325 014c 7F       		.sleb128 -1
 326 014d 08       		.uleb128 0x8
 327 014e 6C040000 		.4byte	.LASF31
 328 0152 7E       		.sleb128 -2
 329 0153 08       		.uleb128 0x8
 330 0154 55010000 		.4byte	.LASF32
 331 0158 7D       		.sleb128 -3
 332 0159 08       		.uleb128 0x8
 333 015a 83060000 		.4byte	.LASF33
 334 015e 7C       		.sleb128 -4
 335 015f 08       		.uleb128 0x8
 336 0160 9B020000 		.4byte	.LASF34
 337 0164 7B       		.sleb128 -5
 338 0165 08       		.uleb128 0x8
 339 0166 9C050000 		.4byte	.LASF35
 340 016a 7A       		.sleb128 -6
 341 016b 08       		.uleb128 0x8
 342 016c 40030000 		.4byte	.LASF36
 343 0170 79       		.sleb128 -7
 344 0171 08       		.uleb128 0x8
 345 0172 E2040000 		.4byte	.LASF37
 346 0176 78       		.sleb128 -8
 347 0177 08       		.uleb128 0x8
 348 0178 7A040000 		.4byte	.LASF38
 349 017c 77       		.sleb128 -9
 350 017d 08       		.uleb128 0x8
 351 017e 6A030000 		.4byte	.LASF39
 352 0182 76       		.sleb128 -10
 353 0183 08       		.uleb128 0x8
 354 0184 E9060000 		.4byte	.LASF40
 355 0188 75       		.sleb128 -11
 356 0189 08       		.uleb128 0x8
 357 018a 4C040000 		.4byte	.LASF41
 358 018e 74       		.sleb128 -12
 359 018f 08       		.uleb128 0x8
ARM GAS  C:\Users\91819\AppData\Local\Temp\ccrCeCoF.s 			page 15


 360 0190 82050000 		.4byte	.LASF42
 361 0194 73       		.sleb128 -13
 362 0195 08       		.uleb128 0x8
 363 0196 AD000000 		.4byte	.LASF43
 364 019a 72       		.sleb128 -14
 365 019b 08       		.uleb128 0x8
 366 019c EF000000 		.4byte	.LASF44
 367 01a0 71       		.sleb128 -15
 368 01a1 08       		.uleb128 0x8
 369 01a2 A6030000 		.4byte	.LASF45
 370 01a6 70       		.sleb128 -16
 371 01a7 08       		.uleb128 0x8
 372 01a8 6B010000 		.4byte	.LASF46
 373 01ac 6F       		.sleb128 -17
 374 01ad 08       		.uleb128 0x8
 375 01ae 14010000 		.4byte	.LASF47
 376 01b2 6E       		.sleb128 -18
 377 01b3 08       		.uleb128 0x8
 378 01b4 00030000 		.4byte	.LASF48
 379 01b8 6D       		.sleb128 -19
 380 01b9 08       		.uleb128 0x8
 381 01ba 12050000 		.4byte	.LASF49
 382 01be 6C       		.sleb128 -20
 383 01bf 08       		.uleb128 0x8
 384 01c0 B7030000 		.4byte	.LASF50
 385 01c4 6B       		.sleb128 -21
 386 01c5 08       		.uleb128 0x8
 387 01c6 0D060000 		.4byte	.LASF51
 388 01ca 6A       		.sleb128 -22
 389 01cb 08       		.uleb128 0x8
 390 01cc 2F020000 		.4byte	.LASF52
 391 01d0 69       		.sleb128 -23
 392 01d1 08       		.uleb128 0x8
 393 01d2 13030000 		.4byte	.LASF53
 394 01d6 68       		.sleb128 -24
 395 01d7 08       		.uleb128 0x8
 396 01d8 C0020000 		.4byte	.LASF54
 397 01dc 67       		.sleb128 -25
 398 01dd 00       		.byte	0
 399 01de 03       		.uleb128 0x3
 400 01df 32010000 		.4byte	.LASF55
 401 01e3 09       		.byte	0x9
 402 01e4 EA       		.byte	0xea
 403 01e5 35010000 		.4byte	0x135
 404 01e9 03       		.uleb128 0x3
 405 01ea 9C060000 		.4byte	.LASF56
 406 01ee 0A       		.byte	0xa
 407 01ef 19       		.byte	0x19
 408 01f0 F4010000 		.4byte	0x1f4
 409 01f4 09       		.uleb128 0x9
 410 01f5 0B010000 		.4byte	0x10b
 411 01f9 FF010000 		.4byte	0x1ff
 412 01fd 0A       		.uleb128 0xa
 413 01fe 00       		.byte	0
 414 01ff 03       		.uleb128 0x3
 415 0200 D0050000 		.4byte	.LASF57
 416 0204 0A       		.byte	0xa
ARM GAS  C:\Users\91819\AppData\Local\Temp\ccrCeCoF.s 			page 16


 417 0205 21       		.byte	0x21
 418 0206 17010000 		.4byte	0x117
 419 020a 03       		.uleb128 0x3
 420 020b 2A060000 		.4byte	.LASF58
 421 020f 0A       		.byte	0xa
 422 0210 2D       		.byte	0x2d
 423 0211 A2000000 		.4byte	0xa2
 424 0215 06       		.uleb128 0x6
 425 0216 01       		.byte	0x1
 426 0217 37000000 		.4byte	0x37
 427 021b 0B       		.byte	0xb
 428 021c 59       		.byte	0x59
 429 021d 3A020000 		.4byte	0x23a
 430 0221 07       		.uleb128 0x7
 431 0222 78030000 		.4byte	.LASF59
 432 0226 00       		.byte	0
 433 0227 07       		.uleb128 0x7
 434 0228 CC060000 		.4byte	.LASF60
 435 022c 01       		.byte	0x1
 436 022d 07       		.uleb128 0x7
 437 022e 3E060000 		.4byte	.LASF61
 438 0232 02       		.byte	0x2
 439 0233 07       		.uleb128 0x7
 440 0234 C9040000 		.4byte	.LASF62
 441 0238 03       		.byte	0x3
 442 0239 00       		.byte	0
 443 023a 03       		.uleb128 0x3
 444 023b 24030000 		.4byte	.LASF63
 445 023f 0B       		.byte	0xb
 446 0240 5E       		.byte	0x5e
 447 0241 15020000 		.4byte	0x215
 448 0245 0B       		.uleb128 0xb
 449 0246 17010000 		.4byte	0x117
 450 024a 0B       		.uleb128 0xb
 451 024b C2000000 		.4byte	0xc2
 452 024f 0C       		.uleb128 0xc
 453 0250 04       		.byte	0x4
 454 0251 E9010000 		.4byte	0x1e9
 455 0255 0B       		.uleb128 0xb
 456 0256 4F020000 		.4byte	0x24f
 457 025a 0B       		.uleb128 0xb
 458 025b 2A010000 		.4byte	0x12a
 459 025f 0B       		.uleb128 0xb
 460 0260 0A020000 		.4byte	0x20a
 461 0264 0D       		.uleb128 0xd
 462 0265 01       		.byte	0x1
 463 0266 0C       		.byte	0xc
 464 0267 1F       		.byte	0x1f
 465 0268 79020000 		.4byte	0x279
 466 026c 0E       		.uleb128 0xe
 467 026d 37010000 		.4byte	.LASF67
 468 0271 0C       		.byte	0xc
 469 0272 21       		.byte	0x21
 470 0273 8C000000 		.4byte	0x8c
 471 0277 00       		.byte	0
 472 0278 00       		.byte	0
 473 0279 03       		.uleb128 0x3
ARM GAS  C:\Users\91819\AppData\Local\Temp\ccrCeCoF.s 			page 17


 474 027a 1F020000 		.4byte	.LASF64
 475 027e 0C       		.byte	0xc
 476 027f 24       		.byte	0x24
 477 0280 64020000 		.4byte	0x264
 478 0284 03       		.uleb128 0x3
 479 0285 EE050000 		.4byte	.LASF65
 480 0289 02       		.byte	0x2
 481 028a 27       		.byte	0x27
 482 028b 8F020000 		.4byte	0x28f
 483 028f 0C       		.uleb128 0xc
 484 0290 04       		.byte	0x4
 485 0291 95020000 		.4byte	0x295
 486 0295 0F       		.uleb128 0xf
 487 0296 DE010000 		.4byte	0x1de
 488 029a A4020000 		.4byte	0x2a4
 489 029e 10       		.uleb128 0x10
 490 029f AA020000 		.4byte	0x2aa
 491 02a3 00       		.byte	0
 492 02a4 0C       		.uleb128 0xc
 493 02a5 04       		.byte	0x4
 494 02a6 79020000 		.4byte	0x279
 495 02aa 0B       		.uleb128 0xb
 496 02ab A4020000 		.4byte	0x2a4
 497 02af 03       		.uleb128 0x3
 498 02b0 CB000000 		.4byte	.LASF66
 499 02b4 02       		.byte	0x2
 500 02b5 2D       		.byte	0x2d
 501 02b6 BA020000 		.4byte	0x2ba
 502 02ba 0C       		.uleb128 0xc
 503 02bb 04       		.byte	0x4
 504 02bc C0020000 		.4byte	0x2c0
 505 02c0 0F       		.uleb128 0xf
 506 02c1 DE010000 		.4byte	0x1de
 507 02c5 CF020000 		.4byte	0x2cf
 508 02c9 10       		.uleb128 0x10
 509 02ca DA020000 		.4byte	0x2da
 510 02ce 00       		.byte	0
 511 02cf 0C       		.uleb128 0xc
 512 02d0 04       		.byte	0x4
 513 02d1 D5020000 		.4byte	0x2d5
 514 02d5 0B       		.uleb128 0xb
 515 02d6 79020000 		.4byte	0x279
 516 02da 0B       		.uleb128 0xb
 517 02db CF020000 		.4byte	0x2cf
 518 02df 11       		.uleb128 0x11
 519 02e0 46020000 		.4byte	.LASF79
 520 02e4 28       		.byte	0x28
 521 02e5 02       		.byte	0x2
 522 02e6 37       		.byte	0x37
 523 02e7 64030000 		.4byte	0x364
 524 02eb 0E       		.uleb128 0xe
 525 02ec 64060000 		.4byte	.LASF68
 526 02f0 02       		.byte	0x2
 527 02f1 3C       		.byte	0x3c
 528 02f2 64030000 		.4byte	0x364
 529 02f6 00       		.byte	0
 530 02f7 0E       		.uleb128 0xe
ARM GAS  C:\Users\91819\AppData\Local\Temp\ccrCeCoF.s 			page 18


 531 02f8 D3030000 		.4byte	.LASF69
 532 02fc 02       		.byte	0x2
 533 02fd 41       		.byte	0x41
 534 02fe 69030000 		.4byte	0x369
 535 0302 04       		.byte	0x4
 536 0303 0E       		.uleb128 0xe
 537 0304 A1040000 		.4byte	.LASF70
 538 0308 02       		.byte	0x2
 539 0309 46       		.byte	0x46
 540 030a 45020000 		.4byte	0x245
 541 030e 08       		.byte	0x8
 542 030f 0E       		.uleb128 0xe
 543 0310 E0000000 		.4byte	.LASF71
 544 0314 02       		.byte	0x2
 545 0315 4C       		.byte	0x4c
 546 0316 45020000 		.4byte	0x245
 547 031a 0C       		.byte	0xc
 548 031b 0E       		.uleb128 0xe
 549 031c 32050000 		.4byte	.LASF72
 550 0320 02       		.byte	0x2
 551 0321 51       		.byte	0x51
 552 0322 4A020000 		.4byte	0x24a
 553 0326 10       		.byte	0x10
 554 0327 0E       		.uleb128 0xe
 555 0328 68050000 		.4byte	.LASF73
 556 032c 02       		.byte	0x2
 557 032d 56       		.byte	0x56
 558 032e 55020000 		.4byte	0x255
 559 0332 14       		.byte	0x14
 560 0333 0E       		.uleb128 0xe
 561 0334 9C000000 		.4byte	.LASF74
 562 0338 02       		.byte	0x2
 563 0339 5B       		.byte	0x5b
 564 033a 4A020000 		.4byte	0x24a
 565 033e 18       		.byte	0x18
 566 033f 0E       		.uleb128 0xe
 567 0340 25050000 		.4byte	.LASF75
 568 0344 02       		.byte	0x2
 569 0345 60       		.byte	0x60
 570 0346 55020000 		.4byte	0x255
 571 034a 1C       		.byte	0x1c
 572 034b 0E       		.uleb128 0xe
 573 034c B3040000 		.4byte	.LASF76
 574 0350 02       		.byte	0x2
 575 0351 66       		.byte	0x66
 576 0352 5A020000 		.4byte	0x25a
 577 0356 20       		.byte	0x20
 578 0357 0E       		.uleb128 0xe
 579 0358 64020000 		.4byte	.LASF77
 580 035c 02       		.byte	0x2
 581 035d 6B       		.byte	0x6b
 582 035e 5F020000 		.4byte	0x25f
 583 0362 24       		.byte	0x24
 584 0363 00       		.byte	0
 585 0364 0B       		.uleb128 0xb
 586 0365 84020000 		.4byte	0x284
 587 0369 0B       		.uleb128 0xb
ARM GAS  C:\Users\91819\AppData\Local\Temp\ccrCeCoF.s 			page 19


 588 036a AF020000 		.4byte	0x2af
 589 036e 03       		.uleb128 0x3
 590 036f 55020000 		.4byte	.LASF78
 591 0373 02       		.byte	0x2
 592 0374 6E       		.byte	0x6e
 593 0375 79030000 		.4byte	0x379
 594 0379 0B       		.uleb128 0xb
 595 037a DF020000 		.4byte	0x2df
 596 037e 11       		.uleb128 0x11
 597 037f 02060000 		.4byte	.LASF80
 598 0383 0C       		.byte	0xc
 599 0384 02       		.byte	0x2
 600 0385 7A       		.byte	0x7a
 601 0386 BB030000 		.4byte	0x3bb
 602 038a 0E       		.uleb128 0xe
 603 038b 03020000 		.4byte	.LASF81
 604 038f 02       		.byte	0x2
 605 0390 80       		.byte	0x80
 606 0391 79020000 		.4byte	0x279
 607 0395 00       		.byte	0
 608 0396 0E       		.uleb128 0xe
 609 0397 AC040000 		.4byte	.LASF82
 610 039b 02       		.byte	0x2
 611 039c 85       		.byte	0x85
 612 039d 3A020000 		.4byte	0x23a
 613 03a1 01       		.byte	0x1
 614 03a2 12       		.uleb128 0x12
 615 03a3 61676500 		.ascii	"age\000"
 616 03a7 02       		.byte	0x2
 617 03a8 8A       		.byte	0x8a
 618 03a9 A2000000 		.4byte	0xa2
 619 03ad 04       		.byte	0x4
 620 03ae 0E       		.uleb128 0xe
 621 03af 99040000 		.4byte	.LASF83
 622 03b3 02       		.byte	0x2
 623 03b4 8F       		.byte	0x8f
 624 03b5 C1030000 		.4byte	0x3c1
 625 03b9 08       		.byte	0x8
 626 03ba 00       		.byte	0
 627 03bb 0C       		.uleb128 0xc
 628 03bc 04       		.byte	0x4
 629 03bd 6E030000 		.4byte	0x36e
 630 03c1 0B       		.uleb128 0xb
 631 03c2 BB030000 		.4byte	0x3bb
 632 03c6 03       		.uleb128 0x3
 633 03c7 1F060000 		.4byte	.LASF84
 634 03cb 02       		.byte	0x2
 635 03cc 92       		.byte	0x92
 636 03cd 7E030000 		.4byte	0x37e
 637 03d1 13       		.uleb128 0x13
 638 03d2 DA050000 		.4byte	.LASF85
 639 03d6 02       		.byte	0x2
 640 03d7 E6       		.byte	0xe6
 641 03d8 A2000000 		.4byte	0xa2
 642 03dc 03       		.byte	0x3
 643 03dd ED030000 		.4byte	0x3ed
 644 03e1 14       		.uleb128 0x14
ARM GAS  C:\Users\91819\AppData\Local\Temp\ccrCeCoF.s 			page 20


 645 03e2 C2040000 		.4byte	.LASF87
 646 03e6 02       		.byte	0x2
 647 03e7 E6       		.byte	0xe6
 648 03e8 F8030000 		.4byte	0x3f8
 649 03ec 00       		.byte	0
 650 03ed 0C       		.uleb128 0xc
 651 03ee 04       		.byte	0x4
 652 03ef F3030000 		.4byte	0x3f3
 653 03f3 0B       		.uleb128 0xb
 654 03f4 C6030000 		.4byte	0x3c6
 655 03f8 0B       		.uleb128 0xb
 656 03f9 ED030000 		.4byte	0x3ed
 657 03fd 15       		.uleb128 0x15
 658 03fe 44010000 		.4byte	.LASF86
 659 0402 02       		.byte	0x2
 660 0403 0601     		.2byte	0x106
 661 0405 79020000 		.4byte	0x279
 662 0409 03       		.byte	0x3
 663 040a 1B040000 		.4byte	0x41b
 664 040e 16       		.uleb128 0x16
 665 040f C2040000 		.4byte	.LASF87
 666 0413 02       		.byte	0x2
 667 0414 0601     		.2byte	0x106
 668 0416 F8030000 		.4byte	0x3f8
 669 041a 00       		.byte	0
 670 041b 15       		.uleb128 0x15
 671 041c 09020000 		.4byte	.LASF88
 672 0420 02       		.byte	0x2
 673 0421 7201     		.2byte	0x172
 674 0423 DE010000 		.4byte	0x1de
 675 0427 03       		.byte	0x3
 676 0428 45040000 		.4byte	0x445
 677 042c 16       		.uleb128 0x16
 678 042d C2040000 		.4byte	.LASF87
 679 0431 02       		.byte	0x2
 680 0432 7201     		.2byte	0x172
 681 0434 F8030000 		.4byte	0x3f8
 682 0438 17       		.uleb128 0x17
 683 0439 72657400 		.ascii	"ret\000"
 684 043d 02       		.byte	0x2
 685 043e 7401     		.2byte	0x174
 686 0440 DE010000 		.4byte	0x1de
 687 0444 00       		.byte	0
 688 0445 15       		.uleb128 0x15
 689 0446 57050000 		.4byte	.LASF89
 690 044a 02       		.byte	0x2
 691 044b 2901     		.2byte	0x129
 692 044d DE010000 		.4byte	0x1de
 693 0451 03       		.byte	0x3
 694 0452 A1040000 		.4byte	0x4a1
 695 0456 16       		.uleb128 0x16
 696 0457 C2040000 		.4byte	.LASF87
 697 045b 02       		.byte	0x2
 698 045c 2901     		.2byte	0x129
 699 045e A7040000 		.4byte	0x4a7
 700 0462 16       		.uleb128 0x16
 701 0463 03020000 		.4byte	.LASF81
ARM GAS  C:\Users\91819\AppData\Local\Temp\ccrCeCoF.s 			page 21


 702 0467 02       		.byte	0x2
 703 0468 2901     		.2byte	0x129
 704 046a D5020000 		.4byte	0x2d5
 705 046e 17       		.uleb128 0x17
 706 046f 72657400 		.ascii	"ret\000"
 707 0473 02       		.byte	0x2
 708 0474 2C01     		.2byte	0x12c
 709 0476 DE010000 		.4byte	0x1de
 710 047a 18       		.uleb128 0x18
 711 047b F4030000 		.4byte	.LASF90
 712 047f 02       		.byte	0x2
 713 0480 2D01     		.2byte	0x12d
 714 0482 C2000000 		.4byte	0xc2
 715 0486 18       		.uleb128 0x18
 716 0487 DD030000 		.4byte	.LASF91
 717 048b 02       		.byte	0x2
 718 048c 3701     		.2byte	0x137
 719 048e 4F020000 		.4byte	0x24f
 720 0492 19       		.uleb128 0x19
 721 0493 18       		.uleb128 0x18
 722 0494 3F010000 		.4byte	.LASF92
 723 0498 02       		.byte	0x2
 724 0499 3C01     		.2byte	0x13c
 725 049b 0B010000 		.4byte	0x10b
 726 049f 00       		.byte	0
 727 04a0 00       		.byte	0
 728 04a1 0C       		.uleb128 0xc
 729 04a2 04       		.byte	0x4
 730 04a3 C6030000 		.4byte	0x3c6
 731 04a7 0B       		.uleb128 0xb
 732 04a8 A1040000 		.4byte	0x4a1
 733 04ac 1A       		.uleb128 0x1a
 734 04ad 91030000 		.4byte	.LASF106
 735 04b1 01       		.byte	0x1
 736 04b2 29       		.byte	0x29
 737 04b3 00000000 		.4byte	.LFB140
 738 04b7 70000000 		.4byte	.LFE140-.LFB140
 739 04bb 01       		.uleb128 0x1
 740 04bc 9C       		.byte	0x9c
 741 04bd 8F050000 		.4byte	0x58f
 742 04c1 1B       		.uleb128 0x1b
 743 04c2 657600   		.ascii	"ev\000"
 744 04c5 01       		.byte	0x1
 745 04c6 29       		.byte	0x29
 746 04c7 FF010000 		.4byte	0x1ff
 747 04cb 00000000 		.4byte	.LLST0
 748 04cf 1C       		.uleb128 0x1c
 749 04d0 76050000 		.4byte	.LASF107
 750 04d4 01       		.byte	0x1
 751 04d5 2C       		.byte	0x2c
 752 04d6 79020000 		.4byte	0x279
 753 04da 3A000000 		.4byte	.LLST1
 754 04de 1D       		.uleb128 0x1d
 755 04df D1030000 		.4byte	0x3d1
 756 04e3 02000000 		.4byte	.LBB11
 757 04e7 04000000 		.4byte	.LBE11-.LBB11
 758 04eb 01       		.byte	0x1
ARM GAS  C:\Users\91819\AppData\Local\Temp\ccrCeCoF.s 			page 22


 759 04ec 2E       		.byte	0x2e
 760 04ed F7040000 		.4byte	0x4f7
 761 04f1 1E       		.uleb128 0x1e
 762 04f2 E1030000 		.4byte	0x3e1
 763 04f6 00       		.byte	0
 764 04f7 1D       		.uleb128 0x1d
 765 04f8 45040000 		.4byte	0x445
 766 04fc 1C000000 		.4byte	.LBB13
 767 0500 32000000 		.4byte	.LBE13-.LBB13
 768 0504 01       		.byte	0x1
 769 0505 38       		.byte	0x38
 770 0506 53050000 		.4byte	0x553
 771 050a 1E       		.uleb128 0x1e
 772 050b 62040000 		.4byte	0x462
 773 050f 1E       		.uleb128 0x1e
 774 0510 56040000 		.4byte	0x456
 775 0514 1F       		.uleb128 0x1f
 776 0515 1C000000 		.4byte	.LBB14
 777 0519 32000000 		.4byte	.LBE14-.LBB14
 778 051d 20       		.uleb128 0x20
 779 051e 6E040000 		.4byte	0x46e
 780 0522 00       		.byte	0
 781 0523 21       		.uleb128 0x21
 782 0524 7A040000 		.4byte	0x47a
 783 0528 4D000000 		.4byte	.LLST2
 784 052c 21       		.uleb128 0x21
 785 052d 86040000 		.4byte	0x486
 786 0531 83000000 		.4byte	.LLST3
 787 0535 1F       		.uleb128 0x1f
 788 0536 34000000 		.4byte	.LBB15
 789 053a 0A000000 		.4byte	.LBE15-.LBB15
 790 053e 21       		.uleb128 0x21
 791 053f 93040000 		.4byte	0x493
 792 0543 96000000 		.4byte	.LLST4
 793 0547 22       		.uleb128 0x22
 794 0548 3E000000 		.4byte	.LVL10
 795 054c ED050000 		.4byte	0x5ed
 796 0550 00       		.byte	0
 797 0551 00       		.byte	0
 798 0552 00       		.byte	0
 799 0553 1D       		.uleb128 0x1d
 800 0554 1B040000 		.4byte	0x41b
 801 0558 4E000000 		.4byte	.LBB16
 802 055c 10000000 		.4byte	.LBE16-.LBB16
 803 0560 01       		.byte	0x1
 804 0561 3A       		.byte	0x3a
 805 0562 7F050000 		.4byte	0x57f
 806 0566 1E       		.uleb128 0x1e
 807 0567 2C040000 		.4byte	0x42c
 808 056b 1F       		.uleb128 0x1f
 809 056c 4E000000 		.4byte	.LBB17
 810 0570 10000000 		.4byte	.LBE17-.LBB17
 811 0574 21       		.uleb128 0x21
 812 0575 38040000 		.4byte	0x438
 813 0579 AF000000 		.4byte	.LLST5
 814 057d 00       		.byte	0
 815 057e 00       		.byte	0
ARM GAS  C:\Users\91819\AppData\Local\Temp\ccrCeCoF.s 			page 23


 816 057f 23       		.uleb128 0x23
 817 0580 64000000 		.4byte	.LVL16
 818 0584 F9050000 		.4byte	0x5f9
 819 0588 24       		.uleb128 0x24
 820 0589 01       		.uleb128 0x1
 821 058a 50       		.byte	0x50
 822 058b 01       		.uleb128 0x1
 823 058c 32       		.byte	0x32
 824 058d 00       		.byte	0
 825 058e 00       		.byte	0
 826 058f 25       		.uleb128 0x25
 827 0590 AA060000 		.4byte	.LASF93
 828 0594 0D       		.byte	0xd
 829 0595 40       		.byte	0x40
 830 0596 EA000000 		.4byte	0xea
 831 059a 25       		.uleb128 0x25
 832 059b E7020000 		.4byte	.LASF94
 833 059f 0D       		.byte	0xd
 834 05a0 47       		.byte	0x47
 835 05a1 F5000000 		.4byte	0xf5
 836 05a5 25       		.uleb128 0x25
 837 05a6 44050000 		.4byte	.LASF95
 838 05aa 0D       		.byte	0xd
 839 05ab 4A       		.byte	0x4a
 840 05ac EA000000 		.4byte	0xea
 841 05b0 25       		.uleb128 0x25
 842 05b1 82020000 		.4byte	.LASF96
 843 05b5 0E       		.byte	0xe
 844 05b6 48       		.byte	0x48
 845 05b7 00010000 		.4byte	0x100
 846 05bb 25       		.uleb128 0x25
 847 05bc 6D020000 		.4byte	.LASF97
 848 05c0 0F       		.byte	0xf
 849 05c1 44       		.byte	0x44
 850 05c2 EA000000 		.4byte	0xea
 851 05c6 26       		.uleb128 0x26
 852 05c7 6D060000 		.4byte	.LASF98
 853 05cb 10       		.byte	0x10
 854 05cc 1207     		.2byte	0x712
 855 05ce D2050000 		.4byte	0x5d2
 856 05d2 27       		.uleb128 0x27
 857 05d3 97000000 		.4byte	0x97
 858 05d7 25       		.uleb128 0x25
 859 05d8 B0020000 		.4byte	.LASF99
 860 05dc 11       		.byte	0x11
 861 05dd 37       		.byte	0x37
 862 05de C6030000 		.4byte	0x3c6
 863 05e2 25       		.uleb128 0x25
 864 05e3 AD050000 		.4byte	.LASF100
 865 05e7 11       		.byte	0x11
 866 05e8 46       		.byte	0x46
 867 05e9 C6030000 		.4byte	0x3c6
 868 05ed 28       		.uleb128 0x28
 869 05ee 55060000 		.4byte	.LASF101
 870 05f2 55060000 		.4byte	.LASF101
 871 05f6 12       		.byte	0x12
 872 05f7 4A01     		.2byte	0x14a
ARM GAS  C:\Users\91819\AppData\Local\Temp\ccrCeCoF.s 			page 24


 873 05f9 29       		.uleb128 0x29
 874 05fa 93060000 		.4byte	.LASF102
 875 05fe 93060000 		.4byte	.LASF102
 876 0602 13       		.byte	0x13
 877 0603 30       		.byte	0x30
 878 0604 00       		.byte	0
 879              		.section	.debug_abbrev,"",%progbits
 880              	.Ldebug_abbrev0:
 881 0000 01       		.uleb128 0x1
 882 0001 11       		.uleb128 0x11
 883 0002 01       		.byte	0x1
 884 0003 25       		.uleb128 0x25
 885 0004 0E       		.uleb128 0xe
 886 0005 13       		.uleb128 0x13
 887 0006 0B       		.uleb128 0xb
 888 0007 03       		.uleb128 0x3
 889 0008 0E       		.uleb128 0xe
 890 0009 1B       		.uleb128 0x1b
 891 000a 0E       		.uleb128 0xe
 892 000b 55       		.uleb128 0x55
 893 000c 17       		.uleb128 0x17
 894 000d 11       		.uleb128 0x11
 895 000e 01       		.uleb128 0x1
 896 000f 10       		.uleb128 0x10
 897 0010 17       		.uleb128 0x17
 898 0011 00       		.byte	0
 899 0012 00       		.byte	0
 900 0013 02       		.uleb128 0x2
 901 0014 24       		.uleb128 0x24
 902 0015 00       		.byte	0
 903 0016 0B       		.uleb128 0xb
 904 0017 0B       		.uleb128 0xb
 905 0018 3E       		.uleb128 0x3e
 906 0019 0B       		.uleb128 0xb
 907 001a 03       		.uleb128 0x3
 908 001b 0E       		.uleb128 0xe
 909 001c 00       		.byte	0
 910 001d 00       		.byte	0
 911 001e 03       		.uleb128 0x3
 912 001f 16       		.uleb128 0x16
 913 0020 00       		.byte	0
 914 0021 03       		.uleb128 0x3
 915 0022 0E       		.uleb128 0xe
 916 0023 3A       		.uleb128 0x3a
 917 0024 0B       		.uleb128 0xb
 918 0025 3B       		.uleb128 0x3b
 919 0026 0B       		.uleb128 0xb
 920 0027 49       		.uleb128 0x49
 921 0028 13       		.uleb128 0x13
 922 0029 00       		.byte	0
 923 002a 00       		.byte	0
 924 002b 04       		.uleb128 0x4
 925 002c 24       		.uleb128 0x24
 926 002d 00       		.byte	0
 927 002e 0B       		.uleb128 0xb
 928 002f 0B       		.uleb128 0xb
 929 0030 3E       		.uleb128 0x3e
ARM GAS  C:\Users\91819\AppData\Local\Temp\ccrCeCoF.s 			page 25


 930 0031 0B       		.uleb128 0xb
 931 0032 03       		.uleb128 0x3
 932 0033 08       		.uleb128 0x8
 933 0034 00       		.byte	0
 934 0035 00       		.byte	0
 935 0036 05       		.uleb128 0x5
 936 0037 16       		.uleb128 0x16
 937 0038 00       		.byte	0
 938 0039 03       		.uleb128 0x3
 939 003a 0E       		.uleb128 0xe
 940 003b 3A       		.uleb128 0x3a
 941 003c 0B       		.uleb128 0xb
 942 003d 3B       		.uleb128 0x3b
 943 003e 05       		.uleb128 0x5
 944 003f 49       		.uleb128 0x49
 945 0040 13       		.uleb128 0x13
 946 0041 00       		.byte	0
 947 0042 00       		.byte	0
 948 0043 06       		.uleb128 0x6
 949 0044 04       		.uleb128 0x4
 950 0045 01       		.byte	0x1
 951 0046 0B       		.uleb128 0xb
 952 0047 0B       		.uleb128 0xb
 953 0048 49       		.uleb128 0x49
 954 0049 13       		.uleb128 0x13
 955 004a 3A       		.uleb128 0x3a
 956 004b 0B       		.uleb128 0xb
 957 004c 3B       		.uleb128 0x3b
 958 004d 0B       		.uleb128 0xb
 959 004e 01       		.uleb128 0x1
 960 004f 13       		.uleb128 0x13
 961 0050 00       		.byte	0
 962 0051 00       		.byte	0
 963 0052 07       		.uleb128 0x7
 964 0053 28       		.uleb128 0x28
 965 0054 00       		.byte	0
 966 0055 03       		.uleb128 0x3
 967 0056 0E       		.uleb128 0xe
 968 0057 1C       		.uleb128 0x1c
 969 0058 0B       		.uleb128 0xb
 970 0059 00       		.byte	0
 971 005a 00       		.byte	0
 972 005b 08       		.uleb128 0x8
 973 005c 28       		.uleb128 0x28
 974 005d 00       		.byte	0
 975 005e 03       		.uleb128 0x3
 976 005f 0E       		.uleb128 0xe
 977 0060 1C       		.uleb128 0x1c
 978 0061 0D       		.uleb128 0xd
 979 0062 00       		.byte	0
 980 0063 00       		.byte	0
 981 0064 09       		.uleb128 0x9
 982 0065 01       		.uleb128 0x1
 983 0066 01       		.byte	0x1
 984 0067 49       		.uleb128 0x49
 985 0068 13       		.uleb128 0x13
 986 0069 01       		.uleb128 0x1
ARM GAS  C:\Users\91819\AppData\Local\Temp\ccrCeCoF.s 			page 26


 987 006a 13       		.uleb128 0x13
 988 006b 00       		.byte	0
 989 006c 00       		.byte	0
 990 006d 0A       		.uleb128 0xa
 991 006e 21       		.uleb128 0x21
 992 006f 00       		.byte	0
 993 0070 00       		.byte	0
 994 0071 00       		.byte	0
 995 0072 0B       		.uleb128 0xb
 996 0073 26       		.uleb128 0x26
 997 0074 00       		.byte	0
 998 0075 49       		.uleb128 0x49
 999 0076 13       		.uleb128 0x13
 1000 0077 00       		.byte	0
 1001 0078 00       		.byte	0
 1002 0079 0C       		.uleb128 0xc
 1003 007a 0F       		.uleb128 0xf
 1004 007b 00       		.byte	0
 1005 007c 0B       		.uleb128 0xb
 1006 007d 0B       		.uleb128 0xb
 1007 007e 49       		.uleb128 0x49
 1008 007f 13       		.uleb128 0x13
 1009 0080 00       		.byte	0
 1010 0081 00       		.byte	0
 1011 0082 0D       		.uleb128 0xd
 1012 0083 13       		.uleb128 0x13
 1013 0084 01       		.byte	0x1
 1014 0085 0B       		.uleb128 0xb
 1015 0086 0B       		.uleb128 0xb
 1016 0087 3A       		.uleb128 0x3a
 1017 0088 0B       		.uleb128 0xb
 1018 0089 3B       		.uleb128 0x3b
 1019 008a 0B       		.uleb128 0xb
 1020 008b 01       		.uleb128 0x1
 1021 008c 13       		.uleb128 0x13
 1022 008d 00       		.byte	0
 1023 008e 00       		.byte	0
 1024 008f 0E       		.uleb128 0xe
 1025 0090 0D       		.uleb128 0xd
 1026 0091 00       		.byte	0
 1027 0092 03       		.uleb128 0x3
 1028 0093 0E       		.uleb128 0xe
 1029 0094 3A       		.uleb128 0x3a
 1030 0095 0B       		.uleb128 0xb
 1031 0096 3B       		.uleb128 0x3b
 1032 0097 0B       		.uleb128 0xb
 1033 0098 49       		.uleb128 0x49
 1034 0099 13       		.uleb128 0x13
 1035 009a 38       		.uleb128 0x38
 1036 009b 0B       		.uleb128 0xb
 1037 009c 00       		.byte	0
 1038 009d 00       		.byte	0
 1039 009e 0F       		.uleb128 0xf
 1040 009f 15       		.uleb128 0x15
 1041 00a0 01       		.byte	0x1
 1042 00a1 27       		.uleb128 0x27
 1043 00a2 19       		.uleb128 0x19
ARM GAS  C:\Users\91819\AppData\Local\Temp\ccrCeCoF.s 			page 27


 1044 00a3 49       		.uleb128 0x49
 1045 00a4 13       		.uleb128 0x13
 1046 00a5 01       		.uleb128 0x1
 1047 00a6 13       		.uleb128 0x13
 1048 00a7 00       		.byte	0
 1049 00a8 00       		.byte	0
 1050 00a9 10       		.uleb128 0x10
 1051 00aa 05       		.uleb128 0x5
 1052 00ab 00       		.byte	0
 1053 00ac 49       		.uleb128 0x49
 1054 00ad 13       		.uleb128 0x13
 1055 00ae 00       		.byte	0
 1056 00af 00       		.byte	0
 1057 00b0 11       		.uleb128 0x11
 1058 00b1 13       		.uleb128 0x13
 1059 00b2 01       		.byte	0x1
 1060 00b3 03       		.uleb128 0x3
 1061 00b4 0E       		.uleb128 0xe
 1062 00b5 0B       		.uleb128 0xb
 1063 00b6 0B       		.uleb128 0xb
 1064 00b7 3A       		.uleb128 0x3a
 1065 00b8 0B       		.uleb128 0xb
 1066 00b9 3B       		.uleb128 0x3b
 1067 00ba 0B       		.uleb128 0xb
 1068 00bb 01       		.uleb128 0x1
 1069 00bc 13       		.uleb128 0x13
 1070 00bd 00       		.byte	0
 1071 00be 00       		.byte	0
 1072 00bf 12       		.uleb128 0x12
 1073 00c0 0D       		.uleb128 0xd
 1074 00c1 00       		.byte	0
 1075 00c2 03       		.uleb128 0x3
 1076 00c3 08       		.uleb128 0x8
 1077 00c4 3A       		.uleb128 0x3a
 1078 00c5 0B       		.uleb128 0xb
 1079 00c6 3B       		.uleb128 0x3b
 1080 00c7 0B       		.uleb128 0xb
 1081 00c8 49       		.uleb128 0x49
 1082 00c9 13       		.uleb128 0x13
 1083 00ca 38       		.uleb128 0x38
 1084 00cb 0B       		.uleb128 0xb
 1085 00cc 00       		.byte	0
 1086 00cd 00       		.byte	0
 1087 00ce 13       		.uleb128 0x13
 1088 00cf 2E       		.uleb128 0x2e
 1089 00d0 01       		.byte	0x1
 1090 00d1 3F       		.uleb128 0x3f
 1091 00d2 19       		.uleb128 0x19
 1092 00d3 03       		.uleb128 0x3
 1093 00d4 0E       		.uleb128 0xe
 1094 00d5 3A       		.uleb128 0x3a
 1095 00d6 0B       		.uleb128 0xb
 1096 00d7 3B       		.uleb128 0x3b
 1097 00d8 0B       		.uleb128 0xb
 1098 00d9 27       		.uleb128 0x27
 1099 00da 19       		.uleb128 0x19
 1100 00db 49       		.uleb128 0x49
ARM GAS  C:\Users\91819\AppData\Local\Temp\ccrCeCoF.s 			page 28


 1101 00dc 13       		.uleb128 0x13
 1102 00dd 20       		.uleb128 0x20
 1103 00de 0B       		.uleb128 0xb
 1104 00df 01       		.uleb128 0x1
 1105 00e0 13       		.uleb128 0x13
 1106 00e1 00       		.byte	0
 1107 00e2 00       		.byte	0
 1108 00e3 14       		.uleb128 0x14
 1109 00e4 05       		.uleb128 0x5
 1110 00e5 00       		.byte	0
 1111 00e6 03       		.uleb128 0x3
 1112 00e7 0E       		.uleb128 0xe
 1113 00e8 3A       		.uleb128 0x3a
 1114 00e9 0B       		.uleb128 0xb
 1115 00ea 3B       		.uleb128 0x3b
 1116 00eb 0B       		.uleb128 0xb
 1117 00ec 49       		.uleb128 0x49
 1118 00ed 13       		.uleb128 0x13
 1119 00ee 00       		.byte	0
 1120 00ef 00       		.byte	0
 1121 00f0 15       		.uleb128 0x15
 1122 00f1 2E       		.uleb128 0x2e
 1123 00f2 01       		.byte	0x1
 1124 00f3 3F       		.uleb128 0x3f
 1125 00f4 19       		.uleb128 0x19
 1126 00f5 03       		.uleb128 0x3
 1127 00f6 0E       		.uleb128 0xe
 1128 00f7 3A       		.uleb128 0x3a
 1129 00f8 0B       		.uleb128 0xb
 1130 00f9 3B       		.uleb128 0x3b
 1131 00fa 05       		.uleb128 0x5
 1132 00fb 27       		.uleb128 0x27
 1133 00fc 19       		.uleb128 0x19
 1134 00fd 49       		.uleb128 0x49
 1135 00fe 13       		.uleb128 0x13
 1136 00ff 20       		.uleb128 0x20
 1137 0100 0B       		.uleb128 0xb
 1138 0101 01       		.uleb128 0x1
 1139 0102 13       		.uleb128 0x13
 1140 0103 00       		.byte	0
 1141 0104 00       		.byte	0
 1142 0105 16       		.uleb128 0x16
 1143 0106 05       		.uleb128 0x5
 1144 0107 00       		.byte	0
 1145 0108 03       		.uleb128 0x3
 1146 0109 0E       		.uleb128 0xe
 1147 010a 3A       		.uleb128 0x3a
 1148 010b 0B       		.uleb128 0xb
 1149 010c 3B       		.uleb128 0x3b
 1150 010d 05       		.uleb128 0x5
 1151 010e 49       		.uleb128 0x49
 1152 010f 13       		.uleb128 0x13
 1153 0110 00       		.byte	0
 1154 0111 00       		.byte	0
 1155 0112 17       		.uleb128 0x17
 1156 0113 34       		.uleb128 0x34
 1157 0114 00       		.byte	0
ARM GAS  C:\Users\91819\AppData\Local\Temp\ccrCeCoF.s 			page 29


 1158 0115 03       		.uleb128 0x3
 1159 0116 08       		.uleb128 0x8
 1160 0117 3A       		.uleb128 0x3a
 1161 0118 0B       		.uleb128 0xb
 1162 0119 3B       		.uleb128 0x3b
 1163 011a 05       		.uleb128 0x5
 1164 011b 49       		.uleb128 0x49
 1165 011c 13       		.uleb128 0x13
 1166 011d 00       		.byte	0
 1167 011e 00       		.byte	0
 1168 011f 18       		.uleb128 0x18
 1169 0120 34       		.uleb128 0x34
 1170 0121 00       		.byte	0
 1171 0122 03       		.uleb128 0x3
 1172 0123 0E       		.uleb128 0xe
 1173 0124 3A       		.uleb128 0x3a
 1174 0125 0B       		.uleb128 0xb
 1175 0126 3B       		.uleb128 0x3b
 1176 0127 05       		.uleb128 0x5
 1177 0128 49       		.uleb128 0x49
 1178 0129 13       		.uleb128 0x13
 1179 012a 00       		.byte	0
 1180 012b 00       		.byte	0
 1181 012c 19       		.uleb128 0x19
 1182 012d 0B       		.uleb128 0xb
 1183 012e 01       		.byte	0x1
 1184 012f 00       		.byte	0
 1185 0130 00       		.byte	0
 1186 0131 1A       		.uleb128 0x1a
 1187 0132 2E       		.uleb128 0x2e
 1188 0133 01       		.byte	0x1
 1189 0134 3F       		.uleb128 0x3f
 1190 0135 19       		.uleb128 0x19
 1191 0136 03       		.uleb128 0x3
 1192 0137 0E       		.uleb128 0xe
 1193 0138 3A       		.uleb128 0x3a
 1194 0139 0B       		.uleb128 0xb
 1195 013a 3B       		.uleb128 0x3b
 1196 013b 0B       		.uleb128 0xb
 1197 013c 27       		.uleb128 0x27
 1198 013d 19       		.uleb128 0x19
 1199 013e 11       		.uleb128 0x11
 1200 013f 01       		.uleb128 0x1
 1201 0140 12       		.uleb128 0x12
 1202 0141 06       		.uleb128 0x6
 1203 0142 40       		.uleb128 0x40
 1204 0143 18       		.uleb128 0x18
 1205 0144 9642     		.uleb128 0x2116
 1206 0146 19       		.uleb128 0x19
 1207 0147 01       		.uleb128 0x1
 1208 0148 13       		.uleb128 0x13
 1209 0149 00       		.byte	0
 1210 014a 00       		.byte	0
 1211 014b 1B       		.uleb128 0x1b
 1212 014c 05       		.uleb128 0x5
 1213 014d 00       		.byte	0
 1214 014e 03       		.uleb128 0x3
ARM GAS  C:\Users\91819\AppData\Local\Temp\ccrCeCoF.s 			page 30


 1215 014f 08       		.uleb128 0x8
 1216 0150 3A       		.uleb128 0x3a
 1217 0151 0B       		.uleb128 0xb
 1218 0152 3B       		.uleb128 0x3b
 1219 0153 0B       		.uleb128 0xb
 1220 0154 49       		.uleb128 0x49
 1221 0155 13       		.uleb128 0x13
 1222 0156 02       		.uleb128 0x2
 1223 0157 17       		.uleb128 0x17
 1224 0158 00       		.byte	0
 1225 0159 00       		.byte	0
 1226 015a 1C       		.uleb128 0x1c
 1227 015b 34       		.uleb128 0x34
 1228 015c 00       		.byte	0
 1229 015d 03       		.uleb128 0x3
 1230 015e 0E       		.uleb128 0xe
 1231 015f 3A       		.uleb128 0x3a
 1232 0160 0B       		.uleb128 0xb
 1233 0161 3B       		.uleb128 0x3b
 1234 0162 0B       		.uleb128 0xb
 1235 0163 49       		.uleb128 0x49
 1236 0164 13       		.uleb128 0x13
 1237 0165 02       		.uleb128 0x2
 1238 0166 17       		.uleb128 0x17
 1239 0167 00       		.byte	0
 1240 0168 00       		.byte	0
 1241 0169 1D       		.uleb128 0x1d
 1242 016a 1D       		.uleb128 0x1d
 1243 016b 01       		.byte	0x1
 1244 016c 31       		.uleb128 0x31
 1245 016d 13       		.uleb128 0x13
 1246 016e 11       		.uleb128 0x11
 1247 016f 01       		.uleb128 0x1
 1248 0170 12       		.uleb128 0x12
 1249 0171 06       		.uleb128 0x6
 1250 0172 58       		.uleb128 0x58
 1251 0173 0B       		.uleb128 0xb
 1252 0174 59       		.uleb128 0x59
 1253 0175 0B       		.uleb128 0xb
 1254 0176 01       		.uleb128 0x1
 1255 0177 13       		.uleb128 0x13
 1256 0178 00       		.byte	0
 1257 0179 00       		.byte	0
 1258 017a 1E       		.uleb128 0x1e
 1259 017b 05       		.uleb128 0x5
 1260 017c 00       		.byte	0
 1261 017d 31       		.uleb128 0x31
 1262 017e 13       		.uleb128 0x13
 1263 017f 00       		.byte	0
 1264 0180 00       		.byte	0
 1265 0181 1F       		.uleb128 0x1f
 1266 0182 0B       		.uleb128 0xb
 1267 0183 01       		.byte	0x1
 1268 0184 11       		.uleb128 0x11
 1269 0185 01       		.uleb128 0x1
 1270 0186 12       		.uleb128 0x12
 1271 0187 06       		.uleb128 0x6
ARM GAS  C:\Users\91819\AppData\Local\Temp\ccrCeCoF.s 			page 31


 1272 0188 00       		.byte	0
 1273 0189 00       		.byte	0
 1274 018a 20       		.uleb128 0x20
 1275 018b 34       		.uleb128 0x34
 1276 018c 00       		.byte	0
 1277 018d 31       		.uleb128 0x31
 1278 018e 13       		.uleb128 0x13
 1279 018f 1C       		.uleb128 0x1c
 1280 0190 0B       		.uleb128 0xb
 1281 0191 00       		.byte	0
 1282 0192 00       		.byte	0
 1283 0193 21       		.uleb128 0x21
 1284 0194 34       		.uleb128 0x34
 1285 0195 00       		.byte	0
 1286 0196 31       		.uleb128 0x31
 1287 0197 13       		.uleb128 0x13
 1288 0198 02       		.uleb128 0x2
 1289 0199 17       		.uleb128 0x17
 1290 019a 00       		.byte	0
 1291 019b 00       		.byte	0
 1292 019c 22       		.uleb128 0x22
 1293 019d 898201   		.uleb128 0x4109
 1294 01a0 00       		.byte	0
 1295 01a1 11       		.uleb128 0x11
 1296 01a2 01       		.uleb128 0x1
 1297 01a3 31       		.uleb128 0x31
 1298 01a4 13       		.uleb128 0x13
 1299 01a5 00       		.byte	0
 1300 01a6 00       		.byte	0
 1301 01a7 23       		.uleb128 0x23
 1302 01a8 898201   		.uleb128 0x4109
 1303 01ab 01       		.byte	0x1
 1304 01ac 11       		.uleb128 0x11
 1305 01ad 01       		.uleb128 0x1
 1306 01ae 31       		.uleb128 0x31
 1307 01af 13       		.uleb128 0x13
 1308 01b0 00       		.byte	0
 1309 01b1 00       		.byte	0
 1310 01b2 24       		.uleb128 0x24
 1311 01b3 8A8201   		.uleb128 0x410a
 1312 01b6 00       		.byte	0
 1313 01b7 02       		.uleb128 0x2
 1314 01b8 18       		.uleb128 0x18
 1315 01b9 9142     		.uleb128 0x2111
 1316 01bb 18       		.uleb128 0x18
 1317 01bc 00       		.byte	0
 1318 01bd 00       		.byte	0
 1319 01be 25       		.uleb128 0x25
 1320 01bf 34       		.uleb128 0x34
 1321 01c0 00       		.byte	0
 1322 01c1 03       		.uleb128 0x3
 1323 01c2 0E       		.uleb128 0xe
 1324 01c3 3A       		.uleb128 0x3a
 1325 01c4 0B       		.uleb128 0xb
 1326 01c5 3B       		.uleb128 0x3b
 1327 01c6 0B       		.uleb128 0xb
 1328 01c7 49       		.uleb128 0x49
ARM GAS  C:\Users\91819\AppData\Local\Temp\ccrCeCoF.s 			page 32


 1329 01c8 13       		.uleb128 0x13
 1330 01c9 3F       		.uleb128 0x3f
 1331 01ca 19       		.uleb128 0x19
 1332 01cb 3C       		.uleb128 0x3c
 1333 01cc 19       		.uleb128 0x19
 1334 01cd 00       		.byte	0
 1335 01ce 00       		.byte	0
 1336 01cf 26       		.uleb128 0x26
 1337 01d0 34       		.uleb128 0x34
 1338 01d1 00       		.byte	0
 1339 01d2 03       		.uleb128 0x3
 1340 01d3 0E       		.uleb128 0xe
 1341 01d4 3A       		.uleb128 0x3a
 1342 01d5 0B       		.uleb128 0xb
 1343 01d6 3B       		.uleb128 0x3b
 1344 01d7 05       		.uleb128 0x5
 1345 01d8 49       		.uleb128 0x49
 1346 01d9 13       		.uleb128 0x13
 1347 01da 3F       		.uleb128 0x3f
 1348 01db 19       		.uleb128 0x19
 1349 01dc 3C       		.uleb128 0x3c
 1350 01dd 19       		.uleb128 0x19
 1351 01de 00       		.byte	0
 1352 01df 00       		.byte	0
 1353 01e0 27       		.uleb128 0x27
 1354 01e1 35       		.uleb128 0x35
 1355 01e2 00       		.byte	0
 1356 01e3 49       		.uleb128 0x49
 1357 01e4 13       		.uleb128 0x13
 1358 01e5 00       		.byte	0
 1359 01e6 00       		.byte	0
 1360 01e7 28       		.uleb128 0x28
 1361 01e8 2E       		.uleb128 0x2e
 1362 01e9 00       		.byte	0
 1363 01ea 3F       		.uleb128 0x3f
 1364 01eb 19       		.uleb128 0x19
 1365 01ec 3C       		.uleb128 0x3c
 1366 01ed 19       		.uleb128 0x19
 1367 01ee 6E       		.uleb128 0x6e
 1368 01ef 0E       		.uleb128 0xe
 1369 01f0 03       		.uleb128 0x3
 1370 01f1 0E       		.uleb128 0xe
 1371 01f2 3A       		.uleb128 0x3a
 1372 01f3 0B       		.uleb128 0xb
 1373 01f4 3B       		.uleb128 0x3b
 1374 01f5 05       		.uleb128 0x5
 1375 01f6 00       		.byte	0
 1376 01f7 00       		.byte	0
 1377 01f8 29       		.uleb128 0x29
 1378 01f9 2E       		.uleb128 0x2e
 1379 01fa 00       		.byte	0
 1380 01fb 3F       		.uleb128 0x3f
 1381 01fc 19       		.uleb128 0x19
 1382 01fd 3C       		.uleb128 0x3c
 1383 01fe 19       		.uleb128 0x19
 1384 01ff 6E       		.uleb128 0x6e
 1385 0200 0E       		.uleb128 0xe
ARM GAS  C:\Users\91819\AppData\Local\Temp\ccrCeCoF.s 			page 33


 1386 0201 03       		.uleb128 0x3
 1387 0202 0E       		.uleb128 0xe
 1388 0203 3A       		.uleb128 0x3a
 1389 0204 0B       		.uleb128 0xb
 1390 0205 3B       		.uleb128 0x3b
 1391 0206 0B       		.uleb128 0xb
 1392 0207 00       		.byte	0
 1393 0208 00       		.byte	0
 1394 0209 00       		.byte	0
 1395              		.section	.debug_loc,"",%progbits
 1396              	.Ldebug_loc0:
 1397              	.LLST0:
 1398 0000 00000000 		.4byte	.LVL0
 1399 0004 34000000 		.4byte	.LVL9
 1400 0008 0100     		.2byte	0x1
 1401 000a 50       		.byte	0x50
 1402 000b 34000000 		.4byte	.LVL9
 1403 000f 42000000 		.4byte	.LVL12
 1404 0013 0400     		.2byte	0x4
 1405 0015 F3       		.byte	0xf3
 1406 0016 01       		.uleb128 0x1
 1407 0017 50       		.byte	0x50
 1408 0018 9F       		.byte	0x9f
 1409 0019 42000000 		.4byte	.LVL12
 1410 001d 44000000 		.4byte	.LVL13
 1411 0021 0100     		.2byte	0x1
 1412 0023 50       		.byte	0x50
 1413 0024 44000000 		.4byte	.LVL13
 1414 0028 70000000 		.4byte	.LFE140
 1415 002c 0400     		.2byte	0x4
 1416 002e F3       		.byte	0xf3
 1417 002f 01       		.uleb128 0x1
 1418 0030 50       		.byte	0x50
 1419 0031 9F       		.byte	0x9f
 1420 0032 00000000 		.4byte	0
 1421 0036 00000000 		.4byte	0
 1422              	.LLST1:
 1423 003a 20000000 		.4byte	.LVL6
 1424 003e 24000000 		.4byte	.LVL7
 1425 0042 0100     		.2byte	0x1
 1426 0044 51       		.byte	0x51
 1427 0045 00000000 		.4byte	0
 1428 0049 00000000 		.4byte	0
 1429              	.LLST2:
 1430 004d 1C000000 		.4byte	.LVL5
 1431 0051 34000000 		.4byte	.LVL9
 1432 0055 0200     		.2byte	0x2
 1433 0057 30       		.byte	0x30
 1434 0058 9F       		.byte	0x9f
 1435 0059 34000000 		.4byte	.LVL9
 1436 005d 42000000 		.4byte	.LVL12
 1437 0061 0100     		.2byte	0x1
 1438 0063 54       		.byte	0x54
 1439 0064 42000000 		.4byte	.LVL12
 1440 0068 44000000 		.4byte	.LVL13
 1441 006c 0200     		.2byte	0x2
 1442 006e 30       		.byte	0x30
ARM GAS  C:\Users\91819\AppData\Local\Temp\ccrCeCoF.s 			page 34


 1443 006f 9F       		.byte	0x9f
 1444 0070 44000000 		.4byte	.LVL13
 1445 0074 4E000000 		.4byte	.LVL14
 1446 0078 0100     		.2byte	0x1
 1447 007a 54       		.byte	0x54
 1448 007b 00000000 		.4byte	0
 1449 007f 00000000 		.4byte	0
 1450              	.LLST3:
 1451 0083 2C000000 		.4byte	.LVL8
 1452 0087 4E000000 		.4byte	.LVL14
 1453 008b 0100     		.2byte	0x1
 1454 008d 55       		.byte	0x55
 1455 008e 00000000 		.4byte	0
 1456 0092 00000000 		.4byte	0
 1457              	.LLST4:
 1458 0096 34000000 		.4byte	.LVL9
 1459 009a 3D000000 		.4byte	.LVL10-1
 1460 009e 0700     		.2byte	0x7
 1461 00a0 74       		.byte	0x74
 1462 00a1 00       		.sleb128 0
 1463 00a2 32       		.byte	0x32
 1464 00a3 24       		.byte	0x24
 1465 00a4 75       		.byte	0x75
 1466 00a5 00       		.sleb128 0
 1467 00a6 22       		.byte	0x22
 1468 00a7 00000000 		.4byte	0
 1469 00ab 00000000 		.4byte	0
 1470              	.LLST5:
 1471 00af 4E000000 		.4byte	.LVL14
 1472 00b3 5E000000 		.4byte	.LVL15
 1473 00b7 0300     		.2byte	0x3
 1474 00b9 09       		.byte	0x9
 1475 00ba FF       		.byte	0xff
 1476 00bb 9F       		.byte	0x9f
 1477 00bc 00000000 		.4byte	0
 1478 00c0 00000000 		.4byte	0
 1479              		.section	.debug_aranges,"",%progbits
 1480 0000 1C000000 		.4byte	0x1c
 1481 0004 0200     		.2byte	0x2
 1482 0006 00000000 		.4byte	.Ldebug_info0
 1483 000a 04       		.byte	0x4
 1484 000b 00       		.byte	0
 1485 000c 0000     		.2byte	0
 1486 000e 0000     		.2byte	0
 1487 0010 00000000 		.4byte	.LFB140
 1488 0014 70000000 		.4byte	.LFE140-.LFB140
 1489 0018 00000000 		.4byte	0
 1490 001c 00000000 		.4byte	0
 1491              		.section	.debug_ranges,"",%progbits
 1492              	.Ldebug_ranges0:
 1493 0000 00000000 		.4byte	.LFB140
 1494 0004 70000000 		.4byte	.LFE140
 1495 0008 00000000 		.4byte	0
 1496 000c 00000000 		.4byte	0
 1497              		.section	.debug_line,"",%progbits
 1498              	.Ldebug_line0:
 1499 0000 73030000 		.section	.debug_str,"MS",%progbits,1
ARM GAS  C:\Users\91819\AppData\Local\Temp\ccrCeCoF.s 			page 35


 1499      02003803 
 1499      00000201 
 1499      FB0E0D00 
 1499      01010101 
 1500              	.LASF103:
 1501 0000 474E5520 		.ascii	"GNU C11 5.4.1 20160609 (release) [ARM/embedded-5-br"
 1501      43313120 
 1501      352E342E 
 1501      31203230 
 1501      31363036 
 1502 0033 616E6368 		.ascii	"anch revision 237715] -mcpu=cortex-m3 -mthumb -g -O"
 1502      20726576 
 1502      6973696F 
 1502      6E203233 
 1502      37373135 
 1503 0066 67202D66 		.ascii	"g -ffunction-sections -ffat-lto-objects\000"
 1503      66756E63 
 1503      74696F6E 
 1503      2D736563 
 1503      74696F6E 
 1504              	.LASF26:
 1505 008e 4576656E 		.ascii	"EventMaskType\000"
 1505      744D6173 
 1505      6B547970 
 1505      6500
 1506              	.LASF74:
 1507 009c 6F6E4572 		.ascii	"onErrorTaskCount\000"
 1507      726F7254 
 1507      61736B43 
 1507      6F756E74 
 1507      00
 1508              	.LASF43:
 1509 00ad 52435F45 		.ascii	"RC_ERROR_READ_ONLY\000"
 1509      52524F52 
 1509      5F524541 
 1509      445F4F4E 
 1509      4C5900
 1510              	.LASF29:
 1511 00c0 52435F53 		.ascii	"RC_SUCCESS\000"
 1511      55434345 
 1511      535300
 1512              	.LASF66:
 1513 00cb 53435F53 		.ascii	"SC_SPEED_driverOut_t\000"
 1513      50454544 
 1513      5F647269 
 1513      7665724F 
 1513      75745F74 
 1514              	.LASF71:
 1515 00e0 65764F6E 		.ascii	"evOnError\000"
 1515      4572726F 
 1515      7200
 1516              	.LASF17:
 1517 00ea 63686172 		.ascii	"char\000"
 1517      00
 1518              	.LASF44:
 1519 00ef 52435F45 		.ascii	"RC_ERROR_WRITE_ONLY\000"
 1519      52524F52 
ARM GAS  C:\Users\91819\AppData\Local\Temp\ccrCeCoF.s 			page 36


 1519      5F575249 
 1519      54455F4F 
 1519      4E4C5900 
 1520              	.LASF2:
 1521 0103 73686F72 		.ascii	"short int\000"
 1521      7420696E 
 1521      7400
 1522              	.LASF18:
 1523 010d 73697A65 		.ascii	"size_t\000"
 1523      5F7400
 1524              	.LASF47:
 1525 0114 52435F45 		.ascii	"RC_ERROR_WRITE_FAILS\000"
 1525      52524F52 
 1525      5F575249 
 1525      54455F46 
 1525      41494C53 
 1526              	.LASF27:
 1527 0129 73697A65 		.ascii	"sizetype\000"
 1527      74797065 
 1527      00
 1528              	.LASF55:
 1529 0132 52435F74 		.ascii	"RC_t\000"
 1529      00
 1530              	.LASF67:
 1531 0137 6D795370 		.ascii	"mySpeed\000"
 1531      65656400 
 1532              	.LASF92:
 1533 013f 7461736B 		.ascii	"task\000"
 1533      00
 1534              	.LASF86:
 1535 0144 5254455F 		.ascii	"RTE_SC_SPEED_get\000"
 1535      53435F53 
 1535      50454544 
 1535      5F676574 
 1535      00
 1536              	.LASF32:
 1537 0155 52435F45 		.ascii	"RC_ERROR_ZERO\000"
 1537      52524F52 
 1537      5F5A4552 
 1537      4F00
 1538              	.LASF23:
 1539 0163 45455F46 		.ascii	"EE_FREG\000"
 1539      52454700 
 1540              	.LASF46:
 1541 016b 52435F45 		.ascii	"RC_ERROR_READ_FAILS\000"
 1541      52524F52 
 1541      5F524541 
 1541      445F4641 
 1541      494C5300 
 1542              	.LASF7:
 1543 017f 5F5F7569 		.ascii	"__uint32_t\000"
 1543      6E743332 
 1543      5F7400
 1544              	.LASF21:
 1545 018a 45455F55 		.ascii	"EE_UINT32\000"
 1545      494E5433 
 1545      3200
ARM GAS  C:\Users\91819\AppData\Local\Temp\ccrCeCoF.s 			page 37


 1546              	.LASF105:
 1547 0194 433A5C55 		.ascii	"C:\\Users\\91819\\Documents\\HDA_Sem2\\EAA\\Assignm"
 1547      73657273 
 1547      5C393138 
 1547      31395C44 
 1547      6F63756D 
 1548 01c1 656E7473 		.ascii	"ents\\Assignment1_RTE\\autosar_01.cydsn (2)\\autosa"
 1548      5C417373 
 1548      69676E6D 
 1548      656E7431 
 1548      5F525445 
 1549 01f1 725F3031 		.ascii	"r_01.cydsn\000"
 1549      2E637964 
 1549      736E00
 1550              	.LASF24:
 1551 01fc 45455F54 		.ascii	"EE_TID\000"
 1551      494400
 1552              	.LASF81:
 1553 0203 76616C75 		.ascii	"value\000"
 1553      6500
 1554              	.LASF88:
 1555 0209 5254455F 		.ascii	"RTE_SC_SPEED_pushPort\000"
 1555      53435F53 
 1555      50454544 
 1555      5F707573 
 1555      68506F72 
 1556              	.LASF64:
 1557 021f 53435F53 		.ascii	"SC_SPEED_data_t\000"
 1557      50454544 
 1557      5F646174 
 1557      615F7400 
 1558              	.LASF52:
 1559 022f 52435F45 		.ascii	"RC_ERROR_INVALID_STATE\000"
 1559      52524F52 
 1559      5F494E56 
 1559      414C4944 
 1559      5F535441 
 1560              	.LASF79:
 1561 0246 53435F53 		.ascii	"SC_SPEED_cfg_s\000"
 1561      50454544 
 1561      5F636667 
 1561      5F7300
 1562              	.LASF78:
 1563 0255 53435F53 		.ascii	"SC_SPEED_cfg_t\000"
 1563      50454544 
 1563      5F636667 
 1563      5F7400
 1564              	.LASF77:
 1565 0264 7265736F 		.ascii	"resource\000"
 1565      75726365 
 1565      00
 1566              	.LASF97:
 1567 026d 45455F49 		.ascii	"EE_IRQ_nesting_level\000"
 1567      52515F6E 
 1567      65737469 
 1567      6E675F6C 
 1567      6576656C 
ARM GAS  C:\Users\91819\AppData\Local\Temp\ccrCeCoF.s 			page 38


 1568              	.LASF96:
 1569 0282 45455F73 		.ascii	"EE_std_endcycle_next_tid\000"
 1569      74645F65 
 1569      6E646379 
 1569      636C655F 
 1569      6E657874 
 1570              	.LASF34:
 1571 029b 52435F45 		.ascii	"RC_ERROR_RANGE\000"
 1571      52524F52 
 1571      5F52414E 
 1571      474500
 1572              	.LASF15:
 1573 02aa 666C6F61 		.ascii	"float\000"
 1573      7400
 1574              	.LASF99:
 1575 02b0 534F5F53 		.ascii	"SO_SPEED_signal\000"
 1575      50454544 
 1575      5F736967 
 1575      6E616C00 
 1576              	.LASF54:
 1577 02c0 52435F45 		.ascii	"RC_ERROR_NOT_IMPLEMENTED\000"
 1577      52524F52 
 1577      5F4E4F54 
 1577      5F494D50 
 1577      4C454D45 
 1578              	.LASF9:
 1579 02d9 6C6F6E67 		.ascii	"long long int\000"
 1579      206C6F6E 
 1579      6720696E 
 1579      7400
 1580              	.LASF94:
 1581 02e7 45455F6F 		.ascii	"EE_oo_IRQ_suspend_status\000"
 1581      6F5F4952 
 1581      515F7375 
 1581      7370656E 
 1581      645F7374 
 1582              	.LASF48:
 1583 0300 52435F45 		.ascii	"RC_ERROR_NOT_MATCH\000"
 1583      52524F52 
 1583      5F4E4F54 
 1583      5F4D4154 
 1583      434800
 1584              	.LASF53:
 1585 0313 52435F45 		.ascii	"RC_ERROR_UNKNOWN\000"
 1585      52524F52 
 1585      5F554E4B 
 1585      4E4F574E 
 1585      00
 1586              	.LASF63:
 1587 0324 5254455F 		.ascii	"RTE_signalStatus_t\000"
 1587      7369676E 
 1587      616C5374 
 1587      61747573 
 1587      5F7400
 1588              	.LASF6:
 1589 0337 6C6F6E67 		.ascii	"long int\000"
 1589      20696E74 
ARM GAS  C:\Users\91819\AppData\Local\Temp\ccrCeCoF.s 			page 39


 1589      00
 1590              	.LASF36:
 1591 0340 52435F45 		.ascii	"RC_ERROR_UNDERRUN\000"
 1591      52524F52 
 1591      5F554E44 
 1591      45525255 
 1591      4E00
 1592              	.LASF104:
 1593 0352 736F7572 		.ascii	"source\\asw\\swc_engine.c\000"
 1593      63655C61 
 1593      73775C73 
 1593      77635F65 
 1593      6E67696E 
 1594              	.LASF39:
 1595 036a 52435F45 		.ascii	"RC_ERROR_BUSY\000"
 1595      52524F52 
 1595      5F425553 
 1595      5900
 1596              	.LASF59:
 1597 0378 5254455F 		.ascii	"RTE_SIGNALSTATUS_STARTUP\000"
 1597      5349474E 
 1597      414C5354 
 1597      41545553 
 1597      5F535441 
 1598              	.LASF106:
 1599 0391 454E4749 		.ascii	"ENGINE_setEngine_run\000"
 1599      4E455F73 
 1599      6574456E 
 1599      67696E65 
 1599      5F72756E 
 1600              	.LASF45:
 1601 03a6 52435F45 		.ascii	"RC_ERROR_INVALID\000"
 1601      52524F52 
 1601      5F494E56 
 1601      414C4944 
 1601      00
 1602              	.LASF50:
 1603 03b7 52435F45 		.ascii	"RC_ERROR_BAD_DATA\000"
 1603      52524F52 
 1603      5F424144 
 1603      5F444154 
 1603      4100
 1604              	.LASF28:
 1605 03c9 626F6F6C 		.ascii	"boolean_t\000"
 1605      65616E5F 
 1605      7400
 1606              	.LASF69:
 1607 03d3 6F757444 		.ascii	"outDriver\000"
 1607      72697665 
 1607      7200
 1608              	.LASF91:
 1609 03dd 70546173 		.ascii	"pTaskArray\000"
 1609      6B417272 
 1609      617900
 1610              	.LASF19:
 1611 03e8 6C6F6E67 		.ascii	"long double\000"
 1611      20646F75 
ARM GAS  C:\Users\91819\AppData\Local\Temp\ccrCeCoF.s 			page 40


 1611      626C6500 
 1612              	.LASF90:
 1613 03f4 7461736B 		.ascii	"taskNum\000"
 1613      4E756D00 
 1614              	.LASF25:
 1615 03fc 5461736B 		.ascii	"TaskType\000"
 1615      54797065 
 1615      00
 1616              	.LASF1:
 1617 0405 756E7369 		.ascii	"unsigned char\000"
 1617      676E6564 
 1617      20636861 
 1617      7200
 1618              	.LASF0:
 1619 0413 7369676E 		.ascii	"signed char\000"
 1619      65642063 
 1619      68617200 
 1620              	.LASF10:
 1621 041f 6C6F6E67 		.ascii	"long long unsigned int\000"
 1621      206C6F6E 
 1621      6720756E 
 1621      7369676E 
 1621      65642069 
 1622              	.LASF14:
 1623 0436 75696E74 		.ascii	"uint32_t\000"
 1623      33325F74 
 1623      00
 1624              	.LASF11:
 1625 043f 756E7369 		.ascii	"unsigned int\000"
 1625      676E6564 
 1625      20696E74 
 1625      00
 1626              	.LASF41:
 1627 044c 52435F45 		.ascii	"RC_ERROR_OPEN\000"
 1627      52524F52 
 1627      5F4F5045 
 1627      4E00
 1628              	.LASF8:
 1629 045a 6C6F6E67 		.ascii	"long unsigned int\000"
 1629      20756E73 
 1629      69676E65 
 1629      6420696E 
 1629      7400
 1630              	.LASF31:
 1631 046c 52435F45 		.ascii	"RC_ERROR_NULL\000"
 1631      52524F52 
 1631      5F4E554C 
 1631      4C00
 1632              	.LASF38:
 1633 047a 52435F45 		.ascii	"RC_ERROR_BUFFER_EMTPY\000"
 1633      52524F52 
 1633      5F425546 
 1633      4645525F 
 1633      454D5450 
 1634              	.LASF20:
 1635 0490 45455F49 		.ascii	"EE_INT32\000"
 1635      4E543332 
ARM GAS  C:\Users\91819\AppData\Local\Temp\ccrCeCoF.s 			page 41


 1635      00
 1636              	.LASF83:
 1637 0499 70536967 		.ascii	"pSigCfg\000"
 1637      43666700 
 1638              	.LASF70:
 1639 04a1 65764F6E 		.ascii	"evOnUpdate\000"
 1639      55706461 
 1639      746500
 1640              	.LASF82:
 1641 04ac 73746174 		.ascii	"status\000"
 1641      757300
 1642              	.LASF76:
 1643 04b3 7265736F 		.ascii	"resourceActive\000"
 1643      75726365 
 1643      41637469 
 1643      766500
 1644              	.LASF87:
 1645 04c2 7369676E 		.ascii	"signal\000"
 1645      616C00
 1646              	.LASF62:
 1647 04c9 5254455F 		.ascii	"RTE_SIGNALSTATUS_INVALID\000"
 1647      5349474E 
 1647      414C5354 
 1647      41545553 
 1647      5F494E56 
 1648              	.LASF37:
 1649 04e2 52435F45 		.ascii	"RC_ERROR_BUFFER_FULL\000"
 1649      52524F52 
 1649      5F425546 
 1649      4645525F 
 1649      46554C4C 
 1650              	.LASF13:
 1651 04f7 696E7433 		.ascii	"int32_t\000"
 1651      325F7400 
 1652              	.LASF3:
 1653 04ff 73686F72 		.ascii	"short unsigned int\000"
 1653      7420756E 
 1653      7369676E 
 1653      65642069 
 1653      6E7400
 1654              	.LASF49:
 1655 0512 52435F45 		.ascii	"RC_ERROR_BAD_PARAM\000"
 1655      52524F52 
 1655      5F424144 
 1655      5F504152 
 1655      414D00
 1656              	.LASF75:
 1657 0525 6F6E4572 		.ascii	"onErrorTasks\000"
 1657      726F7254 
 1657      61736B73 
 1657      00
 1658              	.LASF72:
 1659 0532 6F6E5570 		.ascii	"onUpdateTaskCount\000"
 1659      64617465 
 1659      5461736B 
 1659      436F756E 
 1659      7400
ARM GAS  C:\Users\91819\AppData\Local\Temp\ccrCeCoF.s 			page 42


 1660              	.LASF95:
 1661 0544 45455F41 		.ascii	"EE_ApplicationMode\000"
 1661      70706C69 
 1661      63617469 
 1661      6F6E4D6F 
 1661      646500
 1662              	.LASF89:
 1663 0557 5254455F 		.ascii	"RTE_SC_SPEED_set\000"
 1663      53435F53 
 1663      50454544 
 1663      5F736574 
 1663      00
 1664              	.LASF73:
 1665 0568 6F6E5570 		.ascii	"onUpdateTasks\000"
 1665      64617465 
 1665      5461736B 
 1665      7300
 1666              	.LASF107:
 1667 0576 656E6769 		.ascii	"engineValue\000"
 1667      6E655661 
 1667      6C756500 
 1668              	.LASF42:
 1669 0582 52435F45 		.ascii	"RC_ERROR_CHECKSUM\000"
 1669      52524F52 
 1669      5F434845 
 1669      434B5355 
 1669      4D00
 1670              	.LASF22:
 1671 0594 45455F55 		.ascii	"EE_UREG\000"
 1671      52454700 
 1672              	.LASF35:
 1673 059c 52435F45 		.ascii	"RC_ERROR_OVERRUN\000"
 1673      52524F52 
 1673      5F4F5645 
 1673      5252554E 
 1673      00
 1674              	.LASF100:
 1675 05ad 534F5F45 		.ascii	"SO_ENGINE_signal\000"
 1675      4E47494E 
 1675      455F7369 
 1675      676E616C 
 1675      00
 1676              	.LASF5:
 1677 05be 5F5F696E 		.ascii	"__int32_t\000"
 1677      7433325F 
 1677      7400
 1678              	.LASF12:
 1679 05c8 75696E74 		.ascii	"uint8_t\000"
 1679      385F7400 
 1680              	.LASF57:
 1681 05d0 5254455F 		.ascii	"RTE_event\000"
 1681      6576656E 
 1681      7400
 1682              	.LASF85:
 1683 05da 5254455F 		.ascii	"RTE_SC_SPEED_getAge\000"
 1683      53435F53 
 1683      50454544 
ARM GAS  C:\Users\91819\AppData\Local\Temp\ccrCeCoF.s 			page 43


 1683      5F676574 
 1683      41676500 
 1684              	.LASF65:
 1685 05ee 53435F53 		.ascii	"SC_SPEED_driverIn_t\000"
 1685      50454544 
 1685      5F647269 
 1685      76657249 
 1685      6E5F7400 
 1686              	.LASF80:
 1687 0602 53435F53 		.ascii	"SC_SPEED_s\000"
 1687      50454544 
 1687      5F7300
 1688              	.LASF51:
 1689 060d 52435F45 		.ascii	"RC_ERROR_CANCELED\000"
 1689      52524F52 
 1689      5F43414E 
 1689      43454C45 
 1689      4400
 1690              	.LASF84:
 1691 061f 53435F53 		.ascii	"SC_SPEED_t\000"
 1691      50454544 
 1691      5F7400
 1692              	.LASF58:
 1693 062a 5265736F 		.ascii	"ResourceType\000"
 1693      75726365 
 1693      54797065 
 1693      00
 1694              	.LASF16:
 1695 0637 646F7562 		.ascii	"double\000"
 1695      6C6500
 1696              	.LASF61:
 1697 063e 5254455F 		.ascii	"RTE_SIGNALSTATUS_VALID\000"
 1697      5349474E 
 1697      414C5354 
 1697      41545553 
 1697      5F56414C 
 1698              	.LASF101:
 1699 0655 45455F6F 		.ascii	"EE_oo_SetEvent\000"
 1699      6F5F5365 
 1699      74457665 
 1699      6E7400
 1700              	.LASF68:
 1701 0664 696E4472 		.ascii	"inDriver\000"
 1701      69766572 
 1701      00
 1702              	.LASF98:
 1703 066d 49544D5F 		.ascii	"ITM_RxBuffer\000"
 1703      52784275 
 1703      66666572 
 1703      00
 1704              	.LASF30:
 1705 067a 52435F45 		.ascii	"RC_ERROR\000"
 1705      52524F52 
 1705      00
 1706              	.LASF33:
 1707 0683 52435F45 		.ascii	"RC_ERROR_MEMORY\000"
 1707      52524F52 
ARM GAS  C:\Users\91819\AppData\Local\Temp\ccrCeCoF.s 			page 44


 1707      5F4D454D 
 1707      4F525900 
 1708              	.LASF102:
 1709 0693 57445F41 		.ascii	"WD_Alive\000"
 1709      6C697665 
 1709      00
 1710              	.LASF56:
 1711 069c 5461736B 		.ascii	"TaskTypeArray\000"
 1711      54797065 
 1711      41727261 
 1711      7900
 1712              	.LASF93:
 1713 06aa 45455F6F 		.ascii	"EE_oo_IRQ_disable_count\000"
 1713      6F5F4952 
 1713      515F6469 
 1713      7361626C 
 1713      655F636F 
 1714              	.LASF4:
 1715 06c2 5F5F7569 		.ascii	"__uint8_t\000"
 1715      6E74385F 
 1715      7400
 1716              	.LASF60:
 1717 06cc 5254455F 		.ascii	"RTE_SIGNALSTATUS_INITIALIZED\000"
 1717      5349474E 
 1717      414C5354 
 1717      41545553 
 1717      5F494E49 
 1718              	.LASF40:
 1719 06e9 52435F45 		.ascii	"RC_ERROR_TIME_OUT\000"
 1719      52524F52 
 1719      5F54494D 
 1719      455F4F55 
 1719      5400
 1720              		.ident	"GCC: (GNU Tools for ARM Embedded Processors) 5.4.1 20160609 (release) [ARM/embedded-5-bran
