ARM GAS  C:\Users\91819\AppData\Local\Temp\ccPOBYZa.s 			page 1


   1              		.syntax unified
   2              		.cpu cortex-m3
   3              		.fpu softvfp
   4              		.eabi_attribute 20, 1
   5              		.eabi_attribute 21, 1
   6              		.eabi_attribute 23, 3
   7              		.eabi_attribute 24, 1
   8              		.eabi_attribute 25, 1
   9              		.eabi_attribute 26, 1
  10              		.eabi_attribute 30, 1
  11              		.eabi_attribute 34, 1
  12              		.eabi_attribute 18, 4
  13              		.thumb
  14              		.syntax unified
  15              		.file	"tsk_io.c"
  16              		.text
  17              	.Ltext0:
  18              		.cfi_sections	.debug_frame
  19              		.section	.text.Functsk_io,"ax",%progbits
  20              		.align	2
  21              		.global	Functsk_io
  22              		.thumb
  23              		.thumb_func
  24              		.type	Functsk_io, %function
  25              	Functsk_io:
  26              	.LFB110:
  27              		.file 1 "source\\asw\\tsk_io.c"
   1:source\asw/tsk_io.c **** 
   2:source\asw/tsk_io.c **** 
   3:source\asw/tsk_io.c **** /*
   4:source\asw/tsk_io.c ****  * Filename: tsk_io.c
   5:source\asw/tsk_io.c ****  *
   6:source\asw/tsk_io.c ****  * Author: Autogenerated by H-DA RTE Generator, (c) Prof. Fromm
   7:source\asw/tsk_io.c ****  */
   8:source\asw/tsk_io.c **** 
   9:source\asw/tsk_io.c **** #include "project.h"
  10:source\asw/tsk_io.c **** #include "global.h"
  11:source\asw/tsk_io.c **** #include "rte.h"
  12:source\asw/tsk_io.c **** #include "rte_types.h"
  13:source\asw/tsk_io.c **** #include "tsk_io.h"
  14:source\asw/tsk_io.c **** 
  15:source\asw/tsk_io.c **** 
  16:source\asw/tsk_io.c **** 
  17:source\asw/tsk_io.c **** /* USER CODE START TSK_IO_INCLUDE */
  18:source\asw/tsk_io.c **** 
  19:source\asw/tsk_io.c **** /* USER CODE END TSK_IO_INCLUDE */
  20:source\asw/tsk_io.c **** 
  21:source\asw/tsk_io.c **** #include "swc_remote.h"
  22:source\asw/tsk_io.c **** #include "swc_engine.h"
  23:source\asw/tsk_io.c **** #include "swc_brakelight.h"
  24:source\asw/tsk_io.c **** 
  25:source\asw/tsk_io.c **** 
  26:source\asw/tsk_io.c **** 
  27:source\asw/tsk_io.c **** /* USER CODE START TSK_IO_USERDEFINITIONS */
  28:source\asw/tsk_io.c **** 
  29:source\asw/tsk_io.c **** /* USER CODE END TSK_IO_USERDEFINITIONS */
  30:source\asw/tsk_io.c **** 
ARM GAS  C:\Users\91819\AppData\Local\Temp\ccPOBYZa.s 			page 2


  31:source\asw/tsk_io.c **** /*******************************************************************************
  32:source\asw/tsk_io.c ****  * Runnable Tables from Activation Engine
  33:source\asw/tsk_io.c ****  *******************************************************************************/
  34:source\asw/tsk_io.c **** 
  35:source\asw/tsk_io.c **** /* Cyclic Table */
  36:source\asw/tsk_io.c **** 
  37:source\asw/tsk_io.c **** const RTE_cyclicTable_t RTE_cyclicActivationTable_tsk_io[] = {
  38:source\asw/tsk_io.c **** 	{ REMOTE_readJoystick_run, 500 },	//Runnable
  39:source\asw/tsk_io.c **** 	{ ENGINE_setEngine_run, 100 },	//Runnable
  40:source\asw/tsk_io.c **** 	{ BRAKELIGHT_setBrakeLight_run, 100 },	//Runnable
  41:source\asw/tsk_io.c **** };
  42:source\asw/tsk_io.c **** const uint16_t RTE_cyclicActivation_tsk_io_size = sizeof (RTE_cyclicActivationTable_tsk_io) / sizeo
  43:source\asw/tsk_io.c **** 
  44:source\asw/tsk_io.c **** /* Event Table */
  45:source\asw/tsk_io.c **** const RTE_eventTable_t RTE_eventActivationTable_tsk_io[] = {
  46:source\asw/tsk_io.c ****     { BRAKELIGHT_setBrakeLight_run, ev_speed_onData },  //Runnable
  47:source\asw/tsk_io.c **** }; 
  48:source\asw/tsk_io.c **** const uint16_t RTE_eventActivation_tsk_io_size = sizeof (RTE_eventActivationTable_tsk_io) / sizeof(
  49:source\asw/tsk_io.c **** 
  50:source\asw/tsk_io.c **** /*******************************************************************************
  51:source\asw/tsk_io.c ****  * Task Body
  52:source\asw/tsk_io.c ****  *******************************************************************************/
  53:source\asw/tsk_io.c **** 
  54:source\asw/tsk_io.c **** 
  55:source\asw/tsk_io.c **** /*
  56:source\asw/tsk_io.c **** * description: the task will contain all the IO separation, remote and engine
  57:source\asw/tsk_io.c **** * events: ev_speed_onData|ev_10ms
  58:source\asw/tsk_io.c **** * mode: Cyclic and Event
  59:source\asw/tsk_io.c **** * name: tsk_io
  60:source\asw/tsk_io.c **** * shortname: io
  61:source\asw/tsk_io.c **** * signalpoolsRO: sp_common
  62:source\asw/tsk_io.c **** * signalpoolsRW: sp_common
  63:source\asw/tsk_io.c **** * tickEvent: 0
  64:source\asw/tsk_io.c **** * timertickperiod: 10
  65:source\asw/tsk_io.c **** */
  66:source\asw/tsk_io.c **** TASK(tsk_io)
  67:source\asw/tsk_io.c **** {
  28              		.loc 1 67 0
  29              		.cfi_startproc
  30              		@ args = 0, pretend = 0, frame = 8
  31              		@ frame_needed = 0, uses_anonymous_args = 0
  32 0000 10B5     		push	{r4, lr}
  33              		.cfi_def_cfa_offset 8
  34              		.cfi_offset 4, -8
  35              		.cfi_offset 14, -4
  36 0002 82B0     		sub	sp, sp, #8
  37              		.cfi_def_cfa_offset 16
  68:source\asw/tsk_io.c **** 	/* ticktime of the task */
  69:source\asw/tsk_io.c **** 	static uint32_t ticktime = 0;
  70:source\asw/tsk_io.c **** 	
  71:source\asw/tsk_io.c ****     EventMaskType ev = 0;
  38              		.loc 1 71 0
  39 0004 0023     		movs	r3, #0
  40 0006 0193     		str	r3, [sp, #4]
  41              	.L3:
  72:source\asw/tsk_io.c ****     
  73:source\asw/tsk_io.c ****     while(1)
ARM GAS  C:\Users\91819\AppData\Local\Temp\ccPOBYZa.s 			page 3


  74:source\asw/tsk_io.c ****     {
  75:source\asw/tsk_io.c ****         //Wait, read and clear the event
  76:source\asw/tsk_io.c ****         WaitEvent(ev_speed_onData|ev_10ms);
  42              		.loc 1 76 0
  43 0008 0620     		movs	r0, #6
  44 000a FFF7FEFF 		bl	EE_oo_WaitEvent
  45              	.LVL0:
  77:source\asw/tsk_io.c ****         GetEvent(tsk_io,&ev);
  46              		.loc 1 77 0
  47 000e 01A9     		add	r1, sp, #4
  48 0010 0220     		movs	r0, #2
  49 0012 FFF7FEFF 		bl	EE_oo_GetEvent
  50              	.LVL1:
  78:source\asw/tsk_io.c ****         ClearEvent(ev);
  51              		.loc 1 78 0
  52 0016 0198     		ldr	r0, [sp, #4]
  53 0018 FFF7FEFF 		bl	EE_oo_ClearEvent
  54              	.LVL2:
  79:source\asw/tsk_io.c ****     
  80:source\asw/tsk_io.c **** 		/* USER CODE START TSK_IO_TASKBOBY_PRE */
  81:source\asw/tsk_io.c **** 
  82:source\asw/tsk_io.c **** 		/* USER CODE END TSK_IO_TASKBODY_PRE */
  83:source\asw/tsk_io.c ****         
  84:source\asw/tsk_io.c ****         if (ev & ev_10ms){
  55              		.loc 1 84 0
  56 001c 019B     		ldr	r3, [sp, #4]
  57 001e 13F0040F 		tst	r3, #4
  58 0022 0DD0     		beq	.L2
  85:source\asw/tsk_io.c ****             //Process Cyclic table on tick
  86:source\asw/tsk_io.c ****             RTE_ProcessCyclicTable(RTE_cyclicActivationTable_tsk_io, RTE_cyclicActivation_tsk_io_si
  59              		.loc 1 86 0
  60 0024 094C     		ldr	r4, .L5
  61 0026 2268     		ldr	r2, [r4]
  62 0028 0321     		movs	r1, #3
  63 002a 0948     		ldr	r0, .L5+4
  64 002c FFF7FEFF 		bl	RTE_ProcessCyclicTable
  65              	.LVL3:
  87:source\asw/tsk_io.c **** 
  88:source\asw/tsk_io.c **** 			ticktime += 10;
  66              		.loc 1 88 0
  67 0030 2368     		ldr	r3, [r4]
  68 0032 0A33     		adds	r3, r3, #10
  69 0034 2360     		str	r3, [r4]
  89:source\asw/tsk_io.c **** 			if (ticktime > 0xFFFFFF00) ticktime = 0;
  70              		.loc 1 89 0
  71 0036 13F5807F 		cmn	r3, #256
  72 003a 01D9     		bls	.L2
  73              		.loc 1 89 0 is_stmt 0 discriminator 1
  74 003c 0022     		movs	r2, #0
  75 003e 2260     		str	r2, [r4]
  76              	.L2:
  90:source\asw/tsk_io.c **** 
  91:source\asw/tsk_io.c **** 		};
  92:source\asw/tsk_io.c **** 		
  93:source\asw/tsk_io.c **** 		//Process data driven events
  94:source\asw/tsk_io.c **** 		RTE_ProcessEventTable(RTE_eventActivationTable_tsk_io, RTE_eventActivation_tsk_io_size, ev);
  77              		.loc 1 94 0 is_stmt 1
ARM GAS  C:\Users\91819\AppData\Local\Temp\ccPOBYZa.s 			page 4


  78 0040 019A     		ldr	r2, [sp, #4]
  79 0042 0121     		movs	r1, #1
  80 0044 0348     		ldr	r0, .L5+8
  81 0046 FFF7FEFF 		bl	RTE_ProcessEventTable
  82              	.LVL4:
  95:source\asw/tsk_io.c **** 		
  96:source\asw/tsk_io.c **** 		/* USER CODE START TSK_IO_TASKBODY_POST */
  97:source\asw/tsk_io.c **** 
  98:source\asw/tsk_io.c **** 	/* USER CODE END TSK_IO_TASKBODY_POST */
  99:source\asw/tsk_io.c **** 
 100:source\asw/tsk_io.c ****         
 101:source\asw/tsk_io.c ****     }
  83              		.loc 1 101 0
  84 004a DDE7     		b	.L3
  85              	.L6:
  86              		.align	2
  87              	.L5:
  88 004c 00000000 		.word	.LANCHOR0
  89 0050 00000000 		.word	.LANCHOR1
  90 0054 18000000 		.word	.LANCHOR1+24
  91              		.cfi_endproc
  92              	.LFE110:
  93              		.size	Functsk_io, .-Functsk_io
  94              		.global	RTE_eventActivation_tsk_io_size
  95              		.global	RTE_eventActivationTable_tsk_io
  96              		.global	RTE_cyclicActivation_tsk_io_size
  97              		.global	RTE_cyclicActivationTable_tsk_io
  98              		.section	.rodata
  99              		.align	2
 100              		.set	.LANCHOR1,. + 0
 101              		.type	RTE_cyclicActivationTable_tsk_io, %object
 102              		.size	RTE_cyclicActivationTable_tsk_io, 24
 103              	RTE_cyclicActivationTable_tsk_io:
 104 0000 00000000 		.word	REMOTE_readJoystick_run
 105 0004 F401     		.short	500
 106 0006 0000     		.space	2
 107 0008 00000000 		.word	ENGINE_setEngine_run
 108 000c 6400     		.short	100
 109 000e 0000     		.space	2
 110 0010 00000000 		.word	BRAKELIGHT_setBrakeLight_run
 111 0014 6400     		.short	100
 112 0016 0000     		.space	2
 113              		.type	RTE_eventActivationTable_tsk_io, %object
 114              		.size	RTE_eventActivationTable_tsk_io, 8
 115              	RTE_eventActivationTable_tsk_io:
 116 0018 00000000 		.word	BRAKELIGHT_setBrakeLight_run
 117 001c 02000000 		.word	2
 118              		.type	RTE_eventActivation_tsk_io_size, %object
 119              		.size	RTE_eventActivation_tsk_io_size, 2
 120              	RTE_eventActivation_tsk_io_size:
 121 0020 0100     		.short	1
 122              		.type	RTE_cyclicActivation_tsk_io_size, %object
 123              		.size	RTE_cyclicActivation_tsk_io_size, 2
 124              	RTE_cyclicActivation_tsk_io_size:
 125 0022 0300     		.short	3
 126              		.bss
 127              		.align	2
ARM GAS  C:\Users\91819\AppData\Local\Temp\ccPOBYZa.s 			page 5


 128              		.set	.LANCHOR0,. + 0
 129              		.type	ticktime.6446, %object
 130              		.size	ticktime.6446, 4
 131              	ticktime.6446:
 132 0000 00000000 		.space	4
 133              		.text
 134              	.Letext0:
 135              		.file 2 "c:\\program files (x86)\\cypress\\psoc creator\\4.4\\psoc creator\\import\\gnu\\arm\\5.4.
 136              		.file 3 "c:\\program files (x86)\\cypress\\psoc creator\\4.4\\psoc creator\\import\\gnu\\arm\\5.4.
 137              		.file 4 "Generated_Source\\PSoC5/ErikaOS_1_common_ee_types.inc"
 138              		.file 5 "Generated_Source\\PSoC5/ErikaOS_1_cortex_mx_ee_cpu.inc"
 139              		.file 6 "Generated_Source\\PSoC5/ErikaOS_1_ee_oo_common.inc"
 140              		.file 7 ".\\source\\rte/rte_types.h"
 141              		.file 8 ".\\source\\rte/rte.h"
 142              		.file 9 "Generated_Source\\PSoC5/ErikaOS_1_ee_oo_intfunc.inc"
 143              		.file 10 "Generated_Source\\PSoC5/ErikaOS_1_cortex_mx_ee_context.inc"
 144              		.file 11 "Generated_Source\\PSoC5/ErikaOS_1_common_ee_primitives.inc"
 145              		.file 12 "Generated_Source\\PSoC5/core_cm3.h"
 146              		.file 13 "Generated_Source\\PSoC5/ErikaOS_1_ee_oo_kernel.inc"
 147              		.section	.debug_info,"",%progbits
 148              	.Ldebug_info0:
 149 0000 2B030000 		.4byte	0x32b
 150 0004 0400     		.2byte	0x4
 151 0006 00000000 		.4byte	.Ldebug_abbrev0
 152 000a 04       		.byte	0x4
 153 000b 01       		.uleb128 0x1
 154 000c AE000000 		.4byte	.LASF48
 155 0010 0C       		.byte	0xc
 156 0011 17020000 		.4byte	.LASF49
 157 0015 B0020000 		.4byte	.LASF50
 158 0019 00000000 		.4byte	.Ldebug_ranges0+0
 159 001d 00000000 		.4byte	0
 160 0021 00000000 		.4byte	.Ldebug_line0
 161 0025 02       		.uleb128 0x2
 162 0026 01       		.byte	0x1
 163 0027 06       		.byte	0x6
 164 0028 9A030000 		.4byte	.LASF0
 165 002c 02       		.uleb128 0x2
 166 002d 01       		.byte	0x1
 167 002e 08       		.byte	0x8
 168 002f A0000000 		.4byte	.LASF1
 169 0033 02       		.uleb128 0x2
 170 0034 02       		.byte	0x2
 171 0035 05       		.byte	0x5
 172 0036 51030000 		.4byte	.LASF2
 173 003a 03       		.uleb128 0x3
 174 003b C6010000 		.4byte	.LASF4
 175 003f 02       		.byte	0x2
 176 0040 2B       		.byte	0x2b
 177 0041 45000000 		.4byte	0x45
 178 0045 02       		.uleb128 0x2
 179 0046 02       		.byte	0x2
 180 0047 07       		.byte	0x7
 181 0048 77010000 		.4byte	.LASF3
 182 004c 03       		.uleb128 0x3
 183 004d 21000000 		.4byte	.LASF5
 184 0051 02       		.byte	0x2
ARM GAS  C:\Users\91819\AppData\Local\Temp\ccPOBYZa.s 			page 6


 185 0052 3F       		.byte	0x3f
 186 0053 57000000 		.4byte	0x57
 187 0057 02       		.uleb128 0x2
 188 0058 04       		.byte	0x4
 189 0059 05       		.byte	0x5
 190 005a 85030000 		.4byte	.LASF6
 191 005e 03       		.uleb128 0x3
 192 005f EC010000 		.4byte	.LASF7
 193 0063 02       		.byte	0x2
 194 0064 41       		.byte	0x41
 195 0065 69000000 		.4byte	0x69
 196 0069 02       		.uleb128 0x2
 197 006a 04       		.byte	0x4
 198 006b 07       		.byte	0x7
 199 006c 65010000 		.4byte	.LASF8
 200 0070 02       		.uleb128 0x2
 201 0071 08       		.byte	0x8
 202 0072 05       		.byte	0x5
 203 0073 18030000 		.4byte	.LASF9
 204 0077 02       		.uleb128 0x2
 205 0078 08       		.byte	0x8
 206 0079 07       		.byte	0x7
 207 007a 7F000000 		.4byte	.LASF10
 208 007e 04       		.uleb128 0x4
 209 007f 04       		.byte	0x4
 210 0080 05       		.byte	0x5
 211 0081 696E7400 		.ascii	"int\000"
 212 0085 02       		.uleb128 0x2
 213 0086 04       		.byte	0x4
 214 0087 07       		.byte	0x7
 215 0088 43020000 		.4byte	.LASF11
 216 008c 03       		.uleb128 0x3
 217 008d 48030000 		.4byte	.LASF12
 218 0091 03       		.byte	0x3
 219 0092 24       		.byte	0x24
 220 0093 3A000000 		.4byte	0x3a
 221 0097 03       		.uleb128 0x3
 222 0098 9F020000 		.4byte	.LASF13
 223 009c 03       		.byte	0x3
 224 009d 2C       		.byte	0x2c
 225 009e 4C000000 		.4byte	0x4c
 226 00a2 03       		.uleb128 0x3
 227 00a3 7C030000 		.4byte	.LASF14
 228 00a7 03       		.byte	0x3
 229 00a8 30       		.byte	0x30
 230 00a9 5E000000 		.4byte	0x5e
 231 00ad 02       		.uleb128 0x2
 232 00ae 04       		.byte	0x4
 233 00af 04       		.byte	0x4
 234 00b0 60000000 		.4byte	.LASF15
 235 00b4 02       		.uleb128 0x2
 236 00b5 08       		.byte	0x8
 237 00b6 04       		.byte	0x4
 238 00b7 39000000 		.4byte	.LASF16
 239 00bb 02       		.uleb128 0x2
 240 00bc 01       		.byte	0x1
 241 00bd 08       		.byte	0x8
ARM GAS  C:\Users\91819\AppData\Local\Temp\ccPOBYZa.s 			page 7


 242 00be 26030000 		.4byte	.LASF17
 243 00c2 02       		.uleb128 0x2
 244 00c3 08       		.byte	0x8
 245 00c4 04       		.byte	0x4
 246 00c5 8E030000 		.4byte	.LASF18
 247 00c9 03       		.uleb128 0x3
 248 00ca 5C010000 		.4byte	.LASF19
 249 00ce 04       		.byte	0x4
 250 00cf 53       		.byte	0x53
 251 00d0 7E000000 		.4byte	0x7e
 252 00d4 03       		.uleb128 0x3
 253 00d5 58020000 		.4byte	.LASF20
 254 00d9 04       		.byte	0x4
 255 00da 54       		.byte	0x54
 256 00db 85000000 		.4byte	0x85
 257 00df 03       		.uleb128 0x3
 258 00e0 2B030000 		.4byte	.LASF21
 259 00e4 05       		.byte	0x5
 260 00e5 4D       		.byte	0x4d
 261 00e6 D4000000 		.4byte	0xd4
 262 00ea 03       		.uleb128 0x3
 263 00eb 50020000 		.4byte	.LASF22
 264 00ef 05       		.byte	0x5
 265 00f0 4F       		.byte	0x4f
 266 00f1 D4000000 		.4byte	0xd4
 267 00f5 03       		.uleb128 0x3
 268 00f6 59000000 		.4byte	.LASF23
 269 00fa 05       		.byte	0x5
 270 00fb 78       		.byte	0x78
 271 00fc C9000000 		.4byte	0xc9
 272 0100 05       		.uleb128 0x5
 273 0101 2B000000 		.4byte	.LASF24
 274 0105 06       		.byte	0x6
 275 0106 2C02     		.2byte	0x22c
 276 0108 DF000000 		.4byte	0xdf
 277 010c 02       		.uleb128 0x2
 278 010d 04       		.byte	0x4
 279 010e 07       		.byte	0x7
 280 010f A7020000 		.4byte	.LASF25
 281 0113 03       		.uleb128 0x3
 282 0114 D1010000 		.4byte	.LASF26
 283 0118 07       		.byte	0x7
 284 0119 21       		.byte	0x21
 285 011a 00010000 		.4byte	0x100
 286 011e 03       		.uleb128 0x3
 287 011f A6030000 		.4byte	.LASF27
 288 0123 08       		.byte	0x8
 289 0124 66       		.byte	0x66
 290 0125 29010000 		.4byte	0x129
 291 0129 06       		.uleb128 0x6
 292 012a 04       		.byte	0x4
 293 012b 2F010000 		.4byte	0x12f
 294 012f 07       		.uleb128 0x7
 295 0130 3A010000 		.4byte	0x13a
 296 0134 08       		.uleb128 0x8
 297 0135 13010000 		.4byte	0x113
 298 0139 00       		.byte	0
ARM GAS  C:\Users\91819\AppData\Local\Temp\ccPOBYZa.s 			page 8


 299 013a 09       		.uleb128 0x9
 300 013b 08       		.byte	0x8
 301 013c 08       		.byte	0x8
 302 013d 6B       		.byte	0x6b
 303 013e 5B010000 		.4byte	0x15b
 304 0142 0A       		.uleb128 0xa
 305 0143 72756E00 		.ascii	"run\000"
 306 0147 08       		.byte	0x8
 307 0148 6D       		.byte	0x6d
 308 0149 1E010000 		.4byte	0x11e
 309 014d 00       		.byte	0
 310 014e 0B       		.uleb128 0xb
 311 014f 96000000 		.4byte	.LASF28
 312 0153 08       		.byte	0x8
 313 0154 6E       		.byte	0x6e
 314 0155 8C000000 		.4byte	0x8c
 315 0159 04       		.byte	0x4
 316 015a 00       		.byte	0
 317 015b 03       		.uleb128 0x3
 318 015c 31020000 		.4byte	.LASF29
 319 0160 08       		.byte	0x8
 320 0161 6F       		.byte	0x6f
 321 0162 3A010000 		.4byte	0x13a
 322 0166 09       		.uleb128 0x9
 323 0167 08       		.byte	0x8
 324 0168 08       		.byte	0x8
 325 0169 74       		.byte	0x74
 326 016a 87010000 		.4byte	0x187
 327 016e 0A       		.uleb128 0xa
 328 016f 72756E00 		.ascii	"run\000"
 329 0173 08       		.byte	0x8
 330 0174 76       		.byte	0x76
 331 0175 1E010000 		.4byte	0x11e
 332 0179 00       		.byte	0
 333 017a 0B       		.uleb128 0xb
 334 017b 2B020000 		.4byte	.LASF30
 335 017f 08       		.byte	0x8
 336 0180 77       		.byte	0x77
 337 0181 00010000 		.4byte	0x100
 338 0185 04       		.byte	0x4
 339 0186 00       		.byte	0
 340 0187 03       		.uleb128 0x3
 341 0188 10000000 		.4byte	.LASF31
 342 018c 08       		.byte	0x8
 343 018d 78       		.byte	0x78
 344 018e 66010000 		.4byte	0x166
 345 0192 0C       		.uleb128 0xc
 346 0193 6B020000 		.4byte	.LASF51
 347 0197 01       		.byte	0x1
 348 0198 42       		.byte	0x42
 349 0199 00000000 		.4byte	.LFB110
 350 019d 58000000 		.4byte	.LFE110-.LFB110
 351 01a1 01       		.uleb128 0x1
 352 01a2 9C       		.byte	0x9c
 353 01a3 2F020000 		.4byte	0x22f
 354 01a7 0D       		.uleb128 0xd
 355 01a8 62020000 		.4byte	.LASF32
ARM GAS  C:\Users\91819\AppData\Local\Temp\ccPOBYZa.s 			page 9


 356 01ac 01       		.byte	0x1
 357 01ad 45       		.byte	0x45
 358 01ae A2000000 		.4byte	0xa2
 359 01b2 05       		.uleb128 0x5
 360 01b3 03       		.byte	0x3
 361 01b4 00000000 		.4byte	ticktime.6446
 362 01b8 0E       		.uleb128 0xe
 363 01b9 657600   		.ascii	"ev\000"
 364 01bc 01       		.byte	0x1
 365 01bd 47       		.byte	0x47
 366 01be 00010000 		.4byte	0x100
 367 01c2 02       		.uleb128 0x2
 368 01c3 91       		.byte	0x91
 369 01c4 74       		.sleb128 -12
 370 01c5 0F       		.uleb128 0xf
 371 01c6 0E000000 		.4byte	.LVL0
 372 01ca F4020000 		.4byte	0x2f4
 373 01ce D8010000 		.4byte	0x1d8
 374 01d2 10       		.uleb128 0x10
 375 01d3 01       		.uleb128 0x1
 376 01d4 50       		.byte	0x50
 377 01d5 01       		.uleb128 0x1
 378 01d6 36       		.byte	0x36
 379 01d7 00       		.byte	0
 380 01d8 0F       		.uleb128 0xf
 381 01d9 16000000 		.4byte	.LVL1
 382 01dd 00030000 		.4byte	0x300
 383 01e1 F1010000 		.4byte	0x1f1
 384 01e5 10       		.uleb128 0x10
 385 01e6 01       		.uleb128 0x1
 386 01e7 50       		.byte	0x50
 387 01e8 01       		.uleb128 0x1
 388 01e9 32       		.byte	0x32
 389 01ea 10       		.uleb128 0x10
 390 01eb 01       		.uleb128 0x1
 391 01ec 51       		.byte	0x51
 392 01ed 02       		.uleb128 0x2
 393 01ee 91       		.byte	0x91
 394 01ef 74       		.sleb128 -12
 395 01f0 00       		.byte	0
 396 01f1 11       		.uleb128 0x11
 397 01f2 1C000000 		.4byte	.LVL2
 398 01f6 0C030000 		.4byte	0x30c
 399 01fa 0F       		.uleb128 0xf
 400 01fb 30000000 		.4byte	.LVL3
 401 01ff 18030000 		.4byte	0x318
 402 0203 16020000 		.4byte	0x216
 403 0207 10       		.uleb128 0x10
 404 0208 01       		.uleb128 0x1
 405 0209 50       		.byte	0x50
 406 020a 05       		.uleb128 0x5
 407 020b 03       		.byte	0x3
 408 020c 00000000 		.4byte	.LANCHOR1
 409 0210 10       		.uleb128 0x10
 410 0211 01       		.uleb128 0x1
 411 0212 51       		.byte	0x51
 412 0213 01       		.uleb128 0x1
ARM GAS  C:\Users\91819\AppData\Local\Temp\ccPOBYZa.s 			page 10


 413 0214 33       		.byte	0x33
 414 0215 00       		.byte	0
 415 0216 12       		.uleb128 0x12
 416 0217 4A000000 		.4byte	.LVL4
 417 021b 23030000 		.4byte	0x323
 418 021f 10       		.uleb128 0x10
 419 0220 01       		.uleb128 0x1
 420 0221 50       		.byte	0x50
 421 0222 05       		.uleb128 0x5
 422 0223 03       		.byte	0x3
 423 0224 18000000 		.4byte	.LANCHOR1+24
 424 0228 10       		.uleb128 0x10
 425 0229 01       		.uleb128 0x1
 426 022a 51       		.byte	0x51
 427 022b 01       		.uleb128 0x1
 428 022c 31       		.byte	0x31
 429 022d 00       		.byte	0
 430 022e 00       		.byte	0
 431 022f 13       		.uleb128 0x13
 432 0230 8A010000 		.4byte	.LASF33
 433 0234 09       		.byte	0x9
 434 0235 40       		.byte	0x40
 435 0236 DF000000 		.4byte	0xdf
 436 023a 13       		.uleb128 0x13
 437 023b 40000000 		.4byte	.LASF34
 438 023f 09       		.byte	0x9
 439 0240 47       		.byte	0x47
 440 0241 EA000000 		.4byte	0xea
 441 0245 13       		.uleb128 0x13
 442 0246 76020000 		.4byte	.LASF35
 443 024a 09       		.byte	0x9
 444 024b 4A       		.byte	0x4a
 445 024c DF000000 		.4byte	0xdf
 446 0250 13       		.uleb128 0x13
 447 0251 66000000 		.4byte	.LASF36
 448 0255 0A       		.byte	0xa
 449 0256 48       		.byte	0x48
 450 0257 F5000000 		.4byte	0xf5
 451 025b 13       		.uleb128 0x13
 452 025c 33030000 		.4byte	.LASF37
 453 0260 0B       		.byte	0xb
 454 0261 44       		.byte	0x44
 455 0262 DF000000 		.4byte	0xdf
 456 0266 14       		.uleb128 0x14
 457 0267 A2010000 		.4byte	.LASF38
 458 026b 0C       		.byte	0xc
 459 026c 1207     		.2byte	0x712
 460 026e 72020000 		.4byte	0x272
 461 0272 15       		.uleb128 0x15
 462 0273 97000000 		.4byte	0x97
 463 0277 16       		.uleb128 0x16
 464 0278 87020000 		.4byte	0x287
 465 027c 87020000 		.4byte	0x287
 466 0280 17       		.uleb128 0x17
 467 0281 0C010000 		.4byte	0x10c
 468 0285 02       		.byte	0x2
 469 0286 00       		.byte	0
ARM GAS  C:\Users\91819\AppData\Local\Temp\ccPOBYZa.s 			page 11


 470 0287 18       		.uleb128 0x18
 471 0288 5B010000 		.4byte	0x15b
 472 028c 19       		.uleb128 0x19
 473 028d C3030000 		.4byte	.LASF39
 474 0291 01       		.byte	0x1
 475 0292 25       		.byte	0x25
 476 0293 9D020000 		.4byte	0x29d
 477 0297 05       		.uleb128 0x5
 478 0298 03       		.byte	0x3
 479 0299 00000000 		.4byte	RTE_cyclicActivationTable_tsk_io
 480 029d 18       		.uleb128 0x18
 481 029e 77020000 		.4byte	0x277
 482 02a2 19       		.uleb128 0x19
 483 02a3 5B030000 		.4byte	.LASF40
 484 02a7 01       		.byte	0x1
 485 02a8 2A       		.byte	0x2a
 486 02a9 B3020000 		.4byte	0x2b3
 487 02ad 05       		.uleb128 0x5
 488 02ae 03       		.byte	0x3
 489 02af 00000000 		.4byte	RTE_cyclicActivation_tsk_io_size
 490 02b3 18       		.uleb128 0x18
 491 02b4 8C000000 		.4byte	0x8c
 492 02b8 16       		.uleb128 0x16
 493 02b9 C8020000 		.4byte	0x2c8
 494 02bd C8020000 		.4byte	0x2c8
 495 02c1 17       		.uleb128 0x17
 496 02c2 0C010000 		.4byte	0x10c
 497 02c6 00       		.byte	0
 498 02c7 00       		.byte	0
 499 02c8 18       		.uleb128 0x18
 500 02c9 87010000 		.4byte	0x187
 501 02cd 19       		.uleb128 0x19
 502 02ce F7010000 		.4byte	.LASF41
 503 02d2 01       		.byte	0x1
 504 02d3 2D       		.byte	0x2d
 505 02d4 DE020000 		.4byte	0x2de
 506 02d8 05       		.uleb128 0x5
 507 02d9 03       		.byte	0x3
 508 02da 00000000 		.4byte	RTE_eventActivationTable_tsk_io
 509 02de 18       		.uleb128 0x18
 510 02df B8020000 		.4byte	0x2b8
 511 02e3 19       		.uleb128 0x19
 512 02e4 3C010000 		.4byte	.LASF42
 513 02e8 01       		.byte	0x1
 514 02e9 30       		.byte	0x30
 515 02ea B3020000 		.4byte	0x2b3
 516 02ee 05       		.uleb128 0x5
 517 02ef 03       		.byte	0x3
 518 02f0 00000000 		.4byte	RTE_eventActivation_tsk_io_size
 519 02f4 1A       		.uleb128 0x1a
 520 02f5 00000000 		.4byte	.LASF43
 521 02f9 00000000 		.4byte	.LASF43
 522 02fd 0D       		.byte	0xd
 523 02fe 5901     		.2byte	0x159
 524 0300 1A       		.uleb128 0x1a
 525 0301 B4030000 		.4byte	.LASF44
 526 0305 B4030000 		.4byte	.LASF44
ARM GAS  C:\Users\91819\AppData\Local\Temp\ccPOBYZa.s 			page 12


 527 0309 0D       		.byte	0xd
 528 030a 5401     		.2byte	0x154
 529 030c 1A       		.uleb128 0x1a
 530 030d DB010000 		.4byte	.LASF45
 531 0311 DB010000 		.4byte	.LASF45
 532 0315 0D       		.byte	0xd
 533 0316 4F01     		.2byte	0x14f
 534 0318 1B       		.uleb128 0x1b
 535 0319 AF010000 		.4byte	.LASF46
 536 031d AF010000 		.4byte	.LASF46
 537 0321 08       		.byte	0x8
 538 0322 8E       		.byte	0x8e
 539 0323 1B       		.uleb128 0x1b
 540 0324 89020000 		.4byte	.LASF47
 541 0328 89020000 		.4byte	.LASF47
 542 032c 08       		.byte	0x8
 543 032d 97       		.byte	0x97
 544 032e 00       		.byte	0
 545              		.section	.debug_abbrev,"",%progbits
 546              	.Ldebug_abbrev0:
 547 0000 01       		.uleb128 0x1
 548 0001 11       		.uleb128 0x11
 549 0002 01       		.byte	0x1
 550 0003 25       		.uleb128 0x25
 551 0004 0E       		.uleb128 0xe
 552 0005 13       		.uleb128 0x13
 553 0006 0B       		.uleb128 0xb
 554 0007 03       		.uleb128 0x3
 555 0008 0E       		.uleb128 0xe
 556 0009 1B       		.uleb128 0x1b
 557 000a 0E       		.uleb128 0xe
 558 000b 55       		.uleb128 0x55
 559 000c 17       		.uleb128 0x17
 560 000d 11       		.uleb128 0x11
 561 000e 01       		.uleb128 0x1
 562 000f 10       		.uleb128 0x10
 563 0010 17       		.uleb128 0x17
 564 0011 00       		.byte	0
 565 0012 00       		.byte	0
 566 0013 02       		.uleb128 0x2
 567 0014 24       		.uleb128 0x24
 568 0015 00       		.byte	0
 569 0016 0B       		.uleb128 0xb
 570 0017 0B       		.uleb128 0xb
 571 0018 3E       		.uleb128 0x3e
 572 0019 0B       		.uleb128 0xb
 573 001a 03       		.uleb128 0x3
 574 001b 0E       		.uleb128 0xe
 575 001c 00       		.byte	0
 576 001d 00       		.byte	0
 577 001e 03       		.uleb128 0x3
 578 001f 16       		.uleb128 0x16
 579 0020 00       		.byte	0
 580 0021 03       		.uleb128 0x3
 581 0022 0E       		.uleb128 0xe
 582 0023 3A       		.uleb128 0x3a
 583 0024 0B       		.uleb128 0xb
ARM GAS  C:\Users\91819\AppData\Local\Temp\ccPOBYZa.s 			page 13


 584 0025 3B       		.uleb128 0x3b
 585 0026 0B       		.uleb128 0xb
 586 0027 49       		.uleb128 0x49
 587 0028 13       		.uleb128 0x13
 588 0029 00       		.byte	0
 589 002a 00       		.byte	0
 590 002b 04       		.uleb128 0x4
 591 002c 24       		.uleb128 0x24
 592 002d 00       		.byte	0
 593 002e 0B       		.uleb128 0xb
 594 002f 0B       		.uleb128 0xb
 595 0030 3E       		.uleb128 0x3e
 596 0031 0B       		.uleb128 0xb
 597 0032 03       		.uleb128 0x3
 598 0033 08       		.uleb128 0x8
 599 0034 00       		.byte	0
 600 0035 00       		.byte	0
 601 0036 05       		.uleb128 0x5
 602 0037 16       		.uleb128 0x16
 603 0038 00       		.byte	0
 604 0039 03       		.uleb128 0x3
 605 003a 0E       		.uleb128 0xe
 606 003b 3A       		.uleb128 0x3a
 607 003c 0B       		.uleb128 0xb
 608 003d 3B       		.uleb128 0x3b
 609 003e 05       		.uleb128 0x5
 610 003f 49       		.uleb128 0x49
 611 0040 13       		.uleb128 0x13
 612 0041 00       		.byte	0
 613 0042 00       		.byte	0
 614 0043 06       		.uleb128 0x6
 615 0044 0F       		.uleb128 0xf
 616 0045 00       		.byte	0
 617 0046 0B       		.uleb128 0xb
 618 0047 0B       		.uleb128 0xb
 619 0048 49       		.uleb128 0x49
 620 0049 13       		.uleb128 0x13
 621 004a 00       		.byte	0
 622 004b 00       		.byte	0
 623 004c 07       		.uleb128 0x7
 624 004d 15       		.uleb128 0x15
 625 004e 01       		.byte	0x1
 626 004f 27       		.uleb128 0x27
 627 0050 19       		.uleb128 0x19
 628 0051 01       		.uleb128 0x1
 629 0052 13       		.uleb128 0x13
 630 0053 00       		.byte	0
 631 0054 00       		.byte	0
 632 0055 08       		.uleb128 0x8
 633 0056 05       		.uleb128 0x5
 634 0057 00       		.byte	0
 635 0058 49       		.uleb128 0x49
 636 0059 13       		.uleb128 0x13
 637 005a 00       		.byte	0
 638 005b 00       		.byte	0
 639 005c 09       		.uleb128 0x9
 640 005d 13       		.uleb128 0x13
ARM GAS  C:\Users\91819\AppData\Local\Temp\ccPOBYZa.s 			page 14


 641 005e 01       		.byte	0x1
 642 005f 0B       		.uleb128 0xb
 643 0060 0B       		.uleb128 0xb
 644 0061 3A       		.uleb128 0x3a
 645 0062 0B       		.uleb128 0xb
 646 0063 3B       		.uleb128 0x3b
 647 0064 0B       		.uleb128 0xb
 648 0065 01       		.uleb128 0x1
 649 0066 13       		.uleb128 0x13
 650 0067 00       		.byte	0
 651 0068 00       		.byte	0
 652 0069 0A       		.uleb128 0xa
 653 006a 0D       		.uleb128 0xd
 654 006b 00       		.byte	0
 655 006c 03       		.uleb128 0x3
 656 006d 08       		.uleb128 0x8
 657 006e 3A       		.uleb128 0x3a
 658 006f 0B       		.uleb128 0xb
 659 0070 3B       		.uleb128 0x3b
 660 0071 0B       		.uleb128 0xb
 661 0072 49       		.uleb128 0x49
 662 0073 13       		.uleb128 0x13
 663 0074 38       		.uleb128 0x38
 664 0075 0B       		.uleb128 0xb
 665 0076 00       		.byte	0
 666 0077 00       		.byte	0
 667 0078 0B       		.uleb128 0xb
 668 0079 0D       		.uleb128 0xd
 669 007a 00       		.byte	0
 670 007b 03       		.uleb128 0x3
 671 007c 0E       		.uleb128 0xe
 672 007d 3A       		.uleb128 0x3a
 673 007e 0B       		.uleb128 0xb
 674 007f 3B       		.uleb128 0x3b
 675 0080 0B       		.uleb128 0xb
 676 0081 49       		.uleb128 0x49
 677 0082 13       		.uleb128 0x13
 678 0083 38       		.uleb128 0x38
 679 0084 0B       		.uleb128 0xb
 680 0085 00       		.byte	0
 681 0086 00       		.byte	0
 682 0087 0C       		.uleb128 0xc
 683 0088 2E       		.uleb128 0x2e
 684 0089 01       		.byte	0x1
 685 008a 3F       		.uleb128 0x3f
 686 008b 19       		.uleb128 0x19
 687 008c 03       		.uleb128 0x3
 688 008d 0E       		.uleb128 0xe
 689 008e 3A       		.uleb128 0x3a
 690 008f 0B       		.uleb128 0xb
 691 0090 3B       		.uleb128 0x3b
 692 0091 0B       		.uleb128 0xb
 693 0092 27       		.uleb128 0x27
 694 0093 19       		.uleb128 0x19
 695 0094 8701     		.uleb128 0x87
 696 0096 19       		.uleb128 0x19
 697 0097 11       		.uleb128 0x11
ARM GAS  C:\Users\91819\AppData\Local\Temp\ccPOBYZa.s 			page 15


 698 0098 01       		.uleb128 0x1
 699 0099 12       		.uleb128 0x12
 700 009a 06       		.uleb128 0x6
 701 009b 40       		.uleb128 0x40
 702 009c 18       		.uleb128 0x18
 703 009d 9742     		.uleb128 0x2117
 704 009f 19       		.uleb128 0x19
 705 00a0 01       		.uleb128 0x1
 706 00a1 13       		.uleb128 0x13
 707 00a2 00       		.byte	0
 708 00a3 00       		.byte	0
 709 00a4 0D       		.uleb128 0xd
 710 00a5 34       		.uleb128 0x34
 711 00a6 00       		.byte	0
 712 00a7 03       		.uleb128 0x3
 713 00a8 0E       		.uleb128 0xe
 714 00a9 3A       		.uleb128 0x3a
 715 00aa 0B       		.uleb128 0xb
 716 00ab 3B       		.uleb128 0x3b
 717 00ac 0B       		.uleb128 0xb
 718 00ad 49       		.uleb128 0x49
 719 00ae 13       		.uleb128 0x13
 720 00af 02       		.uleb128 0x2
 721 00b0 18       		.uleb128 0x18
 722 00b1 00       		.byte	0
 723 00b2 00       		.byte	0
 724 00b3 0E       		.uleb128 0xe
 725 00b4 34       		.uleb128 0x34
 726 00b5 00       		.byte	0
 727 00b6 03       		.uleb128 0x3
 728 00b7 08       		.uleb128 0x8
 729 00b8 3A       		.uleb128 0x3a
 730 00b9 0B       		.uleb128 0xb
 731 00ba 3B       		.uleb128 0x3b
 732 00bb 0B       		.uleb128 0xb
 733 00bc 49       		.uleb128 0x49
 734 00bd 13       		.uleb128 0x13
 735 00be 02       		.uleb128 0x2
 736 00bf 18       		.uleb128 0x18
 737 00c0 00       		.byte	0
 738 00c1 00       		.byte	0
 739 00c2 0F       		.uleb128 0xf
 740 00c3 898201   		.uleb128 0x4109
 741 00c6 01       		.byte	0x1
 742 00c7 11       		.uleb128 0x11
 743 00c8 01       		.uleb128 0x1
 744 00c9 31       		.uleb128 0x31
 745 00ca 13       		.uleb128 0x13
 746 00cb 01       		.uleb128 0x1
 747 00cc 13       		.uleb128 0x13
 748 00cd 00       		.byte	0
 749 00ce 00       		.byte	0
 750 00cf 10       		.uleb128 0x10
 751 00d0 8A8201   		.uleb128 0x410a
 752 00d3 00       		.byte	0
 753 00d4 02       		.uleb128 0x2
 754 00d5 18       		.uleb128 0x18
ARM GAS  C:\Users\91819\AppData\Local\Temp\ccPOBYZa.s 			page 16


 755 00d6 9142     		.uleb128 0x2111
 756 00d8 18       		.uleb128 0x18
 757 00d9 00       		.byte	0
 758 00da 00       		.byte	0
 759 00db 11       		.uleb128 0x11
 760 00dc 898201   		.uleb128 0x4109
 761 00df 00       		.byte	0
 762 00e0 11       		.uleb128 0x11
 763 00e1 01       		.uleb128 0x1
 764 00e2 31       		.uleb128 0x31
 765 00e3 13       		.uleb128 0x13
 766 00e4 00       		.byte	0
 767 00e5 00       		.byte	0
 768 00e6 12       		.uleb128 0x12
 769 00e7 898201   		.uleb128 0x4109
 770 00ea 01       		.byte	0x1
 771 00eb 11       		.uleb128 0x11
 772 00ec 01       		.uleb128 0x1
 773 00ed 31       		.uleb128 0x31
 774 00ee 13       		.uleb128 0x13
 775 00ef 00       		.byte	0
 776 00f0 00       		.byte	0
 777 00f1 13       		.uleb128 0x13
 778 00f2 34       		.uleb128 0x34
 779 00f3 00       		.byte	0
 780 00f4 03       		.uleb128 0x3
 781 00f5 0E       		.uleb128 0xe
 782 00f6 3A       		.uleb128 0x3a
 783 00f7 0B       		.uleb128 0xb
 784 00f8 3B       		.uleb128 0x3b
 785 00f9 0B       		.uleb128 0xb
 786 00fa 49       		.uleb128 0x49
 787 00fb 13       		.uleb128 0x13
 788 00fc 3F       		.uleb128 0x3f
 789 00fd 19       		.uleb128 0x19
 790 00fe 3C       		.uleb128 0x3c
 791 00ff 19       		.uleb128 0x19
 792 0100 00       		.byte	0
 793 0101 00       		.byte	0
 794 0102 14       		.uleb128 0x14
 795 0103 34       		.uleb128 0x34
 796 0104 00       		.byte	0
 797 0105 03       		.uleb128 0x3
 798 0106 0E       		.uleb128 0xe
 799 0107 3A       		.uleb128 0x3a
 800 0108 0B       		.uleb128 0xb
 801 0109 3B       		.uleb128 0x3b
 802 010a 05       		.uleb128 0x5
 803 010b 49       		.uleb128 0x49
 804 010c 13       		.uleb128 0x13
 805 010d 3F       		.uleb128 0x3f
 806 010e 19       		.uleb128 0x19
 807 010f 3C       		.uleb128 0x3c
 808 0110 19       		.uleb128 0x19
 809 0111 00       		.byte	0
 810 0112 00       		.byte	0
 811 0113 15       		.uleb128 0x15
ARM GAS  C:\Users\91819\AppData\Local\Temp\ccPOBYZa.s 			page 17


 812 0114 35       		.uleb128 0x35
 813 0115 00       		.byte	0
 814 0116 49       		.uleb128 0x49
 815 0117 13       		.uleb128 0x13
 816 0118 00       		.byte	0
 817 0119 00       		.byte	0
 818 011a 16       		.uleb128 0x16
 819 011b 01       		.uleb128 0x1
 820 011c 01       		.byte	0x1
 821 011d 49       		.uleb128 0x49
 822 011e 13       		.uleb128 0x13
 823 011f 01       		.uleb128 0x1
 824 0120 13       		.uleb128 0x13
 825 0121 00       		.byte	0
 826 0122 00       		.byte	0
 827 0123 17       		.uleb128 0x17
 828 0124 21       		.uleb128 0x21
 829 0125 00       		.byte	0
 830 0126 49       		.uleb128 0x49
 831 0127 13       		.uleb128 0x13
 832 0128 2F       		.uleb128 0x2f
 833 0129 0B       		.uleb128 0xb
 834 012a 00       		.byte	0
 835 012b 00       		.byte	0
 836 012c 18       		.uleb128 0x18
 837 012d 26       		.uleb128 0x26
 838 012e 00       		.byte	0
 839 012f 49       		.uleb128 0x49
 840 0130 13       		.uleb128 0x13
 841 0131 00       		.byte	0
 842 0132 00       		.byte	0
 843 0133 19       		.uleb128 0x19
 844 0134 34       		.uleb128 0x34
 845 0135 00       		.byte	0
 846 0136 03       		.uleb128 0x3
 847 0137 0E       		.uleb128 0xe
 848 0138 3A       		.uleb128 0x3a
 849 0139 0B       		.uleb128 0xb
 850 013a 3B       		.uleb128 0x3b
 851 013b 0B       		.uleb128 0xb
 852 013c 49       		.uleb128 0x49
 853 013d 13       		.uleb128 0x13
 854 013e 3F       		.uleb128 0x3f
 855 013f 19       		.uleb128 0x19
 856 0140 02       		.uleb128 0x2
 857 0141 18       		.uleb128 0x18
 858 0142 00       		.byte	0
 859 0143 00       		.byte	0
 860 0144 1A       		.uleb128 0x1a
 861 0145 2E       		.uleb128 0x2e
 862 0146 00       		.byte	0
 863 0147 3F       		.uleb128 0x3f
 864 0148 19       		.uleb128 0x19
 865 0149 3C       		.uleb128 0x3c
 866 014a 19       		.uleb128 0x19
 867 014b 6E       		.uleb128 0x6e
 868 014c 0E       		.uleb128 0xe
ARM GAS  C:\Users\91819\AppData\Local\Temp\ccPOBYZa.s 			page 18


 869 014d 03       		.uleb128 0x3
 870 014e 0E       		.uleb128 0xe
 871 014f 3A       		.uleb128 0x3a
 872 0150 0B       		.uleb128 0xb
 873 0151 3B       		.uleb128 0x3b
 874 0152 05       		.uleb128 0x5
 875 0153 00       		.byte	0
 876 0154 00       		.byte	0
 877 0155 1B       		.uleb128 0x1b
 878 0156 2E       		.uleb128 0x2e
 879 0157 00       		.byte	0
 880 0158 3F       		.uleb128 0x3f
 881 0159 19       		.uleb128 0x19
 882 015a 3C       		.uleb128 0x3c
 883 015b 19       		.uleb128 0x19
 884 015c 6E       		.uleb128 0x6e
 885 015d 0E       		.uleb128 0xe
 886 015e 03       		.uleb128 0x3
 887 015f 0E       		.uleb128 0xe
 888 0160 3A       		.uleb128 0x3a
 889 0161 0B       		.uleb128 0xb
 890 0162 3B       		.uleb128 0x3b
 891 0163 0B       		.uleb128 0xb
 892 0164 00       		.byte	0
 893 0165 00       		.byte	0
 894 0166 00       		.byte	0
 895              		.section	.debug_aranges,"",%progbits
 896 0000 1C000000 		.4byte	0x1c
 897 0004 0200     		.2byte	0x2
 898 0006 00000000 		.4byte	.Ldebug_info0
 899 000a 04       		.byte	0x4
 900 000b 00       		.byte	0
 901 000c 0000     		.2byte	0
 902 000e 0000     		.2byte	0
 903 0010 00000000 		.4byte	.LFB110
 904 0014 58000000 		.4byte	.LFE110-.LFB110
 905 0018 00000000 		.4byte	0
 906 001c 00000000 		.4byte	0
 907              		.section	.debug_ranges,"",%progbits
 908              	.Ldebug_ranges0:
 909 0000 00000000 		.4byte	.LFB110
 910 0004 58000000 		.4byte	.LFE110
 911 0008 00000000 		.4byte	0
 912 000c 00000000 		.4byte	0
 913              		.section	.debug_line,"",%progbits
 914              	.Ldebug_line0:
 915 0000 82020000 		.section	.debug_str,"MS",%progbits,1
 915      02005B02 
 915      00000201 
 915      FB0E0D00 
 915      01010101 
 916              	.LASF43:
 917 0000 45455F6F 		.ascii	"EE_oo_WaitEvent\000"
 917      6F5F5761 
 917      69744576 
 917      656E7400 
 918              	.LASF31:
ARM GAS  C:\Users\91819\AppData\Local\Temp\ccPOBYZa.s 			page 19


 919 0010 5254455F 		.ascii	"RTE_eventTable_t\000"
 919      6576656E 
 919      74546162 
 919      6C655F74 
 919      00
 920              	.LASF5:
 921 0021 5F5F696E 		.ascii	"__int32_t\000"
 921      7433325F 
 921      7400
 922              	.LASF24:
 923 002b 4576656E 		.ascii	"EventMaskType\000"
 923      744D6173 
 923      6B547970 
 923      6500
 924              	.LASF16:
 925 0039 646F7562 		.ascii	"double\000"
 925      6C6500
 926              	.LASF34:
 927 0040 45455F6F 		.ascii	"EE_oo_IRQ_suspend_status\000"
 927      6F5F4952 
 927      515F7375 
 927      7370656E 
 927      645F7374 
 928              	.LASF23:
 929 0059 45455F54 		.ascii	"EE_TID\000"
 929      494400
 930              	.LASF15:
 931 0060 666C6F61 		.ascii	"float\000"
 931      7400
 932              	.LASF36:
 933 0066 45455F73 		.ascii	"EE_std_endcycle_next_tid\000"
 933      74645F65 
 933      6E646379 
 933      636C655F 
 933      6E657874 
 934              	.LASF10:
 935 007f 6C6F6E67 		.ascii	"long long unsigned int\000"
 935      206C6F6E 
 935      6720756E 
 935      7369676E 
 935      65642069 
 936              	.LASF28:
 937 0096 6379636C 		.ascii	"cycleTime\000"
 937      6554696D 
 937      6500
 938              	.LASF1:
 939 00a0 756E7369 		.ascii	"unsigned char\000"
 939      676E6564 
 939      20636861 
 939      7200
 940              	.LASF48:
 941 00ae 474E5520 		.ascii	"GNU C11 5.4.1 20160609 (release) [ARM/embedded-5-br"
 941      43313120 
 941      352E342E 
 941      31203230 
 941      31363036 
 942 00e1 616E6368 		.ascii	"anch revision 237715] -mcpu=cortex-m3 -mthumb -g -O"
ARM GAS  C:\Users\91819\AppData\Local\Temp\ccPOBYZa.s 			page 20


 942      20726576 
 942      6973696F 
 942      6E203233 
 942      37373135 
 943 0114 67202D66 		.ascii	"g -ffunction-sections -ffat-lto-objects\000"
 943      66756E63 
 943      74696F6E 
 943      2D736563 
 943      74696F6E 
 944              	.LASF42:
 945 013c 5254455F 		.ascii	"RTE_eventActivation_tsk_io_size\000"
 945      6576656E 
 945      74416374 
 945      69766174 
 945      696F6E5F 
 946              	.LASF19:
 947 015c 45455F49 		.ascii	"EE_INT32\000"
 947      4E543332 
 947      00
 948              	.LASF8:
 949 0165 6C6F6E67 		.ascii	"long unsigned int\000"
 949      20756E73 
 949      69676E65 
 949      6420696E 
 949      7400
 950              	.LASF3:
 951 0177 73686F72 		.ascii	"short unsigned int\000"
 951      7420756E 
 951      7369676E 
 951      65642069 
 951      6E7400
 952              	.LASF33:
 953 018a 45455F6F 		.ascii	"EE_oo_IRQ_disable_count\000"
 953      6F5F4952 
 953      515F6469 
 953      7361626C 
 953      655F636F 
 954              	.LASF38:
 955 01a2 49544D5F 		.ascii	"ITM_RxBuffer\000"
 955      52784275 
 955      66666572 
 955      00
 956              	.LASF46:
 957 01af 5254455F 		.ascii	"RTE_ProcessCyclicTable\000"
 957      50726F63 
 957      65737343 
 957      79636C69 
 957      63546162 
 958              	.LASF4:
 959 01c6 5F5F7569 		.ascii	"__uint16_t\000"
 959      6E743136 
 959      5F7400
 960              	.LASF26:
 961 01d1 5254455F 		.ascii	"RTE_event\000"
 961      6576656E 
 961      7400
 962              	.LASF45:
ARM GAS  C:\Users\91819\AppData\Local\Temp\ccPOBYZa.s 			page 21


 963 01db 45455F6F 		.ascii	"EE_oo_ClearEvent\000"
 963      6F5F436C 
 963      65617245 
 963      76656E74 
 963      00
 964              	.LASF7:
 965 01ec 5F5F7569 		.ascii	"__uint32_t\000"
 965      6E743332 
 965      5F7400
 966              	.LASF41:
 967 01f7 5254455F 		.ascii	"RTE_eventActivationTable_tsk_io\000"
 967      6576656E 
 967      74416374 
 967      69766174 
 967      696F6E54 
 968              	.LASF49:
 969 0217 736F7572 		.ascii	"source\\asw\\tsk_io.c\000"
 969      63655C61 
 969      73775C74 
 969      736B5F69 
 969      6F2E6300 
 970              	.LASF30:
 971 022b 6576656E 		.ascii	"event\000"
 971      7400
 972              	.LASF29:
 973 0231 5254455F 		.ascii	"RTE_cyclicTable_t\000"
 973      6379636C 
 973      69635461 
 973      626C655F 
 973      7400
 974              	.LASF11:
 975 0243 756E7369 		.ascii	"unsigned int\000"
 975      676E6564 
 975      20696E74 
 975      00
 976              	.LASF22:
 977 0250 45455F46 		.ascii	"EE_FREG\000"
 977      52454700 
 978              	.LASF20:
 979 0258 45455F55 		.ascii	"EE_UINT32\000"
 979      494E5433 
 979      3200
 980              	.LASF32:
 981 0262 7469636B 		.ascii	"ticktime\000"
 981      74696D65 
 981      00
 982              	.LASF51:
 983 026b 46756E63 		.ascii	"Functsk_io\000"
 983      74736B5F 
 983      696F00
 984              	.LASF35:
 985 0276 45455F41 		.ascii	"EE_ApplicationMode\000"
 985      70706C69 
 985      63617469 
 985      6F6E4D6F 
 985      646500
 986              	.LASF47:
ARM GAS  C:\Users\91819\AppData\Local\Temp\ccPOBYZa.s 			page 22


 987 0289 5254455F 		.ascii	"RTE_ProcessEventTable\000"
 987      50726F63 
 987      65737345 
 987      76656E74 
 987      5461626C 
 988              	.LASF13:
 989 029f 696E7433 		.ascii	"int32_t\000"
 989      325F7400 
 990              	.LASF25:
 991 02a7 73697A65 		.ascii	"sizetype\000"
 991      74797065 
 991      00
 992              	.LASF50:
 993 02b0 433A5C55 		.ascii	"C:\\Users\\91819\\Documents\\HDA_Sem2\\EAA\\Assignm"
 993      73657273 
 993      5C393138 
 993      31395C44 
 993      6F63756D 
 994 02dd 656E7473 		.ascii	"ents\\Assignment1_RTE\\autosar_01.cydsn (2)\\autosa"
 994      5C417373 
 994      69676E6D 
 994      656E7431 
 994      5F525445 
 995 030d 725F3031 		.ascii	"r_01.cydsn\000"
 995      2E637964 
 995      736E00
 996              	.LASF9:
 997 0318 6C6F6E67 		.ascii	"long long int\000"
 997      206C6F6E 
 997      6720696E 
 997      7400
 998              	.LASF17:
 999 0326 63686172 		.ascii	"char\000"
 999      00
 1000              	.LASF21:
 1001 032b 45455F55 		.ascii	"EE_UREG\000"
 1001      52454700 
 1002              	.LASF37:
 1003 0333 45455F49 		.ascii	"EE_IRQ_nesting_level\000"
 1003      52515F6E 
 1003      65737469 
 1003      6E675F6C 
 1003      6576656C 
 1004              	.LASF12:
 1005 0348 75696E74 		.ascii	"uint16_t\000"
 1005      31365F74 
 1005      00
 1006              	.LASF2:
 1007 0351 73686F72 		.ascii	"short int\000"
 1007      7420696E 
 1007      7400
 1008              	.LASF40:
 1009 035b 5254455F 		.ascii	"RTE_cyclicActivation_tsk_io_size\000"
 1009      6379636C 
 1009      69634163 
 1009      74697661 
 1009      74696F6E 
ARM GAS  C:\Users\91819\AppData\Local\Temp\ccPOBYZa.s 			page 23


 1010              	.LASF14:
 1011 037c 75696E74 		.ascii	"uint32_t\000"
 1011      33325F74 
 1011      00
 1012              	.LASF6:
 1013 0385 6C6F6E67 		.ascii	"long int\000"
 1013      20696E74 
 1013      00
 1014              	.LASF18:
 1015 038e 6C6F6E67 		.ascii	"long double\000"
 1015      20646F75 
 1015      626C6500 
 1016              	.LASF0:
 1017 039a 7369676E 		.ascii	"signed char\000"
 1017      65642063 
 1017      68617200 
 1018              	.LASF27:
 1019 03a6 5254455F 		.ascii	"RTE_pRunnable\000"
 1019      7052756E 
 1019      6E61626C 
 1019      6500
 1020              	.LASF44:
 1021 03b4 45455F6F 		.ascii	"EE_oo_GetEvent\000"
 1021      6F5F4765 
 1021      74457665 
 1021      6E7400
 1022              	.LASF39:
 1023 03c3 5254455F 		.ascii	"RTE_cyclicActivationTable_tsk_io\000"
 1023      6379636C 
 1023      69634163 
 1023      74697661 
 1023      74696F6E 
 1024              		.ident	"GCC: (GNU Tools for ARM Embedded Processors) 5.4.1 20160609 (release) [ARM/embedded-5-bran
