ARM GAS  C:\Users\91819\AppData\Local\Temp\ccXEkpog.s 			page 1


   1              		.syntax unified
   2              		.cpu cortex-m3
   3              		.fpu softvfp
   4              		.eabi_attribute 20, 1
   5              		.eabi_attribute 21, 1
   6              		.eabi_attribute 23, 3
   7              		.eabi_attribute 24, 1
   8              		.eabi_attribute 25, 1
   9              		.eabi_attribute 26, 1
  10              		.eabi_attribute 30, 1
  11              		.eabi_attribute 34, 1
  12              		.eabi_attribute 18, 4
  13              		.thumb
  14              		.syntax unified
  15              		.file	"tsk_system.c"
  16              		.text
  17              	.Ltext0:
  18              		.cfi_sections	.debug_frame
  19              		.section	.text.Functsk_system,"ax",%progbits
  20              		.align	2
  21              		.global	Functsk_system
  22              		.thumb
  23              		.thumb_func
  24              		.type	Functsk_system, %function
  25              	Functsk_system:
  26              	.LFB140:
  27              		.file 1 "source\\asw\\tsk_system.c"
   1:source\asw/tsk_system.c **** 
   2:source\asw/tsk_system.c **** 
   3:source\asw/tsk_system.c **** /*
   4:source\asw/tsk_system.c ****  * Filename: tsk_system.c
   5:source\asw/tsk_system.c ****  *
   6:source\asw/tsk_system.c ****  * Author: Autogenerated by H-DA RTE Generator, (c) Prof. Fromm
   7:source\asw/tsk_system.c ****  */
   8:source\asw/tsk_system.c **** 
   9:source\asw/tsk_system.c **** #include "project.h"
  10:source\asw/tsk_system.c **** #include "global.h"
  11:source\asw/tsk_system.c **** #include "rte.h"
  12:source\asw/tsk_system.c **** #include "rte_types.h"
  13:source\asw/tsk_system.c **** #include "tsk_system.h"
  14:source\asw/tsk_system.c **** #include "sp_common.h"
  15:source\asw/tsk_system.c **** 
  16:source\asw/tsk_system.c **** 
  17:source\asw/tsk_system.c **** 
  18:source\asw/tsk_system.c **** /* USER CODE START TSK_SYSTEM_INCLUDE */
  19:source\asw/tsk_system.c **** 
  20:source\asw/tsk_system.c **** /* USER CODE END TSK_SYSTEM_INCLUDE */
  21:source\asw/tsk_system.c **** 
  22:source\asw/tsk_system.c **** 
  23:source\asw/tsk_system.c **** 
  24:source\asw/tsk_system.c **** 
  25:source\asw/tsk_system.c **** /* USER CODE START TSK_SYSTEM_USERDEFINITIONS */
  26:source\asw/tsk_system.c **** 
  27:source\asw/tsk_system.c **** /* USER CODE END TSK_SYSTEM_USERDEFINITIONS */
  28:source\asw/tsk_system.c **** 
  29:source\asw/tsk_system.c **** /*******************************************************************************
  30:source\asw/tsk_system.c ****  * Runnable Tables from Activation Engine
ARM GAS  C:\Users\91819\AppData\Local\Temp\ccXEkpog.s 			page 2


  31:source\asw/tsk_system.c ****  *******************************************************************************/
  32:source\asw/tsk_system.c **** 
  33:source\asw/tsk_system.c **** /* Cyclic Table */
  34:source\asw/tsk_system.c **** 
  35:source\asw/tsk_system.c **** const RTE_cyclicTable_t RTE_cyclicActivationTable_tsk_system[] = {
  36:source\asw/tsk_system.c **** };
  37:source\asw/tsk_system.c **** const uint16_t RTE_cyclicActivation_tsk_system_size = sizeof (RTE_cyclicActivationTable_tsk_system)
  38:source\asw/tsk_system.c **** 
  39:source\asw/tsk_system.c **** 
  40:source\asw/tsk_system.c **** /*******************************************************************************
  41:source\asw/tsk_system.c ****  * Task Body
  42:source\asw/tsk_system.c ****  *******************************************************************************/
  43:source\asw/tsk_system.c **** 
  44:source\asw/tsk_system.c **** 
  45:source\asw/tsk_system.c **** /*
  46:source\asw/tsk_system.c **** * description: the task will contain tick of 1ms, background counter
  47:source\asw/tsk_system.c **** * events: 
  48:source\asw/tsk_system.c **** * mode: Cyclic
  49:source\asw/tsk_system.c **** * name: tsk_system
  50:source\asw/tsk_system.c **** * shortname: system
  51:source\asw/tsk_system.c **** * signalpoolsRO: sp_common
  52:source\asw/tsk_system.c **** * signalpoolsRW: sp_common
  53:source\asw/tsk_system.c **** * tickEvent: 0
  54:source\asw/tsk_system.c **** * timertickperiod: 1
  55:source\asw/tsk_system.c **** */
  56:source\asw/tsk_system.c **** TASK(tsk_system)
  57:source\asw/tsk_system.c **** {
  28              		.loc 1 57 0
  29              		.cfi_startproc
  30              		@ args = 0, pretend = 0, frame = 0
  31              		@ frame_needed = 0, uses_anonymous_args = 0
  32 0000 08B5     		push	{r3, lr}
  33              		.cfi_def_cfa_offset 8
  34              		.cfi_offset 3, -8
  35              		.cfi_offset 14, -4
  58:source\asw/tsk_system.c **** 	/* ticktime of the task */
  59:source\asw/tsk_system.c **** 	static uint32_t ticktime = 0;
  60:source\asw/tsk_system.c **** 
  61:source\asw/tsk_system.c **** 	/* USER CODE START TSK_SYSTEM_TASKBOBY_PRE */
  62:source\asw/tsk_system.c **** 
  63:source\asw/tsk_system.c **** 	/* USER CODE END TSK_SYSTEM_TASKBODY_PRE */
  64:source\asw/tsk_system.c ****     
  65:source\asw/tsk_system.c ****     //Process all cyclic runnables which are due
  66:source\asw/tsk_system.c ****     RTE_ProcessCyclicTable(RTE_cyclicActivationTable_tsk_system, RTE_cyclicActivation_tsk_system_si
  36              		.loc 1 66 0
  37 0002 0C4B     		ldr	r3, .L5
  38 0004 1A68     		ldr	r2, [r3]
  39 0006 0021     		movs	r1, #0
  40 0008 0B48     		ldr	r0, .L5+4
  41 000a FFF7FEFF 		bl	RTE_ProcessCyclicTable
  42              	.LVL0:
  43              	.LBB4:
  44              	.LBB5:
  45              		.file 2 ".\\source\\rte/sc_speed.h"
   1:.\source\rte/sc_speed.h **** 
   2:.\source\rte/sc_speed.h **** 
   3:.\source\rte/sc_speed.h **** /**
ARM GAS  C:\Users\91819\AppData\Local\Temp\ccXEkpog.s 			page 3


   4:.\source\rte/sc_speed.h **** *  file    SC_SPEED_signal.h
   5:.\source\rte/sc_speed.h **** *
   6:.\source\rte/sc_speed.h **** *  brief   signal base class for signal sc_speed
   7:.\source\rte/sc_speed.h **** *
   8:.\source\rte/sc_speed.h **** *  author  Autogenerated, Peter Fromm       <peter.fromm@h-da.de>
   9:.\source\rte/sc_speed.h **** *
  10:.\source\rte/sc_speed.h **** *
  11:.\source\rte/sc_speed.h **** */
  12:.\source\rte/sc_speed.h **** 
  13:.\source\rte/sc_speed.h **** /*
  14:.\source\rte/sc_speed.h **** * description: Signalclass
  15:.\source\rte/sc_speed.h **** * name: sc_speed
  16:.\source\rte/sc_speed.h **** * shortname: speed
  17:.\source\rte/sc_speed.h **** */
  18:.\source\rte/sc_speed.h **** 
  19:.\source\rte/sc_speed.h **** #ifndef SC_SPEED_SIGNAL_H_INCLUDED
  20:.\source\rte/sc_speed.h **** #define SC_SPEED_SIGNAL_H_INCLUDED
  21:.\source\rte/sc_speed.h **** 
  22:.\source\rte/sc_speed.h **** /*================================================[ public includes  ]=============================
  23:.\source\rte/sc_speed.h **** #include "global.h"
  24:.\source\rte/sc_speed.h **** #include "project.h"
  25:.\source\rte/sc_speed.h **** #include "rte.h"
  26:.\source\rte/sc_speed.h **** #include "rte_types.h"
  27:.\source\rte/sc_speed.h **** 
  28:.\source\rte/sc_speed.h **** #include "sc_speed_type.h"
  29:.\source\rte/sc_speed.h **** 
  30:.\source\rte/sc_speed.h **** 
  31:.\source\rte/sc_speed.h **** /**************************************************************************************************
  32:.\source\rte/sc_speed.h **** /* The driver API block																						*/
  33:.\source\rte/sc_speed.h **** /**************************************************************************************************
  34:.\source\rte/sc_speed.h ****                                                                                                    
  35:.\source\rte/sc_speed.h **** /**
  36:.\source\rte/sc_speed.h ****  *  Definition of function types for driver interfaces.
  37:.\source\rte/sc_speed.h ****  *  I-Port
  38:.\source\rte/sc_speed.h ****  */
  39:.\source\rte/sc_speed.h **** typedef RC_t (*SC_SPEED_driverIn_t)(SC_SPEED_data_t * const);
  40:.\source\rte/sc_speed.h **** 
  41:.\source\rte/sc_speed.h **** /**
  42:.\source\rte/sc_speed.h ****  *  Definition of function types for driver interfaces.
  43:.\source\rte/sc_speed.h ****  *  O-Port
  44:.\source\rte/sc_speed.h ****  */
  45:.\source\rte/sc_speed.h **** typedef RC_t (*SC_SPEED_driverOut_t)( const SC_SPEED_data_t * const);
  46:.\source\rte/sc_speed.h **** 
  47:.\source\rte/sc_speed.h **** 
  48:.\source\rte/sc_speed.h **** /**************************************************************************************************
  49:.\source\rte/sc_speed.h **** /* The signal configuration API block																				*/
  50:.\source\rte/sc_speed.h **** /**************************************************************************************************
  51:.\source\rte/sc_speed.h **** 
  52:.\source\rte/sc_speed.h **** /**
  53:.\source\rte/sc_speed.h ****  * Instances of the struct SC_SPEED_cfg_t represent the signal object configuration.
  54:.\source\rte/sc_speed.h ****  */
  55:.\source\rte/sc_speed.h **** struct SC_SPEED_cfg_s
  56:.\source\rte/sc_speed.h **** {
  57:.\source\rte/sc_speed.h ****     /**
  58:.\source\rte/sc_speed.h ****      * Function pointer to the input driver
  59:.\source\rte/sc_speed.h ****      */
  60:.\source\rte/sc_speed.h ****     SC_SPEED_driverIn_t const inDriver;
ARM GAS  C:\Users\91819\AppData\Local\Temp\ccXEkpog.s 			page 4


  61:.\source\rte/sc_speed.h **** 
  62:.\source\rte/sc_speed.h ****     /**
  63:.\source\rte/sc_speed.h ****      * Function pointer to the output driver table
  64:.\source\rte/sc_speed.h ****      */
  65:.\source\rte/sc_speed.h ****    SC_SPEED_driverOut_t const outDriver;
  66:.\source\rte/sc_speed.h ****    
  67:.\source\rte/sc_speed.h ****     /**
  68:.\source\rte/sc_speed.h ****      * Event onUpdate
  69:.\source\rte/sc_speed.h ****      */
  70:.\source\rte/sc_speed.h ****     EventMaskType const evOnUpdate;
  71:.\source\rte/sc_speed.h ****     
  72:.\source\rte/sc_speed.h ****     
  73:.\source\rte/sc_speed.h ****     /**
  74:.\source\rte/sc_speed.h ****      * Event onError
  75:.\source\rte/sc_speed.h ****      */
  76:.\source\rte/sc_speed.h ****     EventMaskType const evOnError;
  77:.\source\rte/sc_speed.h ****     
  78:.\source\rte/sc_speed.h ****     /**
  79:.\source\rte/sc_speed.h ****      * Task Count onUpdate
  80:.\source\rte/sc_speed.h ****      */
  81:.\source\rte/sc_speed.h ****     size_t const onUpdateTaskCount;
  82:.\source\rte/sc_speed.h **** 
  83:.\source\rte/sc_speed.h ****     /**
  84:.\source\rte/sc_speed.h ****      * Task List onUpdate
  85:.\source\rte/sc_speed.h ****      */
  86:.\source\rte/sc_speed.h ****     TaskTypeArray* const onUpdateTasks;
  87:.\source\rte/sc_speed.h ****     
  88:.\source\rte/sc_speed.h ****     /**
  89:.\source\rte/sc_speed.h ****      * Task Count onError
  90:.\source\rte/sc_speed.h ****      */
  91:.\source\rte/sc_speed.h ****     size_t const onErrorTaskCount;
  92:.\source\rte/sc_speed.h **** 
  93:.\source\rte/sc_speed.h ****     /**
  94:.\source\rte/sc_speed.h ****      * Task List onError
  95:.\source\rte/sc_speed.h ****      */
  96:.\source\rte/sc_speed.h ****     TaskTypeArray* const onErrorTasks;
  97:.\source\rte/sc_speed.h **** 	
  98:.\source\rte/sc_speed.h **** 	
  99:.\source\rte/sc_speed.h **** 	/**
 100:.\source\rte/sc_speed.h **** 	 * Ressourse is active? We need an additional boolean as a ressource value 0 is valid.
 101:.\source\rte/sc_speed.h **** 	 */
 102:.\source\rte/sc_speed.h **** 	 boolean_t const resourceActive;
 103:.\source\rte/sc_speed.h **** 	 
 104:.\source\rte/sc_speed.h **** 	/**
 105:.\source\rte/sc_speed.h **** 	 * Ressourse 
 106:.\source\rte/sc_speed.h **** 	 */
 107:.\source\rte/sc_speed.h **** 	 ResourceType const resource;
 108:.\source\rte/sc_speed.h **** 
 109:.\source\rte/sc_speed.h **** };                                                                                                 
 110:.\source\rte/sc_speed.h **** typedef const struct SC_SPEED_cfg_s SC_SPEED_cfg_t;
 111:.\source\rte/sc_speed.h ****                               
 112:.\source\rte/sc_speed.h **** /**************************************************************************************************
 113:.\source\rte/sc_speed.h **** /* The data interface block																							*/
 114:.\source\rte/sc_speed.h **** /**************************************************************************************************
 115:.\source\rte/sc_speed.h **** 
 116:.\source\rte/sc_speed.h ****                                                                                                    
 117:.\source\rte/sc_speed.h **** 							  
ARM GAS  C:\Users\91819\AppData\Local\Temp\ccXEkpog.s 			page 5


 118:.\source\rte/sc_speed.h **** /**
 119:.\source\rte/sc_speed.h ****  * Instances of the struct SC_SPEED_t represent the signal objects.
 120:.\source\rte/sc_speed.h ****  * A signal object contains the current application value 'value' as well as relevant meta data.
 121:.\source\rte/sc_speed.h ****  */
 122:.\source\rte/sc_speed.h **** struct SC_SPEED_s
 123:.\source\rte/sc_speed.h **** {                                                                                                  
 124:.\source\rte/sc_speed.h **** 
 125:.\source\rte/sc_speed.h **** 	/**
 126:.\source\rte/sc_speed.h **** 	 * Data buffer for the application value
 127:.\source\rte/sc_speed.h **** 	 */
 128:.\source\rte/sc_speed.h ****     SC_SPEED_data_t value;
 129:.\source\rte/sc_speed.h **** 
 130:.\source\rte/sc_speed.h ****     /**
 131:.\source\rte/sc_speed.h ****      * Current signal status
 132:.\source\rte/sc_speed.h ****      */
 133:.\source\rte/sc_speed.h ****     RTE_signalStatus_t status;
 134:.\source\rte/sc_speed.h **** 
 135:.\source\rte/sc_speed.h ****     /**
 136:.\source\rte/sc_speed.h ****      * Current age of the signal (in calling cycles)
 137:.\source\rte/sc_speed.h ****      */
 138:.\source\rte/sc_speed.h ****     uint32_t age;
 139:.\source\rte/sc_speed.h **** 
 140:.\source\rte/sc_speed.h ****     /**
 141:.\source\rte/sc_speed.h ****      * Pointer to the signal configuration
 142:.\source\rte/sc_speed.h ****      */
 143:.\source\rte/sc_speed.h **** 	const SC_SPEED_cfg_t * const    pSigCfg;
 144:.\source\rte/sc_speed.h **** 
 145:.\source\rte/sc_speed.h **** };                                                                                                 
 146:.\source\rte/sc_speed.h **** typedef struct SC_SPEED_s SC_SPEED_t;
 147:.\source\rte/sc_speed.h **** 
 148:.\source\rte/sc_speed.h **** /**************************************************************************************************
 149:.\source\rte/sc_speed.h **** /* Signal initialisation   																							*/
 150:.\source\rte/sc_speed.h **** /**************************************************************************************************
 151:.\source\rte/sc_speed.h **** 
 152:.\source\rte/sc_speed.h **** /**
 153:.\source\rte/sc_speed.h ****  * Initializes a signal instance with a passed init value.
 154:.\source\rte/sc_speed.h ****  * Depending on the configured conversion or scaling function the raw_value will be calculated.
 155:.\source\rte/sc_speed.h ****  * Signal status will change from RTE_SIGNALSTATUS_STARTUP to RTE_SIGNALSTATUS_INITIALIZED.
 156:.\source\rte/sc_speed.h ****  *
 157:.\source\rte/sc_speed.h ****  * @param  SC_SPEED_t * const signal: Pointer to the signal object which will be initialised
 158:.\source\rte/sc_speed.h ****  * @param const sc_speed_data_t * const value: Pointer to initial value of the application data
 159:.\source\rte/sc_speed.h ****  * @return RC_t: standard return code, currently only RC_SUCCESS
 160:.\source\rte/sc_speed.h ****  *
 161:.\source\rte/sc_speed.h ****  **/
 162:.\source\rte/sc_speed.h **** inline RC_t RTE_SC_SPEED_init( SC_SPEED_t * const signal, const SC_SPEED_data_t * const value )
 163:.\source\rte/sc_speed.h **** {                                                                                                  
 164:.\source\rte/sc_speed.h **** 
 165:.\source\rte/sc_speed.h ****    RC_t ret = RC_SUCCESS;
 166:.\source\rte/sc_speed.h **** 
 167:.\source\rte/sc_speed.h ****    //Set value and raw value
 168:.\source\rte/sc_speed.h ****    signal->value  = *value;
 169:.\source\rte/sc_speed.h ****    signal->age    = 0;
 170:.\source\rte/sc_speed.h ****    signal->status = RTE_SIGNALSTATUS_INITIALIZED;
 171:.\source\rte/sc_speed.h **** 
 172:.\source\rte/sc_speed.h ****    return ret;
 173:.\source\rte/sc_speed.h **** }
 174:.\source\rte/sc_speed.h **** 
ARM GAS  C:\Users\91819\AppData\Local\Temp\ccXEkpog.s 			page 6


 175:.\source\rte/sc_speed.h **** /**************************************************************************************************
 176:.\source\rte/sc_speed.h **** /* Status and timeout control																						*/
 177:.\source\rte/sc_speed.h **** /**************************************************************************************************
 178:.\source\rte/sc_speed.h **** 
 179:.\source\rte/sc_speed.h **** /**
 180:.\source\rte/sc_speed.h ****  *  Returns the current signal status of the passed signal instance.
 181:.\source\rte/sc_speed.h ****  *
 182:.\source\rte/sc_speed.h ****  * @param  SC_SPEED_t * const signal: Pointer to the signal object
 183:.\source\rte/sc_speed.h ****  * @return  sig_status_t: The current signal status
 184:.\source\rte/sc_speed.h ****  *
 185:.\source\rte/sc_speed.h ****  **/
 186:.\source\rte/sc_speed.h **** inline RTE_signalStatus_t RTE_SC_SPEED_getStatus( const SC_SPEED_t * const signal )
 187:.\source\rte/sc_speed.h **** {
 188:.\source\rte/sc_speed.h ****    return signal->status;
 189:.\source\rte/sc_speed.h **** }
 190:.\source\rte/sc_speed.h **** 
 191:.\source\rte/sc_speed.h **** 
 192:.\source\rte/sc_speed.h **** /**
 193:.\source\rte/sc_speed.h ****  *  Sets a new signal status of the passed signal instance by passing the new status.
 194:.\source\rte/sc_speed.h ****  *
 195:.\source\rte/sc_speed.h ****  * @param  SC_SPEED_t * const signal: Pointer to the signal object
 196:.\source\rte/sc_speed.h ****  * @param  const sig_status_t status: New signal status
 197:.\source\rte/sc_speed.h ****  * @return RC_t: standard return code, currently only RC_SUCCESS
 198:.\source\rte/sc_speed.h ****  *
 199:.\source\rte/sc_speed.h ****  */
 200:.\source\rte/sc_speed.h **** inline RC_t RTE_SC_SPEED_setStatus( SC_SPEED_t * const signal, const RTE_signalStatus_t status )
 201:.\source\rte/sc_speed.h **** {
 202:.\source\rte/sc_speed.h ****    signal->status = status;
 203:.\source\rte/sc_speed.h ****    size_t taskNum=0;
 204:.\source\rte/sc_speed.h ****    
 205:.\source\rte/sc_speed.h ****    //Fire error events in case of invalid state
 206:.\source\rte/sc_speed.h ****    if (signal->status == RTE_SIGNALSTATUS_INVALID)
 207:.\source\rte/sc_speed.h ****    {
 208:.\source\rte/sc_speed.h **** 	    //Pointer to the Taskarray, containing the tasks receiving the onUpdate events
 209:.\source\rte/sc_speed.h **** 		TaskTypeArray* pTaskArray = signal->pSigCfg->onErrorTasks;
 210:.\source\rte/sc_speed.h **** 
 211:.\source\rte/sc_speed.h **** 		if (NULL!=signal->pSigCfg->evOnError && NULL != pTaskArray){
 212:.\source\rte/sc_speed.h **** 			for( taskNum=0 ; taskNum < signal->pSigCfg->onErrorTaskCount ;taskNum++){
 213:.\source\rte/sc_speed.h **** 				TaskType task = (*pTaskArray)[taskNum];
 214:.\source\rte/sc_speed.h **** 				SetEvent( task, signal->pSigCfg->evOnError);
 215:.\source\rte/sc_speed.h **** 			}
 216:.\source\rte/sc_speed.h **** 		}
 217:.\source\rte/sc_speed.h ****    }
 218:.\source\rte/sc_speed.h ****    
 219:.\source\rte/sc_speed.h ****    return RC_SUCCESS;
 220:.\source\rte/sc_speed.h **** }
 221:.\source\rte/sc_speed.h **** 
 222:.\source\rte/sc_speed.h **** 
 223:.\source\rte/sc_speed.h **** /**
 224:.\source\rte/sc_speed.h ****  * Returns the count of refreshing trials (refresh, set or set_raw) that failed.
 225:.\source\rte/sc_speed.h ****  * Prerquisite: The signal is refreshed cyclically
 226:.\source\rte/sc_speed.h ****  *
 227:.\source\rte/sc_speed.h ****  * @param  SC_SPEED_t * const signal: Pointer to the signal object
 228:.\source\rte/sc_speed.h ****  * @return uint32_t: Number of cycles since the signal has been updated for the last time
 229:.\source\rte/sc_speed.h ****  */
 230:.\source\rte/sc_speed.h **** inline uint32_t RTE_SC_SPEED_getAge( const SC_SPEED_t * const signal )
 231:.\source\rte/sc_speed.h **** {
ARM GAS  C:\Users\91819\AppData\Local\Temp\ccXEkpog.s 			page 7


 232:.\source\rte/sc_speed.h ****    return signal->age;
 233:.\source\rte/sc_speed.h **** }
 234:.\source\rte/sc_speed.h **** 
 235:.\source\rte/sc_speed.h **** /**
 236:.\source\rte/sc_speed.h ****  * Should be called by application or driver if no new value can be provided.
 237:.\source\rte/sc_speed.h ****  * @param  SC_SPEED_t * const signal: Pointer to the signal object
 238:.\source\rte/sc_speed.h ****  * @param uint32_t increment: incrementvalue, typically in [ms]
 239:.\source\rte/sc_speed.h ****  * @return void
 240:.\source\rte/sc_speed.h ****  */
 241:.\source\rte/sc_speed.h **** inline void RTE_SC_SPEED_incAge(  SC_SPEED_t * const signal , uint32_t increment)
 242:.\source\rte/sc_speed.h **** {
 243:.\source\rte/sc_speed.h **** 	   //Hack....
 244:.\source\rte/sc_speed.h **** 	   if ( 0xFFFF0000 > (signal->age + increment) )
  46              		.loc 2 244 0
  47 000e 0B4B     		ldr	r3, .L5+8
  48 0010 5B68     		ldr	r3, [r3, #4]
  49 0012 0133     		adds	r3, r3, #1
  50 0014 13F1011F 		cmn	r3, #65537
  51 0018 01D8     		bhi	.L2
 245:.\source\rte/sc_speed.h **** 	   {
 246:.\source\rte/sc_speed.h **** 	      signal->age += increment;
  52              		.loc 2 246 0
  53 001a 084A     		ldr	r2, .L5+8
  54 001c 5360     		str	r3, [r2, #4]
  55              	.L2:
  56              	.LVL1:
  57              	.LBE5:
  58              	.LBE4:
  67:source\asw/tsk_system.c **** 	
  68:source\asw/tsk_system.c ****     RTE_SC_SPEED_incAge( &SO_SPEED_signal , 1);
  69:source\asw/tsk_system.c **** 	/* USER CODE START TSK_SYSTEM_TASKBODY_POST */
  70:source\asw/tsk_system.c ****     
  71:source\asw/tsk_system.c **** 	/* USER CODE END TSK_SYSTEM_TASKBODY_POST */
  72:source\asw/tsk_system.c **** 
  73:source\asw/tsk_system.c **** 	ticktime += 1;
  59              		.loc 1 73 0
  60 001e 054A     		ldr	r2, .L5
  61 0020 1368     		ldr	r3, [r2]
  62 0022 0133     		adds	r3, r3, #1
  63 0024 1360     		str	r3, [r2]
  74:source\asw/tsk_system.c **** 	if (ticktime > 0xFFFFFF00) ticktime = 0;    
  64              		.loc 1 74 0
  65 0026 13F5807F 		cmn	r3, #256
  66 002a 02D9     		bls	.L1
  67              		.loc 1 74 0 is_stmt 0 discriminator 1
  68 002c 0022     		movs	r2, #0
  69 002e 014B     		ldr	r3, .L5
  70 0030 1A60     		str	r2, [r3]
  71              	.L1:
  72 0032 08BD     		pop	{r3, pc}
  73              	.L6:
  74              		.align	2
  75              	.L5:
  76 0034 00000000 		.word	.LANCHOR0
  77 0038 00000000 		.word	.LANCHOR1
  78 003c 00000000 		.word	SO_SPEED_signal
  79              		.cfi_endproc
ARM GAS  C:\Users\91819\AppData\Local\Temp\ccXEkpog.s 			page 8


  80              	.LFE140:
  81              		.size	Functsk_system, .-Functsk_system
  82              		.global	RTE_cyclicActivation_tsk_system_size
  83              		.global	RTE_cyclicActivationTable_tsk_system
  84              		.section	.rodata
  85              		.align	2
  86              		.set	.LANCHOR1,. + 0
  87              		.type	RTE_cyclicActivationTable_tsk_system, %object
  88              		.size	RTE_cyclicActivationTable_tsk_system, 0
  89              	RTE_cyclicActivationTable_tsk_system:
  90              		.type	RTE_cyclicActivation_tsk_system_size, %object
  91              		.size	RTE_cyclicActivation_tsk_system_size, 2
  92              	RTE_cyclicActivation_tsk_system_size:
  93 0000 0000     		.space	2
  94              		.bss
  95              		.align	2
  96              		.set	.LANCHOR0,. + 0
  97              		.type	ticktime.6684, %object
  98              		.size	ticktime.6684, 4
  99              	ticktime.6684:
 100 0000 00000000 		.space	4
 101              		.text
 102              	.Letext0:
 103              		.file 3 "c:\\program files (x86)\\cypress\\psoc creator\\4.4\\psoc creator\\import\\gnu\\arm\\5.4.
 104              		.file 4 "c:\\program files (x86)\\cypress\\psoc creator\\4.4\\psoc creator\\import\\gnu\\arm\\5.4.
 105              		.file 5 "c:\\program files (x86)\\cypress\\psoc creator\\4.4\\psoc creator\\import\\gnu\\arm\\5.4.
 106              		.file 6 "Generated_Source\\PSoC5/ErikaOS_1_common_ee_types.inc"
 107              		.file 7 "Generated_Source\\PSoC5/ErikaOS_1_cortex_mx_ee_cpu.inc"
 108              		.file 8 "Generated_Source\\PSoC5/ErikaOS_1_ee_oo_common.inc"
 109              		.file 9 ".\\source\\bsw/global.h"
 110              		.file 10 ".\\source\\rte/rte_types.h"
 111              		.file 11 ".\\source\\rte/rte.h"
 112              		.file 12 ".\\source\\rte/sc_speed_type.h"
 113              		.file 13 "Generated_Source\\PSoC5/ErikaOS_1_ee_oo_intfunc.inc"
 114              		.file 14 "Generated_Source\\PSoC5/ErikaOS_1_cortex_mx_ee_context.inc"
 115              		.file 15 "Generated_Source\\PSoC5/ErikaOS_1_common_ee_primitives.inc"
 116              		.file 16 "Generated_Source\\PSoC5/core_cm3.h"
 117              		.file 17 ".\\source\\rte/sp_common.h"
 118              		.section	.debug_info,"",%progbits
 119              	.Ldebug_info0:
 120 0000 61050000 		.4byte	0x561
 121 0004 0400     		.2byte	0x4
 122 0006 00000000 		.4byte	.Ldebug_abbrev0
 123 000a 04       		.byte	0x4
 124 000b 01       		.uleb128 0x1
 125 000c 00000000 		.4byte	.LASF102
 126 0010 0C       		.byte	0xc
 127 0011 B1020000 		.4byte	.LASF103
 128 0015 A1010000 		.4byte	.LASF104
 129 0019 00000000 		.4byte	.Ldebug_ranges0+0
 130 001d 00000000 		.4byte	0
 131 0021 00000000 		.4byte	.Ldebug_line0
 132 0025 02       		.uleb128 0x2
 133 0026 01       		.byte	0x1
 134 0027 06       		.byte	0x6
 135 0028 20040000 		.4byte	.LASF0
 136 002c 03       		.uleb128 0x3
ARM GAS  C:\Users\91819\AppData\Local\Temp\ccXEkpog.s 			page 9


 137 002d 7F030000 		.4byte	.LASF3
 138 0031 03       		.byte	0x3
 139 0032 1D       		.byte	0x1d
 140 0033 37000000 		.4byte	0x37
 141 0037 02       		.uleb128 0x2
 142 0038 01       		.byte	0x1
 143 0039 08       		.byte	0x8
 144 003a 04040000 		.4byte	.LASF1
 145 003e 02       		.uleb128 0x2
 146 003f 02       		.byte	0x2
 147 0040 05       		.byte	0x5
 148 0041 03010000 		.4byte	.LASF2
 149 0045 03       		.uleb128 0x3
 150 0046 8C010000 		.4byte	.LASF4
 151 004a 03       		.byte	0x3
 152 004b 2B       		.byte	0x2b
 153 004c 50000000 		.4byte	0x50
 154 0050 02       		.uleb128 0x2
 155 0051 02       		.byte	0x2
 156 0052 07       		.byte	0x7
 157 0053 44050000 		.4byte	.LASF5
 158 0057 03       		.uleb128 0x3
 159 0058 1B060000 		.4byte	.LASF6
 160 005c 03       		.byte	0x3
 161 005d 3F       		.byte	0x3f
 162 005e 62000000 		.4byte	0x62
 163 0062 02       		.uleb128 0x2
 164 0063 04       		.byte	0x4
 165 0064 05       		.byte	0x5
 166 0065 3D030000 		.4byte	.LASF7
 167 0069 03       		.uleb128 0x3
 168 006a 77010000 		.4byte	.LASF8
 169 006e 03       		.byte	0x3
 170 006f 41       		.byte	0x41
 171 0070 74000000 		.4byte	0x74
 172 0074 02       		.uleb128 0x2
 173 0075 04       		.byte	0x4
 174 0076 07       		.byte	0x7
 175 0077 70040000 		.4byte	.LASF9
 176 007b 02       		.uleb128 0x2
 177 007c 08       		.byte	0x8
 178 007d 05       		.byte	0x5
 179 007e F2020000 		.4byte	.LASF10
 180 0082 02       		.uleb128 0x2
 181 0083 08       		.byte	0x8
 182 0084 07       		.byte	0x7
 183 0085 2C040000 		.4byte	.LASF11
 184 0089 04       		.uleb128 0x4
 185 008a 04       		.byte	0x4
 186 008b 05       		.byte	0x5
 187 008c 696E7400 		.ascii	"int\000"
 188 0090 02       		.uleb128 0x2
 189 0091 04       		.byte	0x4
 190 0092 07       		.byte	0x7
 191 0093 4C040000 		.4byte	.LASF12
 192 0097 03       		.uleb128 0x3
 193 0098 25060000 		.4byte	.LASF13
ARM GAS  C:\Users\91819\AppData\Local\Temp\ccXEkpog.s 			page 10


 194 009c 04       		.byte	0x4
 195 009d 18       		.byte	0x18
 196 009e 2C000000 		.4byte	0x2c
 197 00a2 03       		.uleb128 0x3
 198 00a3 67040000 		.4byte	.LASF14
 199 00a7 04       		.byte	0x4
 200 00a8 24       		.byte	0x24
 201 00a9 45000000 		.4byte	0x45
 202 00ad 03       		.uleb128 0x3
 203 00ae 3C050000 		.4byte	.LASF15
 204 00b2 04       		.byte	0x4
 205 00b3 2C       		.byte	0x2c
 206 00b4 57000000 		.4byte	0x57
 207 00b8 03       		.uleb128 0x3
 208 00b9 43040000 		.4byte	.LASF16
 209 00bd 04       		.byte	0x4
 210 00be 30       		.byte	0x30
 211 00bf 69000000 		.4byte	0x69
 212 00c3 02       		.uleb128 0x2
 213 00c4 04       		.byte	0x4
 214 00c5 04       		.byte	0x4
 215 00c6 AB020000 		.4byte	.LASF17
 216 00ca 02       		.uleb128 0x2
 217 00cb 08       		.byte	0x8
 218 00cc 04       		.byte	0x4
 219 00cd 80060000 		.4byte	.LASF18
 220 00d1 02       		.uleb128 0x2
 221 00d2 01       		.byte	0x1
 222 00d3 08       		.byte	0x8
 223 00d4 EA000000 		.4byte	.LASF19
 224 00d8 03       		.uleb128 0x3
 225 00d9 0D010000 		.4byte	.LASF20
 226 00dd 05       		.byte	0x5
 227 00de D8       		.byte	0xd8
 228 00df 90000000 		.4byte	0x90
 229 00e3 02       		.uleb128 0x2
 230 00e4 08       		.byte	0x8
 231 00e5 04       		.byte	0x4
 232 00e6 CA030000 		.4byte	.LASF21
 233 00ea 03       		.uleb128 0x3
 234 00eb A6040000 		.4byte	.LASF22
 235 00ef 06       		.byte	0x6
 236 00f0 53       		.byte	0x53
 237 00f1 89000000 		.4byte	0x89
 238 00f5 03       		.uleb128 0x3
 239 00f6 82010000 		.4byte	.LASF23
 240 00fa 06       		.byte	0x6
 241 00fb 54       		.byte	0x54
 242 00fc 90000000 		.4byte	0x90
 243 0100 03       		.uleb128 0x3
 244 0101 C6050000 		.4byte	.LASF24
 245 0105 07       		.byte	0x7
 246 0106 4D       		.byte	0x4d
 247 0107 F5000000 		.4byte	0xf5
 248 010b 03       		.uleb128 0x3
 249 010c 5B010000 		.4byte	.LASF25
 250 0110 07       		.byte	0x7
ARM GAS  C:\Users\91819\AppData\Local\Temp\ccXEkpog.s 			page 11


 251 0111 4F       		.byte	0x4f
 252 0112 F5000000 		.4byte	0xf5
 253 0116 03       		.uleb128 0x3
 254 0117 09020000 		.4byte	.LASF26
 255 011b 07       		.byte	0x7
 256 011c 78       		.byte	0x78
 257 011d EA000000 		.4byte	0xea
 258 0121 05       		.uleb128 0x5
 259 0122 FB030000 		.4byte	.LASF27
 260 0126 08       		.byte	0x8
 261 0127 F701     		.2byte	0x1f7
 262 0129 16010000 		.4byte	0x116
 263 012d 05       		.uleb128 0x5
 264 012e 8E000000 		.4byte	.LASF28
 265 0132 08       		.byte	0x8
 266 0133 2C02     		.2byte	0x22c
 267 0135 00010000 		.4byte	0x100
 268 0139 02       		.uleb128 0x2
 269 013a 04       		.byte	0x4
 270 013b 07       		.byte	0x7
 271 013c 29010000 		.4byte	.LASF29
 272 0140 03       		.uleb128 0x3
 273 0141 AC030000 		.4byte	.LASF30
 274 0145 09       		.byte	0x9
 275 0146 9C       		.byte	0x9c
 276 0147 37000000 		.4byte	0x37
 277 014b 06       		.uleb128 0x6
 278 014c 01       		.byte	0x1
 279 014d 25000000 		.4byte	0x25
 280 0151 09       		.byte	0x9
 281 0152 CF       		.byte	0xcf
 282 0153 F4010000 		.4byte	0x1f4
 283 0157 07       		.uleb128 0x7
 284 0158 C0000000 		.4byte	.LASF31
 285 015c 00       		.byte	0
 286 015d 08       		.uleb128 0x8
 287 015e B9060000 		.4byte	.LASF32
 288 0162 7F       		.sleb128 -1
 289 0163 08       		.uleb128 0x8
 290 0164 82040000 		.4byte	.LASF33
 291 0168 7E       		.sleb128 -2
 292 0169 08       		.uleb128 0x8
 293 016a 4D010000 		.4byte	.LASF34
 294 016e 7D       		.sleb128 -3
 295 016f 08       		.uleb128 0x8
 296 0170 C2060000 		.4byte	.LASF35
 297 0174 7C       		.sleb128 -4
 298 0175 08       		.uleb128 0x8
 299 0176 9C020000 		.4byte	.LASF36
 300 017a 7B       		.sleb128 -5
 301 017b 08       		.uleb128 0x8
 302 017c 0A060000 		.4byte	.LASF37
 303 0180 7A       		.sleb128 -6
 304 0181 08       		.uleb128 0x8
 305 0182 46030000 		.4byte	.LASF38
 306 0186 79       		.sleb128 -7
 307 0187 08       		.uleb128 0x8
ARM GAS  C:\Users\91819\AppData\Local\Temp\ccXEkpog.s 			page 12


 308 0188 27050000 		.4byte	.LASF39
 309 018c 78       		.sleb128 -8
 310 018d 08       		.uleb128 0x8
 311 018e 90040000 		.4byte	.LASF40
 312 0192 77       		.sleb128 -9
 313 0193 08       		.uleb128 0x8
 314 0194 58030000 		.4byte	.LASF41
 315 0198 76       		.sleb128 -10
 316 0199 08       		.uleb128 0x8
 317 019a 1A070000 		.4byte	.LASF42
 318 019e 75       		.sleb128 -11
 319 019f 08       		.uleb128 0x8
 320 01a0 59040000 		.4byte	.LASF43
 321 01a4 74       		.sleb128 -12
 322 01a5 08       		.uleb128 0x8
 323 01a6 B4050000 		.4byte	.LASF44
 324 01aa 73       		.sleb128 -13
 325 01ab 08       		.uleb128 0x8
 326 01ac AD000000 		.4byte	.LASF45
 327 01b0 72       		.sleb128 -14
 328 01b1 08       		.uleb128 0x8
 329 01b2 EF000000 		.4byte	.LASF46
 330 01b6 71       		.sleb128 -15
 331 01b7 08       		.uleb128 0x8
 332 01b8 89030000 		.4byte	.LASF47
 333 01bc 70       		.sleb128 -16
 334 01bd 08       		.uleb128 0x8
 335 01be 63010000 		.4byte	.LASF48
 336 01c2 6F       		.sleb128 -17
 337 01c3 08       		.uleb128 0x8
 338 01c4 14010000 		.4byte	.LASF49
 339 01c8 6E       		.sleb128 -18
 340 01c9 08       		.uleb128 0x8
 341 01ca 19030000 		.4byte	.LASF50
 342 01ce 6D       		.sleb128 -19
 343 01cf 08       		.uleb128 0x8
 344 01d0 57050000 		.4byte	.LASF51
 345 01d4 6C       		.sleb128 -20
 346 01d5 08       		.uleb128 0x8
 347 01d6 9A030000 		.4byte	.LASF52
 348 01da 6B       		.sleb128 -21
 349 01db 08       		.uleb128 0x8
 350 01dc 56060000 		.4byte	.LASF53
 351 01e0 6A       		.sleb128 -22
 352 01e1 08       		.uleb128 0x8
 353 01e2 26020000 		.4byte	.LASF54
 354 01e6 69       		.sleb128 -23
 355 01e7 08       		.uleb128 0x8
 356 01e8 2C030000 		.4byte	.LASF55
 357 01ec 68       		.sleb128 -24
 358 01ed 08       		.uleb128 0x8
 359 01ee D9020000 		.4byte	.LASF56
 360 01f2 67       		.sleb128 -25
 361 01f3 00       		.byte	0
 362 01f4 03       		.uleb128 0x3
 363 01f5 F8060000 		.4byte	.LASF57
 364 01f9 09       		.byte	0x9
ARM GAS  C:\Users\91819\AppData\Local\Temp\ccXEkpog.s 			page 13


 365 01fa EA       		.byte	0xea
 366 01fb 4B010000 		.4byte	0x14b
 367 01ff 03       		.uleb128 0x3
 368 0200 EA060000 		.4byte	.LASF58
 369 0204 0A       		.byte	0xa
 370 0205 19       		.byte	0x19
 371 0206 0A020000 		.4byte	0x20a
 372 020a 09       		.uleb128 0x9
 373 020b 21010000 		.4byte	0x121
 374 020f 15020000 		.4byte	0x215
 375 0213 0A       		.uleb128 0xa
 376 0214 00       		.byte	0
 377 0215 03       		.uleb128 0x3
 378 0216 2D060000 		.4byte	.LASF59
 379 021a 0A       		.byte	0xa
 380 021b 21       		.byte	0x21
 381 021c 2D010000 		.4byte	0x12d
 382 0220 03       		.uleb128 0x3
 383 0221 73060000 		.4byte	.LASF60
 384 0225 0A       		.byte	0xa
 385 0226 2D       		.byte	0x2d
 386 0227 B8000000 		.4byte	0xb8
 387 022b 06       		.uleb128 0x6
 388 022c 01       		.byte	0x1
 389 022d 37000000 		.4byte	0x37
 390 0231 0B       		.byte	0xb
 391 0232 59       		.byte	0x59
 392 0233 50020000 		.4byte	0x250
 393 0237 07       		.uleb128 0x7
 394 0238 66030000 		.4byte	.LASF61
 395 023c 00       		.byte	0
 396 023d 07       		.uleb128 0x7
 397 023e FD060000 		.4byte	.LASF62
 398 0242 01       		.byte	0x1
 399 0243 07       		.uleb128 0x7
 400 0244 87060000 		.4byte	.LASF63
 401 0248 02       		.byte	0x2
 402 0249 07       		.uleb128 0x7
 403 024a 0E050000 		.4byte	.LASF64
 404 024e 03       		.byte	0x3
 405 024f 00       		.byte	0
 406 0250 03       		.uleb128 0x3
 407 0251 3A010000 		.4byte	.LASF65
 408 0255 0B       		.byte	0xb
 409 0256 5E       		.byte	0x5e
 410 0257 2B020000 		.4byte	0x22b
 411 025b 03       		.uleb128 0x3
 412 025c 9E060000 		.4byte	.LASF66
 413 0260 0B       		.byte	0xb
 414 0261 66       		.byte	0x66
 415 0262 66020000 		.4byte	0x266
 416 0266 0B       		.uleb128 0xb
 417 0267 04       		.byte	0x4
 418 0268 6C020000 		.4byte	0x26c
 419 026c 0C       		.uleb128 0xc
 420 026d 77020000 		.4byte	0x277
 421 0271 0D       		.uleb128 0xd
ARM GAS  C:\Users\91819\AppData\Local\Temp\ccXEkpog.s 			page 14


 422 0272 15020000 		.4byte	0x215
 423 0276 00       		.byte	0
 424 0277 0E       		.uleb128 0xe
 425 0278 08       		.byte	0x8
 426 0279 0B       		.byte	0xb
 427 027a 6B       		.byte	0x6b
 428 027b 98020000 		.4byte	0x298
 429 027f 0F       		.uleb128 0xf
 430 0280 72756E00 		.ascii	"run\000"
 431 0284 0B       		.byte	0xb
 432 0285 6D       		.byte	0x6d
 433 0286 5B020000 		.4byte	0x25b
 434 028a 00       		.byte	0
 435 028b 10       		.uleb128 0x10
 436 028c 79020000 		.4byte	.LASF67
 437 0290 0B       		.byte	0xb
 438 0291 6E       		.byte	0x6e
 439 0292 A2000000 		.4byte	0xa2
 440 0296 04       		.byte	0x4
 441 0297 00       		.byte	0
 442 0298 03       		.uleb128 0x3
 443 0299 D6040000 		.4byte	.LASF68
 444 029d 0B       		.byte	0xb
 445 029e 6F       		.byte	0x6f
 446 029f 77020000 		.4byte	0x277
 447 02a3 11       		.uleb128 0x11
 448 02a4 2D010000 		.4byte	0x12d
 449 02a8 11       		.uleb128 0x11
 450 02a9 D8000000 		.4byte	0xd8
 451 02ad 0B       		.uleb128 0xb
 452 02ae 04       		.byte	0x4
 453 02af FF010000 		.4byte	0x1ff
 454 02b3 11       		.uleb128 0x11
 455 02b4 AD020000 		.4byte	0x2ad
 456 02b8 11       		.uleb128 0x11
 457 02b9 40010000 		.4byte	0x140
 458 02bd 11       		.uleb128 0x11
 459 02be 20020000 		.4byte	0x220
 460 02c2 0E       		.uleb128 0xe
 461 02c3 01       		.byte	0x1
 462 02c4 0C       		.byte	0xc
 463 02c5 1F       		.byte	0x1f
 464 02c6 D7020000 		.4byte	0x2d7
 465 02ca 10       		.uleb128 0x10
 466 02cb 32010000 		.4byte	.LASF69
 467 02cf 0C       		.byte	0xc
 468 02d0 21       		.byte	0x21
 469 02d1 97000000 		.4byte	0x97
 470 02d5 00       		.byte	0
 471 02d6 00       		.byte	0
 472 02d7 03       		.uleb128 0x3
 473 02d8 16020000 		.4byte	.LASF70
 474 02dc 0C       		.byte	0xc
 475 02dd 24       		.byte	0x24
 476 02de C2020000 		.4byte	0x2c2
 477 02e2 03       		.uleb128 0x3
 478 02e3 37060000 		.4byte	.LASF71
ARM GAS  C:\Users\91819\AppData\Local\Temp\ccXEkpog.s 			page 15


 479 02e7 02       		.byte	0x2
 480 02e8 27       		.byte	0x27
 481 02e9 ED020000 		.4byte	0x2ed
 482 02ed 0B       		.uleb128 0xb
 483 02ee 04       		.byte	0x4
 484 02ef F3020000 		.4byte	0x2f3
 485 02f3 12       		.uleb128 0x12
 486 02f4 F4010000 		.4byte	0x1f4
 487 02f8 02030000 		.4byte	0x302
 488 02fc 0D       		.uleb128 0xd
 489 02fd 08030000 		.4byte	0x308
 490 0301 00       		.byte	0
 491 0302 0B       		.uleb128 0xb
 492 0303 04       		.byte	0x4
 493 0304 D7020000 		.4byte	0x2d7
 494 0308 11       		.uleb128 0x11
 495 0309 02030000 		.4byte	0x302
 496 030d 03       		.uleb128 0x3
 497 030e CB000000 		.4byte	.LASF72
 498 0312 02       		.byte	0x2
 499 0313 2D       		.byte	0x2d
 500 0314 18030000 		.4byte	0x318
 501 0318 0B       		.uleb128 0xb
 502 0319 04       		.byte	0x4
 503 031a 1E030000 		.4byte	0x31e
 504 031e 12       		.uleb128 0x12
 505 031f F4010000 		.4byte	0x1f4
 506 0323 2D030000 		.4byte	0x32d
 507 0327 0D       		.uleb128 0xd
 508 0328 38030000 		.4byte	0x338
 509 032c 00       		.byte	0
 510 032d 0B       		.uleb128 0xb
 511 032e 04       		.byte	0x4
 512 032f 33030000 		.4byte	0x333
 513 0333 11       		.uleb128 0x11
 514 0334 D7020000 		.4byte	0x2d7
 515 0338 11       		.uleb128 0x11
 516 0339 2D030000 		.4byte	0x32d
 517 033d 13       		.uleb128 0x13
 518 033e 3D020000 		.4byte	.LASF84
 519 0342 28       		.byte	0x28
 520 0343 02       		.byte	0x2
 521 0344 37       		.byte	0x37
 522 0345 C2030000 		.4byte	0x3c2
 523 0349 10       		.uleb128 0x10
 524 034a EF040000 		.4byte	.LASF73
 525 034e 02       		.byte	0x2
 526 034f 3C       		.byte	0x3c
 527 0350 C2030000 		.4byte	0x3c2
 528 0354 00       		.byte	0
 529 0355 10       		.uleb128 0x10
 530 0356 C0030000 		.4byte	.LASF74
 531 035a 02       		.byte	0x2
 532 035b 41       		.byte	0x41
 533 035c C7030000 		.4byte	0x3c7
 534 0360 04       		.byte	0x4
 535 0361 10       		.uleb128 0x10
ARM GAS  C:\Users\91819\AppData\Local\Temp\ccXEkpog.s 			page 16


 536 0362 CB040000 		.4byte	.LASF75
 537 0366 02       		.byte	0x2
 538 0367 46       		.byte	0x46
 539 0368 A3020000 		.4byte	0x2a3
 540 036c 08       		.byte	0x8
 541 036d 10       		.uleb128 0x10
 542 036e E0000000 		.4byte	.LASF76
 543 0372 02       		.byte	0x2
 544 0373 4C       		.byte	0x4c
 545 0374 A3020000 		.4byte	0x2a3
 546 0378 0C       		.byte	0xc
 547 0379 10       		.uleb128 0x10
 548 037a 77050000 		.4byte	.LASF77
 549 037e 02       		.byte	0x2
 550 037f 51       		.byte	0x51
 551 0380 A8020000 		.4byte	0x2a8
 552 0384 10       		.byte	0x10
 553 0385 10       		.uleb128 0x10
 554 0386 12040000 		.4byte	.LASF78
 555 038a 02       		.byte	0x2
 556 038b 56       		.byte	0x56
 557 038c B3020000 		.4byte	0x2b3
 558 0390 14       		.byte	0x14
 559 0391 10       		.uleb128 0x10
 560 0392 9C000000 		.4byte	.LASF79
 561 0396 02       		.byte	0x2
 562 0397 5B       		.byte	0x5b
 563 0398 A8020000 		.4byte	0x2a8
 564 039c 18       		.byte	0x18
 565 039d 10       		.uleb128 0x10
 566 039e 6A050000 		.4byte	.LASF80
 567 03a2 02       		.byte	0x2
 568 03a3 60       		.byte	0x60
 569 03a4 B3020000 		.4byte	0x2b3
 570 03a8 1C       		.byte	0x1c
 571 03a9 10       		.uleb128 0x10
 572 03aa F8040000 		.4byte	.LASF81
 573 03ae 02       		.byte	0x2
 574 03af 66       		.byte	0x66
 575 03b0 B8020000 		.4byte	0x2b8
 576 03b4 20       		.byte	0x20
 577 03b5 10       		.uleb128 0x10
 578 03b6 5B020000 		.4byte	.LASF82
 579 03ba 02       		.byte	0x2
 580 03bb 6B       		.byte	0x6b
 581 03bc BD020000 		.4byte	0x2bd
 582 03c0 24       		.byte	0x24
 583 03c1 00       		.byte	0
 584 03c2 11       		.uleb128 0x11
 585 03c3 E2020000 		.4byte	0x2e2
 586 03c7 11       		.uleb128 0x11
 587 03c8 0D030000 		.4byte	0x30d
 588 03cc 03       		.uleb128 0x3
 589 03cd 4C020000 		.4byte	.LASF83
 590 03d1 02       		.byte	0x2
 591 03d2 6E       		.byte	0x6e
 592 03d3 D7030000 		.4byte	0x3d7
ARM GAS  C:\Users\91819\AppData\Local\Temp\ccXEkpog.s 			page 17


 593 03d7 11       		.uleb128 0x11
 594 03d8 3D030000 		.4byte	0x33d
 595 03dc 13       		.uleb128 0x13
 596 03dd 4B060000 		.4byte	.LASF85
 597 03e1 0C       		.byte	0xc
 598 03e2 02       		.byte	0x2
 599 03e3 7A       		.byte	0x7a
 600 03e4 19040000 		.4byte	0x419
 601 03e8 10       		.uleb128 0x10
 602 03e9 10020000 		.4byte	.LASF86
 603 03ed 02       		.byte	0x2
 604 03ee 80       		.byte	0x80
 605 03ef D7020000 		.4byte	0x2d7
 606 03f3 00       		.byte	0
 607 03f4 10       		.uleb128 0x10
 608 03f5 E8040000 		.4byte	.LASF87
 609 03f9 02       		.byte	0x2
 610 03fa 85       		.byte	0x85
 611 03fb 50020000 		.4byte	0x250
 612 03ff 01       		.byte	0x1
 613 0400 0F       		.uleb128 0xf
 614 0401 61676500 		.ascii	"age\000"
 615 0405 02       		.byte	0x2
 616 0406 8A       		.byte	0x8a
 617 0407 B8000000 		.4byte	0xb8
 618 040b 04       		.byte	0x4
 619 040c 10       		.uleb128 0x10
 620 040d C3040000 		.4byte	.LASF88
 621 0411 02       		.byte	0x2
 622 0412 8F       		.byte	0x8f
 623 0413 1F040000 		.4byte	0x41f
 624 0417 08       		.byte	0x8
 625 0418 00       		.byte	0
 626 0419 0B       		.uleb128 0xb
 627 041a 04       		.byte	0x4
 628 041b CC030000 		.4byte	0x3cc
 629 041f 11       		.uleb128 0x11
 630 0420 19040000 		.4byte	0x419
 631 0424 03       		.uleb128 0x3
 632 0425 68060000 		.4byte	.LASF89
 633 0429 02       		.byte	0x2
 634 042a 92       		.byte	0x92
 635 042b DC030000 		.4byte	0x3dc
 636 042f 14       		.uleb128 0x14
 637 0430 AF040000 		.4byte	.LASF105
 638 0434 02       		.byte	0x2
 639 0435 F1       		.byte	0xf1
 640 0436 03       		.byte	0x3
 641 0437 52040000 		.4byte	0x452
 642 043b 15       		.uleb128 0x15
 643 043c 07050000 		.4byte	.LASF90
 644 0440 02       		.byte	0x2
 645 0441 F1       		.byte	0xf1
 646 0442 58040000 		.4byte	0x458
 647 0446 15       		.uleb128 0x15
 648 0447 B6030000 		.4byte	.LASF91
 649 044b 02       		.byte	0x2
ARM GAS  C:\Users\91819\AppData\Local\Temp\ccXEkpog.s 			page 18


 650 044c F1       		.byte	0xf1
 651 044d B8000000 		.4byte	0xb8
 652 0451 00       		.byte	0
 653 0452 0B       		.uleb128 0xb
 654 0453 04       		.byte	0x4
 655 0454 24040000 		.4byte	0x424
 656 0458 11       		.uleb128 0x11
 657 0459 52040000 		.4byte	0x452
 658 045d 16       		.uleb128 0x16
 659 045e 9C050000 		.4byte	.LASF106
 660 0462 01       		.byte	0x1
 661 0463 38       		.byte	0x38
 662 0464 00000000 		.4byte	.LFB140
 663 0468 40000000 		.4byte	.LFE140-.LFB140
 664 046c 01       		.uleb128 0x1
 665 046d 9C       		.byte	0x9c
 666 046e BE040000 		.4byte	0x4be
 667 0472 17       		.uleb128 0x17
 668 0473 AB050000 		.4byte	.LASF107
 669 0477 01       		.byte	0x1
 670 0478 3B       		.byte	0x3b
 671 0479 B8000000 		.4byte	0xb8
 672 047d 05       		.uleb128 0x5
 673 047e 03       		.byte	0x3
 674 047f 00000000 		.4byte	ticktime.6684
 675 0483 18       		.uleb128 0x18
 676 0484 2F040000 		.4byte	0x42f
 677 0488 0E000000 		.4byte	.LBB4
 678 048c 10000000 		.4byte	.LBE4-.LBB4
 679 0490 01       		.byte	0x1
 680 0491 44       		.byte	0x44
 681 0492 A5040000 		.4byte	0x4a5
 682 0496 19       		.uleb128 0x19
 683 0497 46040000 		.4byte	0x446
 684 049b 00000000 		.4byte	.LLST0
 685 049f 1A       		.uleb128 0x1a
 686 04a0 3B040000 		.4byte	0x43b
 687 04a4 00       		.byte	0
 688 04a5 1B       		.uleb128 0x1b
 689 04a6 0E000000 		.4byte	.LVL0
 690 04aa 59050000 		.4byte	0x559
 691 04ae 1C       		.uleb128 0x1c
 692 04af 01       		.uleb128 0x1
 693 04b0 50       		.byte	0x50
 694 04b1 05       		.uleb128 0x5
 695 04b2 03       		.byte	0x3
 696 04b3 00000000 		.4byte	.LANCHOR1
 697 04b7 1C       		.uleb128 0x1c
 698 04b8 01       		.uleb128 0x1
 699 04b9 51       		.byte	0x51
 700 04ba 01       		.uleb128 0x1
 701 04bb 30       		.byte	0x30
 702 04bc 00       		.byte	0
 703 04bd 00       		.byte	0
 704 04be 1D       		.uleb128 0x1d
 705 04bf D2060000 		.4byte	.LASF92
 706 04c3 0D       		.byte	0xd
ARM GAS  C:\Users\91819\AppData\Local\Temp\ccXEkpog.s 			page 19


 707 04c4 40       		.byte	0x40
 708 04c5 00010000 		.4byte	0x100
 709 04c9 1D       		.uleb128 0x1d
 710 04ca 00030000 		.4byte	.LASF93
 711 04ce 0D       		.byte	0xd
 712 04cf 47       		.byte	0x47
 713 04d0 0B010000 		.4byte	0x10b
 714 04d4 1D       		.uleb128 0x1d
 715 04d5 89050000 		.4byte	.LASF94
 716 04d9 0D       		.byte	0xd
 717 04da 4A       		.byte	0x4a
 718 04db 00010000 		.4byte	0x100
 719 04df 1D       		.uleb128 0x1d
 720 04e0 83020000 		.4byte	.LASF95
 721 04e4 0E       		.byte	0xe
 722 04e5 48       		.byte	0x48
 723 04e6 16010000 		.4byte	0x116
 724 04ea 1D       		.uleb128 0x1d
 725 04eb 64020000 		.4byte	.LASF96
 726 04ef 0F       		.byte	0xf
 727 04f0 44       		.byte	0x44
 728 04f1 00010000 		.4byte	0x100
 729 04f5 1E       		.uleb128 0x1e
 730 04f6 AC060000 		.4byte	.LASF97
 731 04fa 10       		.byte	0x10
 732 04fb 1207     		.2byte	0x712
 733 04fd 01050000 		.4byte	0x501
 734 0501 1F       		.uleb128 0x1f
 735 0502 AD000000 		.4byte	0xad
 736 0506 1D       		.uleb128 0x1d
 737 0507 C9020000 		.4byte	.LASF98
 738 050b 11       		.byte	0x11
 739 050c 37       		.byte	0x37
 740 050d 24040000 		.4byte	0x424
 741 0511 09       		.uleb128 0x9
 742 0512 28050000 		.4byte	0x528
 743 0516 21050000 		.4byte	0x521
 744 051a 20       		.uleb128 0x20
 745 051b 21050000 		.4byte	0x521
 746 051f 7F       		.sleb128 -1
 747 0520 00       		.byte	0
 748 0521 02       		.uleb128 0x2
 749 0522 04       		.byte	0x4
 750 0523 05       		.byte	0x5
 751 0524 97010000 		.4byte	.LASF99
 752 0528 11       		.uleb128 0x11
 753 0529 98020000 		.4byte	0x298
 754 052d 21       		.uleb128 0x21
 755 052e D6030000 		.4byte	.LASF100
 756 0532 01       		.byte	0x1
 757 0533 23       		.byte	0x23
 758 0534 3E050000 		.4byte	0x53e
 759 0538 05       		.uleb128 0x5
 760 0539 03       		.byte	0x3
 761 053a 00000000 		.4byte	RTE_cyclicActivationTable_tsk_system
 762 053e 11       		.uleb128 0x11
 763 053f 11050000 		.4byte	0x511
ARM GAS  C:\Users\91819\AppData\Local\Temp\ccXEkpog.s 			page 20


 764 0543 21       		.uleb128 0x21
 765 0544 CE050000 		.4byte	.LASF101
 766 0548 01       		.byte	0x1
 767 0549 25       		.byte	0x25
 768 054a 54050000 		.4byte	0x554
 769 054e 05       		.uleb128 0x5
 770 054f 03       		.byte	0x3
 771 0550 00000000 		.4byte	RTE_cyclicActivation_tsk_system_size
 772 0554 11       		.uleb128 0x11
 773 0555 A2000000 		.4byte	0xa2
 774 0559 22       		.uleb128 0x22
 775 055a F3050000 		.4byte	.LASF108
 776 055e F3050000 		.4byte	.LASF108
 777 0562 0B       		.byte	0xb
 778 0563 8E       		.byte	0x8e
 779 0564 00       		.byte	0
 780              		.section	.debug_abbrev,"",%progbits
 781              	.Ldebug_abbrev0:
 782 0000 01       		.uleb128 0x1
 783 0001 11       		.uleb128 0x11
 784 0002 01       		.byte	0x1
 785 0003 25       		.uleb128 0x25
 786 0004 0E       		.uleb128 0xe
 787 0005 13       		.uleb128 0x13
 788 0006 0B       		.uleb128 0xb
 789 0007 03       		.uleb128 0x3
 790 0008 0E       		.uleb128 0xe
 791 0009 1B       		.uleb128 0x1b
 792 000a 0E       		.uleb128 0xe
 793 000b 55       		.uleb128 0x55
 794 000c 17       		.uleb128 0x17
 795 000d 11       		.uleb128 0x11
 796 000e 01       		.uleb128 0x1
 797 000f 10       		.uleb128 0x10
 798 0010 17       		.uleb128 0x17
 799 0011 00       		.byte	0
 800 0012 00       		.byte	0
 801 0013 02       		.uleb128 0x2
 802 0014 24       		.uleb128 0x24
 803 0015 00       		.byte	0
 804 0016 0B       		.uleb128 0xb
 805 0017 0B       		.uleb128 0xb
 806 0018 3E       		.uleb128 0x3e
 807 0019 0B       		.uleb128 0xb
 808 001a 03       		.uleb128 0x3
 809 001b 0E       		.uleb128 0xe
 810 001c 00       		.byte	0
 811 001d 00       		.byte	0
 812 001e 03       		.uleb128 0x3
 813 001f 16       		.uleb128 0x16
 814 0020 00       		.byte	0
 815 0021 03       		.uleb128 0x3
 816 0022 0E       		.uleb128 0xe
 817 0023 3A       		.uleb128 0x3a
 818 0024 0B       		.uleb128 0xb
 819 0025 3B       		.uleb128 0x3b
 820 0026 0B       		.uleb128 0xb
ARM GAS  C:\Users\91819\AppData\Local\Temp\ccXEkpog.s 			page 21


 821 0027 49       		.uleb128 0x49
 822 0028 13       		.uleb128 0x13
 823 0029 00       		.byte	0
 824 002a 00       		.byte	0
 825 002b 04       		.uleb128 0x4
 826 002c 24       		.uleb128 0x24
 827 002d 00       		.byte	0
 828 002e 0B       		.uleb128 0xb
 829 002f 0B       		.uleb128 0xb
 830 0030 3E       		.uleb128 0x3e
 831 0031 0B       		.uleb128 0xb
 832 0032 03       		.uleb128 0x3
 833 0033 08       		.uleb128 0x8
 834 0034 00       		.byte	0
 835 0035 00       		.byte	0
 836 0036 05       		.uleb128 0x5
 837 0037 16       		.uleb128 0x16
 838 0038 00       		.byte	0
 839 0039 03       		.uleb128 0x3
 840 003a 0E       		.uleb128 0xe
 841 003b 3A       		.uleb128 0x3a
 842 003c 0B       		.uleb128 0xb
 843 003d 3B       		.uleb128 0x3b
 844 003e 05       		.uleb128 0x5
 845 003f 49       		.uleb128 0x49
 846 0040 13       		.uleb128 0x13
 847 0041 00       		.byte	0
 848 0042 00       		.byte	0
 849 0043 06       		.uleb128 0x6
 850 0044 04       		.uleb128 0x4
 851 0045 01       		.byte	0x1
 852 0046 0B       		.uleb128 0xb
 853 0047 0B       		.uleb128 0xb
 854 0048 49       		.uleb128 0x49
 855 0049 13       		.uleb128 0x13
 856 004a 3A       		.uleb128 0x3a
 857 004b 0B       		.uleb128 0xb
 858 004c 3B       		.uleb128 0x3b
 859 004d 0B       		.uleb128 0xb
 860 004e 01       		.uleb128 0x1
 861 004f 13       		.uleb128 0x13
 862 0050 00       		.byte	0
 863 0051 00       		.byte	0
 864 0052 07       		.uleb128 0x7
 865 0053 28       		.uleb128 0x28
 866 0054 00       		.byte	0
 867 0055 03       		.uleb128 0x3
 868 0056 0E       		.uleb128 0xe
 869 0057 1C       		.uleb128 0x1c
 870 0058 0B       		.uleb128 0xb
 871 0059 00       		.byte	0
 872 005a 00       		.byte	0
 873 005b 08       		.uleb128 0x8
 874 005c 28       		.uleb128 0x28
 875 005d 00       		.byte	0
 876 005e 03       		.uleb128 0x3
 877 005f 0E       		.uleb128 0xe
ARM GAS  C:\Users\91819\AppData\Local\Temp\ccXEkpog.s 			page 22


 878 0060 1C       		.uleb128 0x1c
 879 0061 0D       		.uleb128 0xd
 880 0062 00       		.byte	0
 881 0063 00       		.byte	0
 882 0064 09       		.uleb128 0x9
 883 0065 01       		.uleb128 0x1
 884 0066 01       		.byte	0x1
 885 0067 49       		.uleb128 0x49
 886 0068 13       		.uleb128 0x13
 887 0069 01       		.uleb128 0x1
 888 006a 13       		.uleb128 0x13
 889 006b 00       		.byte	0
 890 006c 00       		.byte	0
 891 006d 0A       		.uleb128 0xa
 892 006e 21       		.uleb128 0x21
 893 006f 00       		.byte	0
 894 0070 00       		.byte	0
 895 0071 00       		.byte	0
 896 0072 0B       		.uleb128 0xb
 897 0073 0F       		.uleb128 0xf
 898 0074 00       		.byte	0
 899 0075 0B       		.uleb128 0xb
 900 0076 0B       		.uleb128 0xb
 901 0077 49       		.uleb128 0x49
 902 0078 13       		.uleb128 0x13
 903 0079 00       		.byte	0
 904 007a 00       		.byte	0
 905 007b 0C       		.uleb128 0xc
 906 007c 15       		.uleb128 0x15
 907 007d 01       		.byte	0x1
 908 007e 27       		.uleb128 0x27
 909 007f 19       		.uleb128 0x19
 910 0080 01       		.uleb128 0x1
 911 0081 13       		.uleb128 0x13
 912 0082 00       		.byte	0
 913 0083 00       		.byte	0
 914 0084 0D       		.uleb128 0xd
 915 0085 05       		.uleb128 0x5
 916 0086 00       		.byte	0
 917 0087 49       		.uleb128 0x49
 918 0088 13       		.uleb128 0x13
 919 0089 00       		.byte	0
 920 008a 00       		.byte	0
 921 008b 0E       		.uleb128 0xe
 922 008c 13       		.uleb128 0x13
 923 008d 01       		.byte	0x1
 924 008e 0B       		.uleb128 0xb
 925 008f 0B       		.uleb128 0xb
 926 0090 3A       		.uleb128 0x3a
 927 0091 0B       		.uleb128 0xb
 928 0092 3B       		.uleb128 0x3b
 929 0093 0B       		.uleb128 0xb
 930 0094 01       		.uleb128 0x1
 931 0095 13       		.uleb128 0x13
 932 0096 00       		.byte	0
 933 0097 00       		.byte	0
 934 0098 0F       		.uleb128 0xf
ARM GAS  C:\Users\91819\AppData\Local\Temp\ccXEkpog.s 			page 23


 935 0099 0D       		.uleb128 0xd
 936 009a 00       		.byte	0
 937 009b 03       		.uleb128 0x3
 938 009c 08       		.uleb128 0x8
 939 009d 3A       		.uleb128 0x3a
 940 009e 0B       		.uleb128 0xb
 941 009f 3B       		.uleb128 0x3b
 942 00a0 0B       		.uleb128 0xb
 943 00a1 49       		.uleb128 0x49
 944 00a2 13       		.uleb128 0x13
 945 00a3 38       		.uleb128 0x38
 946 00a4 0B       		.uleb128 0xb
 947 00a5 00       		.byte	0
 948 00a6 00       		.byte	0
 949 00a7 10       		.uleb128 0x10
 950 00a8 0D       		.uleb128 0xd
 951 00a9 00       		.byte	0
 952 00aa 03       		.uleb128 0x3
 953 00ab 0E       		.uleb128 0xe
 954 00ac 3A       		.uleb128 0x3a
 955 00ad 0B       		.uleb128 0xb
 956 00ae 3B       		.uleb128 0x3b
 957 00af 0B       		.uleb128 0xb
 958 00b0 49       		.uleb128 0x49
 959 00b1 13       		.uleb128 0x13
 960 00b2 38       		.uleb128 0x38
 961 00b3 0B       		.uleb128 0xb
 962 00b4 00       		.byte	0
 963 00b5 00       		.byte	0
 964 00b6 11       		.uleb128 0x11
 965 00b7 26       		.uleb128 0x26
 966 00b8 00       		.byte	0
 967 00b9 49       		.uleb128 0x49
 968 00ba 13       		.uleb128 0x13
 969 00bb 00       		.byte	0
 970 00bc 00       		.byte	0
 971 00bd 12       		.uleb128 0x12
 972 00be 15       		.uleb128 0x15
 973 00bf 01       		.byte	0x1
 974 00c0 27       		.uleb128 0x27
 975 00c1 19       		.uleb128 0x19
 976 00c2 49       		.uleb128 0x49
 977 00c3 13       		.uleb128 0x13
 978 00c4 01       		.uleb128 0x1
 979 00c5 13       		.uleb128 0x13
 980 00c6 00       		.byte	0
 981 00c7 00       		.byte	0
 982 00c8 13       		.uleb128 0x13
 983 00c9 13       		.uleb128 0x13
 984 00ca 01       		.byte	0x1
 985 00cb 03       		.uleb128 0x3
 986 00cc 0E       		.uleb128 0xe
 987 00cd 0B       		.uleb128 0xb
 988 00ce 0B       		.uleb128 0xb
 989 00cf 3A       		.uleb128 0x3a
 990 00d0 0B       		.uleb128 0xb
 991 00d1 3B       		.uleb128 0x3b
ARM GAS  C:\Users\91819\AppData\Local\Temp\ccXEkpog.s 			page 24


 992 00d2 0B       		.uleb128 0xb
 993 00d3 01       		.uleb128 0x1
 994 00d4 13       		.uleb128 0x13
 995 00d5 00       		.byte	0
 996 00d6 00       		.byte	0
 997 00d7 14       		.uleb128 0x14
 998 00d8 2E       		.uleb128 0x2e
 999 00d9 01       		.byte	0x1
 1000 00da 3F       		.uleb128 0x3f
 1001 00db 19       		.uleb128 0x19
 1002 00dc 03       		.uleb128 0x3
 1003 00dd 0E       		.uleb128 0xe
 1004 00de 3A       		.uleb128 0x3a
 1005 00df 0B       		.uleb128 0xb
 1006 00e0 3B       		.uleb128 0x3b
 1007 00e1 0B       		.uleb128 0xb
 1008 00e2 27       		.uleb128 0x27
 1009 00e3 19       		.uleb128 0x19
 1010 00e4 20       		.uleb128 0x20
 1011 00e5 0B       		.uleb128 0xb
 1012 00e6 01       		.uleb128 0x1
 1013 00e7 13       		.uleb128 0x13
 1014 00e8 00       		.byte	0
 1015 00e9 00       		.byte	0
 1016 00ea 15       		.uleb128 0x15
 1017 00eb 05       		.uleb128 0x5
 1018 00ec 00       		.byte	0
 1019 00ed 03       		.uleb128 0x3
 1020 00ee 0E       		.uleb128 0xe
 1021 00ef 3A       		.uleb128 0x3a
 1022 00f0 0B       		.uleb128 0xb
 1023 00f1 3B       		.uleb128 0x3b
 1024 00f2 0B       		.uleb128 0xb
 1025 00f3 49       		.uleb128 0x49
 1026 00f4 13       		.uleb128 0x13
 1027 00f5 00       		.byte	0
 1028 00f6 00       		.byte	0
 1029 00f7 16       		.uleb128 0x16
 1030 00f8 2E       		.uleb128 0x2e
 1031 00f9 01       		.byte	0x1
 1032 00fa 3F       		.uleb128 0x3f
 1033 00fb 19       		.uleb128 0x19
 1034 00fc 03       		.uleb128 0x3
 1035 00fd 0E       		.uleb128 0xe
 1036 00fe 3A       		.uleb128 0x3a
 1037 00ff 0B       		.uleb128 0xb
 1038 0100 3B       		.uleb128 0x3b
 1039 0101 0B       		.uleb128 0xb
 1040 0102 27       		.uleb128 0x27
 1041 0103 19       		.uleb128 0x19
 1042 0104 11       		.uleb128 0x11
 1043 0105 01       		.uleb128 0x1
 1044 0106 12       		.uleb128 0x12
 1045 0107 06       		.uleb128 0x6
 1046 0108 40       		.uleb128 0x40
 1047 0109 18       		.uleb128 0x18
 1048 010a 9742     		.uleb128 0x2117
ARM GAS  C:\Users\91819\AppData\Local\Temp\ccXEkpog.s 			page 25


 1049 010c 19       		.uleb128 0x19
 1050 010d 01       		.uleb128 0x1
 1051 010e 13       		.uleb128 0x13
 1052 010f 00       		.byte	0
 1053 0110 00       		.byte	0
 1054 0111 17       		.uleb128 0x17
 1055 0112 34       		.uleb128 0x34
 1056 0113 00       		.byte	0
 1057 0114 03       		.uleb128 0x3
 1058 0115 0E       		.uleb128 0xe
 1059 0116 3A       		.uleb128 0x3a
 1060 0117 0B       		.uleb128 0xb
 1061 0118 3B       		.uleb128 0x3b
 1062 0119 0B       		.uleb128 0xb
 1063 011a 49       		.uleb128 0x49
 1064 011b 13       		.uleb128 0x13
 1065 011c 02       		.uleb128 0x2
 1066 011d 18       		.uleb128 0x18
 1067 011e 00       		.byte	0
 1068 011f 00       		.byte	0
 1069 0120 18       		.uleb128 0x18
 1070 0121 1D       		.uleb128 0x1d
 1071 0122 01       		.byte	0x1
 1072 0123 31       		.uleb128 0x31
 1073 0124 13       		.uleb128 0x13
 1074 0125 11       		.uleb128 0x11
 1075 0126 01       		.uleb128 0x1
 1076 0127 12       		.uleb128 0x12
 1077 0128 06       		.uleb128 0x6
 1078 0129 58       		.uleb128 0x58
 1079 012a 0B       		.uleb128 0xb
 1080 012b 59       		.uleb128 0x59
 1081 012c 0B       		.uleb128 0xb
 1082 012d 01       		.uleb128 0x1
 1083 012e 13       		.uleb128 0x13
 1084 012f 00       		.byte	0
 1085 0130 00       		.byte	0
 1086 0131 19       		.uleb128 0x19
 1087 0132 05       		.uleb128 0x5
 1088 0133 00       		.byte	0
 1089 0134 31       		.uleb128 0x31
 1090 0135 13       		.uleb128 0x13
 1091 0136 02       		.uleb128 0x2
 1092 0137 17       		.uleb128 0x17
 1093 0138 00       		.byte	0
 1094 0139 00       		.byte	0
 1095 013a 1A       		.uleb128 0x1a
 1096 013b 05       		.uleb128 0x5
 1097 013c 00       		.byte	0
 1098 013d 31       		.uleb128 0x31
 1099 013e 13       		.uleb128 0x13
 1100 013f 00       		.byte	0
 1101 0140 00       		.byte	0
 1102 0141 1B       		.uleb128 0x1b
 1103 0142 898201   		.uleb128 0x4109
 1104 0145 01       		.byte	0x1
 1105 0146 11       		.uleb128 0x11
ARM GAS  C:\Users\91819\AppData\Local\Temp\ccXEkpog.s 			page 26


 1106 0147 01       		.uleb128 0x1
 1107 0148 31       		.uleb128 0x31
 1108 0149 13       		.uleb128 0x13
 1109 014a 00       		.byte	0
 1110 014b 00       		.byte	0
 1111 014c 1C       		.uleb128 0x1c
 1112 014d 8A8201   		.uleb128 0x410a
 1113 0150 00       		.byte	0
 1114 0151 02       		.uleb128 0x2
 1115 0152 18       		.uleb128 0x18
 1116 0153 9142     		.uleb128 0x2111
 1117 0155 18       		.uleb128 0x18
 1118 0156 00       		.byte	0
 1119 0157 00       		.byte	0
 1120 0158 1D       		.uleb128 0x1d
 1121 0159 34       		.uleb128 0x34
 1122 015a 00       		.byte	0
 1123 015b 03       		.uleb128 0x3
 1124 015c 0E       		.uleb128 0xe
 1125 015d 3A       		.uleb128 0x3a
 1126 015e 0B       		.uleb128 0xb
 1127 015f 3B       		.uleb128 0x3b
 1128 0160 0B       		.uleb128 0xb
 1129 0161 49       		.uleb128 0x49
 1130 0162 13       		.uleb128 0x13
 1131 0163 3F       		.uleb128 0x3f
 1132 0164 19       		.uleb128 0x19
 1133 0165 3C       		.uleb128 0x3c
 1134 0166 19       		.uleb128 0x19
 1135 0167 00       		.byte	0
 1136 0168 00       		.byte	0
 1137 0169 1E       		.uleb128 0x1e
 1138 016a 34       		.uleb128 0x34
 1139 016b 00       		.byte	0
 1140 016c 03       		.uleb128 0x3
 1141 016d 0E       		.uleb128 0xe
 1142 016e 3A       		.uleb128 0x3a
 1143 016f 0B       		.uleb128 0xb
 1144 0170 3B       		.uleb128 0x3b
 1145 0171 05       		.uleb128 0x5
 1146 0172 49       		.uleb128 0x49
 1147 0173 13       		.uleb128 0x13
 1148 0174 3F       		.uleb128 0x3f
 1149 0175 19       		.uleb128 0x19
 1150 0176 3C       		.uleb128 0x3c
 1151 0177 19       		.uleb128 0x19
 1152 0178 00       		.byte	0
 1153 0179 00       		.byte	0
 1154 017a 1F       		.uleb128 0x1f
 1155 017b 35       		.uleb128 0x35
 1156 017c 00       		.byte	0
 1157 017d 49       		.uleb128 0x49
 1158 017e 13       		.uleb128 0x13
 1159 017f 00       		.byte	0
 1160 0180 00       		.byte	0
 1161 0181 20       		.uleb128 0x20
 1162 0182 21       		.uleb128 0x21
ARM GAS  C:\Users\91819\AppData\Local\Temp\ccXEkpog.s 			page 27


 1163 0183 00       		.byte	0
 1164 0184 49       		.uleb128 0x49
 1165 0185 13       		.uleb128 0x13
 1166 0186 2F       		.uleb128 0x2f
 1167 0187 0D       		.uleb128 0xd
 1168 0188 00       		.byte	0
 1169 0189 00       		.byte	0
 1170 018a 21       		.uleb128 0x21
 1171 018b 34       		.uleb128 0x34
 1172 018c 00       		.byte	0
 1173 018d 03       		.uleb128 0x3
 1174 018e 0E       		.uleb128 0xe
 1175 018f 3A       		.uleb128 0x3a
 1176 0190 0B       		.uleb128 0xb
 1177 0191 3B       		.uleb128 0x3b
 1178 0192 0B       		.uleb128 0xb
 1179 0193 49       		.uleb128 0x49
 1180 0194 13       		.uleb128 0x13
 1181 0195 3F       		.uleb128 0x3f
 1182 0196 19       		.uleb128 0x19
 1183 0197 02       		.uleb128 0x2
 1184 0198 18       		.uleb128 0x18
 1185 0199 00       		.byte	0
 1186 019a 00       		.byte	0
 1187 019b 22       		.uleb128 0x22
 1188 019c 2E       		.uleb128 0x2e
 1189 019d 00       		.byte	0
 1190 019e 3F       		.uleb128 0x3f
 1191 019f 19       		.uleb128 0x19
 1192 01a0 3C       		.uleb128 0x3c
 1193 01a1 19       		.uleb128 0x19
 1194 01a2 6E       		.uleb128 0x6e
 1195 01a3 0E       		.uleb128 0xe
 1196 01a4 03       		.uleb128 0x3
 1197 01a5 0E       		.uleb128 0xe
 1198 01a6 3A       		.uleb128 0x3a
 1199 01a7 0B       		.uleb128 0xb
 1200 01a8 3B       		.uleb128 0x3b
 1201 01a9 0B       		.uleb128 0xb
 1202 01aa 00       		.byte	0
 1203 01ab 00       		.byte	0
 1204 01ac 00       		.byte	0
 1205              		.section	.debug_loc,"",%progbits
 1206              	.Ldebug_loc0:
 1207              	.LLST0:
 1208 0000 0E000000 		.4byte	.LVL0
 1209 0004 1E000000 		.4byte	.LVL1
 1210 0008 0200     		.2byte	0x2
 1211 000a 31       		.byte	0x31
 1212 000b 9F       		.byte	0x9f
 1213 000c 00000000 		.4byte	0
 1214 0010 00000000 		.4byte	0
 1215              		.section	.debug_aranges,"",%progbits
 1216 0000 1C000000 		.4byte	0x1c
 1217 0004 0200     		.2byte	0x2
 1218 0006 00000000 		.4byte	.Ldebug_info0
 1219 000a 04       		.byte	0x4
ARM GAS  C:\Users\91819\AppData\Local\Temp\ccXEkpog.s 			page 28


 1220 000b 00       		.byte	0
 1221 000c 0000     		.2byte	0
 1222 000e 0000     		.2byte	0
 1223 0010 00000000 		.4byte	.LFB140
 1224 0014 40000000 		.4byte	.LFE140-.LFB140
 1225 0018 00000000 		.4byte	0
 1226 001c 00000000 		.4byte	0
 1227              		.section	.debug_ranges,"",%progbits
 1228              	.Ldebug_ranges0:
 1229 0000 00000000 		.4byte	.LFB140
 1230 0004 40000000 		.4byte	.LFE140
 1231 0008 00000000 		.4byte	0
 1232 000c 00000000 		.4byte	0
 1233              		.section	.debug_line,"",%progbits
 1234              	.Ldebug_line0:
 1235 0000 38030000 		.section	.debug_str,"MS",%progbits,1
 1235      02000C03 
 1235      00000201 
 1235      FB0E0D00 
 1235      01010101 
 1236              	.LASF102:
 1237 0000 474E5520 		.ascii	"GNU C11 5.4.1 20160609 (release) [ARM/embedded-5-br"
 1237      43313120 
 1237      352E342E 
 1237      31203230 
 1237      31363036 
 1238 0033 616E6368 		.ascii	"anch revision 237715] -mcpu=cortex-m3 -mthumb -g -O"
 1238      20726576 
 1238      6973696F 
 1238      6E203233 
 1238      37373135 
 1239 0066 67202D66 		.ascii	"g -ffunction-sections -ffat-lto-objects\000"
 1239      66756E63 
 1239      74696F6E 
 1239      2D736563 
 1239      74696F6E 
 1240              	.LASF28:
 1241 008e 4576656E 		.ascii	"EventMaskType\000"
 1241      744D6173 
 1241      6B547970 
 1241      6500
 1242              	.LASF79:
 1243 009c 6F6E4572 		.ascii	"onErrorTaskCount\000"
 1243      726F7254 
 1243      61736B43 
 1243      6F756E74 
 1243      00
 1244              	.LASF45:
 1245 00ad 52435F45 		.ascii	"RC_ERROR_READ_ONLY\000"
 1245      52524F52 
 1245      5F524541 
 1245      445F4F4E 
 1245      4C5900
 1246              	.LASF31:
 1247 00c0 52435F53 		.ascii	"RC_SUCCESS\000"
 1247      55434345 
 1247      535300
ARM GAS  C:\Users\91819\AppData\Local\Temp\ccXEkpog.s 			page 29


 1248              	.LASF72:
 1249 00cb 53435F53 		.ascii	"SC_SPEED_driverOut_t\000"
 1249      50454544 
 1249      5F647269 
 1249      7665724F 
 1249      75745F74 
 1250              	.LASF76:
 1251 00e0 65764F6E 		.ascii	"evOnError\000"
 1251      4572726F 
 1251      7200
 1252              	.LASF19:
 1253 00ea 63686172 		.ascii	"char\000"
 1253      00
 1254              	.LASF46:
 1255 00ef 52435F45 		.ascii	"RC_ERROR_WRITE_ONLY\000"
 1255      52524F52 
 1255      5F575249 
 1255      54455F4F 
 1255      4E4C5900 
 1256              	.LASF2:
 1257 0103 73686F72 		.ascii	"short int\000"
 1257      7420696E 
 1257      7400
 1258              	.LASF20:
 1259 010d 73697A65 		.ascii	"size_t\000"
 1259      5F7400
 1260              	.LASF49:
 1261 0114 52435F45 		.ascii	"RC_ERROR_WRITE_FAILS\000"
 1261      52524F52 
 1261      5F575249 
 1261      54455F46 
 1261      41494C53 
 1262              	.LASF29:
 1263 0129 73697A65 		.ascii	"sizetype\000"
 1263      74797065 
 1263      00
 1264              	.LASF69:
 1265 0132 6D795370 		.ascii	"mySpeed\000"
 1265      65656400 
 1266              	.LASF65:
 1267 013a 5254455F 		.ascii	"RTE_signalStatus_t\000"
 1267      7369676E 
 1267      616C5374 
 1267      61747573 
 1267      5F7400
 1268              	.LASF34:
 1269 014d 52435F45 		.ascii	"RC_ERROR_ZERO\000"
 1269      52524F52 
 1269      5F5A4552 
 1269      4F00
 1270              	.LASF25:
 1271 015b 45455F46 		.ascii	"EE_FREG\000"
 1271      52454700 
 1272              	.LASF48:
 1273 0163 52435F45 		.ascii	"RC_ERROR_READ_FAILS\000"
 1273      52524F52 
 1273      5F524541 
ARM GAS  C:\Users\91819\AppData\Local\Temp\ccXEkpog.s 			page 30


 1273      445F4641 
 1273      494C5300 
 1274              	.LASF8:
 1275 0177 5F5F7569 		.ascii	"__uint32_t\000"
 1275      6E743332 
 1275      5F7400
 1276              	.LASF23:
 1277 0182 45455F55 		.ascii	"EE_UINT32\000"
 1277      494E5433 
 1277      3200
 1278              	.LASF4:
 1279 018c 5F5F7569 		.ascii	"__uint16_t\000"
 1279      6E743136 
 1279      5F7400
 1280              	.LASF99:
 1281 0197 7373697A 		.ascii	"ssizetype\000"
 1281      65747970 
 1281      6500
 1282              	.LASF104:
 1283 01a1 433A5C55 		.ascii	"C:\\Users\\91819\\Documents\\HDA_Sem2\\EAA\\Assignm"
 1283      73657273 
 1283      5C393138 
 1283      31395C44 
 1283      6F63756D 
 1284 01ce 656E7473 		.ascii	"ents\\Assignment1_RTE\\autosar_01.cydsn (2)\\autosa"
 1284      5C417373 
 1284      69676E6D 
 1284      656E7431 
 1284      5F525445 
 1285 01fe 725F3031 		.ascii	"r_01.cydsn\000"
 1285      2E637964 
 1285      736E00
 1286              	.LASF26:
 1287 0209 45455F54 		.ascii	"EE_TID\000"
 1287      494400
 1288              	.LASF86:
 1289 0210 76616C75 		.ascii	"value\000"
 1289      6500
 1290              	.LASF70:
 1291 0216 53435F53 		.ascii	"SC_SPEED_data_t\000"
 1291      50454544 
 1291      5F646174 
 1291      615F7400 
 1292              	.LASF54:
 1293 0226 52435F45 		.ascii	"RC_ERROR_INVALID_STATE\000"
 1293      52524F52 
 1293      5F494E56 
 1293      414C4944 
 1293      5F535441 
 1294              	.LASF84:
 1295 023d 53435F53 		.ascii	"SC_SPEED_cfg_s\000"
 1295      50454544 
 1295      5F636667 
 1295      5F7300
 1296              	.LASF83:
 1297 024c 53435F53 		.ascii	"SC_SPEED_cfg_t\000"
 1297      50454544 
ARM GAS  C:\Users\91819\AppData\Local\Temp\ccXEkpog.s 			page 31


 1297      5F636667 
 1297      5F7400
 1298              	.LASF82:
 1299 025b 7265736F 		.ascii	"resource\000"
 1299      75726365 
 1299      00
 1300              	.LASF96:
 1301 0264 45455F49 		.ascii	"EE_IRQ_nesting_level\000"
 1301      52515F6E 
 1301      65737469 
 1301      6E675F6C 
 1301      6576656C 
 1302              	.LASF67:
 1303 0279 6379636C 		.ascii	"cycleTime\000"
 1303      6554696D 
 1303      6500
 1304              	.LASF95:
 1305 0283 45455F73 		.ascii	"EE_std_endcycle_next_tid\000"
 1305      74645F65 
 1305      6E646379 
 1305      636C655F 
 1305      6E657874 
 1306              	.LASF36:
 1307 029c 52435F45 		.ascii	"RC_ERROR_RANGE\000"
 1307      52524F52 
 1307      5F52414E 
 1307      474500
 1308              	.LASF17:
 1309 02ab 666C6F61 		.ascii	"float\000"
 1309      7400
 1310              	.LASF103:
 1311 02b1 736F7572 		.ascii	"source\\asw\\tsk_system.c\000"
 1311      63655C61 
 1311      73775C74 
 1311      736B5F73 
 1311      79737465 
 1312              	.LASF98:
 1313 02c9 534F5F53 		.ascii	"SO_SPEED_signal\000"
 1313      50454544 
 1313      5F736967 
 1313      6E616C00 
 1314              	.LASF56:
 1315 02d9 52435F45 		.ascii	"RC_ERROR_NOT_IMPLEMENTED\000"
 1315      52524F52 
 1315      5F4E4F54 
 1315      5F494D50 
 1315      4C454D45 
 1316              	.LASF10:
 1317 02f2 6C6F6E67 		.ascii	"long long int\000"
 1317      206C6F6E 
 1317      6720696E 
 1317      7400
 1318              	.LASF93:
 1319 0300 45455F6F 		.ascii	"EE_oo_IRQ_suspend_status\000"
 1319      6F5F4952 
 1319      515F7375 
 1319      7370656E 
ARM GAS  C:\Users\91819\AppData\Local\Temp\ccXEkpog.s 			page 32


 1319      645F7374 
 1320              	.LASF50:
 1321 0319 52435F45 		.ascii	"RC_ERROR_NOT_MATCH\000"
 1321      52524F52 
 1321      5F4E4F54 
 1321      5F4D4154 
 1321      434800
 1322              	.LASF55:
 1323 032c 52435F45 		.ascii	"RC_ERROR_UNKNOWN\000"
 1323      52524F52 
 1323      5F554E4B 
 1323      4E4F574E 
 1323      00
 1324              	.LASF7:
 1325 033d 6C6F6E67 		.ascii	"long int\000"
 1325      20696E74 
 1325      00
 1326              	.LASF38:
 1327 0346 52435F45 		.ascii	"RC_ERROR_UNDERRUN\000"
 1327      52524F52 
 1327      5F554E44 
 1327      45525255 
 1327      4E00
 1328              	.LASF41:
 1329 0358 52435F45 		.ascii	"RC_ERROR_BUSY\000"
 1329      52524F52 
 1329      5F425553 
 1329      5900
 1330              	.LASF61:
 1331 0366 5254455F 		.ascii	"RTE_SIGNALSTATUS_STARTUP\000"
 1331      5349474E 
 1331      414C5354 
 1331      41545553 
 1331      5F535441 
 1332              	.LASF3:
 1333 037f 5F5F7569 		.ascii	"__uint8_t\000"
 1333      6E74385F 
 1333      7400
 1334              	.LASF47:
 1335 0389 52435F45 		.ascii	"RC_ERROR_INVALID\000"
 1335      52524F52 
 1335      5F494E56 
 1335      414C4944 
 1335      00
 1336              	.LASF52:
 1337 039a 52435F45 		.ascii	"RC_ERROR_BAD_DATA\000"
 1337      52524F52 
 1337      5F424144 
 1337      5F444154 
 1337      4100
 1338              	.LASF30:
 1339 03ac 626F6F6C 		.ascii	"boolean_t\000"
 1339      65616E5F 
 1339      7400
 1340              	.LASF91:
 1341 03b6 696E6372 		.ascii	"increment\000"
 1341      656D656E 
ARM GAS  C:\Users\91819\AppData\Local\Temp\ccXEkpog.s 			page 33


 1341      7400
 1342              	.LASF74:
 1343 03c0 6F757444 		.ascii	"outDriver\000"
 1343      72697665 
 1343      7200
 1344              	.LASF21:
 1345 03ca 6C6F6E67 		.ascii	"long double\000"
 1345      20646F75 
 1345      626C6500 
 1346              	.LASF100:
 1347 03d6 5254455F 		.ascii	"RTE_cyclicActivationTable_tsk_system\000"
 1347      6379636C 
 1347      69634163 
 1347      74697661 
 1347      74696F6E 
 1348              	.LASF27:
 1349 03fb 5461736B 		.ascii	"TaskType\000"
 1349      54797065 
 1349      00
 1350              	.LASF1:
 1351 0404 756E7369 		.ascii	"unsigned char\000"
 1351      676E6564 
 1351      20636861 
 1351      7200
 1352              	.LASF78:
 1353 0412 6F6E5570 		.ascii	"onUpdateTasks\000"
 1353      64617465 
 1353      5461736B 
 1353      7300
 1354              	.LASF0:
 1355 0420 7369676E 		.ascii	"signed char\000"
 1355      65642063 
 1355      68617200 
 1356              	.LASF11:
 1357 042c 6C6F6E67 		.ascii	"long long unsigned int\000"
 1357      206C6F6E 
 1357      6720756E 
 1357      7369676E 
 1357      65642069 
 1358              	.LASF16:
 1359 0443 75696E74 		.ascii	"uint32_t\000"
 1359      33325F74 
 1359      00
 1360              	.LASF12:
 1361 044c 756E7369 		.ascii	"unsigned int\000"
 1361      676E6564 
 1361      20696E74 
 1361      00
 1362              	.LASF43:
 1363 0459 52435F45 		.ascii	"RC_ERROR_OPEN\000"
 1363      52524F52 
 1363      5F4F5045 
 1363      4E00
 1364              	.LASF14:
 1365 0467 75696E74 		.ascii	"uint16_t\000"
 1365      31365F74 
 1365      00
ARM GAS  C:\Users\91819\AppData\Local\Temp\ccXEkpog.s 			page 34


 1366              	.LASF9:
 1367 0470 6C6F6E67 		.ascii	"long unsigned int\000"
 1367      20756E73 
 1367      69676E65 
 1367      6420696E 
 1367      7400
 1368              	.LASF33:
 1369 0482 52435F45 		.ascii	"RC_ERROR_NULL\000"
 1369      52524F52 
 1369      5F4E554C 
 1369      4C00
 1370              	.LASF40:
 1371 0490 52435F45 		.ascii	"RC_ERROR_BUFFER_EMTPY\000"
 1371      52524F52 
 1371      5F425546 
 1371      4645525F 
 1371      454D5450 
 1372              	.LASF22:
 1373 04a6 45455F49 		.ascii	"EE_INT32\000"
 1373      4E543332 
 1373      00
 1374              	.LASF105:
 1375 04af 5254455F 		.ascii	"RTE_SC_SPEED_incAge\000"
 1375      53435F53 
 1375      50454544 
 1375      5F696E63 
 1375      41676500 
 1376              	.LASF88:
 1377 04c3 70536967 		.ascii	"pSigCfg\000"
 1377      43666700 
 1378              	.LASF75:
 1379 04cb 65764F6E 		.ascii	"evOnUpdate\000"
 1379      55706461 
 1379      746500
 1380              	.LASF68:
 1381 04d6 5254455F 		.ascii	"RTE_cyclicTable_t\000"
 1381      6379636C 
 1381      69635461 
 1381      626C655F 
 1381      7400
 1382              	.LASF87:
 1383 04e8 73746174 		.ascii	"status\000"
 1383      757300
 1384              	.LASF73:
 1385 04ef 696E4472 		.ascii	"inDriver\000"
 1385      69766572 
 1385      00
 1386              	.LASF81:
 1387 04f8 7265736F 		.ascii	"resourceActive\000"
 1387      75726365 
 1387      41637469 
 1387      766500
 1388              	.LASF90:
 1389 0507 7369676E 		.ascii	"signal\000"
 1389      616C00
 1390              	.LASF64:
 1391 050e 5254455F 		.ascii	"RTE_SIGNALSTATUS_INVALID\000"
ARM GAS  C:\Users\91819\AppData\Local\Temp\ccXEkpog.s 			page 35


 1391      5349474E 
 1391      414C5354 
 1391      41545553 
 1391      5F494E56 
 1392              	.LASF39:
 1393 0527 52435F45 		.ascii	"RC_ERROR_BUFFER_FULL\000"
 1393      52524F52 
 1393      5F425546 
 1393      4645525F 
 1393      46554C4C 
 1394              	.LASF15:
 1395 053c 696E7433 		.ascii	"int32_t\000"
 1395      325F7400 
 1396              	.LASF5:
 1397 0544 73686F72 		.ascii	"short unsigned int\000"
 1397      7420756E 
 1397      7369676E 
 1397      65642069 
 1397      6E7400
 1398              	.LASF51:
 1399 0557 52435F45 		.ascii	"RC_ERROR_BAD_PARAM\000"
 1399      52524F52 
 1399      5F424144 
 1399      5F504152 
 1399      414D00
 1400              	.LASF80:
 1401 056a 6F6E4572 		.ascii	"onErrorTasks\000"
 1401      726F7254 
 1401      61736B73 
 1401      00
 1402              	.LASF77:
 1403 0577 6F6E5570 		.ascii	"onUpdateTaskCount\000"
 1403      64617465 
 1403      5461736B 
 1403      436F756E 
 1403      7400
 1404              	.LASF94:
 1405 0589 45455F41 		.ascii	"EE_ApplicationMode\000"
 1405      70706C69 
 1405      63617469 
 1405      6F6E4D6F 
 1405      646500
 1406              	.LASF106:
 1407 059c 46756E63 		.ascii	"Functsk_system\000"
 1407      74736B5F 
 1407      73797374 
 1407      656D00
 1408              	.LASF107:
 1409 05ab 7469636B 		.ascii	"ticktime\000"
 1409      74696D65 
 1409      00
 1410              	.LASF44:
 1411 05b4 52435F45 		.ascii	"RC_ERROR_CHECKSUM\000"
 1411      52524F52 
 1411      5F434845 
 1411      434B5355 
 1411      4D00
ARM GAS  C:\Users\91819\AppData\Local\Temp\ccXEkpog.s 			page 36


 1412              	.LASF24:
 1413 05c6 45455F55 		.ascii	"EE_UREG\000"
 1413      52454700 
 1414              	.LASF101:
 1415 05ce 5254455F 		.ascii	"RTE_cyclicActivation_tsk_system_size\000"
 1415      6379636C 
 1415      69634163 
 1415      74697661 
 1415      74696F6E 
 1416              	.LASF108:
 1417 05f3 5254455F 		.ascii	"RTE_ProcessCyclicTable\000"
 1417      50726F63 
 1417      65737343 
 1417      79636C69 
 1417      63546162 
 1418              	.LASF37:
 1419 060a 52435F45 		.ascii	"RC_ERROR_OVERRUN\000"
 1419      52524F52 
 1419      5F4F5645 
 1419      5252554E 
 1419      00
 1420              	.LASF6:
 1421 061b 5F5F696E 		.ascii	"__int32_t\000"
 1421      7433325F 
 1421      7400
 1422              	.LASF13:
 1423 0625 75696E74 		.ascii	"uint8_t\000"
 1423      385F7400 
 1424              	.LASF59:
 1425 062d 5254455F 		.ascii	"RTE_event\000"
 1425      6576656E 
 1425      7400
 1426              	.LASF71:
 1427 0637 53435F53 		.ascii	"SC_SPEED_driverIn_t\000"
 1427      50454544 
 1427      5F647269 
 1427      76657249 
 1427      6E5F7400 
 1428              	.LASF85:
 1429 064b 53435F53 		.ascii	"SC_SPEED_s\000"
 1429      50454544 
 1429      5F7300
 1430              	.LASF53:
 1431 0656 52435F45 		.ascii	"RC_ERROR_CANCELED\000"
 1431      52524F52 
 1431      5F43414E 
 1431      43454C45 
 1431      4400
 1432              	.LASF89:
 1433 0668 53435F53 		.ascii	"SC_SPEED_t\000"
 1433      50454544 
 1433      5F7400
 1434              	.LASF60:
 1435 0673 5265736F 		.ascii	"ResourceType\000"
 1435      75726365 
 1435      54797065 
 1435      00
ARM GAS  C:\Users\91819\AppData\Local\Temp\ccXEkpog.s 			page 37


 1436              	.LASF18:
 1437 0680 646F7562 		.ascii	"double\000"
 1437      6C6500
 1438              	.LASF63:
 1439 0687 5254455F 		.ascii	"RTE_SIGNALSTATUS_VALID\000"
 1439      5349474E 
 1439      414C5354 
 1439      41545553 
 1439      5F56414C 
 1440              	.LASF66:
 1441 069e 5254455F 		.ascii	"RTE_pRunnable\000"
 1441      7052756E 
 1441      6E61626C 
 1441      6500
 1442              	.LASF97:
 1443 06ac 49544D5F 		.ascii	"ITM_RxBuffer\000"
 1443      52784275 
 1443      66666572 
 1443      00
 1444              	.LASF32:
 1445 06b9 52435F45 		.ascii	"RC_ERROR\000"
 1445      52524F52 
 1445      00
 1446              	.LASF35:
 1447 06c2 52435F45 		.ascii	"RC_ERROR_MEMORY\000"
 1447      52524F52 
 1447      5F4D454D 
 1447      4F525900 
 1448              	.LASF92:
 1449 06d2 45455F6F 		.ascii	"EE_oo_IRQ_disable_count\000"
 1449      6F5F4952 
 1449      515F6469 
 1449      7361626C 
 1449      655F636F 
 1450              	.LASF58:
 1451 06ea 5461736B 		.ascii	"TaskTypeArray\000"
 1451      54797065 
 1451      41727261 
 1451      7900
 1452              	.LASF57:
 1453 06f8 52435F74 		.ascii	"RC_t\000"
 1453      00
 1454              	.LASF62:
 1455 06fd 5254455F 		.ascii	"RTE_SIGNALSTATUS_INITIALIZED\000"
 1455      5349474E 
 1455      414C5354 
 1455      41545553 
 1455      5F494E49 
 1456              	.LASF42:
 1457 071a 52435F45 		.ascii	"RC_ERROR_TIME_OUT\000"
 1457      52524F52 
 1457      5F54494D 
 1457      455F4F55 
 1457      5400
 1458              		.ident	"GCC: (GNU Tools for ARM Embedded Processors) 5.4.1 20160609 (release) [ARM/embedded-5-bran
