ARM GAS  C:\Users\91819\AppData\Local\Temp\ccx5KxW1.s 			page 1


   1              		.syntax unified
   2              		.cpu cortex-m3
   3              		.fpu softvfp
   4              		.eabi_attribute 20, 1
   5              		.eabi_attribute 21, 1
   6              		.eabi_attribute 23, 3
   7              		.eabi_attribute 24, 1
   8              		.eabi_attribute 25, 1
   9              		.eabi_attribute 26, 1
  10              		.eabi_attribute 30, 1
  11              		.eabi_attribute 34, 1
  12              		.eabi_attribute 18, 4
  13              		.thumb
  14              		.syntax unified
  15              		.file	"tsk_control.c"
  16              		.text
  17              	.Ltext0:
  18              		.cfi_sections	.debug_frame
  19              		.section	.text.Functsk_control,"ax",%progbits
  20              		.align	2
  21              		.global	Functsk_control
  22              		.thumb
  23              		.thumb_func
  24              		.type	Functsk_control, %function
  25              	Functsk_control:
  26              	.LFB110:
  27              		.file 1 "source\\asw\\tsk_control.c"
   1:source\asw/tsk_control.c **** 
   2:source\asw/tsk_control.c **** 
   3:source\asw/tsk_control.c **** /*
   4:source\asw/tsk_control.c ****  * Filename: tsk_control.c
   5:source\asw/tsk_control.c ****  *
   6:source\asw/tsk_control.c ****  * Author: Autogenerated by H-DA RTE Generator, (c) Prof. Fromm
   7:source\asw/tsk_control.c ****  */
   8:source\asw/tsk_control.c **** 
   9:source\asw/tsk_control.c **** #include "project.h"
  10:source\asw/tsk_control.c **** #include "global.h"
  11:source\asw/tsk_control.c **** #include "rte.h"
  12:source\asw/tsk_control.c **** #include "rte_types.h"
  13:source\asw/tsk_control.c **** #include "tsk_control.h"
  14:source\asw/tsk_control.c **** 
  15:source\asw/tsk_control.c **** 
  16:source\asw/tsk_control.c **** 
  17:source\asw/tsk_control.c **** /* USER CODE START TSK_CONTROL_INCLUDE */
  18:source\asw/tsk_control.c **** 
  19:source\asw/tsk_control.c **** /* USER CODE END TSK_CONTROL_INCLUDE */
  20:source\asw/tsk_control.c **** 
  21:source\asw/tsk_control.c **** #include "swc_control.h"
  22:source\asw/tsk_control.c **** 
  23:source\asw/tsk_control.c **** extern boolean_t testTerminateFlag;
  24:source\asw/tsk_control.c **** 
  25:source\asw/tsk_control.c **** /* USER CODE START TSK_CONTROL_USERDEFINITIONS */
  26:source\asw/tsk_control.c **** 
  27:source\asw/tsk_control.c **** /* USER CODE END TSK_CONTROL_USERDEFINITIONS */
  28:source\asw/tsk_control.c **** 
  29:source\asw/tsk_control.c **** /*******************************************************************************
  30:source\asw/tsk_control.c ****  * Runnable Tables from Activation Engine
ARM GAS  C:\Users\91819\AppData\Local\Temp\ccx5KxW1.s 			page 2


  31:source\asw/tsk_control.c ****  *******************************************************************************/
  32:source\asw/tsk_control.c **** 
  33:source\asw/tsk_control.c **** /* Event Table */
  34:source\asw/tsk_control.c **** const RTE_eventTable_t RTE_eventActivationTable_tsk_control[] = {
  35:source\asw/tsk_control.c ****     { CONTROL_calcControl_run, ev_joystick_onData },  //Runnable
  36:source\asw/tsk_control.c **** }; 
  37:source\asw/tsk_control.c **** const uint16_t RTE_eventActivation_tsk_control_size = sizeof (RTE_eventActivationTable_tsk_control)
  38:source\asw/tsk_control.c **** 
  39:source\asw/tsk_control.c **** /*******************************************************************************
  40:source\asw/tsk_control.c ****  * Task Body
  41:source\asw/tsk_control.c ****  *******************************************************************************/
  42:source\asw/tsk_control.c **** 
  43:source\asw/tsk_control.c **** 
  44:source\asw/tsk_control.c **** /*
  45:source\asw/tsk_control.c **** * description: Task doing work
  46:source\asw/tsk_control.c **** * events: ev_joystick_onData
  47:source\asw/tsk_control.c **** * mode: Event
  48:source\asw/tsk_control.c **** * name: tsk_control
  49:source\asw/tsk_control.c **** * shortname: control
  50:source\asw/tsk_control.c **** * signalpoolsRO: sp_common
  51:source\asw/tsk_control.c **** * signalpoolsRW: sp_common
  52:source\asw/tsk_control.c **** * tickEvent: 0
  53:source\asw/tsk_control.c **** * timertickperiod: 1
  54:source\asw/tsk_control.c **** */
  55:source\asw/tsk_control.c **** TASK(tsk_control)
  56:source\asw/tsk_control.c **** {
  28              		.loc 1 56 0
  29              		.cfi_startproc
  30              		@ args = 0, pretend = 0, frame = 8
  31              		@ frame_needed = 0, uses_anonymous_args = 0
  32 0000 00B5     		push	{lr}
  33              		.cfi_def_cfa_offset 4
  34              		.cfi_offset 14, -4
  35 0002 83B0     		sub	sp, sp, #12
  36              		.cfi_def_cfa_offset 16
  57:source\asw/tsk_control.c ****     EventMaskType ev = 0;
  37              		.loc 1 57 0
  38 0004 0023     		movs	r3, #0
  39 0006 0193     		str	r3, [sp, #4]
  58:source\asw/tsk_control.c ****     
  59:source\asw/tsk_control.c ****     if(testTerminateFlag)
  40              		.loc 1 59 0
  41 0008 0A4B     		ldr	r3, .L5
  42 000a 1B78     		ldrb	r3, [r3]	@ zero_extendqisi2
  43 000c 0BB1     		cbz	r3, .L3
  60:source\asw/tsk_control.c ****     {
  61:source\asw/tsk_control.c ****         TerminateTask();        
  44              		.loc 1 61 0
  45 000e FFF7FEFF 		bl	EE_oo_TerminateTask
  46              	.LVL0:
  47              	.L3:
  62:source\asw/tsk_control.c ****     }
  63:source\asw/tsk_control.c ****     while(1)
  64:source\asw/tsk_control.c ****     {
  65:source\asw/tsk_control.c ****         //Wait, read and clear the event
  66:source\asw/tsk_control.c ****         WaitEvent(ev_joystick_onData);
  48              		.loc 1 66 0 discriminator 1
ARM GAS  C:\Users\91819\AppData\Local\Temp\ccx5KxW1.s 			page 3


  49 0012 0120     		movs	r0, #1
  50 0014 FFF7FEFF 		bl	EE_oo_WaitEvent
  51              	.LVL1:
  67:source\asw/tsk_control.c ****         GetEvent(tsk_control,&ev);
  52              		.loc 1 67 0 discriminator 1
  53 0018 01A9     		add	r1, sp, #4
  54 001a 0320     		movs	r0, #3
  55 001c FFF7FEFF 		bl	EE_oo_GetEvent
  56              	.LVL2:
  68:source\asw/tsk_control.c ****         ClearEvent(ev);
  57              		.loc 1 68 0 discriminator 1
  58 0020 0198     		ldr	r0, [sp, #4]
  59 0022 FFF7FEFF 		bl	EE_oo_ClearEvent
  60              	.LVL3:
  69:source\asw/tsk_control.c **** 		
  70:source\asw/tsk_control.c **** 		/* USER CODE START TSK_CONTROL_TASKBOBY_PRE */
  71:source\asw/tsk_control.c **** 
  72:source\asw/tsk_control.c **** 		/* USER CODE END TSK_CONTROL_TASKBODY_PRE */
  73:source\asw/tsk_control.c ****     
  74:source\asw/tsk_control.c **** 
  75:source\asw/tsk_control.c ****         //Process Event table on event
  76:source\asw/tsk_control.c ****         RTE_ProcessEventTable(RTE_eventActivationTable_tsk_control, RTE_eventActivation_tsk_control
  61              		.loc 1 76 0 discriminator 1
  62 0026 019A     		ldr	r2, [sp, #4]
  63 0028 0121     		movs	r1, #1
  64 002a 0348     		ldr	r0, .L5+4
  65 002c FFF7FEFF 		bl	RTE_ProcessEventTable
  66              	.LVL4:
  67 0030 EFE7     		b	.L3
  68              	.L6:
  69 0032 00BF     		.align	2
  70              	.L5:
  71 0034 00000000 		.word	testTerminateFlag
  72 0038 00000000 		.word	.LANCHOR0
  73              		.cfi_endproc
  74              	.LFE110:
  75              		.size	Functsk_control, .-Functsk_control
  76              		.global	RTE_eventActivation_tsk_control_size
  77              		.global	RTE_eventActivationTable_tsk_control
  78              		.section	.rodata
  79              		.align	2
  80              		.set	.LANCHOR0,. + 0
  81              		.type	RTE_eventActivationTable_tsk_control, %object
  82              		.size	RTE_eventActivationTable_tsk_control, 8
  83              	RTE_eventActivationTable_tsk_control:
  84 0000 00000000 		.word	CONTROL_calcControl_run
  85 0004 01000000 		.word	1
  86              		.type	RTE_eventActivation_tsk_control_size, %object
  87              		.size	RTE_eventActivation_tsk_control_size, 2
  88              	RTE_eventActivation_tsk_control_size:
  89 0008 0100     		.short	1
  90              		.text
  91              	.Letext0:
  92              		.file 2 "c:\\program files (x86)\\cypress\\psoc creator\\4.4\\psoc creator\\import\\gnu\\arm\\5.4.
  93              		.file 3 "c:\\program files (x86)\\cypress\\psoc creator\\4.4\\psoc creator\\import\\gnu\\arm\\5.4.
  94              		.file 4 "Generated_Source\\PSoC5/ErikaOS_1_common_ee_types.inc"
  95              		.file 5 "Generated_Source\\PSoC5/ErikaOS_1_cortex_mx_ee_cpu.inc"
ARM GAS  C:\Users\91819\AppData\Local\Temp\ccx5KxW1.s 			page 4


  96              		.file 6 "Generated_Source\\PSoC5/ErikaOS_1_ee_oo_common.inc"
  97              		.file 7 ".\\source\\bsw/global.h"
  98              		.file 8 ".\\source\\rte/rte_types.h"
  99              		.file 9 ".\\source\\rte/rte.h"
 100              		.file 10 "Generated_Source\\PSoC5/ErikaOS_1_ee_oo_intfunc.inc"
 101              		.file 11 "Generated_Source\\PSoC5/ErikaOS_1_cortex_mx_ee_context.inc"
 102              		.file 12 "Generated_Source\\PSoC5/ErikaOS_1_common_ee_primitives.inc"
 103              		.file 13 "Generated_Source\\PSoC5/core_cm3.h"
 104              		.file 14 "Generated_Source\\PSoC5/ErikaOS_1_ee_oo_kernel.inc"
 105              		.section	.debug_info,"",%progbits
 106              	.Ldebug_info0:
 107 0000 9F020000 		.4byte	0x29f
 108 0004 0400     		.2byte	0x4
 109 0006 00000000 		.4byte	.Ldebug_abbrev0
 110 000a 04       		.byte	0x4
 111 000b 01       		.uleb128 0x1
 112 000c C8000000 		.4byte	.LASF43
 113 0010 0C       		.byte	0xc
 114 0011 28030000 		.4byte	.LASF44
 115 0015 A9010000 		.4byte	.LASF45
 116 0019 00000000 		.4byte	.Ldebug_ranges0+0
 117 001d 00000000 		.4byte	0
 118 0021 00000000 		.4byte	.Ldebug_line0
 119 0025 02       		.uleb128 0x2
 120 0026 01       		.byte	0x1
 121 0027 06       		.byte	0x6
 122 0028 68030000 		.4byte	.LASF0
 123 002c 02       		.uleb128 0x2
 124 002d 01       		.byte	0x1
 125 002e 08       		.byte	0x8
 126 002f BA000000 		.4byte	.LASF1
 127 0033 02       		.uleb128 0x2
 128 0034 02       		.byte	0x2
 129 0035 05       		.byte	0x5
 130 0036 15030000 		.4byte	.LASF2
 131 003a 03       		.uleb128 0x3
 132 003b 11020000 		.4byte	.LASF4
 133 003f 02       		.byte	0x2
 134 0040 2B       		.byte	0x2b
 135 0041 45000000 		.4byte	0x45
 136 0045 02       		.uleb128 0x2
 137 0046 02       		.byte	0x2
 138 0047 07       		.byte	0x7
 139 0048 71010000 		.4byte	.LASF3
 140 004c 03       		.uleb128 0x3
 141 004d 2B000000 		.4byte	.LASF5
 142 0051 02       		.byte	0x2
 143 0052 3F       		.byte	0x3f
 144 0053 57000000 		.4byte	0x57
 145 0057 02       		.uleb128 0x2
 146 0058 04       		.byte	0x4
 147 0059 05       		.byte	0x5
 148 005a 53030000 		.4byte	.LASF6
 149 005e 02       		.uleb128 0x2
 150 005f 04       		.byte	0x4
 151 0060 07       		.byte	0x7
 152 0061 5F010000 		.4byte	.LASF7
ARM GAS  C:\Users\91819\AppData\Local\Temp\ccx5KxW1.s 			page 5


 153 0065 02       		.uleb128 0x2
 154 0066 08       		.byte	0x8
 155 0067 05       		.byte	0x5
 156 0068 D6020000 		.4byte	.LASF8
 157 006c 02       		.uleb128 0x2
 158 006d 08       		.byte	0x8
 159 006e 07       		.byte	0x7
 160 006f 75020000 		.4byte	.LASF9
 161 0073 04       		.uleb128 0x4
 162 0074 04       		.byte	0x4
 163 0075 05       		.byte	0x5
 164 0076 696E7400 		.ascii	"int\000"
 165 007a 02       		.uleb128 0x2
 166 007b 04       		.byte	0x4
 167 007c 07       		.byte	0x7
 168 007d 56020000 		.4byte	.LASF10
 169 0081 03       		.uleb128 0x3
 170 0082 1F030000 		.4byte	.LASF11
 171 0086 03       		.byte	0x3
 172 0087 24       		.byte	0x24
 173 0088 3A000000 		.4byte	0x3a
 174 008c 03       		.uleb128 0x3
 175 008d B5020000 		.4byte	.LASF12
 176 0091 03       		.byte	0x3
 177 0092 2C       		.byte	0x2c
 178 0093 4C000000 		.4byte	0x4c
 179 0097 02       		.uleb128 0x2
 180 0098 04       		.byte	0x4
 181 0099 04       		.byte	0x4
 182 009a 8F000000 		.4byte	.LASF13
 183 009e 02       		.uleb128 0x2
 184 009f 08       		.byte	0x8
 185 00a0 04       		.byte	0x4
 186 00a1 68000000 		.4byte	.LASF14
 187 00a5 02       		.uleb128 0x2
 188 00a6 01       		.byte	0x1
 189 00a7 08       		.byte	0x8
 190 00a8 F3020000 		.4byte	.LASF15
 191 00ac 02       		.uleb128 0x2
 192 00ad 08       		.byte	0x8
 193 00ae 04       		.byte	0x4
 194 00af 5C030000 		.4byte	.LASF16
 195 00b3 03       		.uleb128 0x3
 196 00b4 56010000 		.4byte	.LASF17
 197 00b8 04       		.byte	0x4
 198 00b9 53       		.byte	0x53
 199 00ba 73000000 		.4byte	0x73
 200 00be 03       		.uleb128 0x3
 201 00bf 6B020000 		.4byte	.LASF18
 202 00c3 04       		.byte	0x4
 203 00c4 54       		.byte	0x54
 204 00c5 7A000000 		.4byte	0x7a
 205 00c9 03       		.uleb128 0x3
 206 00ca F8020000 		.4byte	.LASF19
 207 00ce 05       		.byte	0x5
 208 00cf 4D       		.byte	0x4d
 209 00d0 BE000000 		.4byte	0xbe
ARM GAS  C:\Users\91819\AppData\Local\Temp\ccx5KxW1.s 			page 6


 210 00d4 03       		.uleb128 0x3
 211 00d5 63020000 		.4byte	.LASF20
 212 00d9 05       		.byte	0x5
 213 00da 4F       		.byte	0x4f
 214 00db BE000000 		.4byte	0xbe
 215 00df 03       		.uleb128 0x3
 216 00e0 88000000 		.4byte	.LASF21
 217 00e4 05       		.byte	0x5
 218 00e5 78       		.byte	0x78
 219 00e6 B3000000 		.4byte	0xb3
 220 00ea 05       		.uleb128 0x5
 221 00eb 35000000 		.4byte	.LASF22
 222 00ef 06       		.byte	0x6
 223 00f0 2C02     		.2byte	0x22c
 224 00f2 C9000000 		.4byte	0xc9
 225 00f6 02       		.uleb128 0x2
 226 00f7 04       		.byte	0x4
 227 00f8 07       		.byte	0x7
 228 00f9 BD020000 		.4byte	.LASF23
 229 00fd 03       		.uleb128 0x3
 230 00fe 00000000 		.4byte	.LASF24
 231 0102 07       		.byte	0x7
 232 0103 9C       		.byte	0x9c
 233 0104 2C000000 		.4byte	0x2c
 234 0108 03       		.uleb128 0x3
 235 0109 1C020000 		.4byte	.LASF25
 236 010d 08       		.byte	0x8
 237 010e 21       		.byte	0x21
 238 010f EA000000 		.4byte	0xea
 239 0113 03       		.uleb128 0x3
 240 0114 74030000 		.4byte	.LASF26
 241 0118 09       		.byte	0x9
 242 0119 66       		.byte	0x66
 243 011a 1E010000 		.4byte	0x11e
 244 011e 06       		.uleb128 0x6
 245 011f 04       		.byte	0x4
 246 0120 24010000 		.4byte	0x124
 247 0124 07       		.uleb128 0x7
 248 0125 2F010000 		.4byte	0x12f
 249 0129 08       		.uleb128 0x8
 250 012a 08010000 		.4byte	0x108
 251 012e 00       		.byte	0
 252 012f 09       		.uleb128 0x9
 253 0130 08       		.byte	0x8
 254 0131 09       		.byte	0x9
 255 0132 74       		.byte	0x74
 256 0133 50010000 		.4byte	0x150
 257 0137 0A       		.uleb128 0xa
 258 0138 72756E00 		.ascii	"run\000"
 259 013c 09       		.byte	0x9
 260 013d 76       		.byte	0x76
 261 013e 13010000 		.4byte	0x113
 262 0142 00       		.byte	0
 263 0143 0B       		.uleb128 0xb
 264 0144 37020000 		.4byte	.LASF27
 265 0148 09       		.byte	0x9
 266 0149 77       		.byte	0x77
ARM GAS  C:\Users\91819\AppData\Local\Temp\ccx5KxW1.s 			page 7


 267 014a EA000000 		.4byte	0xea
 268 014e 04       		.byte	0x4
 269 014f 00       		.byte	0
 270 0150 03       		.uleb128 0x3
 271 0151 1A000000 		.4byte	.LASF28
 272 0155 09       		.byte	0x9
 273 0156 78       		.byte	0x78
 274 0157 2F010000 		.4byte	0x12f
 275 015b 0C       		.uleb128 0xc
 276 015c C6020000 		.4byte	.LASF46
 277 0160 01       		.byte	0x1
 278 0161 37       		.byte	0x37
 279 0162 00000000 		.4byte	.LFB110
 280 0166 3C000000 		.4byte	.LFE110-.LFB110
 281 016a 01       		.uleb128 0x1
 282 016b 9C       		.byte	0x9c
 283 016c D4010000 		.4byte	0x1d4
 284 0170 0D       		.uleb128 0xd
 285 0171 657600   		.ascii	"ev\000"
 286 0174 01       		.byte	0x1
 287 0175 39       		.byte	0x39
 288 0176 EA000000 		.4byte	0xea
 289 017a 02       		.uleb128 0x2
 290 017b 91       		.byte	0x91
 291 017c 74       		.sleb128 -12
 292 017d 0E       		.uleb128 0xe
 293 017e 12000000 		.4byte	.LVL0
 294 0182 68020000 		.4byte	0x268
 295 0186 0F       		.uleb128 0xf
 296 0187 18000000 		.4byte	.LVL1
 297 018b 73020000 		.4byte	0x273
 298 018f 99010000 		.4byte	0x199
 299 0193 10       		.uleb128 0x10
 300 0194 01       		.uleb128 0x1
 301 0195 50       		.byte	0x50
 302 0196 01       		.uleb128 0x1
 303 0197 31       		.byte	0x31
 304 0198 00       		.byte	0
 305 0199 0F       		.uleb128 0xf
 306 019a 20000000 		.4byte	.LVL2
 307 019e 7F020000 		.4byte	0x27f
 308 01a2 B2010000 		.4byte	0x1b2
 309 01a6 10       		.uleb128 0x10
 310 01a7 01       		.uleb128 0x1
 311 01a8 50       		.byte	0x50
 312 01a9 01       		.uleb128 0x1
 313 01aa 33       		.byte	0x33
 314 01ab 10       		.uleb128 0x10
 315 01ac 01       		.uleb128 0x1
 316 01ad 51       		.byte	0x51
 317 01ae 02       		.uleb128 0x2
 318 01af 91       		.byte	0x91
 319 01b0 74       		.sleb128 -12
 320 01b1 00       		.byte	0
 321 01b2 0E       		.uleb128 0xe
 322 01b3 26000000 		.4byte	.LVL3
 323 01b7 8B020000 		.4byte	0x28b
ARM GAS  C:\Users\91819\AppData\Local\Temp\ccx5KxW1.s 			page 8


 324 01bb 11       		.uleb128 0x11
 325 01bc 30000000 		.4byte	.LVL4
 326 01c0 97020000 		.4byte	0x297
 327 01c4 10       		.uleb128 0x10
 328 01c5 01       		.uleb128 0x1
 329 01c6 50       		.byte	0x50
 330 01c7 05       		.uleb128 0x5
 331 01c8 03       		.byte	0x3
 332 01c9 00000000 		.4byte	.LANCHOR0
 333 01cd 10       		.uleb128 0x10
 334 01ce 01       		.uleb128 0x1
 335 01cf 51       		.byte	0x51
 336 01d0 01       		.uleb128 0x1
 337 01d1 31       		.byte	0x31
 338 01d2 00       		.byte	0
 339 01d3 00       		.byte	0
 340 01d4 12       		.uleb128 0x12
 341 01d5 84010000 		.4byte	.LASF29
 342 01d9 0A       		.byte	0xa
 343 01da 40       		.byte	0x40
 344 01db C9000000 		.4byte	0xc9
 345 01df 12       		.uleb128 0x12
 346 01e0 6F000000 		.4byte	.LASF30
 347 01e4 0A       		.byte	0xa
 348 01e5 47       		.byte	0x47
 349 01e6 D4000000 		.4byte	0xd4
 350 01ea 12       		.uleb128 0x12
 351 01eb 8C020000 		.4byte	.LASF31
 352 01ef 0A       		.byte	0xa
 353 01f0 4A       		.byte	0x4a
 354 01f1 C9000000 		.4byte	0xc9
 355 01f5 12       		.uleb128 0x12
 356 01f6 3D020000 		.4byte	.LASF32
 357 01fa 0B       		.byte	0xb
 358 01fb 48       		.byte	0x48
 359 01fc DF000000 		.4byte	0xdf
 360 0200 12       		.uleb128 0x12
 361 0201 00030000 		.4byte	.LASF33
 362 0205 0C       		.byte	0xc
 363 0206 44       		.byte	0x44
 364 0207 C9000000 		.4byte	0xc9
 365 020b 13       		.uleb128 0x13
 366 020c 9C010000 		.4byte	.LASF34
 367 0210 0D       		.byte	0xd
 368 0211 1207     		.2byte	0x712
 369 0213 17020000 		.4byte	0x217
 370 0217 14       		.uleb128 0x14
 371 0218 8C000000 		.4byte	0x8c
 372 021c 12       		.uleb128 0x12
 373 021d 41030000 		.4byte	.LASF35
 374 0221 01       		.byte	0x1
 375 0222 17       		.byte	0x17
 376 0223 FD000000 		.4byte	0xfd
 377 0227 15       		.uleb128 0x15
 378 0228 37020000 		.4byte	0x237
 379 022c 37020000 		.4byte	0x237
 380 0230 16       		.uleb128 0x16
ARM GAS  C:\Users\91819\AppData\Local\Temp\ccx5KxW1.s 			page 9


 381 0231 F6000000 		.4byte	0xf6
 382 0235 00       		.byte	0
 383 0236 00       		.byte	0
 384 0237 17       		.uleb128 0x17
 385 0238 50010000 		.4byte	0x150
 386 023c 18       		.uleb128 0x18
 387 023d 95000000 		.4byte	.LASF36
 388 0241 01       		.byte	0x1
 389 0242 22       		.byte	0x22
 390 0243 4D020000 		.4byte	0x24d
 391 0247 05       		.uleb128 0x5
 392 0248 03       		.byte	0x3
 393 0249 00000000 		.4byte	RTE_eventActivationTable_tsk_control
 394 024d 17       		.uleb128 0x17
 395 024e 27020000 		.4byte	0x227
 396 0252 18       		.uleb128 0x18
 397 0253 43000000 		.4byte	.LASF37
 398 0257 01       		.byte	0x1
 399 0258 25       		.byte	0x25
 400 0259 63020000 		.4byte	0x263
 401 025d 05       		.uleb128 0x5
 402 025e 03       		.byte	0x3
 403 025f 00000000 		.4byte	RTE_eventActivation_tsk_control_size
 404 0263 17       		.uleb128 0x17
 405 0264 81000000 		.4byte	0x81
 406 0268 19       		.uleb128 0x19
 407 0269 82030000 		.4byte	.LASF38
 408 026d 82030000 		.4byte	.LASF38
 409 0271 0E       		.byte	0xe
 410 0272 9F       		.byte	0x9f
 411 0273 1A       		.uleb128 0x1a
 412 0274 0A000000 		.4byte	.LASF39
 413 0278 0A000000 		.4byte	.LASF39
 414 027c 0E       		.byte	0xe
 415 027d 5901     		.2byte	0x159
 416 027f 1A       		.uleb128 0x1a
 417 0280 E4020000 		.4byte	.LASF40
 418 0284 E4020000 		.4byte	.LASF40
 419 0288 0E       		.byte	0xe
 420 0289 5401     		.2byte	0x154
 421 028b 1A       		.uleb128 0x1a
 422 028c 26020000 		.4byte	.LASF41
 423 0290 26020000 		.4byte	.LASF41
 424 0294 0E       		.byte	0xe
 425 0295 4F01     		.2byte	0x14f
 426 0297 19       		.uleb128 0x19
 427 0298 9F020000 		.4byte	.LASF42
 428 029c 9F020000 		.4byte	.LASF42
 429 02a0 09       		.byte	0x9
 430 02a1 97       		.byte	0x97
 431 02a2 00       		.byte	0
 432              		.section	.debug_abbrev,"",%progbits
 433              	.Ldebug_abbrev0:
 434 0000 01       		.uleb128 0x1
 435 0001 11       		.uleb128 0x11
 436 0002 01       		.byte	0x1
 437 0003 25       		.uleb128 0x25
ARM GAS  C:\Users\91819\AppData\Local\Temp\ccx5KxW1.s 			page 10


 438 0004 0E       		.uleb128 0xe
 439 0005 13       		.uleb128 0x13
 440 0006 0B       		.uleb128 0xb
 441 0007 03       		.uleb128 0x3
 442 0008 0E       		.uleb128 0xe
 443 0009 1B       		.uleb128 0x1b
 444 000a 0E       		.uleb128 0xe
 445 000b 55       		.uleb128 0x55
 446 000c 17       		.uleb128 0x17
 447 000d 11       		.uleb128 0x11
 448 000e 01       		.uleb128 0x1
 449 000f 10       		.uleb128 0x10
 450 0010 17       		.uleb128 0x17
 451 0011 00       		.byte	0
 452 0012 00       		.byte	0
 453 0013 02       		.uleb128 0x2
 454 0014 24       		.uleb128 0x24
 455 0015 00       		.byte	0
 456 0016 0B       		.uleb128 0xb
 457 0017 0B       		.uleb128 0xb
 458 0018 3E       		.uleb128 0x3e
 459 0019 0B       		.uleb128 0xb
 460 001a 03       		.uleb128 0x3
 461 001b 0E       		.uleb128 0xe
 462 001c 00       		.byte	0
 463 001d 00       		.byte	0
 464 001e 03       		.uleb128 0x3
 465 001f 16       		.uleb128 0x16
 466 0020 00       		.byte	0
 467 0021 03       		.uleb128 0x3
 468 0022 0E       		.uleb128 0xe
 469 0023 3A       		.uleb128 0x3a
 470 0024 0B       		.uleb128 0xb
 471 0025 3B       		.uleb128 0x3b
 472 0026 0B       		.uleb128 0xb
 473 0027 49       		.uleb128 0x49
 474 0028 13       		.uleb128 0x13
 475 0029 00       		.byte	0
 476 002a 00       		.byte	0
 477 002b 04       		.uleb128 0x4
 478 002c 24       		.uleb128 0x24
 479 002d 00       		.byte	0
 480 002e 0B       		.uleb128 0xb
 481 002f 0B       		.uleb128 0xb
 482 0030 3E       		.uleb128 0x3e
 483 0031 0B       		.uleb128 0xb
 484 0032 03       		.uleb128 0x3
 485 0033 08       		.uleb128 0x8
 486 0034 00       		.byte	0
 487 0035 00       		.byte	0
 488 0036 05       		.uleb128 0x5
 489 0037 16       		.uleb128 0x16
 490 0038 00       		.byte	0
 491 0039 03       		.uleb128 0x3
 492 003a 0E       		.uleb128 0xe
 493 003b 3A       		.uleb128 0x3a
 494 003c 0B       		.uleb128 0xb
ARM GAS  C:\Users\91819\AppData\Local\Temp\ccx5KxW1.s 			page 11


 495 003d 3B       		.uleb128 0x3b
 496 003e 05       		.uleb128 0x5
 497 003f 49       		.uleb128 0x49
 498 0040 13       		.uleb128 0x13
 499 0041 00       		.byte	0
 500 0042 00       		.byte	0
 501 0043 06       		.uleb128 0x6
 502 0044 0F       		.uleb128 0xf
 503 0045 00       		.byte	0
 504 0046 0B       		.uleb128 0xb
 505 0047 0B       		.uleb128 0xb
 506 0048 49       		.uleb128 0x49
 507 0049 13       		.uleb128 0x13
 508 004a 00       		.byte	0
 509 004b 00       		.byte	0
 510 004c 07       		.uleb128 0x7
 511 004d 15       		.uleb128 0x15
 512 004e 01       		.byte	0x1
 513 004f 27       		.uleb128 0x27
 514 0050 19       		.uleb128 0x19
 515 0051 01       		.uleb128 0x1
 516 0052 13       		.uleb128 0x13
 517 0053 00       		.byte	0
 518 0054 00       		.byte	0
 519 0055 08       		.uleb128 0x8
 520 0056 05       		.uleb128 0x5
 521 0057 00       		.byte	0
 522 0058 49       		.uleb128 0x49
 523 0059 13       		.uleb128 0x13
 524 005a 00       		.byte	0
 525 005b 00       		.byte	0
 526 005c 09       		.uleb128 0x9
 527 005d 13       		.uleb128 0x13
 528 005e 01       		.byte	0x1
 529 005f 0B       		.uleb128 0xb
 530 0060 0B       		.uleb128 0xb
 531 0061 3A       		.uleb128 0x3a
 532 0062 0B       		.uleb128 0xb
 533 0063 3B       		.uleb128 0x3b
 534 0064 0B       		.uleb128 0xb
 535 0065 01       		.uleb128 0x1
 536 0066 13       		.uleb128 0x13
 537 0067 00       		.byte	0
 538 0068 00       		.byte	0
 539 0069 0A       		.uleb128 0xa
 540 006a 0D       		.uleb128 0xd
 541 006b 00       		.byte	0
 542 006c 03       		.uleb128 0x3
 543 006d 08       		.uleb128 0x8
 544 006e 3A       		.uleb128 0x3a
 545 006f 0B       		.uleb128 0xb
 546 0070 3B       		.uleb128 0x3b
 547 0071 0B       		.uleb128 0xb
 548 0072 49       		.uleb128 0x49
 549 0073 13       		.uleb128 0x13
 550 0074 38       		.uleb128 0x38
 551 0075 0B       		.uleb128 0xb
ARM GAS  C:\Users\91819\AppData\Local\Temp\ccx5KxW1.s 			page 12


 552 0076 00       		.byte	0
 553 0077 00       		.byte	0
 554 0078 0B       		.uleb128 0xb
 555 0079 0D       		.uleb128 0xd
 556 007a 00       		.byte	0
 557 007b 03       		.uleb128 0x3
 558 007c 0E       		.uleb128 0xe
 559 007d 3A       		.uleb128 0x3a
 560 007e 0B       		.uleb128 0xb
 561 007f 3B       		.uleb128 0x3b
 562 0080 0B       		.uleb128 0xb
 563 0081 49       		.uleb128 0x49
 564 0082 13       		.uleb128 0x13
 565 0083 38       		.uleb128 0x38
 566 0084 0B       		.uleb128 0xb
 567 0085 00       		.byte	0
 568 0086 00       		.byte	0
 569 0087 0C       		.uleb128 0xc
 570 0088 2E       		.uleb128 0x2e
 571 0089 01       		.byte	0x1
 572 008a 3F       		.uleb128 0x3f
 573 008b 19       		.uleb128 0x19
 574 008c 03       		.uleb128 0x3
 575 008d 0E       		.uleb128 0xe
 576 008e 3A       		.uleb128 0x3a
 577 008f 0B       		.uleb128 0xb
 578 0090 3B       		.uleb128 0x3b
 579 0091 0B       		.uleb128 0xb
 580 0092 27       		.uleb128 0x27
 581 0093 19       		.uleb128 0x19
 582 0094 8701     		.uleb128 0x87
 583 0096 19       		.uleb128 0x19
 584 0097 11       		.uleb128 0x11
 585 0098 01       		.uleb128 0x1
 586 0099 12       		.uleb128 0x12
 587 009a 06       		.uleb128 0x6
 588 009b 40       		.uleb128 0x40
 589 009c 18       		.uleb128 0x18
 590 009d 9742     		.uleb128 0x2117
 591 009f 19       		.uleb128 0x19
 592 00a0 01       		.uleb128 0x1
 593 00a1 13       		.uleb128 0x13
 594 00a2 00       		.byte	0
 595 00a3 00       		.byte	0
 596 00a4 0D       		.uleb128 0xd
 597 00a5 34       		.uleb128 0x34
 598 00a6 00       		.byte	0
 599 00a7 03       		.uleb128 0x3
 600 00a8 08       		.uleb128 0x8
 601 00a9 3A       		.uleb128 0x3a
 602 00aa 0B       		.uleb128 0xb
 603 00ab 3B       		.uleb128 0x3b
 604 00ac 0B       		.uleb128 0xb
 605 00ad 49       		.uleb128 0x49
 606 00ae 13       		.uleb128 0x13
 607 00af 02       		.uleb128 0x2
 608 00b0 18       		.uleb128 0x18
ARM GAS  C:\Users\91819\AppData\Local\Temp\ccx5KxW1.s 			page 13


 609 00b1 00       		.byte	0
 610 00b2 00       		.byte	0
 611 00b3 0E       		.uleb128 0xe
 612 00b4 898201   		.uleb128 0x4109
 613 00b7 00       		.byte	0
 614 00b8 11       		.uleb128 0x11
 615 00b9 01       		.uleb128 0x1
 616 00ba 31       		.uleb128 0x31
 617 00bb 13       		.uleb128 0x13
 618 00bc 00       		.byte	0
 619 00bd 00       		.byte	0
 620 00be 0F       		.uleb128 0xf
 621 00bf 898201   		.uleb128 0x4109
 622 00c2 01       		.byte	0x1
 623 00c3 11       		.uleb128 0x11
 624 00c4 01       		.uleb128 0x1
 625 00c5 31       		.uleb128 0x31
 626 00c6 13       		.uleb128 0x13
 627 00c7 01       		.uleb128 0x1
 628 00c8 13       		.uleb128 0x13
 629 00c9 00       		.byte	0
 630 00ca 00       		.byte	0
 631 00cb 10       		.uleb128 0x10
 632 00cc 8A8201   		.uleb128 0x410a
 633 00cf 00       		.byte	0
 634 00d0 02       		.uleb128 0x2
 635 00d1 18       		.uleb128 0x18
 636 00d2 9142     		.uleb128 0x2111
 637 00d4 18       		.uleb128 0x18
 638 00d5 00       		.byte	0
 639 00d6 00       		.byte	0
 640 00d7 11       		.uleb128 0x11
 641 00d8 898201   		.uleb128 0x4109
 642 00db 01       		.byte	0x1
 643 00dc 11       		.uleb128 0x11
 644 00dd 01       		.uleb128 0x1
 645 00de 31       		.uleb128 0x31
 646 00df 13       		.uleb128 0x13
 647 00e0 00       		.byte	0
 648 00e1 00       		.byte	0
 649 00e2 12       		.uleb128 0x12
 650 00e3 34       		.uleb128 0x34
 651 00e4 00       		.byte	0
 652 00e5 03       		.uleb128 0x3
 653 00e6 0E       		.uleb128 0xe
 654 00e7 3A       		.uleb128 0x3a
 655 00e8 0B       		.uleb128 0xb
 656 00e9 3B       		.uleb128 0x3b
 657 00ea 0B       		.uleb128 0xb
 658 00eb 49       		.uleb128 0x49
 659 00ec 13       		.uleb128 0x13
 660 00ed 3F       		.uleb128 0x3f
 661 00ee 19       		.uleb128 0x19
 662 00ef 3C       		.uleb128 0x3c
 663 00f0 19       		.uleb128 0x19
 664 00f1 00       		.byte	0
 665 00f2 00       		.byte	0
ARM GAS  C:\Users\91819\AppData\Local\Temp\ccx5KxW1.s 			page 14


 666 00f3 13       		.uleb128 0x13
 667 00f4 34       		.uleb128 0x34
 668 00f5 00       		.byte	0
 669 00f6 03       		.uleb128 0x3
 670 00f7 0E       		.uleb128 0xe
 671 00f8 3A       		.uleb128 0x3a
 672 00f9 0B       		.uleb128 0xb
 673 00fa 3B       		.uleb128 0x3b
 674 00fb 05       		.uleb128 0x5
 675 00fc 49       		.uleb128 0x49
 676 00fd 13       		.uleb128 0x13
 677 00fe 3F       		.uleb128 0x3f
 678 00ff 19       		.uleb128 0x19
 679 0100 3C       		.uleb128 0x3c
 680 0101 19       		.uleb128 0x19
 681 0102 00       		.byte	0
 682 0103 00       		.byte	0
 683 0104 14       		.uleb128 0x14
 684 0105 35       		.uleb128 0x35
 685 0106 00       		.byte	0
 686 0107 49       		.uleb128 0x49
 687 0108 13       		.uleb128 0x13
 688 0109 00       		.byte	0
 689 010a 00       		.byte	0
 690 010b 15       		.uleb128 0x15
 691 010c 01       		.uleb128 0x1
 692 010d 01       		.byte	0x1
 693 010e 49       		.uleb128 0x49
 694 010f 13       		.uleb128 0x13
 695 0110 01       		.uleb128 0x1
 696 0111 13       		.uleb128 0x13
 697 0112 00       		.byte	0
 698 0113 00       		.byte	0
 699 0114 16       		.uleb128 0x16
 700 0115 21       		.uleb128 0x21
 701 0116 00       		.byte	0
 702 0117 49       		.uleb128 0x49
 703 0118 13       		.uleb128 0x13
 704 0119 2F       		.uleb128 0x2f
 705 011a 0B       		.uleb128 0xb
 706 011b 00       		.byte	0
 707 011c 00       		.byte	0
 708 011d 17       		.uleb128 0x17
 709 011e 26       		.uleb128 0x26
 710 011f 00       		.byte	0
 711 0120 49       		.uleb128 0x49
 712 0121 13       		.uleb128 0x13
 713 0122 00       		.byte	0
 714 0123 00       		.byte	0
 715 0124 18       		.uleb128 0x18
 716 0125 34       		.uleb128 0x34
 717 0126 00       		.byte	0
 718 0127 03       		.uleb128 0x3
 719 0128 0E       		.uleb128 0xe
 720 0129 3A       		.uleb128 0x3a
 721 012a 0B       		.uleb128 0xb
 722 012b 3B       		.uleb128 0x3b
ARM GAS  C:\Users\91819\AppData\Local\Temp\ccx5KxW1.s 			page 15


 723 012c 0B       		.uleb128 0xb
 724 012d 49       		.uleb128 0x49
 725 012e 13       		.uleb128 0x13
 726 012f 3F       		.uleb128 0x3f
 727 0130 19       		.uleb128 0x19
 728 0131 02       		.uleb128 0x2
 729 0132 18       		.uleb128 0x18
 730 0133 00       		.byte	0
 731 0134 00       		.byte	0
 732 0135 19       		.uleb128 0x19
 733 0136 2E       		.uleb128 0x2e
 734 0137 00       		.byte	0
 735 0138 3F       		.uleb128 0x3f
 736 0139 19       		.uleb128 0x19
 737 013a 3C       		.uleb128 0x3c
 738 013b 19       		.uleb128 0x19
 739 013c 6E       		.uleb128 0x6e
 740 013d 0E       		.uleb128 0xe
 741 013e 03       		.uleb128 0x3
 742 013f 0E       		.uleb128 0xe
 743 0140 3A       		.uleb128 0x3a
 744 0141 0B       		.uleb128 0xb
 745 0142 3B       		.uleb128 0x3b
 746 0143 0B       		.uleb128 0xb
 747 0144 00       		.byte	0
 748 0145 00       		.byte	0
 749 0146 1A       		.uleb128 0x1a
 750 0147 2E       		.uleb128 0x2e
 751 0148 00       		.byte	0
 752 0149 3F       		.uleb128 0x3f
 753 014a 19       		.uleb128 0x19
 754 014b 3C       		.uleb128 0x3c
 755 014c 19       		.uleb128 0x19
 756 014d 6E       		.uleb128 0x6e
 757 014e 0E       		.uleb128 0xe
 758 014f 03       		.uleb128 0x3
 759 0150 0E       		.uleb128 0xe
 760 0151 3A       		.uleb128 0x3a
 761 0152 0B       		.uleb128 0xb
 762 0153 3B       		.uleb128 0x3b
 763 0154 05       		.uleb128 0x5
 764 0155 00       		.byte	0
 765 0156 00       		.byte	0
 766 0157 00       		.byte	0
 767              		.section	.debug_aranges,"",%progbits
 768 0000 1C000000 		.4byte	0x1c
 769 0004 0200     		.2byte	0x2
 770 0006 00000000 		.4byte	.Ldebug_info0
 771 000a 04       		.byte	0x4
 772 000b 00       		.byte	0
 773 000c 0000     		.2byte	0
 774 000e 0000     		.2byte	0
 775 0010 00000000 		.4byte	.LFB110
 776 0014 3C000000 		.4byte	.LFE110-.LFB110
 777 0018 00000000 		.4byte	0
 778 001c 00000000 		.4byte	0
 779              		.section	.debug_ranges,"",%progbits
ARM GAS  C:\Users\91819\AppData\Local\Temp\ccx5KxW1.s 			page 16


 780              	.Ldebug_ranges0:
 781 0000 00000000 		.4byte	.LFB110
 782 0004 3C000000 		.4byte	.LFE110
 783 0008 00000000 		.4byte	0
 784 000c 00000000 		.4byte	0
 785              		.section	.debug_line,"",%progbits
 786              	.Ldebug_line0:
 787 0000 A5020000 		.section	.debug_str,"MS",%progbits,1
 787      02007902 
 787      00000201 
 787      FB0E0D00 
 787      01010101 
 788              	.LASF24:
 789 0000 626F6F6C 		.ascii	"boolean_t\000"
 789      65616E5F 
 789      7400
 790              	.LASF39:
 791 000a 45455F6F 		.ascii	"EE_oo_WaitEvent\000"
 791      6F5F5761 
 791      69744576 
 791      656E7400 
 792              	.LASF28:
 793 001a 5254455F 		.ascii	"RTE_eventTable_t\000"
 793      6576656E 
 793      74546162 
 793      6C655F74 
 793      00
 794              	.LASF5:
 795 002b 5F5F696E 		.ascii	"__int32_t\000"
 795      7433325F 
 795      7400
 796              	.LASF22:
 797 0035 4576656E 		.ascii	"EventMaskType\000"
 797      744D6173 
 797      6B547970 
 797      6500
 798              	.LASF37:
 799 0043 5254455F 		.ascii	"RTE_eventActivation_tsk_control_size\000"
 799      6576656E 
 799      74416374 
 799      69766174 
 799      696F6E5F 
 800              	.LASF14:
 801 0068 646F7562 		.ascii	"double\000"
 801      6C6500
 802              	.LASF30:
 803 006f 45455F6F 		.ascii	"EE_oo_IRQ_suspend_status\000"
 803      6F5F4952 
 803      515F7375 
 803      7370656E 
 803      645F7374 
 804              	.LASF21:
 805 0088 45455F54 		.ascii	"EE_TID\000"
 805      494400
 806              	.LASF13:
 807 008f 666C6F61 		.ascii	"float\000"
 807      7400
ARM GAS  C:\Users\91819\AppData\Local\Temp\ccx5KxW1.s 			page 17


 808              	.LASF36:
 809 0095 5254455F 		.ascii	"RTE_eventActivationTable_tsk_control\000"
 809      6576656E 
 809      74416374 
 809      69766174 
 809      696F6E54 
 810              	.LASF1:
 811 00ba 756E7369 		.ascii	"unsigned char\000"
 811      676E6564 
 811      20636861 
 811      7200
 812              	.LASF43:
 813 00c8 474E5520 		.ascii	"GNU C11 5.4.1 20160609 (release) [ARM/embedded-5-br"
 813      43313120 
 813      352E342E 
 813      31203230 
 813      31363036 
 814 00fb 616E6368 		.ascii	"anch revision 237715] -mcpu=cortex-m3 -mthumb -g -O"
 814      20726576 
 814      6973696F 
 814      6E203233 
 814      37373135 
 815 012e 67202D66 		.ascii	"g -ffunction-sections -ffat-lto-objects\000"
 815      66756E63 
 815      74696F6E 
 815      2D736563 
 815      74696F6E 
 816              	.LASF17:
 817 0156 45455F49 		.ascii	"EE_INT32\000"
 817      4E543332 
 817      00
 818              	.LASF7:
 819 015f 6C6F6E67 		.ascii	"long unsigned int\000"
 819      20756E73 
 819      69676E65 
 819      6420696E 
 819      7400
 820              	.LASF3:
 821 0171 73686F72 		.ascii	"short unsigned int\000"
 821      7420756E 
 821      7369676E 
 821      65642069 
 821      6E7400
 822              	.LASF29:
 823 0184 45455F6F 		.ascii	"EE_oo_IRQ_disable_count\000"
 823      6F5F4952 
 823      515F6469 
 823      7361626C 
 823      655F636F 
 824              	.LASF34:
 825 019c 49544D5F 		.ascii	"ITM_RxBuffer\000"
 825      52784275 
 825      66666572 
 825      00
 826              	.LASF45:
 827 01a9 433A5C55 		.ascii	"C:\\Users\\91819\\Documents\\HDA_Sem2\\EAA\\Assignm"
 827      73657273 
ARM GAS  C:\Users\91819\AppData\Local\Temp\ccx5KxW1.s 			page 18


 827      5C393138 
 827      31395C44 
 827      6F63756D 
 828 01d6 656E7473 		.ascii	"ents\\Assignment1_RTE\\autosar_01.cydsn (2)\\autosa"
 828      5C417373 
 828      69676E6D 
 828      656E7431 
 828      5F525445 
 829 0206 725F3031 		.ascii	"r_01.cydsn\000"
 829      2E637964 
 829      736E00
 830              	.LASF4:
 831 0211 5F5F7569 		.ascii	"__uint16_t\000"
 831      6E743136 
 831      5F7400
 832              	.LASF25:
 833 021c 5254455F 		.ascii	"RTE_event\000"
 833      6576656E 
 833      7400
 834              	.LASF41:
 835 0226 45455F6F 		.ascii	"EE_oo_ClearEvent\000"
 835      6F5F436C 
 835      65617245 
 835      76656E74 
 835      00
 836              	.LASF27:
 837 0237 6576656E 		.ascii	"event\000"
 837      7400
 838              	.LASF32:
 839 023d 45455F73 		.ascii	"EE_std_endcycle_next_tid\000"
 839      74645F65 
 839      6E646379 
 839      636C655F 
 839      6E657874 
 840              	.LASF10:
 841 0256 756E7369 		.ascii	"unsigned int\000"
 841      676E6564 
 841      20696E74 
 841      00
 842              	.LASF20:
 843 0263 45455F46 		.ascii	"EE_FREG\000"
 843      52454700 
 844              	.LASF18:
 845 026b 45455F55 		.ascii	"EE_UINT32\000"
 845      494E5433 
 845      3200
 846              	.LASF9:
 847 0275 6C6F6E67 		.ascii	"long long unsigned int\000"
 847      206C6F6E 
 847      6720756E 
 847      7369676E 
 847      65642069 
 848              	.LASF31:
 849 028c 45455F41 		.ascii	"EE_ApplicationMode\000"
 849      70706C69 
 849      63617469 
 849      6F6E4D6F 
ARM GAS  C:\Users\91819\AppData\Local\Temp\ccx5KxW1.s 			page 19


 849      646500
 850              	.LASF42:
 851 029f 5254455F 		.ascii	"RTE_ProcessEventTable\000"
 851      50726F63 
 851      65737345 
 851      76656E74 
 851      5461626C 
 852              	.LASF12:
 853 02b5 696E7433 		.ascii	"int32_t\000"
 853      325F7400 
 854              	.LASF23:
 855 02bd 73697A65 		.ascii	"sizetype\000"
 855      74797065 
 855      00
 856              	.LASF46:
 857 02c6 46756E63 		.ascii	"Functsk_control\000"
 857      74736B5F 
 857      636F6E74 
 857      726F6C00 
 858              	.LASF8:
 859 02d6 6C6F6E67 		.ascii	"long long int\000"
 859      206C6F6E 
 859      6720696E 
 859      7400
 860              	.LASF40:
 861 02e4 45455F6F 		.ascii	"EE_oo_GetEvent\000"
 861      6F5F4765 
 861      74457665 
 861      6E7400
 862              	.LASF15:
 863 02f3 63686172 		.ascii	"char\000"
 863      00
 864              	.LASF19:
 865 02f8 45455F55 		.ascii	"EE_UREG\000"
 865      52454700 
 866              	.LASF33:
 867 0300 45455F49 		.ascii	"EE_IRQ_nesting_level\000"
 867      52515F6E 
 867      65737469 
 867      6E675F6C 
 867      6576656C 
 868              	.LASF2:
 869 0315 73686F72 		.ascii	"short int\000"
 869      7420696E 
 869      7400
 870              	.LASF11:
 871 031f 75696E74 		.ascii	"uint16_t\000"
 871      31365F74 
 871      00
 872              	.LASF44:
 873 0328 736F7572 		.ascii	"source\\asw\\tsk_control.c\000"
 873      63655C61 
 873      73775C74 
 873      736B5F63 
 873      6F6E7472 
 874              	.LASF35:
 875 0341 74657374 		.ascii	"testTerminateFlag\000"
ARM GAS  C:\Users\91819\AppData\Local\Temp\ccx5KxW1.s 			page 20


 875      5465726D 
 875      696E6174 
 875      65466C61 
 875      6700
 876              	.LASF6:
 877 0353 6C6F6E67 		.ascii	"long int\000"
 877      20696E74 
 877      00
 878              	.LASF16:
 879 035c 6C6F6E67 		.ascii	"long double\000"
 879      20646F75 
 879      626C6500 
 880              	.LASF0:
 881 0368 7369676E 		.ascii	"signed char\000"
 881      65642063 
 881      68617200 
 882              	.LASF26:
 883 0374 5254455F 		.ascii	"RTE_pRunnable\000"
 883      7052756E 
 883      6E61626C 
 883      6500
 884              	.LASF38:
 885 0382 45455F6F 		.ascii	"EE_oo_TerminateTask\000"
 885      6F5F5465 
 885      726D696E 
 885      61746554 
 885      61736B00 
 886              		.ident	"GCC: (GNU Tools for ARM Embedded Processors) 5.4.1 20160609 (release) [ARM/embedded-5-bran
