ARM GAS  C:\Users\91819\AppData\Local\Temp\cckppFoa.s 			page 1


   1              		.syntax unified
   2              		.cpu cortex-m3
   3              		.fpu softvfp
   4              		.eabi_attribute 20, 1
   5              		.eabi_attribute 21, 1
   6              		.eabi_attribute 23, 3
   7              		.eabi_attribute 24, 1
   8              		.eabi_attribute 25, 1
   9              		.eabi_attribute 26, 1
  10              		.eabi_attribute 30, 1
  11              		.eabi_attribute 34, 1
  12              		.eabi_attribute 18, 4
  13              		.thumb
  14              		.syntax unified
  15              		.file	"watchdog.c"
  16              		.text
  17              	.Ltext0:
  18              		.cfi_sections	.debug_frame
  19              		.section	.text.WD_Start,"ax",%progbits
  20              		.align	2
  21              		.global	WD_Start
  22              		.thumb
  23              		.thumb_func
  24              		.type	WD_Start, %function
  25              	WD_Start:
  26              	.LFB0:
  27              		.file 1 "source\\bsw\\watchdog.c"
   1:source\bsw/watchdog.c **** /* ========================================
   2:source\bsw/watchdog.c ****  *
   3:source\bsw/watchdog.c ****  * Copyright YOUR COMPANY, THE YEAR
   4:source\bsw/watchdog.c ****  * All Rights Reserved
   5:source\bsw/watchdog.c ****  * UNPUBLISHED, LICENSED SOFTWARE.
   6:source\bsw/watchdog.c ****  *
   7:source\bsw/watchdog.c ****  * CONFIDENTIAL AND PROPRIETARY INFORMATION
   8:source\bsw/watchdog.c ****  * WHICH IS THE PROPERTY OF your company.
   9:source\bsw/watchdog.c ****  *
  10:source\bsw/watchdog.c ****  * ========================================
  11:source\bsw/watchdog.c **** */
  12:source\bsw/watchdog.c **** #include "watchdog.h"
  13:source\bsw/watchdog.c **** #include "CyLib.h"
  14:source\bsw/watchdog.c **** 
  15:source\bsw/watchdog.c **** extern uint8 bitfield;
  16:source\bsw/watchdog.c **** 
  17:source\bsw/watchdog.c **** RC_t WD_Start(WDT_TimeOut_t timeout)
  18:source\bsw/watchdog.c **** {
  28              		.loc 1 18 0
  29              		.cfi_startproc
  30              		@ args = 0, pretend = 0, frame = 0
  31              		@ frame_needed = 0, uses_anonymous_args = 0
  32              	.LVL0:
  33 0000 08B5     		push	{r3, lr}
  34              		.cfi_def_cfa_offset 8
  35              		.cfi_offset 3, -8
  36              		.cfi_offset 14, -4
  19:source\bsw/watchdog.c ****     CyWdtStart(timeout, CYWDT_LPMODE_MAXINTER);
  37              		.loc 1 19 0
  38 0002 0121     		movs	r1, #1
ARM GAS  C:\Users\91819\AppData\Local\Temp\cckppFoa.s 			page 2


  39 0004 FFF7FEFF 		bl	CyWdtStart
  40              	.LVL1:
  20:source\bsw/watchdog.c ****     return RC_SUCCESS;
  21:source\bsw/watchdog.c **** }
  41              		.loc 1 21 0
  42 0008 0020     		movs	r0, #0
  43 000a 08BD     		pop	{r3, pc}
  44              		.cfi_endproc
  45              	.LFE0:
  46              		.size	WD_Start, .-WD_Start
  47              		.section	.text.WD_Trigger,"ax",%progbits
  48              		.align	2
  49              		.global	WD_Trigger
  50              		.thumb
  51              		.thumb_func
  52              		.type	WD_Trigger, %function
  53              	WD_Trigger:
  54              	.LFB1:
  22:source\bsw/watchdog.c **** 
  23:source\bsw/watchdog.c **** RC_t WD_Trigger()
  24:source\bsw/watchdog.c **** {   
  55              		.loc 1 24 0
  56              		.cfi_startproc
  57              		@ args = 0, pretend = 0, frame = 0
  58              		@ frame_needed = 0, uses_anonymous_args = 0
  59 0000 08B5     		push	{r3, lr}
  60              		.cfi_def_cfa_offset 8
  61              		.cfi_offset 3, -8
  62              		.cfi_offset 14, -4
  25:source\bsw/watchdog.c ****     CyWdtClear();     
  63              		.loc 1 25 0
  64 0002 FFF7FEFF 		bl	CyWdtClear
  65              	.LVL2:
  26:source\bsw/watchdog.c ****     return RC_SUCCESS;
  27:source\bsw/watchdog.c **** }
  66              		.loc 1 27 0
  67 0006 0020     		movs	r0, #0
  68 0008 08BD     		pop	{r3, pc}
  69              		.cfi_endproc
  70              	.LFE1:
  71              		.size	WD_Trigger, .-WD_Trigger
  72 000a 00BF     		.section	.text.WD_CheckResetBit,"ax",%progbits
  73              		.align	2
  74              		.global	WD_CheckResetBit
  75              		.thumb
  76              		.thumb_func
  77              		.type	WD_CheckResetBit, %function
  78              	WD_CheckResetBit:
  79              	.LFB2:
  28:source\bsw/watchdog.c **** 
  29:source\bsw/watchdog.c **** 
  30:source\bsw/watchdog.c **** boolean_t WD_CheckResetBit()
  31:source\bsw/watchdog.c **** {
  80              		.loc 1 31 0
  81              		.cfi_startproc
  82              		@ args = 0, pretend = 0, frame = 0
  83              		@ frame_needed = 0, uses_anonymous_args = 0
ARM GAS  C:\Users\91819\AppData\Local\Temp\cckppFoa.s 			page 3


  84              		@ link register save eliminated.
  85              	.LVL3:
  32:source\bsw/watchdog.c ****     boolean_t isReset = FALSE;
  33:source\bsw/watchdog.c ****     if( CY_RESET_WD == CyResetStatus)
  86              		.loc 1 33 0
  87 0000 034B     		ldr	r3, .L8
  88 0002 1B78     		ldrb	r3, [r3]	@ zero_extendqisi2
  89 0004 082B     		cmp	r3, #8
  90 0006 01D1     		bne	.L7
  34:source\bsw/watchdog.c ****         isReset = TRUE;
  91              		.loc 1 34 0
  92 0008 0120     		movs	r0, #1
  93 000a 7047     		bx	lr
  94              	.L7:
  35:source\bsw/watchdog.c ****     else 
  36:source\bsw/watchdog.c ****         isReset = FALSE;
  95              		.loc 1 36 0
  96 000c 0020     		movs	r0, #0
  97              	.LVL4:
  37:source\bsw/watchdog.c ****     
  38:source\bsw/watchdog.c ****     return isReset;
  39:source\bsw/watchdog.c **** }
  98              		.loc 1 39 0
  99 000e 7047     		bx	lr
 100              	.L9:
 101              		.align	2
 102              	.L8:
 103 0010 00000000 		.word	CyResetStatus
 104              		.cfi_endproc
 105              	.LFE2:
 106              		.size	WD_CheckResetBit, .-WD_CheckResetBit
 107              		.section	.text.WD_Alive,"ax",%progbits
 108              		.align	2
 109              		.global	WD_Alive
 110              		.thumb
 111              		.thumb_func
 112              		.type	WD_Alive, %function
 113              	WD_Alive:
 114              	.LFB3:
  40:source\bsw/watchdog.c **** 
  41:source\bsw/watchdog.c **** RC_t WD_Alive(uint8_t myBitPosition)
  42:source\bsw/watchdog.c **** {
 115              		.loc 1 42 0
 116              		.cfi_startproc
 117              		@ args = 0, pretend = 0, frame = 0
 118              		@ frame_needed = 0, uses_anonymous_args = 0
 119              		@ link register save eliminated.
 120              	.LVL5:
  43:source\bsw/watchdog.c ****     bitfield |= 1 << myBitPosition;
 121              		.loc 1 43 0
 122 0000 0123     		movs	r3, #1
 123 0002 03FA00F0 		lsl	r0, r3, r0
 124              	.LVL6:
 125 0006 034A     		ldr	r2, .L11
 126 0008 1378     		ldrb	r3, [r2]	@ zero_extendqisi2
 127 000a 1843     		orrs	r0, r0, r3
 128 000c 1070     		strb	r0, [r2]
ARM GAS  C:\Users\91819\AppData\Local\Temp\cckppFoa.s 			page 4


  44:source\bsw/watchdog.c ****     return RC_SUCCESS;
  45:source\bsw/watchdog.c **** }
 129              		.loc 1 45 0
 130 000e 0020     		movs	r0, #0
 131 0010 7047     		bx	lr
 132              	.L12:
 133 0012 00BF     		.align	2
 134              	.L11:
 135 0014 00000000 		.word	bitfield
 136              		.cfi_endproc
 137              	.LFE3:
 138              		.size	WD_Alive, .-WD_Alive
 139              		.text
 140              	.Letext0:
 141              		.file 2 "source\\bsw\\global.h"
 142              		.file 3 "source\\bsw\\watchdog.h"
 143              		.file 4 "Generated_Source\\PSoC5/cytypes.h"
 144              		.file 5 "Generated_Source\\PSoC5/CyLib.h"
 145              		.section	.debug_info,"",%progbits
 146              	.Ldebug_info0:
 147 0000 6A020000 		.4byte	0x26a
 148 0004 0400     		.2byte	0x4
 149 0006 00000000 		.4byte	.Ldebug_abbrev0
 150 000a 04       		.byte	0x4
 151 000b 01       		.uleb128 0x1
 152 000c FF020000 		.4byte	.LASF59
 153 0010 0C       		.byte	0xc
 154 0011 C0010000 		.4byte	.LASF60
 155 0015 2F020000 		.4byte	.LASF61
 156 0019 00000000 		.4byte	.Ldebug_ranges0+0
 157 001d 00000000 		.4byte	0
 158 0021 00000000 		.4byte	.Ldebug_line0
 159 0025 02       		.uleb128 0x2
 160 0026 01       		.byte	0x1
 161 0027 06       		.byte	0x6
 162 0028 56000000 		.4byte	.LASF0
 163 002c 03       		.uleb128 0x3
 164 002d 19040000 		.4byte	.LASF10
 165 0031 02       		.byte	0x2
 166 0032 91       		.byte	0x91
 167 0033 37000000 		.4byte	0x37
 168 0037 02       		.uleb128 0x2
 169 0038 01       		.byte	0x1
 170 0039 08       		.byte	0x8
 171 003a D9020000 		.4byte	.LASF1
 172 003e 02       		.uleb128 0x2
 173 003f 02       		.byte	0x2
 174 0040 05       		.byte	0x5
 175 0041 E7020000 		.4byte	.LASF2
 176 0045 02       		.uleb128 0x2
 177 0046 02       		.byte	0x2
 178 0047 07       		.byte	0x7
 179 0048 30010000 		.4byte	.LASF3
 180 004c 02       		.uleb128 0x2
 181 004d 04       		.byte	0x4
 182 004e 05       		.byte	0x5
 183 004f 78000000 		.4byte	.LASF4
ARM GAS  C:\Users\91819\AppData\Local\Temp\cckppFoa.s 			page 5


 184 0053 02       		.uleb128 0x2
 185 0054 04       		.byte	0x4
 186 0055 07       		.byte	0x7
 187 0056 05010000 		.4byte	.LASF5
 188 005a 02       		.uleb128 0x2
 189 005b 04       		.byte	0x4
 190 005c 04       		.byte	0x4
 191 005d 97020000 		.4byte	.LASF6
 192 0061 02       		.uleb128 0x2
 193 0062 08       		.byte	0x8
 194 0063 04       		.byte	0x4
 195 0064 95000000 		.4byte	.LASF7
 196 0068 02       		.uleb128 0x2
 197 0069 08       		.byte	0x8
 198 006a 05       		.byte	0x5
 199 006b 48000000 		.4byte	.LASF8
 200 006f 02       		.uleb128 0x2
 201 0070 08       		.byte	0x8
 202 0071 07       		.byte	0x7
 203 0072 1F000000 		.4byte	.LASF9
 204 0076 03       		.uleb128 0x3
 205 0077 ED010000 		.4byte	.LASF11
 206 007b 02       		.byte	0x2
 207 007c 9C       		.byte	0x9c
 208 007d 37000000 		.4byte	0x37
 209 0081 02       		.uleb128 0x2
 210 0082 01       		.byte	0x1
 211 0083 08       		.byte	0x8
 212 0084 CA030000 		.4byte	.LASF12
 213 0088 04       		.uleb128 0x4
 214 0089 01       		.byte	0x1
 215 008a 25000000 		.4byte	0x25
 216 008e 02       		.byte	0x2
 217 008f CF       		.byte	0xcf
 218 0090 31010000 		.4byte	0x131
 219 0094 05       		.uleb128 0x5
 220 0095 25010000 		.4byte	.LASF13
 221 0099 00       		.byte	0
 222 009a 06       		.uleb128 0x6
 223 009b 43010000 		.4byte	.LASF14
 224 009f 7F       		.sleb128 -1
 225 00a0 06       		.uleb128 0x6
 226 00a1 17010000 		.4byte	.LASF15
 227 00a5 7E       		.sleb128 -2
 228 00a6 06       		.uleb128 0x6
 229 00a7 96030000 		.4byte	.LASF16
 230 00ab 7D       		.sleb128 -3
 231 00ac 06       		.uleb128 0x6
 232 00ad B0010000 		.4byte	.LASF17
 233 00b1 7C       		.sleb128 -4
 234 00b2 06       		.uleb128 0x6
 235 00b3 0A040000 		.4byte	.LASF18
 236 00b7 7B       		.sleb128 -5
 237 00b8 06       		.uleb128 0x6
 238 00b9 E8030000 		.4byte	.LASF19
 239 00bd 7A       		.sleb128 -6
 240 00be 06       		.uleb128 0x6
ARM GAS  C:\Users\91819\AppData\Local\Temp\cckppFoa.s 			page 6


 241 00bf 09020000 		.4byte	.LASF20
 242 00c3 79       		.sleb128 -7
 243 00c4 06       		.uleb128 0x6
 244 00c5 57010000 		.4byte	.LASF21
 245 00c9 78       		.sleb128 -8
 246 00ca 06       		.uleb128 0x6
 247 00cb 62000000 		.4byte	.LASF22
 248 00cf 77       		.sleb128 -9
 249 00d0 06       		.uleb128 0x6
 250 00d1 9D020000 		.4byte	.LASF23
 251 00d5 76       		.sleb128 -10
 252 00d6 06       		.uleb128 0x6
 253 00d7 00000000 		.4byte	.LASF24
 254 00db 75       		.sleb128 -11
 255 00dc 06       		.uleb128 0x6
 256 00dd 87000000 		.4byte	.LASF25
 257 00e1 74       		.sleb128 -12
 258 00e2 06       		.uleb128 0x6
 259 00e3 F3000000 		.4byte	.LASF26
 260 00e7 73       		.sleb128 -13
 261 00e8 06       		.uleb128 0x6
 262 00e9 B7030000 		.4byte	.LASF27
 263 00ed 72       		.sleb128 -14
 264 00ee 06       		.uleb128 0x6
 265 00ef C5020000 		.4byte	.LASF28
 266 00f3 71       		.sleb128 -15
 267 00f4 06       		.uleb128 0x6
 268 00f5 F9030000 		.4byte	.LASF29
 269 00f9 70       		.sleb128 -16
 270 00fa 06       		.uleb128 0x6
 271 00fb 1B020000 		.4byte	.LASF30
 272 00ff 6F       		.sleb128 -17
 273 0100 06       		.uleb128 0x6
 274 0101 6C010000 		.4byte	.LASF31
 275 0105 6E       		.sleb128 -18
 276 0106 06       		.uleb128 0x6
 277 0107 81010000 		.4byte	.LASF32
 278 010b 6D       		.sleb128 -19
 279 010c 06       		.uleb128 0x6
 280 010d A4030000 		.4byte	.LASF33
 281 0111 6C       		.sleb128 -20
 282 0112 06       		.uleb128 0x6
 283 0113 36000000 		.4byte	.LASF34
 284 0117 6B       		.sleb128 -21
 285 0118 06       		.uleb128 0x6
 286 0119 F7010000 		.4byte	.LASF35
 287 011d 6A       		.sleb128 -22
 288 011e 06       		.uleb128 0x6
 289 011f A7000000 		.4byte	.LASF36
 290 0123 69       		.sleb128 -23
 291 0124 06       		.uleb128 0x6
 292 0125 E2000000 		.4byte	.LASF37
 293 0129 68       		.sleb128 -24
 294 012a 06       		.uleb128 0x6
 295 012b CF030000 		.4byte	.LASF38
 296 012f 67       		.sleb128 -25
 297 0130 00       		.byte	0
ARM GAS  C:\Users\91819\AppData\Local\Temp\cckppFoa.s 			page 7


 298 0131 03       		.uleb128 0x3
 299 0132 12000000 		.4byte	.LASF39
 300 0136 02       		.byte	0x2
 301 0137 EA       		.byte	0xea
 302 0138 88000000 		.4byte	0x88
 303 013c 04       		.uleb128 0x4
 304 013d 01       		.byte	0x1
 305 013e 37000000 		.4byte	0x37
 306 0142 03       		.byte	0x3
 307 0143 0E       		.byte	0xe
 308 0144 61010000 		.4byte	0x161
 309 0148 05       		.uleb128 0x5
 310 0149 2A040000 		.4byte	.LASF40
 311 014d 00       		.byte	0
 312 014e 05       		.uleb128 0x5
 313 014f 94010000 		.4byte	.LASF41
 314 0153 01       		.byte	0x1
 315 0154 05       		.uleb128 0x5
 316 0155 F1020000 		.4byte	.LASF42
 317 0159 02       		.byte	0x2
 318 015a 05       		.uleb128 0x5
 319 015b A1010000 		.4byte	.LASF43
 320 015f 03       		.byte	0x3
 321 0160 00       		.byte	0
 322 0161 03       		.uleb128 0x3
 323 0162 4C040000 		.4byte	.LASF44
 324 0166 03       		.byte	0x3
 325 0167 13       		.byte	0x13
 326 0168 3C010000 		.4byte	0x13c
 327 016c 07       		.uleb128 0x7
 328 016d 04       		.byte	0x4
 329 016e 05       		.byte	0x5
 330 016f 696E7400 		.ascii	"int\000"
 331 0173 02       		.uleb128 0x2
 332 0174 04       		.byte	0x4
 333 0175 07       		.byte	0x7
 334 0176 CC000000 		.4byte	.LASF45
 335 017a 02       		.uleb128 0x2
 336 017b 08       		.byte	0x8
 337 017c 04       		.byte	0x4
 338 017d D6010000 		.4byte	.LASF46
 339 0181 02       		.uleb128 0x2
 340 0182 04       		.byte	0x4
 341 0183 07       		.byte	0x7
 342 0184 21040000 		.4byte	.LASF47
 343 0188 08       		.uleb128 0x8
 344 0189 81000000 		.4byte	.LASF48
 345 018d 04       		.byte	0x4
 346 018e E801     		.2byte	0x1e8
 347 0190 37000000 		.4byte	0x37
 348 0194 09       		.uleb128 0x9
 349 0195 8D030000 		.4byte	.LASF51
 350 0199 01       		.byte	0x1
 351 019a 11       		.byte	0x11
 352 019b 31010000 		.4byte	0x131
 353 019f 00000000 		.4byte	.LFB0
 354 01a3 0C000000 		.4byte	.LFE0-.LFB0
ARM GAS  C:\Users\91819\AppData\Local\Temp\cckppFoa.s 			page 8


 355 01a7 01       		.uleb128 0x1
 356 01a8 9C       		.byte	0x9c
 357 01a9 CC010000 		.4byte	0x1cc
 358 01ad 0A       		.uleb128 0xa
 359 01ae 44040000 		.4byte	.LASF53
 360 01b2 01       		.byte	0x1
 361 01b3 11       		.byte	0x11
 362 01b4 61010000 		.4byte	0x161
 363 01b8 00000000 		.4byte	.LLST0
 364 01bc 0B       		.uleb128 0xb
 365 01bd 08000000 		.4byte	.LVL1
 366 01c1 57020000 		.4byte	0x257
 367 01c5 0C       		.uleb128 0xc
 368 01c6 01       		.uleb128 0x1
 369 01c7 51       		.byte	0x51
 370 01c8 01       		.uleb128 0x1
 371 01c9 31       		.byte	0x31
 372 01ca 00       		.byte	0
 373 01cb 00       		.byte	0
 374 01cc 0D       		.uleb128 0xd
 375 01cd E2010000 		.4byte	.LASF49
 376 01d1 01       		.byte	0x1
 377 01d2 17       		.byte	0x17
 378 01d3 31010000 		.4byte	0x131
 379 01d7 00000000 		.4byte	.LFB1
 380 01db 0A000000 		.4byte	.LFE1-.LFB1
 381 01df 01       		.uleb128 0x1
 382 01e0 9C       		.byte	0x9c
 383 01e1 EF010000 		.4byte	0x1ef
 384 01e5 0E       		.uleb128 0xe
 385 01e6 06000000 		.4byte	.LVL2
 386 01ea 62020000 		.4byte	0x262
 387 01ee 00       		.byte	0
 388 01ef 0D       		.uleb128 0xd
 389 01f0 AB020000 		.4byte	.LASF50
 390 01f4 01       		.byte	0x1
 391 01f5 1E       		.byte	0x1e
 392 01f6 76000000 		.4byte	0x76
 393 01fa 00000000 		.4byte	.LFB2
 394 01fe 14000000 		.4byte	.LFE2-.LFB2
 395 0202 01       		.uleb128 0x1
 396 0203 9C       		.byte	0x9c
 397 0204 18020000 		.4byte	0x218
 398 0208 0F       		.uleb128 0xf
 399 0209 17000000 		.4byte	.LASF62
 400 020d 01       		.byte	0x1
 401 020e 20       		.byte	0x20
 402 020f 76000000 		.4byte	0x76
 403 0213 21000000 		.4byte	.LLST1
 404 0217 00       		.byte	0
 405 0218 09       		.uleb128 0x9
 406 0219 D9000000 		.4byte	.LASF52
 407 021d 01       		.byte	0x1
 408 021e 29       		.byte	0x29
 409 021f 31010000 		.4byte	0x131
 410 0223 00000000 		.4byte	.LFB3
 411 0227 18000000 		.4byte	.LFE3-.LFB3
ARM GAS  C:\Users\91819\AppData\Local\Temp\cckppFoa.s 			page 9


 412 022b 01       		.uleb128 0x1
 413 022c 9C       		.byte	0x9c
 414 022d 41020000 		.4byte	0x241
 415 0231 0A       		.uleb128 0xa
 416 0232 36040000 		.4byte	.LASF54
 417 0236 01       		.byte	0x1
 418 0237 29       		.byte	0x29
 419 0238 2C000000 		.4byte	0x2c
 420 023c 40000000 		.4byte	.LLST2
 421 0240 00       		.byte	0
 422 0241 10       		.uleb128 0x10
 423 0242 BE000000 		.4byte	.LASF55
 424 0246 05       		.byte	0x5
 425 0247 2C       		.byte	0x2c
 426 0248 88010000 		.4byte	0x188
 427 024c 10       		.uleb128 0x10
 428 024d BC020000 		.4byte	.LASF56
 429 0251 01       		.byte	0x1
 430 0252 0F       		.byte	0xf
 431 0253 88010000 		.4byte	0x188
 432 0257 11       		.uleb128 0x11
 433 0258 4C010000 		.4byte	.LASF57
 434 025c 4C010000 		.4byte	.LASF57
 435 0260 05       		.byte	0x5
 436 0261 72       		.byte	0x72
 437 0262 11       		.uleb128 0x11
 438 0263 9C000000 		.4byte	.LASF58
 439 0267 9C000000 		.4byte	.LASF58
 440 026b 05       		.byte	0x5
 441 026c 73       		.byte	0x73
 442 026d 00       		.byte	0
 443              		.section	.debug_abbrev,"",%progbits
 444              	.Ldebug_abbrev0:
 445 0000 01       		.uleb128 0x1
 446 0001 11       		.uleb128 0x11
 447 0002 01       		.byte	0x1
 448 0003 25       		.uleb128 0x25
 449 0004 0E       		.uleb128 0xe
 450 0005 13       		.uleb128 0x13
 451 0006 0B       		.uleb128 0xb
 452 0007 03       		.uleb128 0x3
 453 0008 0E       		.uleb128 0xe
 454 0009 1B       		.uleb128 0x1b
 455 000a 0E       		.uleb128 0xe
 456 000b 55       		.uleb128 0x55
 457 000c 17       		.uleb128 0x17
 458 000d 11       		.uleb128 0x11
 459 000e 01       		.uleb128 0x1
 460 000f 10       		.uleb128 0x10
 461 0010 17       		.uleb128 0x17
 462 0011 00       		.byte	0
 463 0012 00       		.byte	0
 464 0013 02       		.uleb128 0x2
 465 0014 24       		.uleb128 0x24
 466 0015 00       		.byte	0
 467 0016 0B       		.uleb128 0xb
 468 0017 0B       		.uleb128 0xb
ARM GAS  C:\Users\91819\AppData\Local\Temp\cckppFoa.s 			page 10


 469 0018 3E       		.uleb128 0x3e
 470 0019 0B       		.uleb128 0xb
 471 001a 03       		.uleb128 0x3
 472 001b 0E       		.uleb128 0xe
 473 001c 00       		.byte	0
 474 001d 00       		.byte	0
 475 001e 03       		.uleb128 0x3
 476 001f 16       		.uleb128 0x16
 477 0020 00       		.byte	0
 478 0021 03       		.uleb128 0x3
 479 0022 0E       		.uleb128 0xe
 480 0023 3A       		.uleb128 0x3a
 481 0024 0B       		.uleb128 0xb
 482 0025 3B       		.uleb128 0x3b
 483 0026 0B       		.uleb128 0xb
 484 0027 49       		.uleb128 0x49
 485 0028 13       		.uleb128 0x13
 486 0029 00       		.byte	0
 487 002a 00       		.byte	0
 488 002b 04       		.uleb128 0x4
 489 002c 04       		.uleb128 0x4
 490 002d 01       		.byte	0x1
 491 002e 0B       		.uleb128 0xb
 492 002f 0B       		.uleb128 0xb
 493 0030 49       		.uleb128 0x49
 494 0031 13       		.uleb128 0x13
 495 0032 3A       		.uleb128 0x3a
 496 0033 0B       		.uleb128 0xb
 497 0034 3B       		.uleb128 0x3b
 498 0035 0B       		.uleb128 0xb
 499 0036 01       		.uleb128 0x1
 500 0037 13       		.uleb128 0x13
 501 0038 00       		.byte	0
 502 0039 00       		.byte	0
 503 003a 05       		.uleb128 0x5
 504 003b 28       		.uleb128 0x28
 505 003c 00       		.byte	0
 506 003d 03       		.uleb128 0x3
 507 003e 0E       		.uleb128 0xe
 508 003f 1C       		.uleb128 0x1c
 509 0040 0B       		.uleb128 0xb
 510 0041 00       		.byte	0
 511 0042 00       		.byte	0
 512 0043 06       		.uleb128 0x6
 513 0044 28       		.uleb128 0x28
 514 0045 00       		.byte	0
 515 0046 03       		.uleb128 0x3
 516 0047 0E       		.uleb128 0xe
 517 0048 1C       		.uleb128 0x1c
 518 0049 0D       		.uleb128 0xd
 519 004a 00       		.byte	0
 520 004b 00       		.byte	0
 521 004c 07       		.uleb128 0x7
 522 004d 24       		.uleb128 0x24
 523 004e 00       		.byte	0
 524 004f 0B       		.uleb128 0xb
 525 0050 0B       		.uleb128 0xb
ARM GAS  C:\Users\91819\AppData\Local\Temp\cckppFoa.s 			page 11


 526 0051 3E       		.uleb128 0x3e
 527 0052 0B       		.uleb128 0xb
 528 0053 03       		.uleb128 0x3
 529 0054 08       		.uleb128 0x8
 530 0055 00       		.byte	0
 531 0056 00       		.byte	0
 532 0057 08       		.uleb128 0x8
 533 0058 16       		.uleb128 0x16
 534 0059 00       		.byte	0
 535 005a 03       		.uleb128 0x3
 536 005b 0E       		.uleb128 0xe
 537 005c 3A       		.uleb128 0x3a
 538 005d 0B       		.uleb128 0xb
 539 005e 3B       		.uleb128 0x3b
 540 005f 05       		.uleb128 0x5
 541 0060 49       		.uleb128 0x49
 542 0061 13       		.uleb128 0x13
 543 0062 00       		.byte	0
 544 0063 00       		.byte	0
 545 0064 09       		.uleb128 0x9
 546 0065 2E       		.uleb128 0x2e
 547 0066 01       		.byte	0x1
 548 0067 3F       		.uleb128 0x3f
 549 0068 19       		.uleb128 0x19
 550 0069 03       		.uleb128 0x3
 551 006a 0E       		.uleb128 0xe
 552 006b 3A       		.uleb128 0x3a
 553 006c 0B       		.uleb128 0xb
 554 006d 3B       		.uleb128 0x3b
 555 006e 0B       		.uleb128 0xb
 556 006f 27       		.uleb128 0x27
 557 0070 19       		.uleb128 0x19
 558 0071 49       		.uleb128 0x49
 559 0072 13       		.uleb128 0x13
 560 0073 11       		.uleb128 0x11
 561 0074 01       		.uleb128 0x1
 562 0075 12       		.uleb128 0x12
 563 0076 06       		.uleb128 0x6
 564 0077 40       		.uleb128 0x40
 565 0078 18       		.uleb128 0x18
 566 0079 9742     		.uleb128 0x2117
 567 007b 19       		.uleb128 0x19
 568 007c 01       		.uleb128 0x1
 569 007d 13       		.uleb128 0x13
 570 007e 00       		.byte	0
 571 007f 00       		.byte	0
 572 0080 0A       		.uleb128 0xa
 573 0081 05       		.uleb128 0x5
 574 0082 00       		.byte	0
 575 0083 03       		.uleb128 0x3
 576 0084 0E       		.uleb128 0xe
 577 0085 3A       		.uleb128 0x3a
 578 0086 0B       		.uleb128 0xb
 579 0087 3B       		.uleb128 0x3b
 580 0088 0B       		.uleb128 0xb
 581 0089 49       		.uleb128 0x49
 582 008a 13       		.uleb128 0x13
ARM GAS  C:\Users\91819\AppData\Local\Temp\cckppFoa.s 			page 12


 583 008b 02       		.uleb128 0x2
 584 008c 17       		.uleb128 0x17
 585 008d 00       		.byte	0
 586 008e 00       		.byte	0
 587 008f 0B       		.uleb128 0xb
 588 0090 898201   		.uleb128 0x4109
 589 0093 01       		.byte	0x1
 590 0094 11       		.uleb128 0x11
 591 0095 01       		.uleb128 0x1
 592 0096 31       		.uleb128 0x31
 593 0097 13       		.uleb128 0x13
 594 0098 00       		.byte	0
 595 0099 00       		.byte	0
 596 009a 0C       		.uleb128 0xc
 597 009b 8A8201   		.uleb128 0x410a
 598 009e 00       		.byte	0
 599 009f 02       		.uleb128 0x2
 600 00a0 18       		.uleb128 0x18
 601 00a1 9142     		.uleb128 0x2111
 602 00a3 18       		.uleb128 0x18
 603 00a4 00       		.byte	0
 604 00a5 00       		.byte	0
 605 00a6 0D       		.uleb128 0xd
 606 00a7 2E       		.uleb128 0x2e
 607 00a8 01       		.byte	0x1
 608 00a9 3F       		.uleb128 0x3f
 609 00aa 19       		.uleb128 0x19
 610 00ab 03       		.uleb128 0x3
 611 00ac 0E       		.uleb128 0xe
 612 00ad 3A       		.uleb128 0x3a
 613 00ae 0B       		.uleb128 0xb
 614 00af 3B       		.uleb128 0x3b
 615 00b0 0B       		.uleb128 0xb
 616 00b1 49       		.uleb128 0x49
 617 00b2 13       		.uleb128 0x13
 618 00b3 11       		.uleb128 0x11
 619 00b4 01       		.uleb128 0x1
 620 00b5 12       		.uleb128 0x12
 621 00b6 06       		.uleb128 0x6
 622 00b7 40       		.uleb128 0x40
 623 00b8 18       		.uleb128 0x18
 624 00b9 9742     		.uleb128 0x2117
 625 00bb 19       		.uleb128 0x19
 626 00bc 01       		.uleb128 0x1
 627 00bd 13       		.uleb128 0x13
 628 00be 00       		.byte	0
 629 00bf 00       		.byte	0
 630 00c0 0E       		.uleb128 0xe
 631 00c1 898201   		.uleb128 0x4109
 632 00c4 00       		.byte	0
 633 00c5 11       		.uleb128 0x11
 634 00c6 01       		.uleb128 0x1
 635 00c7 31       		.uleb128 0x31
 636 00c8 13       		.uleb128 0x13
 637 00c9 00       		.byte	0
 638 00ca 00       		.byte	0
 639 00cb 0F       		.uleb128 0xf
ARM GAS  C:\Users\91819\AppData\Local\Temp\cckppFoa.s 			page 13


 640 00cc 34       		.uleb128 0x34
 641 00cd 00       		.byte	0
 642 00ce 03       		.uleb128 0x3
 643 00cf 0E       		.uleb128 0xe
 644 00d0 3A       		.uleb128 0x3a
 645 00d1 0B       		.uleb128 0xb
 646 00d2 3B       		.uleb128 0x3b
 647 00d3 0B       		.uleb128 0xb
 648 00d4 49       		.uleb128 0x49
 649 00d5 13       		.uleb128 0x13
 650 00d6 02       		.uleb128 0x2
 651 00d7 17       		.uleb128 0x17
 652 00d8 00       		.byte	0
 653 00d9 00       		.byte	0
 654 00da 10       		.uleb128 0x10
 655 00db 34       		.uleb128 0x34
 656 00dc 00       		.byte	0
 657 00dd 03       		.uleb128 0x3
 658 00de 0E       		.uleb128 0xe
 659 00df 3A       		.uleb128 0x3a
 660 00e0 0B       		.uleb128 0xb
 661 00e1 3B       		.uleb128 0x3b
 662 00e2 0B       		.uleb128 0xb
 663 00e3 49       		.uleb128 0x49
 664 00e4 13       		.uleb128 0x13
 665 00e5 3F       		.uleb128 0x3f
 666 00e6 19       		.uleb128 0x19
 667 00e7 3C       		.uleb128 0x3c
 668 00e8 19       		.uleb128 0x19
 669 00e9 00       		.byte	0
 670 00ea 00       		.byte	0
 671 00eb 11       		.uleb128 0x11
 672 00ec 2E       		.uleb128 0x2e
 673 00ed 00       		.byte	0
 674 00ee 3F       		.uleb128 0x3f
 675 00ef 19       		.uleb128 0x19
 676 00f0 3C       		.uleb128 0x3c
 677 00f1 19       		.uleb128 0x19
 678 00f2 6E       		.uleb128 0x6e
 679 00f3 0E       		.uleb128 0xe
 680 00f4 03       		.uleb128 0x3
 681 00f5 0E       		.uleb128 0xe
 682 00f6 3A       		.uleb128 0x3a
 683 00f7 0B       		.uleb128 0xb
 684 00f8 3B       		.uleb128 0x3b
 685 00f9 0B       		.uleb128 0xb
 686 00fa 00       		.byte	0
 687 00fb 00       		.byte	0
 688 00fc 00       		.byte	0
 689              		.section	.debug_loc,"",%progbits
 690              	.Ldebug_loc0:
 691              	.LLST0:
 692 0000 00000000 		.4byte	.LVL0
 693 0004 07000000 		.4byte	.LVL1-1
 694 0008 0100     		.2byte	0x1
 695 000a 50       		.byte	0x50
 696 000b 07000000 		.4byte	.LVL1-1
ARM GAS  C:\Users\91819\AppData\Local\Temp\cckppFoa.s 			page 14


 697 000f 0C000000 		.4byte	.LFE0
 698 0013 0400     		.2byte	0x4
 699 0015 F3       		.byte	0xf3
 700 0016 01       		.uleb128 0x1
 701 0017 50       		.byte	0x50
 702 0018 9F       		.byte	0x9f
 703 0019 00000000 		.4byte	0
 704 001d 00000000 		.4byte	0
 705              	.LLST1:
 706 0021 00000000 		.4byte	.LVL3
 707 0025 0E000000 		.4byte	.LVL4
 708 0029 0200     		.2byte	0x2
 709 002b 30       		.byte	0x30
 710 002c 9F       		.byte	0x9f
 711 002d 0E000000 		.4byte	.LVL4
 712 0031 14000000 		.4byte	.LFE2
 713 0035 0100     		.2byte	0x1
 714 0037 50       		.byte	0x50
 715 0038 00000000 		.4byte	0
 716 003c 00000000 		.4byte	0
 717              	.LLST2:
 718 0040 00000000 		.4byte	.LVL5
 719 0044 06000000 		.4byte	.LVL6
 720 0048 0100     		.2byte	0x1
 721 004a 50       		.byte	0x50
 722 004b 06000000 		.4byte	.LVL6
 723 004f 18000000 		.4byte	.LFE3
 724 0053 0400     		.2byte	0x4
 725 0055 F3       		.byte	0xf3
 726 0056 01       		.uleb128 0x1
 727 0057 50       		.byte	0x50
 728 0058 9F       		.byte	0x9f
 729 0059 00000000 		.4byte	0
 730 005d 00000000 		.4byte	0
 731              		.section	.debug_aranges,"",%progbits
 732 0000 34000000 		.4byte	0x34
 733 0004 0200     		.2byte	0x2
 734 0006 00000000 		.4byte	.Ldebug_info0
 735 000a 04       		.byte	0x4
 736 000b 00       		.byte	0
 737 000c 0000     		.2byte	0
 738 000e 0000     		.2byte	0
 739 0010 00000000 		.4byte	.LFB0
 740 0014 0C000000 		.4byte	.LFE0-.LFB0
 741 0018 00000000 		.4byte	.LFB1
 742 001c 0A000000 		.4byte	.LFE1-.LFB1
 743 0020 00000000 		.4byte	.LFB2
 744 0024 14000000 		.4byte	.LFE2-.LFB2
 745 0028 00000000 		.4byte	.LFB3
 746 002c 18000000 		.4byte	.LFE3-.LFB3
 747 0030 00000000 		.4byte	0
 748 0034 00000000 		.4byte	0
 749              		.section	.debug_ranges,"",%progbits
 750              	.Ldebug_ranges0:
 751 0000 00000000 		.4byte	.LFB0
 752 0004 0C000000 		.4byte	.LFE0
 753 0008 00000000 		.4byte	.LFB1
ARM GAS  C:\Users\91819\AppData\Local\Temp\cckppFoa.s 			page 15


 754 000c 0A000000 		.4byte	.LFE1
 755 0010 00000000 		.4byte	.LFB2
 756 0014 14000000 		.4byte	.LFE2
 757 0018 00000000 		.4byte	.LFB3
 758 001c 18000000 		.4byte	.LFE3
 759 0020 00000000 		.4byte	0
 760 0024 00000000 		.4byte	0
 761              		.section	.debug_line,"",%progbits
 762              	.Ldebug_line0:
 763 0000 C1000000 		.section	.debug_str,"MS",%progbits,1
 763      02007500 
 763      00000201 
 763      FB0E0D00 
 763      01010101 
 764              	.LASF24:
 765 0000 52435F45 		.ascii	"RC_ERROR_TIME_OUT\000"
 765      52524F52 
 765      5F54494D 
 765      455F4F55 
 765      5400
 766              	.LASF39:
 767 0012 52435F74 		.ascii	"RC_t\000"
 767      00
 768              	.LASF62:
 769 0017 69735265 		.ascii	"isReset\000"
 769      73657400 
 770              	.LASF9:
 771 001f 6C6F6E67 		.ascii	"long long unsigned int\000"
 771      206C6F6E 
 771      6720756E 
 771      7369676E 
 771      65642069 
 772              	.LASF34:
 773 0036 52435F45 		.ascii	"RC_ERROR_BAD_DATA\000"
 773      52524F52 
 773      5F424144 
 773      5F444154 
 773      4100
 774              	.LASF8:
 775 0048 6C6F6E67 		.ascii	"long long int\000"
 775      206C6F6E 
 775      6720696E 
 775      7400
 776              	.LASF0:
 777 0056 7369676E 		.ascii	"signed char\000"
 777      65642063 
 777      68617200 
 778              	.LASF22:
 779 0062 52435F45 		.ascii	"RC_ERROR_BUFFER_EMTPY\000"
 779      52524F52 
 779      5F425546 
 779      4645525F 
 779      454D5450 
 780              	.LASF4:
 781 0078 6C6F6E67 		.ascii	"long int\000"
 781      20696E74 
 781      00
ARM GAS  C:\Users\91819\AppData\Local\Temp\cckppFoa.s 			page 16


 782              	.LASF48:
 783 0081 75696E74 		.ascii	"uint8\000"
 783      3800
 784              	.LASF25:
 785 0087 52435F45 		.ascii	"RC_ERROR_OPEN\000"
 785      52524F52 
 785      5F4F5045 
 785      4E00
 786              	.LASF7:
 787 0095 646F7562 		.ascii	"double\000"
 787      6C6500
 788              	.LASF58:
 789 009c 43795764 		.ascii	"CyWdtClear\000"
 789      74436C65 
 789      617200
 790              	.LASF36:
 791 00a7 52435F45 		.ascii	"RC_ERROR_INVALID_STATE\000"
 791      52524F52 
 791      5F494E56 
 791      414C4944 
 791      5F535441 
 792              	.LASF55:
 793 00be 43795265 		.ascii	"CyResetStatus\000"
 793      73657453 
 793      74617475 
 793      7300
 794              	.LASF45:
 795 00cc 756E7369 		.ascii	"unsigned int\000"
 795      676E6564 
 795      20696E74 
 795      00
 796              	.LASF52:
 797 00d9 57445F41 		.ascii	"WD_Alive\000"
 797      6C697665 
 797      00
 798              	.LASF37:
 799 00e2 52435F45 		.ascii	"RC_ERROR_UNKNOWN\000"
 799      52524F52 
 799      5F554E4B 
 799      4E4F574E 
 799      00
 800              	.LASF26:
 801 00f3 52435F45 		.ascii	"RC_ERROR_CHECKSUM\000"
 801      52524F52 
 801      5F434845 
 801      434B5355 
 801      4D00
 802              	.LASF5:
 803 0105 6C6F6E67 		.ascii	"long unsigned int\000"
 803      20756E73 
 803      69676E65 
 803      6420696E 
 803      7400
 804              	.LASF15:
 805 0117 52435F45 		.ascii	"RC_ERROR_NULL\000"
 805      52524F52 
 805      5F4E554C 
ARM GAS  C:\Users\91819\AppData\Local\Temp\cckppFoa.s 			page 17


 805      4C00
 806              	.LASF13:
 807 0125 52435F53 		.ascii	"RC_SUCCESS\000"
 807      55434345 
 807      535300
 808              	.LASF3:
 809 0130 73686F72 		.ascii	"short unsigned int\000"
 809      7420756E 
 809      7369676E 
 809      65642069 
 809      6E7400
 810              	.LASF14:
 811 0143 52435F45 		.ascii	"RC_ERROR\000"
 811      52524F52 
 811      00
 812              	.LASF57:
 813 014c 43795764 		.ascii	"CyWdtStart\000"
 813      74537461 
 813      727400
 814              	.LASF21:
 815 0157 52435F45 		.ascii	"RC_ERROR_BUFFER_FULL\000"
 815      52524F52 
 815      5F425546 
 815      4645525F 
 815      46554C4C 
 816              	.LASF31:
 817 016c 52435F45 		.ascii	"RC_ERROR_WRITE_FAILS\000"
 817      52524F52 
 817      5F575249 
 817      54455F46 
 817      41494C53 
 818              	.LASF32:
 819 0181 52435F45 		.ascii	"RC_ERROR_NOT_MATCH\000"
 819      52524F52 
 819      5F4E4F54 
 819      5F4D4154 
 819      434800
 820              	.LASF41:
 821 0194 5744545F 		.ascii	"WDT_16_TICKS\000"
 821      31365F54 
 821      49434B53 
 821      00
 822              	.LASF43:
 823 01a1 5744545F 		.ascii	"WDT_1024_TICKS\000"
 823      31303234 
 823      5F544943 
 823      4B5300
 824              	.LASF17:
 825 01b0 52435F45 		.ascii	"RC_ERROR_MEMORY\000"
 825      52524F52 
 825      5F4D454D 
 825      4F525900 
 826              	.LASF60:
 827 01c0 736F7572 		.ascii	"source\\bsw\\watchdog.c\000"
 827      63655C62 
 827      73775C77 
 827      61746368 
ARM GAS  C:\Users\91819\AppData\Local\Temp\cckppFoa.s 			page 18


 827      646F672E 
 828              	.LASF46:
 829 01d6 6C6F6E67 		.ascii	"long double\000"
 829      20646F75 
 829      626C6500 
 830              	.LASF49:
 831 01e2 57445F54 		.ascii	"WD_Trigger\000"
 831      72696767 
 831      657200
 832              	.LASF11:
 833 01ed 626F6F6C 		.ascii	"boolean_t\000"
 833      65616E5F 
 833      7400
 834              	.LASF35:
 835 01f7 52435F45 		.ascii	"RC_ERROR_CANCELED\000"
 835      52524F52 
 835      5F43414E 
 835      43454C45 
 835      4400
 836              	.LASF20:
 837 0209 52435F45 		.ascii	"RC_ERROR_UNDERRUN\000"
 837      52524F52 
 837      5F554E44 
 837      45525255 
 837      4E00
 838              	.LASF30:
 839 021b 52435F45 		.ascii	"RC_ERROR_READ_FAILS\000"
 839      52524F52 
 839      5F524541 
 839      445F4641 
 839      494C5300 
 840              	.LASF61:
 841 022f 433A5C55 		.ascii	"C:\\Users\\91819\\Documents\\HDA_Sem2\\EAA\\Assignm"
 841      73657273 
 841      5C393138 
 841      31395C44 
 841      6F63756D 
 842 025c 656E7473 		.ascii	"ents\\Assignment1_RTE\\autosar_01.cydsn (2)\\autosa"
 842      5C417373 
 842      69676E6D 
 842      656E7431 
 842      5F525445 
 843 028c 725F3031 		.ascii	"r_01.cydsn\000"
 843      2E637964 
 843      736E00
 844              	.LASF6:
 845 0297 666C6F61 		.ascii	"float\000"
 845      7400
 846              	.LASF23:
 847 029d 52435F45 		.ascii	"RC_ERROR_BUSY\000"
 847      52524F52 
 847      5F425553 
 847      5900
 848              	.LASF50:
 849 02ab 57445F43 		.ascii	"WD_CheckResetBit\000"
 849      6865636B 
 849      52657365 
ARM GAS  C:\Users\91819\AppData\Local\Temp\cckppFoa.s 			page 19


 849      74426974 
 849      00
 850              	.LASF56:
 851 02bc 62697466 		.ascii	"bitfield\000"
 851      69656C64 
 851      00
 852              	.LASF28:
 853 02c5 52435F45 		.ascii	"RC_ERROR_WRITE_ONLY\000"
 853      52524F52 
 853      5F575249 
 853      54455F4F 
 853      4E4C5900 
 854              	.LASF1:
 855 02d9 756E7369 		.ascii	"unsigned char\000"
 855      676E6564 
 855      20636861 
 855      7200
 856              	.LASF2:
 857 02e7 73686F72 		.ascii	"short int\000"
 857      7420696E 
 857      7400
 858              	.LASF42:
 859 02f1 5744545F 		.ascii	"WDT_128_TICKS\000"
 859      3132385F 
 859      5449434B 
 859      5300
 860              	.LASF59:
 861 02ff 474E5520 		.ascii	"GNU C11 5.4.1 20160609 (release) [ARM/embedded-5-br"
 861      43313120 
 861      352E342E 
 861      31203230 
 861      31363036 
 862 0332 616E6368 		.ascii	"anch revision 237715] -mcpu=cortex-m3 -mthumb -g -O"
 862      20726576 
 862      6973696F 
 862      6E203233 
 862      37373135 
 863 0365 67202D66 		.ascii	"g -ffunction-sections -ffat-lto-objects\000"
 863      66756E63 
 863      74696F6E 
 863      2D736563 
 863      74696F6E 
 864              	.LASF51:
 865 038d 57445F53 		.ascii	"WD_Start\000"
 865      74617274 
 865      00
 866              	.LASF16:
 867 0396 52435F45 		.ascii	"RC_ERROR_ZERO\000"
 867      52524F52 
 867      5F5A4552 
 867      4F00
 868              	.LASF33:
 869 03a4 52435F45 		.ascii	"RC_ERROR_BAD_PARAM\000"
 869      52524F52 
 869      5F424144 
 869      5F504152 
 869      414D00
ARM GAS  C:\Users\91819\AppData\Local\Temp\cckppFoa.s 			page 20


 870              	.LASF27:
 871 03b7 52435F45 		.ascii	"RC_ERROR_READ_ONLY\000"
 871      52524F52 
 871      5F524541 
 871      445F4F4E 
 871      4C5900
 872              	.LASF12:
 873 03ca 63686172 		.ascii	"char\000"
 873      00
 874              	.LASF38:
 875 03cf 52435F45 		.ascii	"RC_ERROR_NOT_IMPLEMENTED\000"
 875      52524F52 
 875      5F4E4F54 
 875      5F494D50 
 875      4C454D45 
 876              	.LASF19:
 877 03e8 52435F45 		.ascii	"RC_ERROR_OVERRUN\000"
 877      52524F52 
 877      5F4F5645 
 877      5252554E 
 877      00
 878              	.LASF29:
 879 03f9 52435F45 		.ascii	"RC_ERROR_INVALID\000"
 879      52524F52 
 879      5F494E56 
 879      414C4944 
 879      00
 880              	.LASF18:
 881 040a 52435F45 		.ascii	"RC_ERROR_RANGE\000"
 881      52524F52 
 881      5F52414E 
 881      474500
 882              	.LASF10:
 883 0419 75696E74 		.ascii	"uint8_t\000"
 883      385F7400 
 884              	.LASF47:
 885 0421 73697A65 		.ascii	"sizetype\000"
 885      74797065 
 885      00
 886              	.LASF40:
 887 042a 5744545F 		.ascii	"WDT_2_TICKS\000"
 887      325F5449 
 887      434B5300 
 888              	.LASF54:
 889 0436 6D794269 		.ascii	"myBitPosition\000"
 889      74506F73 
 889      6974696F 
 889      6E00
 890              	.LASF53:
 891 0444 74696D65 		.ascii	"timeout\000"
 891      6F757400 
 892              	.LASF44:
 893 044c 5744545F 		.ascii	"WDT_TimeOut_t\000"
 893      54696D65 
 893      4F75745F 
 893      7400
 894              		.ident	"GCC: (GNU Tools for ARM Embedded Processors) 5.4.1 20160609 (release) [ARM/embedded-5-bran
ARM GAS  C:\Users\91819\AppData\Local\Temp\cckppFoa.s 			page 21


