--------------- Build Started: 05/27/2022 23:38:02 Project: autosar_01, Configuration: ARM GCC 5.4-2016-q2-update Debug ---------------
The code generation step is up to date.
arm-none-eabi-gcc.exe -mcpu=cortex-m3 -mthumb -I.\source\bsw -I.\source\asw -I.\source\rte -I.\source\bsw\tft\fonts -I. -IGenerated_Source\PSoC5 -Wa,-alh=.\CortexM3\ARM_GCC_541\Debug/main.lst -g -D DEBUG -D CY_CORE_ID=0 -Wall -ffunction-sections -ffat-lto-objects -Og -c source\asw\main.c -o .\CortexM3\ARM_GCC_541\Debug\main.o
In file included from source\asw\tsk_io.h:13:0,
                 from source\asw\main.c:16:
.\source\rte/rte_types.h:46:0: warning: "GetResource" redefined
     #define GetResource(A)
 ^
In file included from Generated_Source\PSoC5/ErikaOS_1_ee_api.inc:73:0,
                 from Generated_Source\PSoC5/ErikaOS_1_ee.h:129,
                 from Generated_Source\PSoC5/project.h:22,
                 from source\asw\main.c:12:
Generated_Source\PSoC5/ErikaOS_1_ee_oo_api.inc:136:0: note: this is the location of the previous definition
 #define GetResource               EE_oo_GetResource
 ^
In file included from source\asw\tsk_io.h:13:0,
                 from source\asw\main.c:16:
.\source\rte/rte_types.h:47:0: warning: "ReleaseResource" redefined
     #define ReleaseResource(A)
 ^
In file included from Generated_Source\PSoC5/ErikaOS_1_ee_api.inc:73:0,
                 from Generated_Source\PSoC5/ErikaOS_1_ee.h:129,
                 from Generated_Source\PSoC5/project.h:22,
                 from source\asw\main.c:12:
Generated_Source\PSoC5/ErikaOS_1_ee_oo_api.inc:140:0: note: this is the location of the previous definition
 #define ReleaseResource           EE_oo_ReleaseResource
 ^
arm-none-eabi-ar.exe -rs .\CortexM3\ARM_GCC_541\Debug\autosar_01.a .\CortexM3\ARM_GCC_541\Debug\ErikaOS_1_ee_activate.o .\CortexM3\ARM_GCC_541\Debug\ErikaOS_1_ee_alcancel.o .\CortexM3\ARM_GCC_541\Debug\ErikaOS_1_ee_alget.o .\CortexM3\ARM_GCC_541\Debug\ErikaOS_1_ee_algetbase.o .\CortexM3\ARM_GCC_541\Debug\ErikaOS_1_ee_alsetabs.o .\CortexM3\ARM_GCC_541\Debug\ErikaOS_1_ee_alsetrel.o .\CortexM3\ARM_GCC_541\Debug\ErikaOS_1_ee_altick.o .\CortexM3\ARM_GCC_541\Debug\ErikaOS_1_ee_chaintas.o .\CortexM3\ARM_GCC_541\Debug\ErikaOS_1_ee_evclear.o .\CortexM3\ARM_GCC_541\Debug\ErikaOS_1_ee_evget.o .\CortexM3\ARM_GCC_541\Debug\ErikaOS_1_ee_evset.o .\CortexM3\ARM_GCC_541\Debug\ErikaOS_1_ee_evwait.o .\CortexM3\ARM_GCC_541\Debug\ErikaOS_1_ee_force_schedule.o .\CortexM3\ARM_GCC_541\Debug\ErikaOS_1_ee_getcountervalue.o .\CortexM3\ARM_GCC_541\Debug\ErikaOS_1_ee_getelapsedvalue.o .\CortexM3\ARM_GCC_541\Debug\ErikaOS_1_ee_gettaskid.o .\CortexM3\ARM_GCC_541\Debug\ErikaOS_1_ee_gettaskstate.o .\CortexM3\ARM_GCC_541\Debug\ErikaOS_1_ee_iparam.o .\CortexM3\ARM_GCC_541\Debug\ErikaOS_1_ee_irqendin.o .\CortexM3\ARM_GCC_541\Debug\ErikaOS_1_ee_lockres.o .\CortexM3\ARM_GCC_541\Debug\ErikaOS_1_ee_lookup.o .\CortexM3\ARM_GCC_541\Debug\ErikaOS_1_ee_rq_exchg.o .\CortexM3\ARM_GCC_541\Debug\ErikaOS_1_ee_rq_first.o .\CortexM3\ARM_GCC_541\Debug\ErikaOS_1_ee_rq_inser.o .\CortexM3\ARM_GCC_541\Debug\ErikaOS_1_ee_schedule.o .\CortexM3\ARM_GCC_541\Debug\ErikaOS_1_ee_semgetvalue.o .\CortexM3\ARM_GCC_541\Debug\ErikaOS_1_ee_sempost.o .\CortexM3\ARM_GCC_541\Debug\ErikaOS_1_ee_semtrywait.o .\CortexM3\ARM_GCC_541\Debug\ErikaOS_1_ee_semwait.o .\CortexM3\ARM_GCC_541\Debug\ErikaOS_1_ee_shtdown.o .\CortexM3\ARM_GCC_541\Debug\ErikaOS_1_ee_startos.o .\CortexM3\ARM_GCC_541\Debug\ErikaOS_1_ee_terminat.o .\CortexM3\ARM_GCC_541\Debug\ErikaOS_1_ee_thendin.o .\CortexM3\ARM_GCC_541\Debug\ErikaOS_1_ee_tnterm.o .\CortexM3\ARM_GCC_541\Debug\ErikaOS_1_ee_tstub.o .\CortexM3\ARM_GCC_541\Debug\ErikaOS_1_ee_ulockallres.o .\CortexM3\ARM_GCC_541\Debug\ErikaOS_1_ee_ulockres.o .\CortexM3\ARM_GCC_541\Debug\ErikaOS_1_cortex_mx_ee_context.o .\CortexM3\ARM_GCC_541\Debug\ErikaOS_1_cortex_mx_ee_system_timer.o .\CortexM3\ARM_GCC_541\Debug\ErikaOS_1_cortex_mx_ee_utils.o .\CortexM3\ARM_GCC_541\Debug\ErikaOS_1_common_ee_hal_structs.o .\CortexM3\ARM_GCC_541\Debug\ErikaOS_1_eecfg.o .\CortexM3\ARM_GCC_541\Debug\CyDmac.o .\CortexM3\ARM_GCC_541\Debug\CyFlash.o .\CortexM3\ARM_GCC_541\Debug\CyLib.o .\CortexM3\ARM_GCC_541\Debug\cyPm.o .\CortexM3\ARM_GCC_541\Debug\CySpc.o .\CortexM3\ARM_GCC_541\Debug\cyutils.o .\CortexM3\ARM_GCC_541\Debug\cy_em_eeprom.o .\CortexM3\ARM_GCC_541\Debug\JOYSTICK_ADC_XY.o .\CortexM3\ARM_GCC_541\Debug\JOYSTICK_ADC_XY_PM.o .\CortexM3\ARM_GCC_541\Debug\JOYSTICK_ADC_XY_INT.o .\CortexM3\ARM_GCC_541\Debug\JOYSTICK_X.o .\CortexM3\ARM_GCC_541\Debug\JOYSTICK_Y.o .\CortexM3\ARM_GCC_541\Debug\JOYSTICK_ADC_XY_SAR.o .\CortexM3\ARM_GCC_541\Debug\JOYSTICK_ADC_XY_SAR_INT.o .\CortexM3\ARM_GCC_541\Debug\JOYSTICK_ADC_XY_SAR_PM.o .\CortexM3\ARM_GCC_541\Debug\JOYSTICK_ADC_XY_IntClock.o .\CortexM3\ARM_GCC_541\Debug\JOYSTICK_ADC_XY_TempBuf_dma.o .\CortexM3\ARM_GCC_541\Debug\JOYSTICK_ADC_XY_FinalBuf_dma.o .\CortexM3\ARM_GCC_541\Debug\JOYSTICK_ADC_XY_IRQ.o .\CortexM3\ARM_GCC_541\Debug\PWM_Green.o .\CortexM3\ARM_GCC_541\Debug\PWM_Green_PM.o .\CortexM3\ARM_GCC_541\Debug\LED_Red.o .\CortexM3\ARM_GCC_541\Debug\Green_RGB.o .\CortexM3\ARM_GCC_541\Debug\PWM_clock.o .\CortexM3\ARM_GCC_541\Debug\button_osShutdown.o .\CortexM3\ARM_GCC_541\Debug\UART_1.o .\CortexM3\ARM_GCC_541\Debug\UART_1_PM.o .\CortexM3\ARM_GCC_541\Debug\UART_1_INT.o .\CortexM3\ARM_GCC_541\Debug\UART_1_BOOT.o .\CortexM3\ARM_GCC_541\Debug\isr_buttonShutdown.o .\CortexM3\ARM_GCC_541\Debug\UART_1_IntClock.o .\CortexM3\ARM_GCC_541\Debug\led_y.o .\CortexM3\ARM_GCC_541\Debug\ErikaOS_1_ee_gnu_change_context_isr.o .\CortexM3\ARM_GCC_541\Debug\ErikaOS_1_ee_gnu_irq_stack.o .\CortexM3\ARM_GCC_541\Debug\ErikaOS_1_ee_gnu_multi_context.o .\CortexM3\ARM_GCC_541\Debug\ErikaOS_1_ee_gnu_oo.o .\CortexM3\ARM_GCC_541\Debug\CyBootAsmGnu.o
arm-none-eabi-ar.exe: creating .\CortexM3\ARM_GCC_541\Debug\autosar_01.a
arm-none-eabi-gcc.exe -Wl,--start-group -o C:\Users\91819\Documents\HDA_Sem2\EAA\Lab\Workspace01\Workspace01\autosar_01.cydsn\CortexM3\ARM_GCC_541\Debug\autosar_01.elf .\CortexM3\ARM_GCC_541\Debug\joystick.o .\CortexM3\ARM_GCC_541\Debug\watchdog.o .\CortexM3\ARM_GCC_541\Debug\rte.o .\CortexM3\ARM_GCC_541\Debug\sc_brakelight.o .\CortexM3\ARM_GCC_541\Debug\sc_brakelight_type.o .\CortexM3\ARM_GCC_541\Debug\sc_joystick.o .\CortexM3\ARM_GCC_541\Debug\sc_joystick_type.o .\CortexM3\ARM_GCC_541\Debug\sc_speed.o .\CortexM3\ARM_GCC_541\Debug\sc_speed_type.o .\CortexM3\ARM_GCC_541\Debug\sp_common.o .\CortexM3\ARM_GCC_541\Debug\main.o .\CortexM3\ARM_GCC_541\Debug\swc_brakelight.o .\CortexM3\ARM_GCC_541\Debug\swc_control.o .\CortexM3\ARM_GCC_541\Debug\swc_engine.o .\CortexM3\ARM_GCC_541\Debug\swc_remote.o .\CortexM3\ARM_GCC_541\Debug\tsk_control.o .\CortexM3\ARM_GCC_541\Debug\tsk_io.o .\CortexM3\ARM_GCC_541\Debug\tsk_system.o .\CortexM3\ARM_GCC_541\Debug\cyfitter_cfg.o .\CortexM3\ARM_GCC_541\Debug\cymetadata.o .\CortexM3\ARM_GCC_541\Debug\Cm3Start.o .\CortexM3\ARM_GCC_541\Debug\autosar_01.a "C:\Program Files (x86)\Cypress\PSoC Creator\4.4\PSoC Creator\psoc\content\cycomponentlibrary\CyComponentLibrary.cylib\CortexM3\ARM_GCC_541\Debug\CyComponentLibrary.a" -mcpu=cortex-m3 -mthumb -L Generated_Source\PSoC5 -Wl,-Map,.\CortexM3\ARM_GCC_541\Debug/autosar_01.map -T Generated_Source\PSoC5\cm3gcc.ld -specs=nano.specs -Wl,--gc-sections -g -ffunction-sections -Og -ffat-lto-objects -Wl,--end-group
cyelftool.exe -C C:\Users\91819\Documents\HDA_Sem2\EAA\Lab\Workspace01\Workspace01\autosar_01.cydsn\CortexM3\ARM_GCC_541\Debug\autosar_01.elf --flash_row_size 256 --flash_size 262144 --flash_offset 0x00000000
No ELF section .cychecksum found, creating one
Application checksum calculated and stored in ELF section .cychecksum
Checksum calculated and stored in ELF section .cymeta
cyelftool.exe -S C:\Users\91819\Documents\HDA_Sem2\EAA\Lab\Workspace01\Workspace01\autosar_01.cydsn\CortexM3\ARM_GCC_541\Debug\autosar_01.elf
Flash used: 10230 of 262144 bytes (3.9%).
SRAM used: 9697 of 65536 bytes (14.8%). Stack: 2048 bytes. Heap: 128 bytes.
--------------- Build Succeeded: 05/27/2022 23:38:03 ---------------
