--------------- Rebuild Started: 06/01/2022 14:00:44 Project: autosar_01, Configuration: ARM GCC 5.4-2016-q2-update Debug ---------------
Deleting file ".\CortexM3\ARM_GCC_541\Debug\joystick.o"
Deleting file ".\CortexM3\ARM_GCC_541\Debug\watchdog.o"
Deleting file ".\CortexM3\ARM_GCC_541\Debug\rte.o"
Deleting file ".\CortexM3\ARM_GCC_541\Debug\sc_brakelight.o"
Deleting file ".\CortexM3\ARM_GCC_541\Debug\sc_brakelight_type.o"
Deleting file ".\CortexM3\ARM_GCC_541\Debug\sc_joystick.o"
Deleting file ".\CortexM3\ARM_GCC_541\Debug\sc_joystick_type.o"
Deleting file ".\CortexM3\ARM_GCC_541\Debug\sc_speed.o"
Deleting file ".\CortexM3\ARM_GCC_541\Debug\sc_speed_type.o"
Deleting file ".\CortexM3\ARM_GCC_541\Debug\sp_common.o"
Deleting file ".\CortexM3\ARM_GCC_541\Debug\main.o"
Deleting file ".\CortexM3\ARM_GCC_541\Debug\swc_brakelight.o"
Deleting file ".\CortexM3\ARM_GCC_541\Debug\swc_control.o"
Deleting file ".\CortexM3\ARM_GCC_541\Debug\swc_engine.o"
Deleting file ".\CortexM3\ARM_GCC_541\Debug\swc_remote.o"
Deleting file ".\CortexM3\ARM_GCC_541\Debug\tsk_control.o"
Deleting file ".\CortexM3\ARM_GCC_541\Debug\tsk_io.o"
Deleting file ".\CortexM3\ARM_GCC_541\Debug\tsk_system.o"
Deleting file ".\CortexM3\ARM_GCC_541\Debug\cyfitter_cfg.o"
Deleting file ".\CortexM3\ARM_GCC_541\Debug\cymetadata.o"
Deleting file ".\CortexM3\ARM_GCC_541\Debug\ErikaOS_1_ee_activate.o"
Deleting file ".\CortexM3\ARM_GCC_541\Debug\ErikaOS_1_ee_alcancel.o"
Deleting file ".\CortexM3\ARM_GCC_541\Debug\ErikaOS_1_ee_alget.o"
Deleting file ".\CortexM3\ARM_GCC_541\Debug\ErikaOS_1_ee_algetbase.o"
Deleting file ".\CortexM3\ARM_GCC_541\Debug\ErikaOS_1_ee_alsetabs.o"
Deleting file ".\CortexM3\ARM_GCC_541\Debug\ErikaOS_1_ee_alsetrel.o"
Deleting file ".\CortexM3\ARM_GCC_541\Debug\ErikaOS_1_ee_altick.o"
Deleting file ".\CortexM3\ARM_GCC_541\Debug\ErikaOS_1_ee_chaintas.o"
Deleting file ".\CortexM3\ARM_GCC_541\Debug\ErikaOS_1_ee_evclear.o"
Deleting file ".\CortexM3\ARM_GCC_541\Debug\ErikaOS_1_ee_evget.o"
Deleting file ".\CortexM3\ARM_GCC_541\Debug\ErikaOS_1_ee_evset.o"
Deleting file ".\CortexM3\ARM_GCC_541\Debug\ErikaOS_1_ee_evwait.o"
Deleting file ".\CortexM3\ARM_GCC_541\Debug\ErikaOS_1_ee_force_schedule.o"
Deleting file ".\CortexM3\ARM_GCC_541\Debug\ErikaOS_1_ee_getcountervalue.o"
Deleting file ".\CortexM3\ARM_GCC_541\Debug\ErikaOS_1_ee_getelapsedvalue.o"
Deleting file ".\CortexM3\ARM_GCC_541\Debug\ErikaOS_1_ee_gettaskid.o"
Deleting file ".\CortexM3\ARM_GCC_541\Debug\ErikaOS_1_ee_gettaskstate.o"
Deleting file ".\CortexM3\ARM_GCC_541\Debug\ErikaOS_1_ee_iparam.o"
Deleting file ".\CortexM3\ARM_GCC_541\Debug\ErikaOS_1_ee_irqendin.o"
Deleting file ".\CortexM3\ARM_GCC_541\Debug\ErikaOS_1_ee_lockres.o"
Deleting file ".\CortexM3\ARM_GCC_541\Debug\ErikaOS_1_ee_lookup.o"
Deleting file ".\CortexM3\ARM_GCC_541\Debug\ErikaOS_1_ee_rq_exchg.o"
Deleting file ".\CortexM3\ARM_GCC_541\Debug\ErikaOS_1_ee_rq_first.o"
Deleting file ".\CortexM3\ARM_GCC_541\Debug\ErikaOS_1_ee_rq_inser.o"
Deleting file ".\CortexM3\ARM_GCC_541\Debug\ErikaOS_1_ee_schedule.o"
Deleting file ".\CortexM3\ARM_GCC_541\Debug\ErikaOS_1_ee_semgetvalue.o"
Deleting file ".\CortexM3\ARM_GCC_541\Debug\ErikaOS_1_ee_sempost.o"
Deleting file ".\CortexM3\ARM_GCC_541\Debug\ErikaOS_1_ee_semtrywait.o"
Deleting file ".\CortexM3\ARM_GCC_541\Debug\ErikaOS_1_ee_semwait.o"
Deleting file ".\CortexM3\ARM_GCC_541\Debug\ErikaOS_1_ee_shtdown.o"
Deleting file ".\CortexM3\ARM_GCC_541\Debug\ErikaOS_1_ee_startos.o"
Deleting file ".\CortexM3\ARM_GCC_541\Debug\ErikaOS_1_ee_terminat.o"
Deleting file ".\CortexM3\ARM_GCC_541\Debug\ErikaOS_1_ee_thendin.o"
Deleting file ".\CortexM3\ARM_GCC_541\Debug\ErikaOS_1_ee_tnterm.o"
Deleting file ".\CortexM3\ARM_GCC_541\Debug\ErikaOS_1_ee_tstub.o"
Deleting file ".\CortexM3\ARM_GCC_541\Debug\ErikaOS_1_ee_ulockallres.o"
Deleting file ".\CortexM3\ARM_GCC_541\Debug\ErikaOS_1_ee_ulockres.o"
Deleting file ".\CortexM3\ARM_GCC_541\Debug\ErikaOS_1_cortex_mx_ee_context.o"
Deleting file ".\CortexM3\ARM_GCC_541\Debug\ErikaOS_1_cortex_mx_ee_system_timer.o"
Deleting file ".\CortexM3\ARM_GCC_541\Debug\ErikaOS_1_cortex_mx_ee_utils.o"
Deleting file ".\CortexM3\ARM_GCC_541\Debug\ErikaOS_1_ee_gnu_change_context_isr.o"
Deleting file ".\CortexM3\ARM_GCC_541\Debug\ErikaOS_1_ee_gnu_irq_stack.o"
Deleting file ".\CortexM3\ARM_GCC_541\Debug\ErikaOS_1_ee_gnu_multi_context.o"
Deleting file ".\CortexM3\ARM_GCC_541\Debug\ErikaOS_1_ee_gnu_oo.o"
Deleting file ".\CortexM3\ARM_GCC_541\Debug\ErikaOS_1_common_ee_hal_structs.o"
Deleting file ".\CortexM3\ARM_GCC_541\Debug\ErikaOS_1_eecfg.o"
Deleting file ".\CortexM3\ARM_GCC_541\Debug\Cm3Start.o"
Deleting file ".\CortexM3\ARM_GCC_541\Debug\CyBootAsmGnu.o"
Deleting file ".\CortexM3\ARM_GCC_541\Debug\CyDmac.o"
Deleting file ".\CortexM3\ARM_GCC_541\Debug\CyFlash.o"
Deleting file ".\CortexM3\ARM_GCC_541\Debug\CyLib.o"
Deleting file ".\CortexM3\ARM_GCC_541\Debug\cyPm.o"
Deleting file ".\CortexM3\ARM_GCC_541\Debug\CySpc.o"
Deleting file ".\CortexM3\ARM_GCC_541\Debug\cyutils.o"
Deleting file ".\CortexM3\ARM_GCC_541\Debug\cy_em_eeprom.o"
Deleting file ".\CortexM3\ARM_GCC_541\Debug\JOYSTICK_ADC_XY.o"
Deleting file ".\CortexM3\ARM_GCC_541\Debug\JOYSTICK_ADC_XY_PM.o"
Deleting file ".\CortexM3\ARM_GCC_541\Debug\JOYSTICK_ADC_XY_INT.o"
Deleting file ".\CortexM3\ARM_GCC_541\Debug\JOYSTICK_X.o"
Deleting file ".\CortexM3\ARM_GCC_541\Debug\JOYSTICK_Y.o"
Deleting file ".\CortexM3\ARM_GCC_541\Debug\JOYSTICK_ADC_XY_SAR.o"
Deleting file ".\CortexM3\ARM_GCC_541\Debug\JOYSTICK_ADC_XY_SAR_INT.o"
Deleting file ".\CortexM3\ARM_GCC_541\Debug\JOYSTICK_ADC_XY_SAR_PM.o"
Deleting file ".\CortexM3\ARM_GCC_541\Debug\JOYSTICK_ADC_XY_IntClock.o"
Deleting file ".\CortexM3\ARM_GCC_541\Debug\JOYSTICK_ADC_XY_TempBuf_dma.o"
Deleting file ".\CortexM3\ARM_GCC_541\Debug\JOYSTICK_ADC_XY_FinalBuf_dma.o"
Deleting file ".\CortexM3\ARM_GCC_541\Debug\JOYSTICK_ADC_XY_IRQ.o"
Deleting file ".\CortexM3\ARM_GCC_541\Debug\PWM_Green.o"
Deleting file ".\CortexM3\ARM_GCC_541\Debug\PWM_Green_PM.o"
Deleting file ".\CortexM3\ARM_GCC_541\Debug\LED_Red.o"
Deleting file ".\CortexM3\ARM_GCC_541\Debug\Green_RGB.o"
Deleting file ".\CortexM3\ARM_GCC_541\Debug\PWM_clock.o"
Deleting file ".\CortexM3\ARM_GCC_541\Debug\button_osShutdown.o"
Deleting file ".\CortexM3\ARM_GCC_541\Debug\UART_1.o"
Deleting file ".\CortexM3\ARM_GCC_541\Debug\UART_1_PM.o"
Deleting file ".\CortexM3\ARM_GCC_541\Debug\UART_1_INT.o"
Deleting file ".\CortexM3\ARM_GCC_541\Debug\UART_1_BOOT.o"
Deleting file ".\CortexM3\ARM_GCC_541\Debug\isr_buttonShutdown.o"
Deleting file ".\CortexM3\ARM_GCC_541\Debug\UART_1_IntClock.o"
Deleting file ".\CortexM3\ARM_GCC_541\Debug\led_y.o"
Deleting file ".\CortexM3\ARM_GCC_541\Debug\autosar_01.hex"
Deleting file ".\CortexM3\ARM_GCC_541\Debug\autosar_01.elf"
Deleting file ".\CortexM3\ARM_GCC_541\Debug\autosar_01.map"
Deleting file ".\autosar_01.cycdx"
Deleting file ".\autosar_01.svd"
Deleting file ".\autosar_01.rpt"
Deleting file ".\autosar_01_timing.html"
Deleting file ".\CortexM3\ARM_GCC_541\Debug\.deps\SOURCE_C__ARM_GCC_GENERIC.P"
Deleting file ".\CortexM3\ARM_GCC_541\Debug\.deps\SOURCE_ASM__ARM_GCC_GENERIC.P"
cydsfit.exe -.appdatapath "C:\Users\91819\AppData\Local\Cypress Semiconductor\PSoC Creator\4.4" -.fdsnotice -.fdswarpdepfile=warp_dependencies.txt -.fdselabdepfile=elab_dependencies.txt -.fdsbldfile=generated_files.txt -.fdsreffile=referenced_files.txt -p "C:\Users\91819\Documents\HDA_Sem2\EAA\Assignments\Assignment1_RTE\autosar_01.cydsn (2)\autosar_01.cydsn\autosar_01.cyprj" -d CY8C5888LTI-LP097 -s "C:\Users\91819\Documents\HDA_Sem2\EAA\Assignments\Assignment1_RTE\autosar_01.cydsn (2)\autosar_01.cydsn\Generated_Source\PSoC5" -- -yv2 -q10 -ygs -o2 -v3 -.fftcfgtype=LE
Elaborating Design...
ADD: sdb.M0065: information: Analog terminal "vdac_ref" on ADC_SAR_SEQ_v2_10 is unconnected.
 * C:\Program Files (x86)\Cypress\PSoC Creator\4.4\PSoC Creator\psoc\content\CyComponentLibrary\CyComponentLibrary.cylib\ADC_SAR_SEQ_v2_10\PSoC5\ADC_SAR_SEQ_v2_10.cysch (Signal: vdac_ref)
 * C:\Program Files (x86)\Cypress\PSoC Creator\4.4\PSoC Creator\psoc\content\CyComponentLibrary\CyComponentLibrary.cylib\ADC_SAR_SEQ_v2_10\PSoC5\ADC_SAR_SEQ_v2_10.cysch (Shape_798)
 * C:\Program Files (x86)\Cypress\PSoC Creator\4.4\PSoC Creator\psoc\content\CyComponentLibrary\CyComponentLibrary.cylib\ADC_SAR_SEQ_v2_10\PSoC5\ADC_SAR_SEQ_v2_10.cysch (Shape_885)
HDL Generation...
Synthesis...
Tech Mapping...
Analog Placement...
Info: apr.M0002: Analog signal "Net_22" is connected to one terminal only. (App=cydsfit)
Info: apr.M0002: Analog signal "Net_23" is connected to one terminal only. (App=cydsfit)
Info: apr.M0002: Analog signal "Net_25" is connected to one terminal only. (App=cydsfit)
Info: apr.M0002: Analog signal "Net_27" is connected to one terminal only. (App=cydsfit)
Info: apr.M0002: Analog signal "Net_28" is connected to one terminal only. (App=cydsfit)
Info: apr.M0002: Analog signal "Net_30" is connected to one terminal only. (App=cydsfit)
Info: apr.M0002: Analog signal "Net_32" is connected to one terminal only. (App=cydsfit)
Info: apr.M0002: Analog signal "Net_33" is connected to one terminal only. (App=cydsfit)
Info: apr.M0002: Analog signal "Net_35" is connected to one terminal only. (App=cydsfit)
Info: apr.M0002: Analog signal "Net_37" is connected to one terminal only. (App=cydsfit)
Info: apr.M0002: Analog signal "Net_38" is connected to one terminal only. (App=cydsfit)
Info: apr.M0002: Analog signal "Net_40" is connected to one terminal only. (App=cydsfit)
Info: apr.M0002: Analog signal "Net_42" is connected to one terminal only. (App=cydsfit)
Info: apr.M0002: Analog signal "Net_43" is connected to one terminal only. (App=cydsfit)
Info: apr.M0002: Analog signal "Net_45" is connected to one terminal only. (App=cydsfit)
Info: apr.M0002: Analog signal "Net_47" is connected to one terminal only. (App=cydsfit)
Info: apr.M0002: Analog signal "Net_48" is connected to one terminal only. (App=cydsfit)
Info: apr.M0002: Analog signal "Net_50" is connected to one terminal only. (App=cydsfit)
Info: apr.M0002: Analog signal "Net_52" is connected to one terminal only. (App=cydsfit)
Info: apr.M0002: Analog signal "Net_53" is connected to one terminal only. (App=cydsfit)
Info: apr.M0002: Analog signal "Net_55" is connected to one terminal only. (App=cydsfit)
Info: apr.M0002: Analog signal "Net_57" is connected to one terminal only. (App=cydsfit)
Info: apr.M0002: Analog signal "Net_58" is connected to one terminal only. (App=cydsfit)
Info: apr.M0002: Analog signal "Net_60" is connected to one terminal only. (App=cydsfit)
Info: apr.M0002: Analog signal "Net_62" is connected to one terminal only. (App=cydsfit)
Info: apr.M0002: Analog signal "Net_63" is connected to one terminal only. (App=cydsfit)
Info: apr.M0002: Analog signal "Net_65" is connected to one terminal only. (App=cydsfit)
Info: apr.M0002: Analog signal "Net_67" is connected to one terminal only. (App=cydsfit)
Info: apr.M0002: Analog signal "Net_68" is connected to one terminal only. (App=cydsfit)
Info: apr.M0002: Analog signal "Net_70" is connected to one terminal only. (App=cydsfit)
Info: apr.M0002: Analog signal "Net_72" is connected to one terminal only. (App=cydsfit)
Info: apr.M0002: Analog signal "Net_73" is connected to one terminal only. (App=cydsfit)
Info: apr.M0002: Analog signal "Net_75" is connected to one terminal only. (App=cydsfit)
Info: apr.M0002: Analog signal "Net_77" is connected to one terminal only. (App=cydsfit)
Info: apr.M0002: Analog signal "Net_78" is connected to one terminal only. (App=cydsfit)
Info: apr.M0002: Analog signal "Net_80" is connected to one terminal only. (App=cydsfit)
Info: apr.M0002: Analog signal "Net_82" is connected to one terminal only. (App=cydsfit)
Info: apr.M0002: Analog signal "Net_83" is connected to one terminal only. (App=cydsfit)
Info: apr.M0002: Analog signal "Net_85" is connected to one terminal only. (App=cydsfit)
Info: apr.M0002: Analog signal "Net_87" is connected to one terminal only. (App=cydsfit)
Info: apr.M0002: Analog signal "Net_88" is connected to one terminal only. (App=cydsfit)
Info: apr.M0002: Analog signal "Net_90" is connected to one terminal only. (App=cydsfit)
Info: apr.M0002: Analog signal "Net_92" is connected to one terminal only. (App=cydsfit)
Info: apr.M0002: Analog signal "Net_93" is connected to one terminal only. (App=cydsfit)
Info: apr.M0002: Analog signal "Net_95" is connected to one terminal only. (App=cydsfit)
Info: apr.M0002: Analog signal "Net_97" is connected to one terminal only. (App=cydsfit)
Info: apr.M0002: Analog signal "Net_98" is connected to one terminal only. (App=cydsfit)
Info: apr.M0002: Analog signal "Net_99" is connected to one terminal only. (App=cydsfit)
Info: apr.M0002: Analog signal "Net_100" is connected to one terminal only. (App=cydsfit)
Info: apr.M0002: Analog signal "Net_101" is connected to one terminal only. (App=cydsfit)
Info: apr.M0002: Analog signal "Net_102" is connected to one terminal only. (App=cydsfit)
Info: apr.M0002: Analog signal "Net_103" is connected to one terminal only. (App=cydsfit)
Info: apr.M0002: Analog signal "Net_104" is connected to one terminal only. (App=cydsfit)
Info: apr.M0002: Analog signal "Net_105" is connected to one terminal only. (App=cydsfit)
Info: apr.M0002: Analog signal "Net_106" is connected to one terminal only. (App=cydsfit)
Info: apr.M0002: Analog signal "Net_107" is connected to one terminal only. (App=cydsfit)
Info: apr.M0002: Analog signal "Net_108" is connected to one terminal only. (App=cydsfit)
Info: apr.M0002: Analog signal "Net_109" is connected to one terminal only. (App=cydsfit)
Info: apr.M0002: Analog signal "Net_110" is connected to one terminal only. (App=cydsfit)
Info: apr.M0002: Analog signal "Net_111" is connected to one terminal only. (App=cydsfit)
Info: apr.M0002: Analog signal "Net_112" is connected to one terminal only. (App=cydsfit)
Info: apr.M0002: Analog signal "Net_113" is connected to one terminal only. (App=cydsfit)
Log: apr.M0058: The analog placement iterative improvement is 35% done. (App=cydsfit)
Log: apr.M0058: The analog placement iterative improvement is 80% done. (App=cydsfit)
Analog Routing...
Analog Code Generation...
Digital Placement...
Digital Routing...
Bitstream Generation...
Bitstream Verification...
Static timing analysis...
API Generation...
Dependency Generation...
Cleanup...
arm-none-eabi-gcc.exe -mcpu=cortex-m3 -mthumb -I.\source\bsw -I.\source\asw -I.\source\rte -I.\source\bsw\tft\fonts -I. -IGenerated_Source\PSoC5 -Wa,-alh=.\CortexM3\ARM_GCC_541\Debug/joystick.lst -g -D DEBUG -D CY_CORE_ID=0 -Wall -ffunction-sections -ffat-lto-objects -Og -c source\bsw\joystick.c -o .\CortexM3\ARM_GCC_541\Debug\joystick.o
arm-none-eabi-gcc.exe -mcpu=cortex-m3 -mthumb -I.\source\bsw -I.\source\asw -I.\source\rte -I.\source\bsw\tft\fonts -I. -IGenerated_Source\PSoC5 -Wa,-alh=.\CortexM3\ARM_GCC_541\Debug/watchdog.lst -g -D DEBUG -D CY_CORE_ID=0 -Wall -ffunction-sections -ffat-lto-objects -Og -c source\bsw\watchdog.c -o .\CortexM3\ARM_GCC_541\Debug\watchdog.o
In file included from Generated_Source\PSoC5/CyLib.h:26:0,
                 from source\bsw\watchdog.c:13:
Generated_Source\PSoC5/cytypes.h:1376:0: warning: "LO8" redefined
 #define LO8(x)                  ((uint8) ((x) & 0xFFu))
 ^
In file included from source\bsw\watchdog.h:12:0,
                 from source\bsw\watchdog.c:12:
source\bsw\global.h:306:0: note: this is the location of the previous definition
  # define LO8(x)   ((uint8_t) ((x) & 0xFFu))
 ^
In file included from Generated_Source\PSoC5/CyLib.h:26:0,
                 from source\bsw\watchdog.c:13:
Generated_Source\PSoC5/cytypes.h:1377:0: warning: "HI8" redefined
 #define HI8(x)                  ((uint8) ((uint16)(x) >> 8))
 ^
In file included from source\bsw\watchdog.h:12:0,
                 from source\bsw\watchdog.c:12:
source\bsw\global.h:311:0: note: this is the location of the previous definition
  # define HI8(x)   ((uint8_t) ((uint16_t)(x) >> 8))
 ^
In file included from Generated_Source\PSoC5/CyLib.h:26:0,
                 from source\bsw\watchdog.c:13:
Generated_Source\PSoC5/cytypes.h:1380:0: warning: "LO16" redefined
 #define LO16(x)                 ((uint16) ((x) & 0xFFFFu))
 ^
In file included from source\bsw\watchdog.h:12:0,
                 from source\bsw\watchdog.c:12:
source\bsw\global.h:316:0: note: this is the location of the previous definition
  # define LO16(x)   ((uint16_t) ((x) & 0xFFFFu))
 ^
In file included from Generated_Source\PSoC5/CyLib.h:26:0,
                 from source\bsw\watchdog.c:13:
Generated_Source\PSoC5/cytypes.h:1381:0: warning: "HI16" redefined
 #define HI16(x)                 ((uint16) ((uint32)(x) >> 16))
 ^
In file included from source\bsw\watchdog.h:12:0,
                 from source\bsw\watchdog.c:12:
source\bsw\global.h:321:0: note: this is the location of the previous definition
  # define HI16(x)   ((uint16_t) ((uint32_t)(x) >> 16))
 ^
arm-none-eabi-gcc.exe -mcpu=cortex-m3 -mthumb -I.\source\bsw -I.\source\asw -I.\source\rte -I.\source\bsw\tft\fonts -I. -IGenerated_Source\PSoC5 -Wa,-alh=.\CortexM3\ARM_GCC_541\Debug/rte.lst -g -D DEBUG -D CY_CORE_ID=0 -Wall -ffunction-sections -ffat-lto-objects -Og -c source\rte\rte.c -o .\CortexM3\ARM_GCC_541\Debug\rte.o
In file included from Generated_Source\PSoC5/cyfitter_cfg.h:20:0,
                 from Generated_Source\PSoC5/project.h:17,
                 from source\rte\rte.h:81,
                 from source\rte\rte.c:23:
Generated_Source\PSoC5/cytypes.h:1376:0: warning: "LO8" redefined
 #define LO8(x)                  ((uint8) ((x) & 0xFFu))
 ^
In file included from source\rte\rte.h:80:0,
                 from source\rte\rte.c:23:
.\source\bsw/global.h:306:0: note: this is the location of the previous definition
  # define LO8(x)   ((uint8_t) ((x) & 0xFFu))
 ^
In file included from Generated_Source\PSoC5/cyfitter_cfg.h:20:0,
                 from Generated_Source\PSoC5/project.h:17,
                 from source\rte\rte.h:81,
                 from source\rte\rte.c:23:
Generated_Source\PSoC5/cytypes.h:1377:0: warning: "HI8" redefined
 #define HI8(x)                  ((uint8) ((uint16)(x) >> 8))
 ^
In file included from source\rte\rte.h:80:0,
                 from source\rte\rte.c:23:
.\source\bsw/global.h:311:0: note: this is the location of the previous definition
  # define HI8(x)   ((uint8_t) ((uint16_t)(x) >> 8))
 ^
In file included from Generated_Source\PSoC5/cyfitter_cfg.h:20:0,
                 from Generated_Source\PSoC5/project.h:17,
                 from source\rte\rte.h:81,
                 from source\rte\rte.c:23:
Generated_Source\PSoC5/cytypes.h:1380:0: warning: "LO16" redefined
 #define LO16(x)                 ((uint16) ((x) & 0xFFFFu))
 ^
In file included from source\rte\rte.h:80:0,
                 from source\rte\rte.c:23:
.\source\bsw/global.h:316:0: note: this is the location of the previous definition
  # define LO16(x)   ((uint16_t) ((x) & 0xFFFFu))
 ^
In file included from Generated_Source\PSoC5/cyfitter_cfg.h:20:0,
                 from Generated_Source\PSoC5/project.h:17,
                 from source\rte\rte.h:81,
                 from source\rte\rte.c:23:
Generated_Source\PSoC5/cytypes.h:1381:0: warning: "HI16" redefined
 #define HI16(x)                 ((uint16) ((uint32)(x) >> 16))
 ^
In file included from source\rte\rte.h:80:0,
                 from source\rte\rte.c:23:
.\source\bsw/global.h:321:0: note: this is the location of the previous definition
  # define HI16(x)   ((uint16_t) ((uint32_t)(x) >> 16))
 ^
In file included from source\rte\rte.h:82:0,
                 from source\rte\rte.c:23:
source\rte\rte_types.h:46:0: warning: "GetResource" redefined
     #define GetResource(A)
 ^
In file included from Generated_Source\PSoC5/ErikaOS_1_ee_api.inc:73:0,
                 from Generated_Source\PSoC5/ErikaOS_1_ee.h:129,
                 from Generated_Source\PSoC5/project.h:22,
                 from source\rte\rte.h:81,
                 from source\rte\rte.c:23:
Generated_Source\PSoC5/ErikaOS_1_ee_oo_api.inc:136:0: note: this is the location of the previous definition
 #define GetResource               EE_oo_GetResource
 ^
In file included from source\rte\rte.h:82:0,
                 from source\rte\rte.c:23:
source\rte\rte_types.h:47:0: warning: "ReleaseResource" redefined
     #define ReleaseResource(A)
 ^
In file included from Generated_Source\PSoC5/ErikaOS_1_ee_api.inc:73:0,
                 from Generated_Source\PSoC5/ErikaOS_1_ee.h:129,
                 from Generated_Source\PSoC5/project.h:22,
                 from source\rte\rte.h:81,
                 from source\rte\rte.c:23:
Generated_Source\PSoC5/ErikaOS_1_ee_oo_api.inc:140:0: note: this is the location of the previous definition
 #define ReleaseResource           EE_oo_ReleaseResource
 ^
source\rte\rte.c: In function 'RTE_ProcessCyclicTable':
source\rte\rte.c:71:1: warning: control reaches end of non-void function [-Wreturn-type]
 }
 ^
source\rte\rte.c: In function 'RTE_ProcessEventTable':
source\rte\rte.c:92:1: warning: control reaches end of non-void function [-Wreturn-type]
 }
 ^
arm-none-eabi-gcc.exe -mcpu=cortex-m3 -mthumb -I.\source\bsw -I.\source\asw -I.\source\rte -I.\source\bsw\tft\fonts -I. -IGenerated_Source\PSoC5 -Wa,-alh=.\CortexM3\ARM_GCC_541\Debug/sc_brakelight.lst -g -D DEBUG -D CY_CORE_ID=0 -Wall -ffunction-sections -ffat-lto-objects -Og -c source\rte\sc_brakelight.c -o .\CortexM3\ARM_GCC_541\Debug\sc_brakelight.o
arm-none-eabi-gcc.exe -mcpu=cortex-m3 -mthumb -I.\source\bsw -I.\source\asw -I.\source\rte -I.\source\bsw\tft\fonts -I. -IGenerated_Source\PSoC5 -Wa,-alh=.\CortexM3\ARM_GCC_541\Debug/sc_brakelight_type.lst -g -D DEBUG -D CY_CORE_ID=0 -Wall -ffunction-sections -ffat-lto-objects -Og -c source\rte\sc_brakelight_type.c -o .\CortexM3\ARM_GCC_541\Debug\sc_brakelight_type.o
In file included from source\rte\rte.h:82:0,
                 from source\rte\sc_brakelight_type.c:11:
source\rte\rte_types.h:46:0: warning: "GetResource" redefined
     #define GetResource(A)
 ^
In file included from Generated_Source\PSoC5/ErikaOS_1_ee_api.inc:73:0,
                 from Generated_Source\PSoC5/ErikaOS_1_ee.h:129,
                 from Generated_Source\PSoC5/project.h:22,
                 from source\rte\sc_brakelight_type.c:9:
Generated_Source\PSoC5/ErikaOS_1_ee_oo_api.inc:136:0: note: this is the location of the previous definition
 #define GetResource               EE_oo_GetResource
 ^
In file included from source\rte\rte.h:82:0,
                 from source\rte\sc_brakelight_type.c:11:
source\rte\rte_types.h:47:0: warning: "ReleaseResource" redefined
     #define ReleaseResource(A)
 ^
In file included from Generated_Source\PSoC5/ErikaOS_1_ee_api.inc:73:0,
                 from Generated_Source\PSoC5/ErikaOS_1_ee.h:129,
                 from Generated_Source\PSoC5/project.h:22,
                 from source\rte\sc_brakelight_type.c:9:
Generated_Source\PSoC5/ErikaOS_1_ee_oo_api.inc:140:0: note: this is the location of the previous definition
 #define ReleaseResource           EE_oo_ReleaseResource
 ^
arm-none-eabi-gcc.exe -mcpu=cortex-m3 -mthumb -I.\source\bsw -I.\source\asw -I.\source\rte -I.\source\bsw\tft\fonts -I. -IGenerated_Source\PSoC5 -Wa,-alh=.\CortexM3\ARM_GCC_541\Debug/sc_joystick.lst -g -D DEBUG -D CY_CORE_ID=0 -Wall -ffunction-sections -ffat-lto-objects -Og -c source\rte\sc_joystick.c -o .\CortexM3\ARM_GCC_541\Debug\sc_joystick.o
arm-none-eabi-gcc.exe -mcpu=cortex-m3 -mthumb -I.\source\bsw -I.\source\asw -I.\source\rte -I.\source\bsw\tft\fonts -I. -IGenerated_Source\PSoC5 -Wa,-alh=.\CortexM3\ARM_GCC_541\Debug/sc_joystick_type.lst -g -D DEBUG -D CY_CORE_ID=0 -Wall -ffunction-sections -ffat-lto-objects -Og -c source\rte\sc_joystick_type.c -o .\CortexM3\ARM_GCC_541\Debug\sc_joystick_type.o
In file included from source\rte\rte.h:82:0,
                 from source\rte\sc_joystick_type.c:11:
source\rte\rte_types.h:46:0: warning: "GetResource" redefined
     #define GetResource(A)
 ^
In file included from Generated_Source\PSoC5/ErikaOS_1_ee_api.inc:73:0,
                 from Generated_Source\PSoC5/ErikaOS_1_ee.h:129,
                 from Generated_Source\PSoC5/project.h:22,
                 from source\rte\sc_joystick_type.c:9:
Generated_Source\PSoC5/ErikaOS_1_ee_oo_api.inc:136:0: note: this is the location of the previous definition
 #define GetResource               EE_oo_GetResource
 ^
In file included from source\rte\rte.h:82:0,
                 from source\rte\sc_joystick_type.c:11:
source\rte\rte_types.h:47:0: warning: "ReleaseResource" redefined
     #define ReleaseResource(A)
 ^
In file included from Generated_Source\PSoC5/ErikaOS_1_ee_api.inc:73:0,
                 from Generated_Source\PSoC5/ErikaOS_1_ee.h:129,
                 from Generated_Source\PSoC5/project.h:22,
                 from source\rte\sc_joystick_type.c:9:
Generated_Source\PSoC5/ErikaOS_1_ee_oo_api.inc:140:0: note: this is the location of the previous definition
 #define ReleaseResource           EE_oo_ReleaseResource
 ^
source\rte\sc_joystick_type.c: In function 'SC_JOYSTICK_driverIn':
source\rte\sc_joystick_type.c:46:10: warning: variable 'driverInData' set but not used [-Wunused-but-set-variable]
     RC_t driverInData = RC_ERROR;
          ^
arm-none-eabi-gcc.exe -mcpu=cortex-m3 -mthumb -I.\source\bsw -I.\source\asw -I.\source\rte -I.\source\bsw\tft\fonts -I. -IGenerated_Source\PSoC5 -Wa,-alh=.\CortexM3\ARM_GCC_541\Debug/sc_speed.lst -g -D DEBUG -D CY_CORE_ID=0 -Wall -ffunction-sections -ffat-lto-objects -Og -c source\rte\sc_speed.c -o .\CortexM3\ARM_GCC_541\Debug\sc_speed.o
arm-none-eabi-gcc.exe -mcpu=cortex-m3 -mthumb -I.\source\bsw -I.\source\asw -I.\source\rte -I.\source\bsw\tft\fonts -I. -IGenerated_Source\PSoC5 -Wa,-alh=.\CortexM3\ARM_GCC_541\Debug/sc_speed_type.lst -g -D DEBUG -D CY_CORE_ID=0 -Wall -ffunction-sections -ffat-lto-objects -Og -c source\rte\sc_speed_type.c -o .\CortexM3\ARM_GCC_541\Debug\sc_speed_type.o
In file included from source\rte\rte.h:82:0,
                 from source\rte\sc_speed_type.c:11:
source\rte\rte_types.h:46:0: warning: "GetResource" redefined
     #define GetResource(A)
 ^
In file included from Generated_Source\PSoC5/ErikaOS_1_ee_api.inc:73:0,
                 from Generated_Source\PSoC5/ErikaOS_1_ee.h:129,
                 from Generated_Source\PSoC5/project.h:22,
                 from source\rte\sc_speed_type.c:9:
Generated_Source\PSoC5/ErikaOS_1_ee_oo_api.inc:136:0: note: this is the location of the previous definition
 #define GetResource               EE_oo_GetResource
 ^
In file included from source\rte\rte.h:82:0,
                 from source\rte\sc_speed_type.c:11:
source\rte\rte_types.h:47:0: warning: "ReleaseResource" redefined
     #define ReleaseResource(A)
 ^
In file included from Generated_Source\PSoC5/ErikaOS_1_ee_api.inc:73:0,
                 from Generated_Source\PSoC5/ErikaOS_1_ee.h:129,
                 from Generated_Source\PSoC5/project.h:22,
                 from source\rte\sc_speed_type.c:9:
Generated_Source\PSoC5/ErikaOS_1_ee_oo_api.inc:140:0: note: this is the location of the previous definition
 #define ReleaseResource           EE_oo_ReleaseResource
 ^
arm-none-eabi-gcc.exe -mcpu=cortex-m3 -mthumb -I.\source\bsw -I.\source\asw -I.\source\rte -I.\source\bsw\tft\fonts -I. -IGenerated_Source\PSoC5 -Wa,-alh=.\CortexM3\ARM_GCC_541\Debug/sp_common.lst -g -D DEBUG -D CY_CORE_ID=0 -Wall -ffunction-sections -ffat-lto-objects -Og -c source\rte\sp_common.c -o .\CortexM3\ARM_GCC_541\Debug\sp_common.o
In file included from source\rte\rte.h:82:0,
                 from source\rte\sp_common.c:11:
source\rte\rte_types.h:46:0: warning: "GetResource" redefined
     #define GetResource(A)
 ^
In file included from Generated_Source\PSoC5/ErikaOS_1_ee_api.inc:73:0,
                 from Generated_Source\PSoC5/ErikaOS_1_ee.h:129,
                 from Generated_Source\PSoC5/project.h:22,
                 from source\rte\sp_common.c:9:
Generated_Source\PSoC5/ErikaOS_1_ee_oo_api.inc:136:0: note: this is the location of the previous definition
 #define GetResource               EE_oo_GetResource
 ^
In file included from source\rte\rte.h:82:0,
                 from source\rte\sp_common.c:11:
source\rte\rte_types.h:47:0: warning: "ReleaseResource" redefined
     #define ReleaseResource(A)
 ^
In file included from Generated_Source\PSoC5/ErikaOS_1_ee_api.inc:73:0,
                 from Generated_Source\PSoC5/ErikaOS_1_ee.h:129,
                 from Generated_Source\PSoC5/project.h:22,
                 from source\rte\sp_common.c:9:
Generated_Source\PSoC5/ErikaOS_1_ee_oo_api.inc:140:0: note: this is the location of the previous definition
 #define ReleaseResource           EE_oo_ReleaseResource
 ^
In file included from source\rte\sp_common.h:21:0,
                 from source\rte\sp_common.c:13:
source\rte\sc_joystick.h: In function 'RTE_SC_JOYSTICK_setStatus':
source\rte\sc_joystick.h:211:11: warning: comparison between pointer and integer
   if (NULL!=signal->pSigCfg->evOnError && NULL != pTaskArray){
           ^
source\rte\sc_joystick.h: In function 'RTE_SC_JOYSTICK_set':
source\rte\sc_joystick.h:313:12: warning: comparison between pointer and integer
    if (NULL!=signal->pSigCfg->evOnUpdate && NULL != pTaskArray){
            ^
In file included from source\rte\sp_common.h:22:0,
                 from source\rte\sp_common.c:13:
source\rte\sc_speed.h: In function 'RTE_SC_SPEED_setStatus':
source\rte\sc_speed.h:211:11: warning: comparison between pointer and integer
   if (NULL!=signal->pSigCfg->evOnError && NULL != pTaskArray){
           ^
source\rte\sc_speed.h: In function 'RTE_SC_SPEED_set':
source\rte\sc_speed.h:313:12: warning: comparison between pointer and integer
    if (NULL!=signal->pSigCfg->evOnUpdate && NULL != pTaskArray){
            ^
In file included from source\rte\sp_common.h:24:0,
                 from source\rte\sp_common.c:13:
source\rte\sc_brakelight.h: In function 'RTE_SC_BRAKELIGHT_setStatus':
source\rte\sc_brakelight.h:211:11: warning: comparison between pointer and integer
   if (NULL!=signal->pSigCfg->evOnError && NULL != pTaskArray){
           ^
source\rte\sc_brakelight.h: In function 'RTE_SC_BRAKELIGHT_set':
source\rte\sc_brakelight.h:313:12: warning: comparison between pointer and integer
    if (NULL!=signal->pSigCfg->evOnUpdate && NULL != pTaskArray){
            ^
source\rte\sp_common.c: At top level:
source\rte\sp_common.c:59:30: warning: initialization discards 'const' qualifier from pointer target type [-Wdiscarded-array-qualifiers]
    /* task list onUpdate */  &so_joystick_updTasks,
                              ^
source\rte\sp_common.c:64:30: warning: initialization makes integer from pointer without a cast [-Wint-conversion]
    /* resource           */  NULL,
                              ^
source\rte\sp_common.c:64:30: note: (near initialization for 'SO_JOYSTICK_cfg.resource')
source\rte\sp_common.c:106:30: warning: initialization discards 'const' qualifier from pointer target type [-Wdiscarded-array-qualifiers]
    /* task list onUpdate */  &so_speed_updTasks,
                              ^
source\rte\sp_common.c:111:30: warning: initialization makes integer from pointer without a cast [-Wint-conversion]
    /* resource           */  NULL,
                              ^
source\rte\sp_common.c:111:30: note: (near initialization for 'SO_SPEED_cfg.resource')
source\rte\sp_common.c:155:30: warning: initialization makes integer from pointer without a cast [-Wint-conversion]
    /* resource           */  NULL,
                              ^
source\rte\sp_common.c:155:30: note: (near initialization for 'SO_ENGINE_cfg.resource')
source\rte\sp_common.c:199:30: warning: initialization makes integer from pointer without a cast [-Wint-conversion]
    /* resource           */  NULL,
                              ^
source\rte\sp_common.c:199:30: note: (near initialization for 'SO_BRAKELIGHT_cfg.resource')
arm-none-eabi-gcc.exe -mcpu=cortex-m3 -mthumb -I.\source\bsw -I.\source\asw -I.\source\rte -I.\source\bsw\tft\fonts -I. -IGenerated_Source\PSoC5 -Wa,-alh=.\CortexM3\ARM_GCC_541\Debug/main.lst -g -D DEBUG -D CY_CORE_ID=0 -Wall -ffunction-sections -ffat-lto-objects -Og -c source\asw\main.c -o .\CortexM3\ARM_GCC_541\Debug\main.o
In file included from source\asw\tsk_io.h:13:0,
                 from source\asw\main.c:16:
.\source\rte/rte_types.h:46:0: warning: "GetResource" redefined
     #define GetResource(A)
 ^
In file included from Generated_Source\PSoC5/ErikaOS_1_ee_api.inc:73:0,
                 from Generated_Source\PSoC5/ErikaOS_1_ee.h:129,
                 from Generated_Source\PSoC5/project.h:22,
                 from source\asw\main.c:12:
Generated_Source\PSoC5/ErikaOS_1_ee_oo_api.inc:136:0: note: this is the location of the previous definition
 #define GetResource               EE_oo_GetResource
 ^
In file included from source\asw\tsk_io.h:13:0,
                 from source\asw\main.c:16:
.\source\rte/rte_types.h:47:0: warning: "ReleaseResource" redefined
     #define ReleaseResource(A)
 ^
In file included from Generated_Source\PSoC5/ErikaOS_1_ee_api.inc:73:0,
                 from Generated_Source\PSoC5/ErikaOS_1_ee.h:129,
                 from Generated_Source\PSoC5/project.h:22,
                 from source\asw\main.c:12:
Generated_Source\PSoC5/ErikaOS_1_ee_oo_api.inc:140:0: note: this is the location of the previous definition
 #define ReleaseResource           EE_oo_ReleaseResource
 ^
arm-none-eabi-gcc.exe -mcpu=cortex-m3 -mthumb -I.\source\bsw -I.\source\asw -I.\source\rte -I.\source\bsw\tft\fonts -I. -IGenerated_Source\PSoC5 -Wa,-alh=.\CortexM3\ARM_GCC_541\Debug/swc_brakelight.lst -g -D DEBUG -D CY_CORE_ID=0 -Wall -ffunction-sections -ffat-lto-objects -Og -c source\asw\swc_brakelight.c -o .\CortexM3\ARM_GCC_541\Debug\swc_brakelight.o
In file included from .\source\rte/rte.h:82:0,
                 from source\asw\swc_brakelight.c:11:
.\source\rte/rte_types.h:46:0: warning: "GetResource" redefined
     #define GetResource(A)
 ^
In file included from Generated_Source\PSoC5/ErikaOS_1_ee_api.inc:73:0,
                 from Generated_Source\PSoC5/ErikaOS_1_ee.h:129,
                 from Generated_Source\PSoC5/project.h:22,
                 from source\asw\swc_brakelight.c:9:
Generated_Source\PSoC5/ErikaOS_1_ee_oo_api.inc:136:0: note: this is the location of the previous definition
 #define GetResource               EE_oo_GetResource
 ^
In file included from .\source\rte/rte.h:82:0,
                 from source\asw\swc_brakelight.c:11:
.\source\rte/rte_types.h:47:0: warning: "ReleaseResource" redefined
     #define ReleaseResource(A)
 ^
In file included from Generated_Source\PSoC5/ErikaOS_1_ee_api.inc:73:0,
                 from Generated_Source\PSoC5/ErikaOS_1_ee.h:129,
                 from Generated_Source\PSoC5/project.h:22,
                 from source\asw\swc_brakelight.c:9:
Generated_Source\PSoC5/ErikaOS_1_ee_oo_api.inc:140:0: note: this is the location of the previous definition
 #define ReleaseResource           EE_oo_ReleaseResource
 ^
In file included from .\source\rte/sp_common.h:21:0,
                 from source\asw\swc_brakelight.c:22:
.\source\rte/sc_joystick.h: In function 'RTE_SC_JOYSTICK_setStatus':
.\source\rte/sc_joystick.h:211:11: warning: comparison between pointer and integer
   if (NULL!=signal->pSigCfg->evOnError && NULL != pTaskArray){
           ^
.\source\rte/sc_joystick.h: In function 'RTE_SC_JOYSTICK_set':
.\source\rte/sc_joystick.h:313:12: warning: comparison between pointer and integer
    if (NULL!=signal->pSigCfg->evOnUpdate && NULL != pTaskArray){
            ^
In file included from .\source\rte/sp_common.h:22:0,
                 from source\asw\swc_brakelight.c:22:
.\source\rte/sc_speed.h: In function 'RTE_SC_SPEED_setStatus':
.\source\rte/sc_speed.h:211:11: warning: comparison between pointer and integer
   if (NULL!=signal->pSigCfg->evOnError && NULL != pTaskArray){
           ^
.\source\rte/sc_speed.h: In function 'RTE_SC_SPEED_set':
.\source\rte/sc_speed.h:313:12: warning: comparison between pointer and integer
    if (NULL!=signal->pSigCfg->evOnUpdate && NULL != pTaskArray){
            ^
In file included from .\source\rte/sp_common.h:24:0,
                 from source\asw\swc_brakelight.c:22:
.\source\rte/sc_brakelight.h: In function 'RTE_SC_BRAKELIGHT_setStatus':
.\source\rte/sc_brakelight.h:211:11: warning: comparison between pointer and integer
   if (NULL!=signal->pSigCfg->evOnError && NULL != pTaskArray){
           ^
.\source\rte/sc_brakelight.h: In function 'RTE_SC_BRAKELIGHT_set':
.\source\rte/sc_brakelight.h:313:12: warning: comparison between pointer and integer
    if (NULL!=signal->pSigCfg->evOnUpdate && NULL != pTaskArray){
            ^
arm-none-eabi-gcc.exe -mcpu=cortex-m3 -mthumb -I.\source\bsw -I.\source\asw -I.\source\rte -I.\source\bsw\tft\fonts -I. -IGenerated_Source\PSoC5 -Wa,-alh=.\CortexM3\ARM_GCC_541\Debug/swc_control.lst -g -D DEBUG -D CY_CORE_ID=0 -Wall -ffunction-sections -ffat-lto-objects -Og -c source\asw\swc_control.c -o .\CortexM3\ARM_GCC_541\Debug\swc_control.o
In file included from .\source\rte/rte.h:82:0,
                 from source\asw\swc_control.c:11:
.\source\rte/rte_types.h:46:0: warning: "GetResource" redefined
     #define GetResource(A)
 ^
In file included from Generated_Source\PSoC5/ErikaOS_1_ee_api.inc:73:0,
                 from Generated_Source\PSoC5/ErikaOS_1_ee.h:129,
                 from Generated_Source\PSoC5/project.h:22,
                 from source\asw\swc_control.c:9:
Generated_Source\PSoC5/ErikaOS_1_ee_oo_api.inc:136:0: note: this is the location of the previous definition
 #define GetResource               EE_oo_GetResource
 ^
In file included from .\source\rte/rte.h:82:0,
                 from source\asw\swc_control.c:11:
.\source\rte/rte_types.h:47:0: warning: "ReleaseResource" redefined
     #define ReleaseResource(A)
 ^
In file included from Generated_Source\PSoC5/ErikaOS_1_ee_api.inc:73:0,
                 from Generated_Source\PSoC5/ErikaOS_1_ee.h:129,
                 from Generated_Source\PSoC5/project.h:22,
                 from source\asw\swc_control.c:9:
Generated_Source\PSoC5/ErikaOS_1_ee_oo_api.inc:140:0: note: this is the location of the previous definition
 #define ReleaseResource           EE_oo_ReleaseResource
 ^
In file included from .\source\rte/sp_common.h:21:0,
                 from source\asw\swc_control.c:23:
.\source\rte/sc_joystick.h: In function 'RTE_SC_JOYSTICK_setStatus':
.\source\rte/sc_joystick.h:211:11: warning: comparison between pointer and integer
   if (NULL!=signal->pSigCfg->evOnError && NULL != pTaskArray){
           ^
.\source\rte/sc_joystick.h: In function 'RTE_SC_JOYSTICK_set':
.\source\rte/sc_joystick.h:313:12: warning: comparison between pointer and integer
    if (NULL!=signal->pSigCfg->evOnUpdate && NULL != pTaskArray){
            ^
In file included from .\source\rte/sp_common.h:22:0,
                 from source\asw\swc_control.c:23:
.\source\rte/sc_speed.h: In function 'RTE_SC_SPEED_setStatus':
.\source\rte/sc_speed.h:211:11: warning: comparison between pointer and integer
   if (NULL!=signal->pSigCfg->evOnError && NULL != pTaskArray){
           ^
.\source\rte/sc_speed.h: In function 'RTE_SC_SPEED_set':
.\source\rte/sc_speed.h:313:12: warning: comparison between pointer and integer
    if (NULL!=signal->pSigCfg->evOnUpdate && NULL != pTaskArray){
            ^
In file included from .\source\rte/sp_common.h:24:0,
                 from source\asw\swc_control.c:23:
.\source\rte/sc_brakelight.h: In function 'RTE_SC_BRAKELIGHT_setStatus':
.\source\rte/sc_brakelight.h:211:11: warning: comparison between pointer and integer
   if (NULL!=signal->pSigCfg->evOnError && NULL != pTaskArray){
           ^
.\source\rte/sc_brakelight.h: In function 'RTE_SC_BRAKELIGHT_set':
.\source\rte/sc_brakelight.h:313:12: warning: comparison between pointer and integer
    if (NULL!=signal->pSigCfg->evOnUpdate && NULL != pTaskArray){
            ^
arm-none-eabi-gcc.exe -mcpu=cortex-m3 -mthumb -I.\source\bsw -I.\source\asw -I.\source\rte -I.\source\bsw\tft\fonts -I. -IGenerated_Source\PSoC5 -Wa,-alh=.\CortexM3\ARM_GCC_541\Debug/swc_engine.lst -g -D DEBUG -D CY_CORE_ID=0 -Wall -ffunction-sections -ffat-lto-objects -Og -c source\asw\swc_engine.c -o .\CortexM3\ARM_GCC_541\Debug\swc_engine.o
In file included from .\source\rte/rte.h:82:0,
                 from source\asw\swc_engine.c:11:
.\source\rte/rte_types.h:46:0: warning: "GetResource" redefined
     #define GetResource(A)
 ^
In file included from Generated_Source\PSoC5/ErikaOS_1_ee_api.inc:73:0,
                 from Generated_Source\PSoC5/ErikaOS_1_ee.h:129,
                 from Generated_Source\PSoC5/project.h:22,
                 from source\asw\swc_engine.c:9:
Generated_Source\PSoC5/ErikaOS_1_ee_oo_api.inc:136:0: note: this is the location of the previous definition
 #define GetResource               EE_oo_GetResource
 ^
In file included from .\source\rte/rte.h:82:0,
                 from source\asw\swc_engine.c:11:
.\source\rte/rte_types.h:47:0: warning: "ReleaseResource" redefined
     #define ReleaseResource(A)
 ^
In file included from Generated_Source\PSoC5/ErikaOS_1_ee_api.inc:73:0,
                 from Generated_Source\PSoC5/ErikaOS_1_ee.h:129,
                 from Generated_Source\PSoC5/project.h:22,
                 from source\asw\swc_engine.c:9:
Generated_Source\PSoC5/ErikaOS_1_ee_oo_api.inc:140:0: note: this is the location of the previous definition
 #define ReleaseResource           EE_oo_ReleaseResource
 ^
In file included from .\source\rte/sp_common.h:21:0,
                 from source\asw\swc_engine.c:22:
.\source\rte/sc_joystick.h: In function 'RTE_SC_JOYSTICK_setStatus':
.\source\rte/sc_joystick.h:211:11: warning: comparison between pointer and integer
   if (NULL!=signal->pSigCfg->evOnError && NULL != pTaskArray){
           ^
.\source\rte/sc_joystick.h: In function 'RTE_SC_JOYSTICK_set':
.\source\rte/sc_joystick.h:313:12: warning: comparison between pointer and integer
    if (NULL!=signal->pSigCfg->evOnUpdate && NULL != pTaskArray){
            ^
In file included from .\source\rte/sp_common.h:22:0,
                 from source\asw\swc_engine.c:22:
.\source\rte/sc_speed.h: In function 'RTE_SC_SPEED_setStatus':
.\source\rte/sc_speed.h:211:11: warning: comparison between pointer and integer
   if (NULL!=signal->pSigCfg->evOnError && NULL != pTaskArray){
           ^
.\source\rte/sc_speed.h: In function 'RTE_SC_SPEED_set':
.\source\rte/sc_speed.h:313:12: warning: comparison between pointer and integer
    if (NULL!=signal->pSigCfg->evOnUpdate && NULL != pTaskArray){
            ^
In file included from .\source\rte/sp_common.h:24:0,
                 from source\asw\swc_engine.c:22:
.\source\rte/sc_brakelight.h: In function 'RTE_SC_BRAKELIGHT_setStatus':
.\source\rte/sc_brakelight.h:211:11: warning: comparison between pointer and integer
   if (NULL!=signal->pSigCfg->evOnError && NULL != pTaskArray){
           ^
.\source\rte/sc_brakelight.h: In function 'RTE_SC_BRAKELIGHT_set':
.\source\rte/sc_brakelight.h:313:12: warning: comparison between pointer and integer
    if (NULL!=signal->pSigCfg->evOnUpdate && NULL != pTaskArray){
            ^
arm-none-eabi-gcc.exe -mcpu=cortex-m3 -mthumb -I.\source\bsw -I.\source\asw -I.\source\rte -I.\source\bsw\tft\fonts -I. -IGenerated_Source\PSoC5 -Wa,-alh=.\CortexM3\ARM_GCC_541\Debug/swc_remote.lst -g -D DEBUG -D CY_CORE_ID=0 -Wall -ffunction-sections -ffat-lto-objects -Og -c source\asw\swc_remote.c -o .\CortexM3\ARM_GCC_541\Debug\swc_remote.o
In file included from .\source\rte/rte.h:82:0,
                 from source\asw\swc_remote.c:11:
.\source\rte/rte_types.h:46:0: warning: "GetResource" redefined
     #define GetResource(A)
 ^
In file included from Generated_Source\PSoC5/ErikaOS_1_ee_api.inc:73:0,
                 from Generated_Source\PSoC5/ErikaOS_1_ee.h:129,
                 from Generated_Source\PSoC5/project.h:22,
                 from source\asw\swc_remote.c:9:
Generated_Source\PSoC5/ErikaOS_1_ee_oo_api.inc:136:0: note: this is the location of the previous definition
 #define GetResource               EE_oo_GetResource
 ^
In file included from .\source\rte/rte.h:82:0,
                 from source\asw\swc_remote.c:11:
.\source\rte/rte_types.h:47:0: warning: "ReleaseResource" redefined
     #define ReleaseResource(A)
 ^
In file included from Generated_Source\PSoC5/ErikaOS_1_ee_api.inc:73:0,
                 from Generated_Source\PSoC5/ErikaOS_1_ee.h:129,
                 from Generated_Source\PSoC5/project.h:22,
                 from source\asw\swc_remote.c:9:
Generated_Source\PSoC5/ErikaOS_1_ee_oo_api.inc:140:0: note: this is the location of the previous definition
 #define ReleaseResource           EE_oo_ReleaseResource
 ^
In file included from .\source\rte/sp_common.h:21:0,
                 from source\asw\swc_remote.c:23:
.\source\rte/sc_joystick.h: In function 'RTE_SC_JOYSTICK_setStatus':
.\source\rte/sc_joystick.h:211:11: warning: comparison between pointer and integer
   if (NULL!=signal->pSigCfg->evOnError && NULL != pTaskArray){
           ^
.\source\rte/sc_joystick.h: In function 'RTE_SC_JOYSTICK_set':
.\source\rte/sc_joystick.h:313:12: warning: comparison between pointer and integer
    if (NULL!=signal->pSigCfg->evOnUpdate && NULL != pTaskArray){
            ^
In file included from .\source\rte/sp_common.h:22:0,
                 from source\asw\swc_remote.c:23:
.\source\rte/sc_speed.h: In function 'RTE_SC_SPEED_setStatus':
.\source\rte/sc_speed.h:211:11: warning: comparison between pointer and integer
   if (NULL!=signal->pSigCfg->evOnError && NULL != pTaskArray){
           ^
.\source\rte/sc_speed.h: In function 'RTE_SC_SPEED_set':
.\source\rte/sc_speed.h:313:12: warning: comparison between pointer and integer
    if (NULL!=signal->pSigCfg->evOnUpdate && NULL != pTaskArray){
            ^
In file included from .\source\rte/sp_common.h:24:0,
                 from source\asw\swc_remote.c:23:
.\source\rte/sc_brakelight.h: In function 'RTE_SC_BRAKELIGHT_setStatus':
.\source\rte/sc_brakelight.h:211:11: warning: comparison between pointer and integer
   if (NULL!=signal->pSigCfg->evOnError && NULL != pTaskArray){
           ^
.\source\rte/sc_brakelight.h: In function 'RTE_SC_BRAKELIGHT_set':
.\source\rte/sc_brakelight.h:313:12: warning: comparison between pointer and integer
    if (NULL!=signal->pSigCfg->evOnUpdate && NULL != pTaskArray){
            ^
arm-none-eabi-gcc.exe -mcpu=cortex-m3 -mthumb -I.\source\bsw -I.\source\asw -I.\source\rte -I.\source\bsw\tft\fonts -I. -IGenerated_Source\PSoC5 -Wa,-alh=.\CortexM3\ARM_GCC_541\Debug/tsk_control.lst -g -D DEBUG -D CY_CORE_ID=0 -Wall -ffunction-sections -ffat-lto-objects -Og -c source\asw\tsk_control.c -o .\CortexM3\ARM_GCC_541\Debug\tsk_control.o
In file included from .\source\rte/rte.h:82:0,
                 from source\asw\tsk_control.c:11:
.\source\rte/rte_types.h:46:0: warning: "GetResource" redefined
     #define GetResource(A)
 ^
In file included from Generated_Source\PSoC5/ErikaOS_1_ee_api.inc:73:0,
                 from Generated_Source\PSoC5/ErikaOS_1_ee.h:129,
                 from Generated_Source\PSoC5/project.h:22,
                 from source\asw\tsk_control.c:9:
Generated_Source\PSoC5/ErikaOS_1_ee_oo_api.inc:136:0: note: this is the location of the previous definition
 #define GetResource               EE_oo_GetResource
 ^
In file included from .\source\rte/rte.h:82:0,
                 from source\asw\tsk_control.c:11:
.\source\rte/rte_types.h:47:0: warning: "ReleaseResource" redefined
     #define ReleaseResource(A)
 ^
In file included from Generated_Source\PSoC5/ErikaOS_1_ee_api.inc:73:0,
                 from Generated_Source\PSoC5/ErikaOS_1_ee.h:129,
                 from Generated_Source\PSoC5/project.h:22,
                 from source\asw\tsk_control.c:9:
Generated_Source\PSoC5/ErikaOS_1_ee_oo_api.inc:140:0: note: this is the location of the previous definition
 #define ReleaseResource           EE_oo_ReleaseResource
 ^
arm-none-eabi-gcc.exe -mcpu=cortex-m3 -mthumb -I.\source\bsw -I.\source\asw -I.\source\rte -I.\source\bsw\tft\fonts -I. -IGenerated_Source\PSoC5 -Wa,-alh=.\CortexM3\ARM_GCC_541\Debug/tsk_io.lst -g -D DEBUG -D CY_CORE_ID=0 -Wall -ffunction-sections -ffat-lto-objects -Og -c source\asw\tsk_io.c -o .\CortexM3\ARM_GCC_541\Debug\tsk_io.o
In file included from .\source\rte/rte.h:82:0,
                 from source\asw\tsk_io.c:11:
.\source\rte/rte_types.h:46:0: warning: "GetResource" redefined
     #define GetResource(A)
 ^
In file included from Generated_Source\PSoC5/ErikaOS_1_ee_api.inc:73:0,
                 from Generated_Source\PSoC5/ErikaOS_1_ee.h:129,
                 from Generated_Source\PSoC5/project.h:22,
                 from source\asw\tsk_io.c:9:
Generated_Source\PSoC5/ErikaOS_1_ee_oo_api.inc:136:0: note: this is the location of the previous definition
 #define GetResource               EE_oo_GetResource
 ^
In file included from .\source\rte/rte.h:82:0,
                 from source\asw\tsk_io.c:11:
.\source\rte/rte_types.h:47:0: warning: "ReleaseResource" redefined
     #define ReleaseResource(A)
 ^
In file included from Generated_Source\PSoC5/ErikaOS_1_ee_api.inc:73:0,
                 from Generated_Source\PSoC5/ErikaOS_1_ee.h:129,
                 from Generated_Source\PSoC5/project.h:22,
                 from source\asw\tsk_io.c:9:
Generated_Source\PSoC5/ErikaOS_1_ee_oo_api.inc:140:0: note: this is the location of the previous definition
 #define ReleaseResource           EE_oo_ReleaseResource
 ^
arm-none-eabi-gcc.exe -mcpu=cortex-m3 -mthumb -I.\source\bsw -I.\source\asw -I.\source\rte -I.\source\bsw\tft\fonts -I. -IGenerated_Source\PSoC5 -Wa,-alh=.\CortexM3\ARM_GCC_541\Debug/tsk_system.lst -g -D DEBUG -D CY_CORE_ID=0 -Wall -ffunction-sections -ffat-lto-objects -Og -c source\asw\tsk_system.c -o .\CortexM3\ARM_GCC_541\Debug\tsk_system.o
In file included from .\source\rte/rte.h:82:0,
                 from source\asw\tsk_system.c:11:
.\source\rte/rte_types.h:46:0: warning: "GetResource" redefined
     #define GetResource(A)
 ^
In file included from Generated_Source\PSoC5/ErikaOS_1_ee_api.inc:73:0,
                 from Generated_Source\PSoC5/ErikaOS_1_ee.h:129,
                 from Generated_Source\PSoC5/project.h:22,
                 from source\asw\tsk_system.c:9:
Generated_Source\PSoC5/ErikaOS_1_ee_oo_api.inc:136:0: note: this is the location of the previous definition
 #define GetResource               EE_oo_GetResource
 ^
In file included from .\source\rte/rte.h:82:0,
                 from source\asw\tsk_system.c:11:
.\source\rte/rte_types.h:47:0: warning: "ReleaseResource" redefined
     #define ReleaseResource(A)
 ^
In file included from Generated_Source\PSoC5/ErikaOS_1_ee_api.inc:73:0,
                 from Generated_Source\PSoC5/ErikaOS_1_ee.h:129,
                 from Generated_Source\PSoC5/project.h:22,
                 from source\asw\tsk_system.c:9:
Generated_Source\PSoC5/ErikaOS_1_ee_oo_api.inc:140:0: note: this is the location of the previous definition
 #define ReleaseResource           EE_oo_ReleaseResource
 ^
In file included from .\source\rte/sp_common.h:21:0,
                 from source\asw\tsk_system.c:14:
.\source\rte/sc_joystick.h: In function 'RTE_SC_JOYSTICK_setStatus':
.\source\rte/sc_joystick.h:211:11: warning: comparison between pointer and integer
   if (NULL!=signal->pSigCfg->evOnError && NULL != pTaskArray){
           ^
.\source\rte/sc_joystick.h: In function 'RTE_SC_JOYSTICK_set':
.\source\rte/sc_joystick.h:313:12: warning: comparison between pointer and integer
    if (NULL!=signal->pSigCfg->evOnUpdate && NULL != pTaskArray){
            ^
In file included from .\source\rte/sp_common.h:22:0,
                 from source\asw\tsk_system.c:14:
.\source\rte/sc_speed.h: In function 'RTE_SC_SPEED_setStatus':
.\source\rte/sc_speed.h:211:11: warning: comparison between pointer and integer
   if (NULL!=signal->pSigCfg->evOnError && NULL != pTaskArray){
           ^
.\source\rte/sc_speed.h: In function 'RTE_SC_SPEED_set':
.\source\rte/sc_speed.h:313:12: warning: comparison between pointer and integer
    if (NULL!=signal->pSigCfg->evOnUpdate && NULL != pTaskArray){
            ^
In file included from .\source\rte/sp_common.h:24:0,
                 from source\asw\tsk_system.c:14:
.\source\rte/sc_brakelight.h: In function 'RTE_SC_BRAKELIGHT_setStatus':
.\source\rte/sc_brakelight.h:211:11: warning: comparison between pointer and integer
   if (NULL!=signal->pSigCfg->evOnError && NULL != pTaskArray){
           ^
.\source\rte/sc_brakelight.h: In function 'RTE_SC_BRAKELIGHT_set':
.\source\rte/sc_brakelight.h:313:12: warning: comparison between pointer and integer
    if (NULL!=signal->pSigCfg->evOnUpdate && NULL != pTaskArray){
            ^
arm-none-eabi-gcc.exe -mcpu=cortex-m3 -mthumb -I.\source\bsw -I.\source\asw -I.\source\rte -I.\source\bsw\tft\fonts -I. -IGenerated_Source\PSoC5 -Wa,-alh=.\CortexM3\ARM_GCC_541\Debug/cyfitter_cfg.lst -g -D DEBUG -D CY_CORE_ID=0 -Wall -ffunction-sections -ffat-lto-objects -Og -c Generated_Source\PSoC5\cyfitter_cfg.c -o .\CortexM3\ARM_GCC_541\Debug\cyfitter_cfg.o
arm-none-eabi-gcc.exe -mcpu=cortex-m3 -mthumb -I.\source\bsw -I.\source\asw -I.\source\rte -I.\source\bsw\tft\fonts -I. -IGenerated_Source\PSoC5 -Wa,-alh=.\CortexM3\ARM_GCC_541\Debug/cymetadata.lst -g -D DEBUG -D CY_CORE_ID=0 -Wall -ffunction-sections -ffat-lto-objects -Og -c Generated_Source\PSoC5\cymetadata.c -o .\CortexM3\ARM_GCC_541\Debug\cymetadata.o
arm-none-eabi-gcc.exe -mcpu=cortex-m3 -mthumb -I.\source\bsw -I.\source\asw -I.\source\rte -I.\source\bsw\tft\fonts -I. -IGenerated_Source\PSoC5 -Wa,-alh=.\CortexM3\ARM_GCC_541\Debug/ErikaOS_1_ee_activate.lst -g -D DEBUG -D CY_CORE_ID=0 -Wall -ffunction-sections -ffat-lto-objects -Og -c Generated_Source\PSoC5\ErikaOS_1_ee_activate.c -o .\CortexM3\ARM_GCC_541\Debug\ErikaOS_1_ee_activate.o
arm-none-eabi-gcc.exe -mcpu=cortex-m3 -mthumb -I.\source\bsw -I.\source\asw -I.\source\rte -I.\source\bsw\tft\fonts -I. -IGenerated_Source\PSoC5 -Wa,-alh=.\CortexM3\ARM_GCC_541\Debug/ErikaOS_1_ee_alcancel.lst -g -D DEBUG -D CY_CORE_ID=0 -Wall -ffunction-sections -ffat-lto-objects -Og -c Generated_Source\PSoC5\ErikaOS_1_ee_alcancel.c -o .\CortexM3\ARM_GCC_541\Debug\ErikaOS_1_ee_alcancel.o
arm-none-eabi-gcc.exe -mcpu=cortex-m3 -mthumb -I.\source\bsw -I.\source\asw -I.\source\rte -I.\source\bsw\tft\fonts -I. -IGenerated_Source\PSoC5 -Wa,-alh=.\CortexM3\ARM_GCC_541\Debug/ErikaOS_1_ee_alget.lst -g -D DEBUG -D CY_CORE_ID=0 -Wall -ffunction-sections -ffat-lto-objects -Og -c Generated_Source\PSoC5\ErikaOS_1_ee_alget.c -o .\CortexM3\ARM_GCC_541\Debug\ErikaOS_1_ee_alget.o
arm-none-eabi-gcc.exe -mcpu=cortex-m3 -mthumb -I.\source\bsw -I.\source\asw -I.\source\rte -I.\source\bsw\tft\fonts -I. -IGenerated_Source\PSoC5 -Wa,-alh=.\CortexM3\ARM_GCC_541\Debug/ErikaOS_1_ee_algetbase.lst -g -D DEBUG -D CY_CORE_ID=0 -Wall -ffunction-sections -ffat-lto-objects -Og -c Generated_Source\PSoC5\ErikaOS_1_ee_algetbase.c -o .\CortexM3\ARM_GCC_541\Debug\ErikaOS_1_ee_algetbase.o
arm-none-eabi-gcc.exe -mcpu=cortex-m3 -mthumb -I.\source\bsw -I.\source\asw -I.\source\rte -I.\source\bsw\tft\fonts -I. -IGenerated_Source\PSoC5 -Wa,-alh=.\CortexM3\ARM_GCC_541\Debug/ErikaOS_1_ee_alsetabs.lst -g -D DEBUG -D CY_CORE_ID=0 -Wall -ffunction-sections -ffat-lto-objects -Og -c Generated_Source\PSoC5\ErikaOS_1_ee_alsetabs.c -o .\CortexM3\ARM_GCC_541\Debug\ErikaOS_1_ee_alsetabs.o
arm-none-eabi-gcc.exe -mcpu=cortex-m3 -mthumb -I.\source\bsw -I.\source\asw -I.\source\rte -I.\source\bsw\tft\fonts -I. -IGenerated_Source\PSoC5 -Wa,-alh=.\CortexM3\ARM_GCC_541\Debug/ErikaOS_1_ee_alsetrel.lst -g -D DEBUG -D CY_CORE_ID=0 -Wall -ffunction-sections -ffat-lto-objects -Og -c Generated_Source\PSoC5\ErikaOS_1_ee_alsetrel.c -o .\CortexM3\ARM_GCC_541\Debug\ErikaOS_1_ee_alsetrel.o
arm-none-eabi-gcc.exe -mcpu=cortex-m3 -mthumb -I.\source\bsw -I.\source\asw -I.\source\rte -I.\source\bsw\tft\fonts -I. -IGenerated_Source\PSoC5 -Wa,-alh=.\CortexM3\ARM_GCC_541\Debug/ErikaOS_1_ee_altick.lst -g -D DEBUG -D CY_CORE_ID=0 -Wall -ffunction-sections -ffat-lto-objects -Og -c Generated_Source\PSoC5\ErikaOS_1_ee_altick.c -o .\CortexM3\ARM_GCC_541\Debug\ErikaOS_1_ee_altick.o
arm-none-eabi-gcc.exe -mcpu=cortex-m3 -mthumb -I.\source\bsw -I.\source\asw -I.\source\rte -I.\source\bsw\tft\fonts -I. -IGenerated_Source\PSoC5 -Wa,-alh=.\CortexM3\ARM_GCC_541\Debug/ErikaOS_1_ee_chaintas.lst -g -D DEBUG -D CY_CORE_ID=0 -Wall -ffunction-sections -ffat-lto-objects -Og -c Generated_Source\PSoC5\ErikaOS_1_ee_chaintas.c -o .\CortexM3\ARM_GCC_541\Debug\ErikaOS_1_ee_chaintas.o
arm-none-eabi-gcc.exe -mcpu=cortex-m3 -mthumb -I.\source\bsw -I.\source\asw -I.\source\rte -I.\source\bsw\tft\fonts -I. -IGenerated_Source\PSoC5 -Wa,-alh=.\CortexM3\ARM_GCC_541\Debug/ErikaOS_1_ee_evclear.lst -g -D DEBUG -D CY_CORE_ID=0 -Wall -ffunction-sections -ffat-lto-objects -Og -c Generated_Source\PSoC5\ErikaOS_1_ee_evclear.c -o .\CortexM3\ARM_GCC_541\Debug\ErikaOS_1_ee_evclear.o
arm-none-eabi-gcc.exe -mcpu=cortex-m3 -mthumb -I.\source\bsw -I.\source\asw -I.\source\rte -I.\source\bsw\tft\fonts -I. -IGenerated_Source\PSoC5 -Wa,-alh=.\CortexM3\ARM_GCC_541\Debug/ErikaOS_1_ee_evget.lst -g -D DEBUG -D CY_CORE_ID=0 -Wall -ffunction-sections -ffat-lto-objects -Og -c Generated_Source\PSoC5\ErikaOS_1_ee_evget.c -o .\CortexM3\ARM_GCC_541\Debug\ErikaOS_1_ee_evget.o
arm-none-eabi-gcc.exe -mcpu=cortex-m3 -mthumb -I.\source\bsw -I.\source\asw -I.\source\rte -I.\source\bsw\tft\fonts -I. -IGenerated_Source\PSoC5 -Wa,-alh=.\CortexM3\ARM_GCC_541\Debug/ErikaOS_1_ee_evset.lst -g -D DEBUG -D CY_CORE_ID=0 -Wall -ffunction-sections -ffat-lto-objects -Og -c Generated_Source\PSoC5\ErikaOS_1_ee_evset.c -o .\CortexM3\ARM_GCC_541\Debug\ErikaOS_1_ee_evset.o
arm-none-eabi-gcc.exe -mcpu=cortex-m3 -mthumb -I.\source\bsw -I.\source\asw -I.\source\rte -I.\source\bsw\tft\fonts -I. -IGenerated_Source\PSoC5 -Wa,-alh=.\CortexM3\ARM_GCC_541\Debug/ErikaOS_1_ee_evwait.lst -g -D DEBUG -D CY_CORE_ID=0 -Wall -ffunction-sections -ffat-lto-objects -Og -c Generated_Source\PSoC5\ErikaOS_1_ee_evwait.c -o .\CortexM3\ARM_GCC_541\Debug\ErikaOS_1_ee_evwait.o
arm-none-eabi-gcc.exe -mcpu=cortex-m3 -mthumb -I.\source\bsw -I.\source\asw -I.\source\rte -I.\source\bsw\tft\fonts -I. -IGenerated_Source\PSoC5 -Wa,-alh=.\CortexM3\ARM_GCC_541\Debug/ErikaOS_1_ee_force_schedule.lst -g -D DEBUG -D CY_CORE_ID=0 -Wall -ffunction-sections -ffat-lto-objects -Og -c Generated_Source\PSoC5\ErikaOS_1_ee_force_schedule.c -o .\CortexM3\ARM_GCC_541\Debug\ErikaOS_1_ee_force_schedule.o
arm-none-eabi-gcc.exe -mcpu=cortex-m3 -mthumb -I.\source\bsw -I.\source\asw -I.\source\rte -I.\source\bsw\tft\fonts -I. -IGenerated_Source\PSoC5 -Wa,-alh=.\CortexM3\ARM_GCC_541\Debug/ErikaOS_1_ee_getcountervalue.lst -g -D DEBUG -D CY_CORE_ID=0 -Wall -ffunction-sections -ffat-lto-objects -Og -c Generated_Source\PSoC5\ErikaOS_1_ee_getcountervalue.c -o .\CortexM3\ARM_GCC_541\Debug\ErikaOS_1_ee_getcountervalue.o
arm-none-eabi-gcc.exe -mcpu=cortex-m3 -mthumb -I.\source\bsw -I.\source\asw -I.\source\rte -I.\source\bsw\tft\fonts -I. -IGenerated_Source\PSoC5 -Wa,-alh=.\CortexM3\ARM_GCC_541\Debug/ErikaOS_1_ee_getelapsedvalue.lst -g -D DEBUG -D CY_CORE_ID=0 -Wall -ffunction-sections -ffat-lto-objects -Og -c Generated_Source\PSoC5\ErikaOS_1_ee_getelapsedvalue.c -o .\CortexM3\ARM_GCC_541\Debug\ErikaOS_1_ee_getelapsedvalue.o
arm-none-eabi-gcc.exe -mcpu=cortex-m3 -mthumb -I.\source\bsw -I.\source\asw -I.\source\rte -I.\source\bsw\tft\fonts -I. -IGenerated_Source\PSoC5 -Wa,-alh=.\CortexM3\ARM_GCC_541\Debug/ErikaOS_1_ee_gettaskid.lst -g -D DEBUG -D CY_CORE_ID=0 -Wall -ffunction-sections -ffat-lto-objects -Og -c Generated_Source\PSoC5\ErikaOS_1_ee_gettaskid.c -o .\CortexM3\ARM_GCC_541\Debug\ErikaOS_1_ee_gettaskid.o
arm-none-eabi-gcc.exe -mcpu=cortex-m3 -mthumb -I.\source\bsw -I.\source\asw -I.\source\rte -I.\source\bsw\tft\fonts -I. -IGenerated_Source\PSoC5 -Wa,-alh=.\CortexM3\ARM_GCC_541\Debug/ErikaOS_1_ee_gettaskstate.lst -g -D DEBUG -D CY_CORE_ID=0 -Wall -ffunction-sections -ffat-lto-objects -Og -c Generated_Source\PSoC5\ErikaOS_1_ee_gettaskstate.c -o .\CortexM3\ARM_GCC_541\Debug\ErikaOS_1_ee_gettaskstate.o
arm-none-eabi-gcc.exe -mcpu=cortex-m3 -mthumb -I.\source\bsw -I.\source\asw -I.\source\rte -I.\source\bsw\tft\fonts -I. -IGenerated_Source\PSoC5 -Wa,-alh=.\CortexM3\ARM_GCC_541\Debug/ErikaOS_1_ee_iparam.lst -g -D DEBUG -D CY_CORE_ID=0 -Wall -ffunction-sections -ffat-lto-objects -Og -c Generated_Source\PSoC5\ErikaOS_1_ee_iparam.c -o .\CortexM3\ARM_GCC_541\Debug\ErikaOS_1_ee_iparam.o
arm-none-eabi-gcc.exe -mcpu=cortex-m3 -mthumb -I.\source\bsw -I.\source\asw -I.\source\rte -I.\source\bsw\tft\fonts -I. -IGenerated_Source\PSoC5 -Wa,-alh=.\CortexM3\ARM_GCC_541\Debug/ErikaOS_1_ee_irqendin.lst -g -D DEBUG -D CY_CORE_ID=0 -Wall -ffunction-sections -ffat-lto-objects -Og -c Generated_Source\PSoC5\ErikaOS_1_ee_irqendin.c -o .\CortexM3\ARM_GCC_541\Debug\ErikaOS_1_ee_irqendin.o
arm-none-eabi-gcc.exe -mcpu=cortex-m3 -mthumb -I.\source\bsw -I.\source\asw -I.\source\rte -I.\source\bsw\tft\fonts -I. -IGenerated_Source\PSoC5 -Wa,-alh=.\CortexM3\ARM_GCC_541\Debug/ErikaOS_1_ee_lockres.lst -g -D DEBUG -D CY_CORE_ID=0 -Wall -ffunction-sections -ffat-lto-objects -Og -c Generated_Source\PSoC5\ErikaOS_1_ee_lockres.c -o .\CortexM3\ARM_GCC_541\Debug\ErikaOS_1_ee_lockres.o
arm-none-eabi-gcc.exe -mcpu=cortex-m3 -mthumb -I.\source\bsw -I.\source\asw -I.\source\rte -I.\source\bsw\tft\fonts -I. -IGenerated_Source\PSoC5 -Wa,-alh=.\CortexM3\ARM_GCC_541\Debug/ErikaOS_1_ee_lookup.lst -g -D DEBUG -D CY_CORE_ID=0 -Wall -ffunction-sections -ffat-lto-objects -Og -c Generated_Source\PSoC5\ErikaOS_1_ee_lookup.c -o .\CortexM3\ARM_GCC_541\Debug\ErikaOS_1_ee_lookup.o
arm-none-eabi-gcc.exe -mcpu=cortex-m3 -mthumb -I.\source\bsw -I.\source\asw -I.\source\rte -I.\source\bsw\tft\fonts -I. -IGenerated_Source\PSoC5 -Wa,-alh=.\CortexM3\ARM_GCC_541\Debug/ErikaOS_1_ee_rq_exchg.lst -g -D DEBUG -D CY_CORE_ID=0 -Wall -ffunction-sections -ffat-lto-objects -Og -c Generated_Source\PSoC5\ErikaOS_1_ee_rq_exchg.c -o .\CortexM3\ARM_GCC_541\Debug\ErikaOS_1_ee_rq_exchg.o
arm-none-eabi-gcc.exe -mcpu=cortex-m3 -mthumb -I.\source\bsw -I.\source\asw -I.\source\rte -I.\source\bsw\tft\fonts -I. -IGenerated_Source\PSoC5 -Wa,-alh=.\CortexM3\ARM_GCC_541\Debug/ErikaOS_1_ee_rq_first.lst -g -D DEBUG -D CY_CORE_ID=0 -Wall -ffunction-sections -ffat-lto-objects -Og -c Generated_Source\PSoC5\ErikaOS_1_ee_rq_first.c -o .\CortexM3\ARM_GCC_541\Debug\ErikaOS_1_ee_rq_first.o
arm-none-eabi-gcc.exe -mcpu=cortex-m3 -mthumb -I.\source\bsw -I.\source\asw -I.\source\rte -I.\source\bsw\tft\fonts -I. -IGenerated_Source\PSoC5 -Wa,-alh=.\CortexM3\ARM_GCC_541\Debug/ErikaOS_1_ee_rq_inser.lst -g -D DEBUG -D CY_CORE_ID=0 -Wall -ffunction-sections -ffat-lto-objects -Og -c Generated_Source\PSoC5\ErikaOS_1_ee_rq_inser.c -o .\CortexM3\ARM_GCC_541\Debug\ErikaOS_1_ee_rq_inser.o
arm-none-eabi-gcc.exe -mcpu=cortex-m3 -mthumb -I.\source\bsw -I.\source\asw -I.\source\rte -I.\source\bsw\tft\fonts -I. -IGenerated_Source\PSoC5 -Wa,-alh=.\CortexM3\ARM_GCC_541\Debug/ErikaOS_1_ee_schedule.lst -g -D DEBUG -D CY_CORE_ID=0 -Wall -ffunction-sections -ffat-lto-objects -Og -c Generated_Source\PSoC5\ErikaOS_1_ee_schedule.c -o .\CortexM3\ARM_GCC_541\Debug\ErikaOS_1_ee_schedule.o
arm-none-eabi-gcc.exe -mcpu=cortex-m3 -mthumb -I.\source\bsw -I.\source\asw -I.\source\rte -I.\source\bsw\tft\fonts -I. -IGenerated_Source\PSoC5 -Wa,-alh=.\CortexM3\ARM_GCC_541\Debug/ErikaOS_1_ee_semgetvalue.lst -g -D DEBUG -D CY_CORE_ID=0 -Wall -ffunction-sections -ffat-lto-objects -Og -c Generated_Source\PSoC5\ErikaOS_1_ee_semgetvalue.c -o .\CortexM3\ARM_GCC_541\Debug\ErikaOS_1_ee_semgetvalue.o
arm-none-eabi-gcc.exe -mcpu=cortex-m3 -mthumb -I.\source\bsw -I.\source\asw -I.\source\rte -I.\source\bsw\tft\fonts -I. -IGenerated_Source\PSoC5 -Wa,-alh=.\CortexM3\ARM_GCC_541\Debug/ErikaOS_1_ee_sempost.lst -g -D DEBUG -D CY_CORE_ID=0 -Wall -ffunction-sections -ffat-lto-objects -Og -c Generated_Source\PSoC5\ErikaOS_1_ee_sempost.c -o .\CortexM3\ARM_GCC_541\Debug\ErikaOS_1_ee_sempost.o
arm-none-eabi-gcc.exe -mcpu=cortex-m3 -mthumb -I.\source\bsw -I.\source\asw -I.\source\rte -I.\source\bsw\tft\fonts -I. -IGenerated_Source\PSoC5 -Wa,-alh=.\CortexM3\ARM_GCC_541\Debug/ErikaOS_1_ee_semtrywait.lst -g -D DEBUG -D CY_CORE_ID=0 -Wall -ffunction-sections -ffat-lto-objects -Og -c Generated_Source\PSoC5\ErikaOS_1_ee_semtrywait.c -o .\CortexM3\ARM_GCC_541\Debug\ErikaOS_1_ee_semtrywait.o
arm-none-eabi-gcc.exe -mcpu=cortex-m3 -mthumb -I.\source\bsw -I.\source\asw -I.\source\rte -I.\source\bsw\tft\fonts -I. -IGenerated_Source\PSoC5 -Wa,-alh=.\CortexM3\ARM_GCC_541\Debug/ErikaOS_1_ee_semwait.lst -g -D DEBUG -D CY_CORE_ID=0 -Wall -ffunction-sections -ffat-lto-objects -Og -c Generated_Source\PSoC5\ErikaOS_1_ee_semwait.c -o .\CortexM3\ARM_GCC_541\Debug\ErikaOS_1_ee_semwait.o
arm-none-eabi-gcc.exe -mcpu=cortex-m3 -mthumb -I.\source\bsw -I.\source\asw -I.\source\rte -I.\source\bsw\tft\fonts -I. -IGenerated_Source\PSoC5 -Wa,-alh=.\CortexM3\ARM_GCC_541\Debug/ErikaOS_1_ee_shtdown.lst -g -D DEBUG -D CY_CORE_ID=0 -Wall -ffunction-sections -ffat-lto-objects -Og -c Generated_Source\PSoC5\ErikaOS_1_ee_shtdown.c -o .\CortexM3\ARM_GCC_541\Debug\ErikaOS_1_ee_shtdown.o
arm-none-eabi-gcc.exe -mcpu=cortex-m3 -mthumb -I.\source\bsw -I.\source\asw -I.\source\rte -I.\source\bsw\tft\fonts -I. -IGenerated_Source\PSoC5 -Wa,-alh=.\CortexM3\ARM_GCC_541\Debug/ErikaOS_1_ee_startos.lst -g -D DEBUG -D CY_CORE_ID=0 -Wall -ffunction-sections -ffat-lto-objects -Og -c Generated_Source\PSoC5\ErikaOS_1_ee_startos.c -o .\CortexM3\ARM_GCC_541\Debug\ErikaOS_1_ee_startos.o
In file included from Generated_Source\PSoC5\ErikaOS_1_ee_startos.c:332:0:
Generated_Source\PSoC5\ErikaOS_1_ee_startos.c: In function 'EE_oo_StartOS':
Generated_Source\PSoC5\CyLib.h:59:15: warning: unused variable 'cydelay_32k_ms' [-Wunused-variable]
 extern uint32 cydelay_32k_ms;
               ^
Generated_Source\PSoC5\CyLib.h:58:15: warning: unused variable 'cydelay_freq_mhz' [-Wunused-variable]
 extern uint8  cydelay_freq_mhz;
               ^
Generated_Source\PSoC5\CyLib.h:57:15: warning: unused variable 'cydelay_freq_khz' [-Wunused-variable]
 extern uint32 cydelay_freq_khz;
               ^
Generated_Source\PSoC5\CyLib.h:56:15: warning: unused variable 'cydelay_freq_hz' [-Wunused-variable]
 extern uint32 cydelay_freq_hz;
               ^
Generated_Source\PSoC5\CyLib.h:44:22: warning: unused variable 'CyResetStatus' [-Wunused-variable]
 extern uint8 CYXDATA CyResetStatus;
                      ^
In file included from Generated_Source\PSoC5\cyPm.h:25:0,
                 from Generated_Source\PSoC5\CyLib.h:29,
                 from Generated_Source\PSoC5\ErikaOS_1_ee_startos.c:332:
Generated_Source\PSoC5\CyFlash.h:28:14: warning: unused variable 'dieTemperature' [-Wunused-variable]
 extern uint8 dieTemperature[CY_FLASH_DIE_TEMP_DATA_SIZE];
              ^
In file included from Generated_Source\PSoC5\CyFlash.h:24:0,
                 from Generated_Source\PSoC5\cyPm.h:25,
                 from Generated_Source\PSoC5\CyLib.h:29,
                 from Generated_Source\PSoC5\ErikaOS_1_ee_startos.c:332:
Generated_Source\PSoC5\CySpc.h:28:14: warning: unused variable 'SpcLockState' [-Wunused-variable]
 extern uint8 SpcLockState;
              ^
In file included from Generated_Source\PSoC5\CyLib.h:26:0,
                 from Generated_Source\PSoC5\ErikaOS_1_ee_startos.c:332:
Generated_Source\PSoC5\cytypes.h:491:25: warning: typedef 'int8' locally defined but not used [-Wunused-local-typedefs]
 typedef signed   char   int8;
                         ^
Generated_Source\PSoC5\cytypes.h:492:25: warning: typedef 'int16' locally defined but not used [-Wunused-local-typedefs]
 typedef signed   short  int16;
                         ^
Generated_Source\PSoC5\cytypes.h:493:25: warning: typedef 'int32' locally defined but not used [-Wunused-local-typedefs]
 typedef signed   long   int32;
                         ^
Generated_Source\PSoC5\cytypes.h:494:25: warning: typedef 'float32' locally defined but not used [-Wunused-local-typedefs]
 typedef          float  float32;
                         ^
Generated_Source\PSoC5\cytypes.h:498:34: warning: typedef 'float64' locally defined but not used [-Wunused-local-typedefs]
     typedef               double float64;
                                  ^
Generated_Source\PSoC5\cytypes.h:499:34: warning: typedef 'int64' locally defined but not used [-Wunused-local-typedefs]
     typedef          long long   int64;
                                  ^
Generated_Source\PSoC5\cytypes.h:500:34: warning: typedef 'uint64' locally defined but not used [-Wunused-local-typedefs]
     typedef unsigned long long   uint64;
                                  ^
Generated_Source\PSoC5\cytypes.h:505:25: warning: typedef 'char8' locally defined but not used [-Wunused-local-typedefs]
 typedef          char   char8;
                         ^
Generated_Source\PSoC5\cytypes.h:658:33: warning: typedef 'reg8' locally defined but not used [-Wunused-local-typedefs]
 typedef volatile uint8  CYXDATA reg8;
                                 ^
Generated_Source\PSoC5\cytypes.h:659:33: warning: typedef 'reg16' locally defined but not used [-Wunused-local-typedefs]
 typedef volatile uint16 CYXDATA reg16;
                                 ^
Generated_Source\PSoC5\cytypes.h:660:33: warning: typedef 'reg32' locally defined but not used [-Wunused-local-typedefs]
 typedef volatile uint32 CYXDATA reg32;
                                 ^
In file included from Generated_Source\PSoC5\CyLib.h:29:0,
                 from Generated_Source\PSoC5\ErikaOS_1_ee_startos.c:332:
Generated_Source\PSoC5\cyPm.h:267:3: warning: typedef 'CY_PM_CLOCK_BACKUP_STRUCT' locally defined but not used [-Wunused-local-typedefs]
 } CY_PM_CLOCK_BACKUP_STRUCT;
   ^
Generated_Source\PSoC5\cyPm.h:315:3: warning: typedef 'CY_PM_BACKUP_STRUCT' locally defined but not used [-Wunused-local-typedefs]
 } CY_PM_BACKUP_STRUCT;
   ^
arm-none-eabi-gcc.exe -mcpu=cortex-m3 -mthumb -I.\source\bsw -I.\source\asw -I.\source\rte -I.\source\bsw\tft\fonts -I. -IGenerated_Source\PSoC5 -Wa,-alh=.\CortexM3\ARM_GCC_541\Debug/ErikaOS_1_ee_terminat.lst -g -D DEBUG -D CY_CORE_ID=0 -Wall -ffunction-sections -ffat-lto-objects -Og -c Generated_Source\PSoC5\ErikaOS_1_ee_terminat.c -o .\CortexM3\ARM_GCC_541\Debug\ErikaOS_1_ee_terminat.o
arm-none-eabi-gcc.exe -mcpu=cortex-m3 -mthumb -I.\source\bsw -I.\source\asw -I.\source\rte -I.\source\bsw\tft\fonts -I. -IGenerated_Source\PSoC5 -Wa,-alh=.\CortexM3\ARM_GCC_541\Debug/ErikaOS_1_ee_thendin.lst -g -D DEBUG -D CY_CORE_ID=0 -Wall -ffunction-sections -ffat-lto-objects -Og -c Generated_Source\PSoC5\ErikaOS_1_ee_thendin.c -o .\CortexM3\ARM_GCC_541\Debug\ErikaOS_1_ee_thendin.o
arm-none-eabi-gcc.exe -mcpu=cortex-m3 -mthumb -I.\source\bsw -I.\source\asw -I.\source\rte -I.\source\bsw\tft\fonts -I. -IGenerated_Source\PSoC5 -Wa,-alh=.\CortexM3\ARM_GCC_541\Debug/ErikaOS_1_ee_tnterm.lst -g -D DEBUG -D CY_CORE_ID=0 -Wall -ffunction-sections -ffat-lto-objects -Og -c Generated_Source\PSoC5\ErikaOS_1_ee_tnterm.c -o .\CortexM3\ARM_GCC_541\Debug\ErikaOS_1_ee_tnterm.o
arm-none-eabi-gcc.exe -mcpu=cortex-m3 -mthumb -I.\source\bsw -I.\source\asw -I.\source\rte -I.\source\bsw\tft\fonts -I. -IGenerated_Source\PSoC5 -Wa,-alh=.\CortexM3\ARM_GCC_541\Debug/ErikaOS_1_ee_tstub.lst -g -D DEBUG -D CY_CORE_ID=0 -Wall -ffunction-sections -ffat-lto-objects -Og -c Generated_Source\PSoC5\ErikaOS_1_ee_tstub.c -o .\CortexM3\ARM_GCC_541\Debug\ErikaOS_1_ee_tstub.o
arm-none-eabi-gcc.exe -mcpu=cortex-m3 -mthumb -I.\source\bsw -I.\source\asw -I.\source\rte -I.\source\bsw\tft\fonts -I. -IGenerated_Source\PSoC5 -Wa,-alh=.\CortexM3\ARM_GCC_541\Debug/ErikaOS_1_ee_ulockallres.lst -g -D DEBUG -D CY_CORE_ID=0 -Wall -ffunction-sections -ffat-lto-objects -Og -c Generated_Source\PSoC5\ErikaOS_1_ee_ulockallres.c -o .\CortexM3\ARM_GCC_541\Debug\ErikaOS_1_ee_ulockallres.o
arm-none-eabi-gcc.exe -mcpu=cortex-m3 -mthumb -I.\source\bsw -I.\source\asw -I.\source\rte -I.\source\bsw\tft\fonts -I. -IGenerated_Source\PSoC5 -Wa,-alh=.\CortexM3\ARM_GCC_541\Debug/ErikaOS_1_ee_ulockres.lst -g -D DEBUG -D CY_CORE_ID=0 -Wall -ffunction-sections -ffat-lto-objects -Og -c Generated_Source\PSoC5\ErikaOS_1_ee_ulockres.c -o .\CortexM3\ARM_GCC_541\Debug\ErikaOS_1_ee_ulockres.o
arm-none-eabi-gcc.exe -mcpu=cortex-m3 -mthumb -I.\source\bsw -I.\source\asw -I.\source\rte -I.\source\bsw\tft\fonts -I. -IGenerated_Source\PSoC5 -Wa,-alh=.\CortexM3\ARM_GCC_541\Debug/ErikaOS_1_cortex_mx_ee_context.lst -g -D DEBUG -D CY_CORE_ID=0 -Wall -ffunction-sections -ffat-lto-objects -Og -c Generated_Source\PSoC5\ErikaOS_1_cortex_mx_ee_context.c -o .\CortexM3\ARM_GCC_541\Debug\ErikaOS_1_cortex_mx_ee_context.o
arm-none-eabi-gcc.exe -mcpu=cortex-m3 -mthumb -I.\source\bsw -I.\source\asw -I.\source\rte -I.\source\bsw\tft\fonts -I. -IGenerated_Source\PSoC5 -Wa,-alh=.\CortexM3\ARM_GCC_541\Debug/ErikaOS_1_cortex_mx_ee_system_timer.lst -g -D DEBUG -D CY_CORE_ID=0 -Wall -ffunction-sections -ffat-lto-objects -Og -c Generated_Source\PSoC5\ErikaOS_1_cortex_mx_ee_system_timer.c -o .\CortexM3\ARM_GCC_541\Debug\ErikaOS_1_cortex_mx_ee_system_timer.o
arm-none-eabi-gcc.exe -mcpu=cortex-m3 -mthumb -I.\source\bsw -I.\source\asw -I.\source\rte -I.\source\bsw\tft\fonts -I. -IGenerated_Source\PSoC5 -Wa,-alh=.\CortexM3\ARM_GCC_541\Debug/ErikaOS_1_cortex_mx_ee_utils.lst -g -D DEBUG -D CY_CORE_ID=0 -Wall -ffunction-sections -ffat-lto-objects -Og -c Generated_Source\PSoC5\ErikaOS_1_cortex_mx_ee_utils.c -o .\CortexM3\ARM_GCC_541\Debug\ErikaOS_1_cortex_mx_ee_utils.o
arm-none-eabi-gcc.exe -mcpu=cortex-m3 -mthumb -I.\source\bsw -I.\source\asw -I.\source\rte -I.\source\bsw\tft\fonts -I. -IGenerated_Source\PSoC5 -Wa,-alh=.\CortexM3\ARM_GCC_541\Debug/ErikaOS_1_common_ee_hal_structs.lst -g -D DEBUG -D CY_CORE_ID=0 -Wall -ffunction-sections -ffat-lto-objects -Og -c Generated_Source\PSoC5\ErikaOS_1_common_ee_hal_structs.c -o .\CortexM3\ARM_GCC_541\Debug\ErikaOS_1_common_ee_hal_structs.o
arm-none-eabi-gcc.exe -mcpu=cortex-m3 -mthumb -I.\source\bsw -I.\source\asw -I.\source\rte -I.\source\bsw\tft\fonts -I. -IGenerated_Source\PSoC5 -Wa,-alh=.\CortexM3\ARM_GCC_541\Debug/ErikaOS_1_eecfg.lst -g -D DEBUG -D CY_CORE_ID=0 -Wall -ffunction-sections -ffat-lto-objects -Og -c Generated_Source\PSoC5\ErikaOS_1_eecfg.c -o .\CortexM3\ARM_GCC_541\Debug\ErikaOS_1_eecfg.o
Generated_Source\PSoC5\ErikaOS_1_eecfg.c:1943:62: warning: initialization from incompatible pointer type [-Wincompatible-pointer-types]
         { (EE_OO_AUTOSTART_TASK_MODE_OSDEFAULTAPPMODE_SIZE), EE_oo_autostart_task_mode_OSDEFAULTAPPMODE}
                                                              ^
Generated_Source\PSoC5\ErikaOS_1_eecfg.c:1943:62: note: (near initialization for 'EE_oo_autostart_task_data[0].task')
arm-none-eabi-gcc.exe -mcpu=cortex-m3 -mthumb -I.\source\bsw -I.\source\asw -I.\source\rte -I.\source\bsw\tft\fonts -I. -IGenerated_Source\PSoC5 -Wa,-alh=.\CortexM3\ARM_GCC_541\Debug/Cm3Start.lst -g -D DEBUG -D CY_CORE_ID=0 -Wall -ffunction-sections -ffat-lto-objects -Og -c Generated_Source\PSoC5\Cm3Start.c -o .\CortexM3\ARM_GCC_541\Debug\Cm3Start.o
arm-none-eabi-gcc.exe -mcpu=cortex-m3 -mthumb -I.\source\bsw -I.\source\asw -I.\source\rte -I.\source\bsw\tft\fonts -I. -IGenerated_Source\PSoC5 -Wa,-alh=.\CortexM3\ARM_GCC_541\Debug/CyDmac.lst -g -D DEBUG -D CY_CORE_ID=0 -Wall -ffunction-sections -ffat-lto-objects -Og -c Generated_Source\PSoC5\CyDmac.c -o .\CortexM3\ARM_GCC_541\Debug\CyDmac.o
arm-none-eabi-gcc.exe -mcpu=cortex-m3 -mthumb -I.\source\bsw -I.\source\asw -I.\source\rte -I.\source\bsw\tft\fonts -I. -IGenerated_Source\PSoC5 -Wa,-alh=.\CortexM3\ARM_GCC_541\Debug/CyFlash.lst -g -D DEBUG -D CY_CORE_ID=0 -Wall -ffunction-sections -ffat-lto-objects -Og -c Generated_Source\PSoC5\CyFlash.c -o .\CortexM3\ARM_GCC_541\Debug\CyFlash.o
arm-none-eabi-gcc.exe -mcpu=cortex-m3 -mthumb -I.\source\bsw -I.\source\asw -I.\source\rte -I.\source\bsw\tft\fonts -I. -IGenerated_Source\PSoC5 -Wa,-alh=.\CortexM3\ARM_GCC_541\Debug/CyLib.lst -g -D DEBUG -D CY_CORE_ID=0 -Wall -ffunction-sections -ffat-lto-objects -Og -c Generated_Source\PSoC5\CyLib.c -o .\CortexM3\ARM_GCC_541\Debug\CyLib.o
arm-none-eabi-gcc.exe -mcpu=cortex-m3 -mthumb -I.\source\bsw -I.\source\asw -I.\source\rte -I.\source\bsw\tft\fonts -I. -IGenerated_Source\PSoC5 -Wa,-alh=.\CortexM3\ARM_GCC_541\Debug/cyPm.lst -g -D DEBUG -D CY_CORE_ID=0 -Wall -ffunction-sections -ffat-lto-objects -Og -c Generated_Source\PSoC5\cyPm.c -o .\CortexM3\ARM_GCC_541\Debug\cyPm.o
arm-none-eabi-gcc.exe -mcpu=cortex-m3 -mthumb -I.\source\bsw -I.\source\asw -I.\source\rte -I.\source\bsw\tft\fonts -I. -IGenerated_Source\PSoC5 -Wa,-alh=.\CortexM3\ARM_GCC_541\Debug/CySpc.lst -g -D DEBUG -D CY_CORE_ID=0 -Wall -ffunction-sections -ffat-lto-objects -Og -c Generated_Source\PSoC5\CySpc.c -o .\CortexM3\ARM_GCC_541\Debug\CySpc.o
arm-none-eabi-gcc.exe -mcpu=cortex-m3 -mthumb -I.\source\bsw -I.\source\asw -I.\source\rte -I.\source\bsw\tft\fonts -I. -IGenerated_Source\PSoC5 -Wa,-alh=.\CortexM3\ARM_GCC_541\Debug/cyutils.lst -g -D DEBUG -D CY_CORE_ID=0 -Wall -ffunction-sections -ffat-lto-objects -Og -c Generated_Source\PSoC5\cyutils.c -o .\CortexM3\ARM_GCC_541\Debug\cyutils.o
arm-none-eabi-gcc.exe -mcpu=cortex-m3 -mthumb -I.\source\bsw -I.\source\asw -I.\source\rte -I.\source\bsw\tft\fonts -I. -IGenerated_Source\PSoC5 -Wa,-alh=.\CortexM3\ARM_GCC_541\Debug/cy_em_eeprom.lst -g -D DEBUG -D CY_CORE_ID=0 -Wall -ffunction-sections -ffat-lto-objects -Og -c Generated_Source\PSoC5\cy_em_eeprom.c -o .\CortexM3\ARM_GCC_541\Debug\cy_em_eeprom.o
arm-none-eabi-gcc.exe -mcpu=cortex-m3 -mthumb -I.\source\bsw -I.\source\asw -I.\source\rte -I.\source\bsw\tft\fonts -I. -IGenerated_Source\PSoC5 -Wa,-alh=.\CortexM3\ARM_GCC_541\Debug/JOYSTICK_ADC_XY.lst -g -D DEBUG -D CY_CORE_ID=0 -Wall -ffunction-sections -ffat-lto-objects -Og -c Generated_Source\PSoC5\JOYSTICK_ADC_XY.c -o .\CortexM3\ARM_GCC_541\Debug\JOYSTICK_ADC_XY.o
arm-none-eabi-gcc.exe -mcpu=cortex-m3 -mthumb -I.\source\bsw -I.\source\asw -I.\source\rte -I.\source\bsw\tft\fonts -I. -IGenerated_Source\PSoC5 -Wa,-alh=.\CortexM3\ARM_GCC_541\Debug/JOYSTICK_ADC_XY_PM.lst -g -D DEBUG -D CY_CORE_ID=0 -Wall -ffunction-sections -ffat-lto-objects -Og -c Generated_Source\PSoC5\JOYSTICK_ADC_XY_PM.c -o .\CortexM3\ARM_GCC_541\Debug\JOYSTICK_ADC_XY_PM.o
arm-none-eabi-gcc.exe -mcpu=cortex-m3 -mthumb -I.\source\bsw -I.\source\asw -I.\source\rte -I.\source\bsw\tft\fonts -I. -IGenerated_Source\PSoC5 -Wa,-alh=.\CortexM3\ARM_GCC_541\Debug/JOYSTICK_ADC_XY_INT.lst -g -D DEBUG -D CY_CORE_ID=0 -Wall -ffunction-sections -ffat-lto-objects -Og -c Generated_Source\PSoC5\JOYSTICK_ADC_XY_INT.c -o .\CortexM3\ARM_GCC_541\Debug\JOYSTICK_ADC_XY_INT.o
arm-none-eabi-gcc.exe -mcpu=cortex-m3 -mthumb -I.\source\bsw -I.\source\asw -I.\source\rte -I.\source\bsw\tft\fonts -I. -IGenerated_Source\PSoC5 -Wa,-alh=.\CortexM3\ARM_GCC_541\Debug/JOYSTICK_X.lst -g -D DEBUG -D CY_CORE_ID=0 -Wall -ffunction-sections -ffat-lto-objects -Og -c Generated_Source\PSoC5\JOYSTICK_X.c -o .\CortexM3\ARM_GCC_541\Debug\JOYSTICK_X.o
arm-none-eabi-gcc.exe -mcpu=cortex-m3 -mthumb -I.\source\bsw -I.\source\asw -I.\source\rte -I.\source\bsw\tft\fonts -I. -IGenerated_Source\PSoC5 -Wa,-alh=.\CortexM3\ARM_GCC_541\Debug/JOYSTICK_Y.lst -g -D DEBUG -D CY_CORE_ID=0 -Wall -ffunction-sections -ffat-lto-objects -Og -c Generated_Source\PSoC5\JOYSTICK_Y.c -o .\CortexM3\ARM_GCC_541\Debug\JOYSTICK_Y.o
arm-none-eabi-gcc.exe -mcpu=cortex-m3 -mthumb -I.\source\bsw -I.\source\asw -I.\source\rte -I.\source\bsw\tft\fonts -I. -IGenerated_Source\PSoC5 -Wa,-alh=.\CortexM3\ARM_GCC_541\Debug/JOYSTICK_ADC_XY_SAR.lst -g -D DEBUG -D CY_CORE_ID=0 -Wall -ffunction-sections -ffat-lto-objects -Og -c Generated_Source\PSoC5\JOYSTICK_ADC_XY_SAR.c -o .\CortexM3\ARM_GCC_541\Debug\JOYSTICK_ADC_XY_SAR.o
arm-none-eabi-gcc.exe -mcpu=cortex-m3 -mthumb -I.\source\bsw -I.\source\asw -I.\source\rte -I.\source\bsw\tft\fonts -I. -IGenerated_Source\PSoC5 -Wa,-alh=.\CortexM3\ARM_GCC_541\Debug/JOYSTICK_ADC_XY_SAR_INT.lst -g -D DEBUG -D CY_CORE_ID=0 -Wall -ffunction-sections -ffat-lto-objects -Og -c Generated_Source\PSoC5\JOYSTICK_ADC_XY_SAR_INT.c -o .\CortexM3\ARM_GCC_541\Debug\JOYSTICK_ADC_XY_SAR_INT.o
arm-none-eabi-gcc.exe -mcpu=cortex-m3 -mthumb -I.\source\bsw -I.\source\asw -I.\source\rte -I.\source\bsw\tft\fonts -I. -IGenerated_Source\PSoC5 -Wa,-alh=.\CortexM3\ARM_GCC_541\Debug/JOYSTICK_ADC_XY_SAR_PM.lst -g -D DEBUG -D CY_CORE_ID=0 -Wall -ffunction-sections -ffat-lto-objects -Og -c Generated_Source\PSoC5\JOYSTICK_ADC_XY_SAR_PM.c -o .\CortexM3\ARM_GCC_541\Debug\JOYSTICK_ADC_XY_SAR_PM.o
arm-none-eabi-gcc.exe -mcpu=cortex-m3 -mthumb -I.\source\bsw -I.\source\asw -I.\source\rte -I.\source\bsw\tft\fonts -I. -IGenerated_Source\PSoC5 -Wa,-alh=.\CortexM3\ARM_GCC_541\Debug/JOYSTICK_ADC_XY_IntClock.lst -g -D DEBUG -D CY_CORE_ID=0 -Wall -ffunction-sections -ffat-lto-objects -Og -c Generated_Source\PSoC5\JOYSTICK_ADC_XY_IntClock.c -o .\CortexM3\ARM_GCC_541\Debug\JOYSTICK_ADC_XY_IntClock.o
arm-none-eabi-gcc.exe -mcpu=cortex-m3 -mthumb -I.\source\bsw -I.\source\asw -I.\source\rte -I.\source\bsw\tft\fonts -I. -IGenerated_Source\PSoC5 -Wa,-alh=.\CortexM3\ARM_GCC_541\Debug/JOYSTICK_ADC_XY_TempBuf_dma.lst -g -D DEBUG -D CY_CORE_ID=0 -Wall -ffunction-sections -ffat-lto-objects -Og -c Generated_Source\PSoC5\JOYSTICK_ADC_XY_TempBuf_dma.c -o .\CortexM3\ARM_GCC_541\Debug\JOYSTICK_ADC_XY_TempBuf_dma.o
arm-none-eabi-gcc.exe -mcpu=cortex-m3 -mthumb -I.\source\bsw -I.\source\asw -I.\source\rte -I.\source\bsw\tft\fonts -I. -IGenerated_Source\PSoC5 -Wa,-alh=.\CortexM3\ARM_GCC_541\Debug/JOYSTICK_ADC_XY_FinalBuf_dma.lst -g -D DEBUG -D CY_CORE_ID=0 -Wall -ffunction-sections -ffat-lto-objects -Og -c Generated_Source\PSoC5\JOYSTICK_ADC_XY_FinalBuf_dma.c -o .\CortexM3\ARM_GCC_541\Debug\JOYSTICK_ADC_XY_FinalBuf_dma.o
arm-none-eabi-gcc.exe -mcpu=cortex-m3 -mthumb -I.\source\bsw -I.\source\asw -I.\source\rte -I.\source\bsw\tft\fonts -I. -IGenerated_Source\PSoC5 -Wa,-alh=.\CortexM3\ARM_GCC_541\Debug/JOYSTICK_ADC_XY_IRQ.lst -g -D DEBUG -D CY_CORE_ID=0 -Wall -ffunction-sections -ffat-lto-objects -Og -c Generated_Source\PSoC5\JOYSTICK_ADC_XY_IRQ.c -o .\CortexM3\ARM_GCC_541\Debug\JOYSTICK_ADC_XY_IRQ.o
arm-none-eabi-gcc.exe -mcpu=cortex-m3 -mthumb -I.\source\bsw -I.\source\asw -I.\source\rte -I.\source\bsw\tft\fonts -I. -IGenerated_Source\PSoC5 -Wa,-alh=.\CortexM3\ARM_GCC_541\Debug/PWM_Green.lst -g -D DEBUG -D CY_CORE_ID=0 -Wall -ffunction-sections -ffat-lto-objects -Og -c Generated_Source\PSoC5\PWM_Green.c -o .\CortexM3\ARM_GCC_541\Debug\PWM_Green.o
arm-none-eabi-gcc.exe -mcpu=cortex-m3 -mthumb -I.\source\bsw -I.\source\asw -I.\source\rte -I.\source\bsw\tft\fonts -I. -IGenerated_Source\PSoC5 -Wa,-alh=.\CortexM3\ARM_GCC_541\Debug/PWM_Green_PM.lst -g -D DEBUG -D CY_CORE_ID=0 -Wall -ffunction-sections -ffat-lto-objects -Og -c Generated_Source\PSoC5\PWM_Green_PM.c -o .\CortexM3\ARM_GCC_541\Debug\PWM_Green_PM.o
arm-none-eabi-gcc.exe -mcpu=cortex-m3 -mthumb -I.\source\bsw -I.\source\asw -I.\source\rte -I.\source\bsw\tft\fonts -I. -IGenerated_Source\PSoC5 -Wa,-alh=.\CortexM3\ARM_GCC_541\Debug/LED_Red.lst -g -D DEBUG -D CY_CORE_ID=0 -Wall -ffunction-sections -ffat-lto-objects -Og -c Generated_Source\PSoC5\LED_Red.c -o .\CortexM3\ARM_GCC_541\Debug\LED_Red.o
arm-none-eabi-gcc.exe -mcpu=cortex-m3 -mthumb -I.\source\bsw -I.\source\asw -I.\source\rte -I.\source\bsw\tft\fonts -I. -IGenerated_Source\PSoC5 -Wa,-alh=.\CortexM3\ARM_GCC_541\Debug/Green_RGB.lst -g -D DEBUG -D CY_CORE_ID=0 -Wall -ffunction-sections -ffat-lto-objects -Og -c Generated_Source\PSoC5\Green_RGB.c -o .\CortexM3\ARM_GCC_541\Debug\Green_RGB.o
arm-none-eabi-gcc.exe -mcpu=cortex-m3 -mthumb -I.\source\bsw -I.\source\asw -I.\source\rte -I.\source\bsw\tft\fonts -I. -IGenerated_Source\PSoC5 -Wa,-alh=.\CortexM3\ARM_GCC_541\Debug/PWM_clock.lst -g -D DEBUG -D CY_CORE_ID=0 -Wall -ffunction-sections -ffat-lto-objects -Og -c Generated_Source\PSoC5\PWM_clock.c -o .\CortexM3\ARM_GCC_541\Debug\PWM_clock.o
arm-none-eabi-gcc.exe -mcpu=cortex-m3 -mthumb -I.\source\bsw -I.\source\asw -I.\source\rte -I.\source\bsw\tft\fonts -I. -IGenerated_Source\PSoC5 -Wa,-alh=.\CortexM3\ARM_GCC_541\Debug/button_osShutdown.lst -g -D DEBUG -D CY_CORE_ID=0 -Wall -ffunction-sections -ffat-lto-objects -Og -c Generated_Source\PSoC5\button_osShutdown.c -o .\CortexM3\ARM_GCC_541\Debug\button_osShutdown.o
arm-none-eabi-gcc.exe -mcpu=cortex-m3 -mthumb -I.\source\bsw -I.\source\asw -I.\source\rte -I.\source\bsw\tft\fonts -I. -IGenerated_Source\PSoC5 -Wa,-alh=.\CortexM3\ARM_GCC_541\Debug/UART_1.lst -g -D DEBUG -D CY_CORE_ID=0 -Wall -ffunction-sections -ffat-lto-objects -Og -c Generated_Source\PSoC5\UART_1.c -o .\CortexM3\ARM_GCC_541\Debug\UART_1.o
arm-none-eabi-gcc.exe -mcpu=cortex-m3 -mthumb -I.\source\bsw -I.\source\asw -I.\source\rte -I.\source\bsw\tft\fonts -I. -IGenerated_Source\PSoC5 -Wa,-alh=.\CortexM3\ARM_GCC_541\Debug/UART_1_PM.lst -g -D DEBUG -D CY_CORE_ID=0 -Wall -ffunction-sections -ffat-lto-objects -Og -c Generated_Source\PSoC5\UART_1_PM.c -o .\CortexM3\ARM_GCC_541\Debug\UART_1_PM.o
arm-none-eabi-gcc.exe -mcpu=cortex-m3 -mthumb -I.\source\bsw -I.\source\asw -I.\source\rte -I.\source\bsw\tft\fonts -I. -IGenerated_Source\PSoC5 -Wa,-alh=.\CortexM3\ARM_GCC_541\Debug/UART_1_INT.lst -g -D DEBUG -D CY_CORE_ID=0 -Wall -ffunction-sections -ffat-lto-objects -Og -c Generated_Source\PSoC5\UART_1_INT.c -o .\CortexM3\ARM_GCC_541\Debug\UART_1_INT.o
arm-none-eabi-gcc.exe -mcpu=cortex-m3 -mthumb -I.\source\bsw -I.\source\asw -I.\source\rte -I.\source\bsw\tft\fonts -I. -IGenerated_Source\PSoC5 -Wa,-alh=.\CortexM3\ARM_GCC_541\Debug/UART_1_BOOT.lst -g -D DEBUG -D CY_CORE_ID=0 -Wall -ffunction-sections -ffat-lto-objects -Og -c Generated_Source\PSoC5\UART_1_BOOT.c -o .\CortexM3\ARM_GCC_541\Debug\UART_1_BOOT.o
arm-none-eabi-gcc.exe -mcpu=cortex-m3 -mthumb -I.\source\bsw -I.\source\asw -I.\source\rte -I.\source\bsw\tft\fonts -I. -IGenerated_Source\PSoC5 -Wa,-alh=.\CortexM3\ARM_GCC_541\Debug/isr_buttonShutdown.lst -g -D DEBUG -D CY_CORE_ID=0 -Wall -ffunction-sections -ffat-lto-objects -Og -c Generated_Source\PSoC5\isr_buttonShutdown.c -o .\CortexM3\ARM_GCC_541\Debug\isr_buttonShutdown.o
arm-none-eabi-gcc.exe -mcpu=cortex-m3 -mthumb -I.\source\bsw -I.\source\asw -I.\source\rte -I.\source\bsw\tft\fonts -I. -IGenerated_Source\PSoC5 -Wa,-alh=.\CortexM3\ARM_GCC_541\Debug/UART_1_IntClock.lst -g -D DEBUG -D CY_CORE_ID=0 -Wall -ffunction-sections -ffat-lto-objects -Og -c Generated_Source\PSoC5\UART_1_IntClock.c -o .\CortexM3\ARM_GCC_541\Debug\UART_1_IntClock.o
arm-none-eabi-gcc.exe -mcpu=cortex-m3 -mthumb -I.\source\bsw -I.\source\asw -I.\source\rte -I.\source\bsw\tft\fonts -I. -IGenerated_Source\PSoC5 -Wa,-alh=.\CortexM3\ARM_GCC_541\Debug/led_y.lst -g -D DEBUG -D CY_CORE_ID=0 -Wall -ffunction-sections -ffat-lto-objects -Og -c Generated_Source\PSoC5\led_y.c -o .\CortexM3\ARM_GCC_541\Debug\led_y.o
arm-none-eabi-as.exe -mcpu=cortex-m3 -mthumb -I. -IGenerated_Source\PSoC5 -alh=.\CortexM3\ARM_GCC_541\Debug/ErikaOS_1_ee_gnu_change_context_isr.lst -g -W -o .\CortexM3\ARM_GCC_541\Debug\ErikaOS_1_ee_gnu_change_context_isr.o Generated_Source\PSoC5\ErikaOS_1_ee_gnu_change_context_isr.s
arm-none-eabi-as.exe -mcpu=cortex-m3 -mthumb -I. -IGenerated_Source\PSoC5 -alh=.\CortexM3\ARM_GCC_541\Debug/ErikaOS_1_ee_gnu_irq_stack.lst -g -W -o .\CortexM3\ARM_GCC_541\Debug\ErikaOS_1_ee_gnu_irq_stack.o Generated_Source\PSoC5\ErikaOS_1_ee_gnu_irq_stack.s
arm-none-eabi-as.exe -mcpu=cortex-m3 -mthumb -I. -IGenerated_Source\PSoC5 -alh=.\CortexM3\ARM_GCC_541\Debug/ErikaOS_1_ee_gnu_multi_context.lst -g -W -o .\CortexM3\ARM_GCC_541\Debug\ErikaOS_1_ee_gnu_multi_context.o Generated_Source\PSoC5\ErikaOS_1_ee_gnu_multi_context.s
arm-none-eabi-as.exe -mcpu=cortex-m3 -mthumb -I. -IGenerated_Source\PSoC5 -alh=.\CortexM3\ARM_GCC_541\Debug/ErikaOS_1_ee_gnu_oo.lst -g -W -o .\CortexM3\ARM_GCC_541\Debug\ErikaOS_1_ee_gnu_oo.o Generated_Source\PSoC5\ErikaOS_1_ee_gnu_oo.s
arm-none-eabi-as.exe -mcpu=cortex-m3 -mthumb -I. -IGenerated_Source\PSoC5 -alh=.\CortexM3\ARM_GCC_541\Debug/CyBootAsmGnu.lst -g -W -o .\CortexM3\ARM_GCC_541\Debug\CyBootAsmGnu.o Generated_Source\PSoC5\CyBootAsmGnu.s
arm-none-eabi-ar.exe -rs .\CortexM3\ARM_GCC_541\Debug\autosar_01.a .\CortexM3\ARM_GCC_541\Debug\ErikaOS_1_ee_activate.o .\CortexM3\ARM_GCC_541\Debug\ErikaOS_1_ee_alcancel.o .\CortexM3\ARM_GCC_541\Debug\ErikaOS_1_ee_alget.o .\CortexM3\ARM_GCC_541\Debug\ErikaOS_1_ee_algetbase.o .\CortexM3\ARM_GCC_541\Debug\ErikaOS_1_ee_alsetabs.o .\CortexM3\ARM_GCC_541\Debug\ErikaOS_1_ee_alsetrel.o .\CortexM3\ARM_GCC_541\Debug\ErikaOS_1_ee_altick.o .\CortexM3\ARM_GCC_541\Debug\ErikaOS_1_ee_chaintas.o .\CortexM3\ARM_GCC_541\Debug\ErikaOS_1_ee_evclear.o .\CortexM3\ARM_GCC_541\Debug\ErikaOS_1_ee_evget.o .\CortexM3\ARM_GCC_541\Debug\ErikaOS_1_ee_evset.o .\CortexM3\ARM_GCC_541\Debug\ErikaOS_1_ee_evwait.o .\CortexM3\ARM_GCC_541\Debug\ErikaOS_1_ee_force_schedule.o .\CortexM3\ARM_GCC_541\Debug\ErikaOS_1_ee_getcountervalue.o .\CortexM3\ARM_GCC_541\Debug\ErikaOS_1_ee_getelapsedvalue.o .\CortexM3\ARM_GCC_541\Debug\ErikaOS_1_ee_gettaskid.o .\CortexM3\ARM_GCC_541\Debug\ErikaOS_1_ee_gettaskstate.o .\CortexM3\ARM_GCC_541\Debug\ErikaOS_1_ee_iparam.o .\CortexM3\ARM_GCC_541\Debug\ErikaOS_1_ee_irqendin.o .\CortexM3\ARM_GCC_541\Debug\ErikaOS_1_ee_lockres.o .\CortexM3\ARM_GCC_541\Debug\ErikaOS_1_ee_lookup.o .\CortexM3\ARM_GCC_541\Debug\ErikaOS_1_ee_rq_exchg.o .\CortexM3\ARM_GCC_541\Debug\ErikaOS_1_ee_rq_first.o .\CortexM3\ARM_GCC_541\Debug\ErikaOS_1_ee_rq_inser.o .\CortexM3\ARM_GCC_541\Debug\ErikaOS_1_ee_schedule.o .\CortexM3\ARM_GCC_541\Debug\ErikaOS_1_ee_semgetvalue.o .\CortexM3\ARM_GCC_541\Debug\ErikaOS_1_ee_sempost.o .\CortexM3\ARM_GCC_541\Debug\ErikaOS_1_ee_semtrywait.o .\CortexM3\ARM_GCC_541\Debug\ErikaOS_1_ee_semwait.o .\CortexM3\ARM_GCC_541\Debug\ErikaOS_1_ee_shtdown.o .\CortexM3\ARM_GCC_541\Debug\ErikaOS_1_ee_startos.o .\CortexM3\ARM_GCC_541\Debug\ErikaOS_1_ee_terminat.o .\CortexM3\ARM_GCC_541\Debug\ErikaOS_1_ee_thendin.o .\CortexM3\ARM_GCC_541\Debug\ErikaOS_1_ee_tnterm.o .\CortexM3\ARM_GCC_541\Debug\ErikaOS_1_ee_tstub.o .\CortexM3\ARM_GCC_541\Debug\ErikaOS_1_ee_ulockallres.o .\CortexM3\ARM_GCC_541\Debug\ErikaOS_1_ee_ulockres.o .\CortexM3\ARM_GCC_541\Debug\ErikaOS_1_cortex_mx_ee_context.o .\CortexM3\ARM_GCC_541\Debug\ErikaOS_1_cortex_mx_ee_system_timer.o .\CortexM3\ARM_GCC_541\Debug\ErikaOS_1_cortex_mx_ee_utils.o .\CortexM3\ARM_GCC_541\Debug\ErikaOS_1_common_ee_hal_structs.o .\CortexM3\ARM_GCC_541\Debug\ErikaOS_1_eecfg.o .\CortexM3\ARM_GCC_541\Debug\CyDmac.o .\CortexM3\ARM_GCC_541\Debug\CyFlash.o .\CortexM3\ARM_GCC_541\Debug\CyLib.o .\CortexM3\ARM_GCC_541\Debug\cyPm.o .\CortexM3\ARM_GCC_541\Debug\CySpc.o .\CortexM3\ARM_GCC_541\Debug\cyutils.o .\CortexM3\ARM_GCC_541\Debug\cy_em_eeprom.o .\CortexM3\ARM_GCC_541\Debug\JOYSTICK_ADC_XY.o .\CortexM3\ARM_GCC_541\Debug\JOYSTICK_ADC_XY_PM.o .\CortexM3\ARM_GCC_541\Debug\JOYSTICK_ADC_XY_INT.o .\CortexM3\ARM_GCC_541\Debug\JOYSTICK_X.o .\CortexM3\ARM_GCC_541\Debug\JOYSTICK_Y.o .\CortexM3\ARM_GCC_541\Debug\JOYSTICK_ADC_XY_SAR.o .\CortexM3\ARM_GCC_541\Debug\JOYSTICK_ADC_XY_SAR_INT.o .\CortexM3\ARM_GCC_541\Debug\JOYSTICK_ADC_XY_SAR_PM.o .\CortexM3\ARM_GCC_541\Debug\JOYSTICK_ADC_XY_IntClock.o .\CortexM3\ARM_GCC_541\Debug\JOYSTICK_ADC_XY_TempBuf_dma.o .\CortexM3\ARM_GCC_541\Debug\JOYSTICK_ADC_XY_FinalBuf_dma.o .\CortexM3\ARM_GCC_541\Debug\JOYSTICK_ADC_XY_IRQ.o .\CortexM3\ARM_GCC_541\Debug\PWM_Green.o .\CortexM3\ARM_GCC_541\Debug\PWM_Green_PM.o .\CortexM3\ARM_GCC_541\Debug\LED_Red.o .\CortexM3\ARM_GCC_541\Debug\Green_RGB.o .\CortexM3\ARM_GCC_541\Debug\PWM_clock.o .\CortexM3\ARM_GCC_541\Debug\button_osShutdown.o .\CortexM3\ARM_GCC_541\Debug\UART_1.o .\CortexM3\ARM_GCC_541\Debug\UART_1_PM.o .\CortexM3\ARM_GCC_541\Debug\UART_1_INT.o .\CortexM3\ARM_GCC_541\Debug\UART_1_BOOT.o .\CortexM3\ARM_GCC_541\Debug\isr_buttonShutdown.o .\CortexM3\ARM_GCC_541\Debug\UART_1_IntClock.o .\CortexM3\ARM_GCC_541\Debug\led_y.o .\CortexM3\ARM_GCC_541\Debug\ErikaOS_1_ee_gnu_change_context_isr.o .\CortexM3\ARM_GCC_541\Debug\ErikaOS_1_ee_gnu_irq_stack.o .\CortexM3\ARM_GCC_541\Debug\ErikaOS_1_ee_gnu_multi_context.o .\CortexM3\ARM_GCC_541\Debug\ErikaOS_1_ee_gnu_oo.o .\CortexM3\ARM_GCC_541\Debug\CyBootAsmGnu.o
arm-none-eabi-ar.exe: creating .\CortexM3\ARM_GCC_541\Debug\autosar_01.a
arm-none-eabi-gcc.exe -Wl,--start-group -o "C:\Users\91819\Documents\HDA_Sem2\EAA\Assignments\Assignment1_RTE\autosar_01.cydsn (2)\autosar_01.cydsn\CortexM3\ARM_GCC_541\Debug\autosar_01.elf" .\CortexM3\ARM_GCC_541\Debug\joystick.o .\CortexM3\ARM_GCC_541\Debug\watchdog.o .\CortexM3\ARM_GCC_541\Debug\rte.o .\CortexM3\ARM_GCC_541\Debug\sc_brakelight.o .\CortexM3\ARM_GCC_541\Debug\sc_brakelight_type.o .\CortexM3\ARM_GCC_541\Debug\sc_joystick.o .\CortexM3\ARM_GCC_541\Debug\sc_joystick_type.o .\CortexM3\ARM_GCC_541\Debug\sc_speed.o .\CortexM3\ARM_GCC_541\Debug\sc_speed_type.o .\CortexM3\ARM_GCC_541\Debug\sp_common.o .\CortexM3\ARM_GCC_541\Debug\main.o .\CortexM3\ARM_GCC_541\Debug\swc_brakelight.o .\CortexM3\ARM_GCC_541\Debug\swc_control.o .\CortexM3\ARM_GCC_541\Debug\swc_engine.o .\CortexM3\ARM_GCC_541\Debug\swc_remote.o .\CortexM3\ARM_GCC_541\Debug\tsk_control.o .\CortexM3\ARM_GCC_541\Debug\tsk_io.o .\CortexM3\ARM_GCC_541\Debug\tsk_system.o .\CortexM3\ARM_GCC_541\Debug\cyfitter_cfg.o .\CortexM3\ARM_GCC_541\Debug\cymetadata.o .\CortexM3\ARM_GCC_541\Debug\Cm3Start.o .\CortexM3\ARM_GCC_541\Debug\autosar_01.a "C:\Program Files (x86)\Cypress\PSoC Creator\4.4\PSoC Creator\psoc\content\cycomponentlibrary\CyComponentLibrary.cylib\CortexM3\ARM_GCC_541\Debug\CyComponentLibrary.a" -mcpu=cortex-m3 -mthumb -L Generated_Source\PSoC5 -Wl,-Map,.\CortexM3\ARM_GCC_541\Debug/autosar_01.map -T Generated_Source\PSoC5\cm3gcc.ld -specs=nano.specs -Wl,--gc-sections -g -ffunction-sections -Og -ffat-lto-objects -Wl,--end-group
cyelftool.exe -C "C:\Users\91819\Documents\HDA_Sem2\EAA\Assignments\Assignment1_RTE\autosar_01.cydsn (2)\autosar_01.cydsn\CortexM3\ARM_GCC_541\Debug\autosar_01.elf" --flash_row_size 256 --flash_size 262144 --flash_offset 0x00000000
No ELF section .cychecksum found, creating one
Application checksum calculated and stored in ELF section .cychecksum
Checksum calculated and stored in ELF section .cymeta
cyelftool.exe -S "C:\Users\91819\Documents\HDA_Sem2\EAA\Assignments\Assignment1_RTE\autosar_01.cydsn (2)\autosar_01.cydsn\CortexM3\ARM_GCC_541\Debug\autosar_01.elf"
Flash used: 10230 of 262144 bytes (3.9%).
SRAM used: 9697 of 65536 bytes (14.8%). Stack: 2048 bytes. Heap: 128 bytes.
--------------- Rebuild Succeeded: 06/01/2022 14:01:21 ---------------
